Archive member included because of file (symbol)

c:/program files (x86)/gnu tools arm embedded/4.9 2015q1/bin/../lib/gcc/arm-none-eabi/4.9.3/../../../../arm-none-eabi/lib/armv7e-m\libg.a(lib_a-sprintf.o)
                              ..\obj\main.o (sprintf)
c:/program files (x86)/gnu tools arm embedded/4.9 2015q1/bin/../lib/gcc/arm-none-eabi/4.9.3/../../../../arm-none-eabi/lib/armv7e-m\libg.a(lib_a-svfprintf.o)
                              c:/program files (x86)/gnu tools arm embedded/4.9 2015q1/bin/../lib/gcc/arm-none-eabi/4.9.3/../../../../arm-none-eabi/lib/armv7e-m\libg.a(lib_a-sprintf.o) (_svfprintf_r)
c:/program files (x86)/gnu tools arm embedded/4.9 2015q1/bin/../lib/gcc/arm-none-eabi/4.9.3/../../../../arm-none-eabi/lib/armv7e-m\libg.a(lib_a-dtoa.o)
                              c:/program files (x86)/gnu tools arm embedded/4.9 2015q1/bin/../lib/gcc/arm-none-eabi/4.9.3/../../../../arm-none-eabi/lib/armv7e-m\libg.a(lib_a-svfprintf.o) (_dtoa_r)
c:/program files (x86)/gnu tools arm embedded/4.9 2015q1/bin/../lib/gcc/arm-none-eabi/4.9.3/../../../../arm-none-eabi/lib/armv7e-m\libg.a(lib_a-impure.o)
                              c:/program files (x86)/gnu tools arm embedded/4.9 2015q1/bin/../lib/gcc/arm-none-eabi/4.9.3/../../../../arm-none-eabi/lib/armv7e-m\libg.a(lib_a-sprintf.o) (_impure_ptr)
c:/program files (x86)/gnu tools arm embedded/4.9 2015q1/bin/../lib/gcc/arm-none-eabi/4.9.3/../../../../arm-none-eabi/lib/armv7e-m\libg.a(lib_a-locale.o)
                              c:/program files (x86)/gnu tools arm embedded/4.9 2015q1/bin/../lib/gcc/arm-none-eabi/4.9.3/../../../../arm-none-eabi/lib/armv7e-m\libg.a(lib_a-svfprintf.o) (_localeconv_r)
c:/program files (x86)/gnu tools arm embedded/4.9 2015q1/bin/../lib/gcc/arm-none-eabi/4.9.3/../../../../arm-none-eabi/lib/armv7e-m\libg.a(lib_a-mallocr.o)
                              c:/program files (x86)/gnu tools arm embedded/4.9 2015q1/bin/../lib/gcc/arm-none-eabi/4.9.3/../../../../arm-none-eabi/lib/armv7e-m\libg.a(lib_a-svfprintf.o) (_malloc_r)
c:/program files (x86)/gnu tools arm embedded/4.9 2015q1/bin/../lib/gcc/arm-none-eabi/4.9.3/../../../../arm-none-eabi/lib/armv7e-m\libg.a(lib_a-memchr.o)
                              c:/program files (x86)/gnu tools arm embedded/4.9 2015q1/bin/../lib/gcc/arm-none-eabi/4.9.3/../../../../arm-none-eabi/lib/armv7e-m\libg.a(lib_a-svfprintf.o) (memchr)
c:/program files (x86)/gnu tools arm embedded/4.9 2015q1/bin/../lib/gcc/arm-none-eabi/4.9.3/../../../../arm-none-eabi/lib/armv7e-m\libg.a(lib_a-memcpy.o)
                              c:/program files (x86)/gnu tools arm embedded/4.9 2015q1/bin/../lib/gcc/arm-none-eabi/4.9.3/../../../../arm-none-eabi/lib/armv7e-m\libg.a(lib_a-dtoa.o) (memcpy)
c:/program files (x86)/gnu tools arm embedded/4.9 2015q1/bin/../lib/gcc/arm-none-eabi/4.9.3/../../../../arm-none-eabi/lib/armv7e-m\libg.a(lib_a-mlock.o)
                              c:/program files (x86)/gnu tools arm embedded/4.9 2015q1/bin/../lib/gcc/arm-none-eabi/4.9.3/../../../../arm-none-eabi/lib/armv7e-m\libg.a(lib_a-mallocr.o) (__malloc_lock)
c:/program files (x86)/gnu tools arm embedded/4.9 2015q1/bin/../lib/gcc/arm-none-eabi/4.9.3/../../../../arm-none-eabi/lib/armv7e-m\libg.a(lib_a-mprec.o)
                              c:/program files (x86)/gnu tools arm embedded/4.9 2015q1/bin/../lib/gcc/arm-none-eabi/4.9.3/../../../../arm-none-eabi/lib/armv7e-m\libg.a(lib_a-dtoa.o) (_Balloc)
c:/program files (x86)/gnu tools arm embedded/4.9 2015q1/bin/../lib/gcc/arm-none-eabi/4.9.3/../../../../arm-none-eabi/lib/armv7e-m\libg.a(lib_a-s_fpclassify.o)
                              c:/program files (x86)/gnu tools arm embedded/4.9 2015q1/bin/../lib/gcc/arm-none-eabi/4.9.3/../../../../arm-none-eabi/lib/armv7e-m\libg.a(lib_a-svfprintf.o) (__fpclassifyd)
c:/program files (x86)/gnu tools arm embedded/4.9 2015q1/bin/../lib/gcc/arm-none-eabi/4.9.3/../../../../arm-none-eabi/lib/armv7e-m\libg.a(lib_a-sbrkr.o)
                              c:/program files (x86)/gnu tools arm embedded/4.9 2015q1/bin/../lib/gcc/arm-none-eabi/4.9.3/../../../../arm-none-eabi/lib/armv7e-m\libg.a(lib_a-mallocr.o) (_sbrk_r)
c:/program files (x86)/gnu tools arm embedded/4.9 2015q1/bin/../lib/gcc/arm-none-eabi/4.9.3/../../../../arm-none-eabi/lib/armv7e-m\libg.a(lib_a-strcmp.o)
                              c:/program files (x86)/gnu tools arm embedded/4.9 2015q1/bin/../lib/gcc/arm-none-eabi/4.9.3/../../../../arm-none-eabi/lib/armv7e-m\libg.a(lib_a-locale.o) (strcmp)
c:/program files (x86)/gnu tools arm embedded/4.9 2015q1/bin/../lib/gcc/arm-none-eabi/4.9.3/../../../../arm-none-eabi/lib/armv7e-m\libg.a(lib_a-strlen.o)
                              c:/program files (x86)/gnu tools arm embedded/4.9 2015q1/bin/../lib/gcc/arm-none-eabi/4.9.3/../../../../arm-none-eabi/lib/armv7e-m\libg.a(lib_a-svfprintf.o) (strlen)
[...]
Memory Configuration

Name             Origin             Length             Attributes
rom              0x08000000         0x00100000         xr
ram              0x20000000         0x00020000         xrw
ram1             0x10000000         0x00010000         xrw
*default*        0x00000000         0xffffffff

Linker script and memory map

                0x20020000                _eram = 0x20020000

.text           0x08000000     0x7708
 *(.isr_vector)
 .isr_vector    0x08000000      0x188 ..\obj\startup_stm32f4xx.o
                0x08000000                g_pfnVectors
 *(.text*)
 .text.print_pureImage
                0x08000188       0x58 ..\obj\button.o
                0x08000188                print_pureImage
 .text.PWR_BackupAccessCmd
                0x080001e0       0x20 ..\obj\stm32f4xx_pwr.o
                0x080001e0                PWR_BackupAccessCmd
 .text.LCDPrintStr
                0x08000200      0x150 ..\obj\LCD_System.o
                0x08000200                LCDPrintStr
 .text.Show_String
                0x08000350       0x38 ..\obj\LCD_System.o
                0x08000350                Show_String
 .text.LCD_Clear
                0x08000388       0x34 ..\obj\LCD_System.o
                0x08000388                LCD_Clear
 .text.LCD_Reset
                0x080003bc       0x28 ..\obj\LCD_System.o
                0x080003bc                LCD_Reset
 .text.External_Font
                0x080003e4       0x34 ..\obj\Driver_Font.o
                0x080003e4                External_Font
 .text.TextMode_Normal
                0x08000418       0x20 ..\obj\Driver_Font.o
                0x08000418                TextMode_Normal
 .text.Default_Reset_Handler
                0x08000438       0x58 ..\obj\startup_stm32f4xx.o
                0x08000438                Default_Reset_Handler
                0x08000438                Reset_Handler
 .text.Default_Handler
                0x08000490        0x8 ..\obj\startup_stm32f4xx.o
                0x08000490                HASH_RNG_IRQHandler
                0x08000490                EXTI2_IRQHandler
                0x08000490                TIM8_CC_IRQHandler
                0x08000490                DebugMon_Handler
                0x08000490                TIM1_CC_IRQHandler
                0x08000490                DMA2_Stream5_IRQHandler
                0x08000490                HardFault_Handler
                0x08000490                DMA1_Stream5_IRQHandler
                0x08000490                PVD_IRQHandler
                0x08000490                SDIO_IRQHandler
                0x08000490                TAMP_STAMP_IRQHandler
                0x08000490                PendSV_Handler
                0x08000490                NMI_Handler
                0x08000490                CAN2_RX1_IRQHandler
                0x08000490                EXTI3_IRQHandler
                0x08000490                TIM8_TRG_COM_TIM14_IRQHandler
                0x08000490                TIM1_UP_TIM10_IRQHandler
                0x08000490                TIM8_UP_TIM13_IRQHandler
                0x08000490                I2C3_ER_IRQHandler
                0x08000490                EXTI0_IRQHandler
                0x08000490                I2C2_EV_IRQHandler
                0x08000490                DMA1_Stream2_IRQHandler
                0x08000490                CAN1_RX0_IRQHandler
                0x08000490                FPU_IRQHandler
                0x08000490                OTG_HS_WKUP_IRQHandler
                0x08000490                UsageFault_Handler
                0x08000490                CAN2_SCE_IRQHandler
                0x08000490                DMA2_Stream2_IRQHandler
                0x08000490                SPI1_IRQHandler
                0x08000490                TIM6_DAC_IRQHandler
                0x08000490                TIM1_BRK_TIM9_IRQHandler
                0x08000490                DCMI_IRQHandler
                0x08000490                CAN2_RX0_IRQHandler
                0x08000490                DMA2_Stream3_IRQHandler
                0x08000490                USART6_IRQHandler
                0x08000490                USART3_IRQHandler
                0x08000490                CRYP_IRQHandler
                0x08000490                CAN1_RX1_IRQHandler
                0x08000490                UART5_IRQHandler
                0x08000490                DMA2_Stream0_IRQHandler
                0x08000490                TIM4_IRQHandler
                0x08000490                I2C1_EV_IRQHandler
                0x08000490                DMA1_Stream6_IRQHandler
                0x08000490                DMA1_Stream1_IRQHandler
                0x08000490                UART4_IRQHandler
                0x08000490                TIM3_IRQHandler
                0x08000490                RCC_IRQHandler
                0x08000490                TIM8_BRK_TIM12_IRQHandler
                0x08000490                EXTI15_10_IRQHandler
                0x08000490                ADC_IRQHandler
                0x08000490                DMA1_Stream7_IRQHandler
                0x08000490                TIM7_IRQHandler
                0x08000490                CAN2_TX_IRQHandler
                0x08000490                TIM5_IRQHandler
                0x08000490                DMA2_Stream7_IRQHandler
                0x08000490                I2C3_EV_IRQHandler
                0x08000490                EXTI9_5_IRQHandler
                0x08000490                ETH_WKUP_IRQHandler
                0x08000490                SPI2_IRQHandler
                0x08000490                OTG_HS_EP1_IN_IRQHandler
                0x08000490                MemManage_Handler
                0x08000490                DMA1_Stream0_IRQHandler
                0x08000490                CAN1_TX_IRQHandler
                0x08000490                SVC_Handler
                0x08000490                EXTI4_IRQHandler
                0x08000490                FSMC_IRQHandler
                0x08000490                ETH_IRQHandler
                0x08000490                OTG_HS_EP1_OUT_IRQHandler
                0x08000490                WWDG_IRQHandler
                0x08000490                TIM2_IRQHandler
                0x08000490                OTG_FS_WKUP_IRQHandler
                0x08000490                TIM1_TRG_COM_TIM11_IRQHandler
                0x08000490                OTG_HS_IRQHandler
                0x08000490                EXTI1_IRQHandler
                0x08000490                USART2_IRQHandler
                0x08000490                I2C2_ER_IRQHandler
                0x08000490                DMA2_Stream1_IRQHandler
                0x08000490                CAN1_SCE_IRQHandler
                0x08000490                FLASH_IRQHandler
                0x08000490                DMA2_Stream4_IRQHandler
                0x08000490                BusFault_Handler
                0x08000490                USART1_IRQHandler
                0x08000490                OTG_FS_IRQHandler
                0x08000490                SPI3_IRQHandler
                0x08000490                DMA1_Stream4_IRQHandler
                0x08000490                I2C1_ER_IRQHandler
                0x08000490                DMA2_Stream6_IRQHandler
                0x08000490                DMA1_Stream3_IRQHandler
 .text.InitializeTimer
                0x08000498       0x40 ..\obj\Config_RA8875.o
                0x08000498                InitializeTimer
 .text.InitializePWM_TIM4
                0x080004d8       0x48 ..\obj\Config_RA8875.o
                0x080004d8                InitializePWM_TIM4
 .text.LCD_CtrlLinesFSMC
                0x08000520      0x11c ..\obj\Config_RA8875.o
 .text.LCD_CtrlLinesConfig
                0x0800063c       0x70 ..\obj\Config_RA8875.o
 .text.LCD_FSMCConfig
                0x080006ac       0x78 ..\obj\Config_RA8875.o
 .text.LCD_Configuration
                0x08000724       0x24 ..\obj\Config_RA8875.o
 .text.LCD_Initialization
                0x08000748       0xdc ..\obj\Config_RA8875.o
                0x08000748                LCD_Initialization
 .text.PLL_init
                0x08000824       0x24 ..\obj\Config_RA8875.o
                0x08000824                PLL_init
 .text.main     0x08000848       0x90 ..\obj\main.o
                0x08000848                main
 .text.TM_RTC_RequestHandler
                0x080008d8       0xb8 ..\obj\main.o
                0x080008d8                TM_RTC_RequestHandler
 .text.RCC_LSEConfig
                0x08000990       0x40 ..\obj\stm32f4xx_rcc.o
                0x08000990                RCC_LSEConfig
 .text.RCC_LSICmd
                0x080009d0       0x20 ..\obj\stm32f4xx_rcc.o
                0x080009d0                RCC_LSICmd
 .text.RCC_RTCCLKConfig
                0x080009f0       0x5c ..\obj\stm32f4xx_rcc.o
                0x080009f0                RCC_RTCCLKConfig
 .text.RCC_RTCCLKCmd
                0x08000a4c       0x20 ..\obj\stm32f4xx_rcc.o
                0x08000a4c                RCC_RTCCLKCmd
 .text.RCC_AHB1PeriphClockCmd
                0x08000a6c       0x3c ..\obj\stm32f4xx_rcc.o
                0x08000a6c                RCC_AHB1PeriphClockCmd
 .text.RCC_AHB3PeriphClockCmd
                0x08000aa8       0x3c ..\obj\stm32f4xx_rcc.o
                0x08000aa8                RCC_AHB3PeriphClockCmd
 .text.RCC_APB1PeriphClockCmd
                0x08000ae4       0x3c ..\obj\stm32f4xx_rcc.o
                0x08000ae4                RCC_APB1PeriphClockCmd
 .text.RCC_GetFlagStatus
                0x08000b20       0x74 ..\obj\stm32f4xx_rcc.o
                0x08000b20                RCC_GetFlagStatus
 .text.NVIC_SetPriority
                0x08000b94       0x54 ..\obj\Delay.o
 .text.SysTick_Config
                0x08000be8       0x44 ..\obj\Delay.o
 .text.Init_SysTick
                0x08000c2c       0x2c ..\obj\Delay.o
                0x08000c2c                Init_SysTick
 .text.SysTick_Handler
                0x08000c58       0x24 ..\obj\Delay.o
                0x08000c58                SysTick_Handler
 .text.Delay_ms
                0x08000c7c       0x28 ..\obj\Delay.o
                0x08000c7c                Delay_ms
 .text.Chk_Busy
                0x08000ca4       0x1c ..\obj\Driver_RA8875.o
                0x08000ca4                Chk_Busy
 .text.Display_ON
                0x08000cc0       0x10 ..\obj\Driver_RA8875.o
                0x08000cc0                Display_ON
 .text.Display_OFF
                0x08000cd0       0x10 ..\obj\Driver_RA8875.o
                0x08000cd0                Display_OFF
 .text.Software_Reset
                0x08000ce0       0x1c ..\obj\Driver_RA8875.o
                0x08000ce0                Software_Reset
 .text.Start_Data
                0x08000cfc        0xc ..\obj\Driver_RA8875.o
                0x08000cfc                Start_Data
 .text.Serial_ROM_select0
                0x08000d08       0x10 ..\obj\Driver_RA8875.o
                0x08000d08                Serial_ROM_select0
 .text.Serial_ROM_Address_set_24bit
                0x08000d18       0x10 ..\obj\Driver_RA8875.o
                0x08000d18                Serial_ROM_Address_set_24bit
 .text.Select_Serial_Waveform_mode3
                0x08000d28       0x10 ..\obj\Driver_RA8875.o
                0x08000d28                Select_Serial_Waveform_mode3
 .text.SERIAL_ROM_Read_Cycle_5bus
                0x08000d38       0x10 ..\obj\Driver_RA8875.o
                0x08000d38                SERIAL_ROM_Read_Cycle_5bus
 .text.SERIAL_ROM_Font_mode
                0x08000d48       0x10 ..\obj\Driver_RA8875.o
                0x08000d48                SERIAL_ROM_Font_mode
 .text.SERIAL_ROM_Single_mode
                0x08000d58       0x10 ..\obj\Driver_RA8875.o
                0x08000d58                SERIAL_ROM_Single_mode
 .text.SROM_CLK_DIV
                0x08000d68       0x1c ..\obj\Driver_RA8875.o
                0x08000d68                SROM_CLK_DIV
 .text.CGROM_Font
                0x08000d84       0x10 ..\obj\Driver_RA8875.o
                0x08000d84                CGROM_Font
 .text.External_CGROM
                0x08000d94       0x10 ..\obj\Driver_RA8875.o
                0x08000d94                External_CGROM
 .text.FullAlignment
                0x08000da4       0x10 ..\obj\Driver_RA8875.o
                0x08000da4                FullAlignment
 .text.Horizontal_FontEnlarge_x1
                0x08000db4       0x10 ..\obj\Driver_RA8875.o
                0x08000db4                Horizontal_FontEnlarge_x1
 .text.Horizontal_FontEnlarge_x2
                0x08000dc4       0x10 ..\obj\Driver_RA8875.o
                0x08000dc4                Horizontal_FontEnlarge_x2
 .text.Horizontal_FontEnlarge_x3
                0x08000dd4       0x10 ..\obj\Driver_RA8875.o
                0x08000dd4                Horizontal_FontEnlarge_x3
 .text.Horizontal_FontEnlarge_x4
                0x08000de4       0x10 ..\obj\Driver_RA8875.o
                0x08000de4                Horizontal_FontEnlarge_x4
 .text.Vertical_FontEnlarge_x1
                0x08000df4       0x10 ..\obj\Driver_RA8875.o
                0x08000df4                Vertical_FontEnlarge_x1
 .text.Vertical_FontEnlarge_x2
                0x08000e04       0x10 ..\obj\Driver_RA8875.o
                0x08000e04                Vertical_FontEnlarge_x2
 .text.Vertical_FontEnlarge_x3
                0x08000e14       0x10 ..\obj\Driver_RA8875.o
                0x08000e14                Vertical_FontEnlarge_x3
 .text.Vertical_FontEnlarge_x4
                0x08000e24       0x10 ..\obj\Driver_RA8875.o
                0x08000e24                Vertical_FontEnlarge_x4
 .text.Line_distance
                0x08000e34       0x1c ..\obj\Driver_RA8875.o
                0x08000e34                Line_distance
 .text.Font_Coordinate
                0x08000e50       0x48 ..\obj\Driver_RA8875.o
                0x08000e50                Font_Coordinate
 .text.Font_size_16x16_8x16
                0x08000e98       0x10 ..\obj\Driver_RA8875.o
                0x08000e98                Font_size_16x16_8x16
 .text.Font_size_24x24_12x24
                0x08000ea8       0x10 ..\obj\Driver_RA8875.o
                0x08000ea8                Font_size_24x24_12x24
 .text.Font_size_32x32_16x32
                0x08000eb8       0x10 ..\obj\Driver_RA8875.o
                0x08000eb8                Font_size_32x32_16x32
 .text.Font_spacing_set
                0x08000ec8       0x28 ..\obj\Driver_RA8875.o
                0x08000ec8                Font_spacing_set
 .text.GT_serial_ROM_select_GT30L32S4W
                0x08000ef0       0x10 ..\obj\Driver_RA8875.o
                0x08000ef0                GT_serial_ROM_select_GT30L32S4W
 .text.Font_code_ASCII
                0x08000f00       0x10 ..\obj\Driver_RA8875.o
                0x08000f00                Font_code_ASCII
 .text.Font_Standard
                0x08000f10       0x10 ..\obj\Driver_RA8875.o
                0x08000f10                Font_Standard
 .text.Font_Arial
                0x08000f20       0x10 ..\obj\Driver_RA8875.o
                0x08000f20                Font_Arial
 .text.Font_Roman
                0x08000f30       0x10 ..\obj\Driver_RA8875.o
                0x08000f30                Font_Roman
 .text.Font_Bold
                0x08000f40       0x10 ..\obj\Driver_RA8875.o
                0x08000f40                Font_Bold
 .text.Active_Window
                0x08000f50       0x84 ..\obj\Driver_RA8875.o
                0x08000f50                Active_Window
 .text.Graphic_Mode
                0x08000fd4       0x10 ..\obj\Driver_RA8875.o
                0x08000fd4                Graphic_Mode
 .text.Text_Mode
                0x08000fe4       0x10 ..\obj\Driver_RA8875.o
                0x08000fe4                Text_Mode
 .text.Text_Cursor_Disable
                0x08000ff4       0x10 ..\obj\Driver_RA8875.o
                0x08000ff4                Text_Cursor_Disable
 .text.Text_Cursor_Blink_Disable
                0x08001004       0x10 ..\obj\Driver_RA8875.o
                0x08001004                Text_Cursor_Blink_Disable
 .text.Memory_Write_LeftRight_TopDown
                0x08001014       0x10 ..\obj\Driver_RA8875.o
                0x08001014                Memory_Write_LeftRight_TopDown
 .text.MemoryWrite_Cursor_autoIncrease
                0x08001024       0x10 ..\obj\Driver_RA8875.o
                0x08001024                MemoryWrite_Cursor_autoIncrease
 .text.MemoryRead_Cursor_autoIncrease
                0x08001034       0x10 ..\obj\Driver_RA8875.o
                0x08001034                MemoryRead_Cursor_autoIncrease
 .text.XY_Coordinate
                0x08001044       0x48 ..\obj\Driver_RA8875.o
                0x08001044                XY_Coordinate
 .text.Background_color
                0x0800108c       0x40 ..\obj\Driver_RA8875.o
                0x0800108c                Background_color
 .text.Foreground_color
                0x080010cc       0x40 ..\obj\Driver_RA8875.o
                0x080010cc                Foreground_color
 .text.Geometric_Coordinate
                0x0800110c       0x84 ..\obj\Driver_RA8875.o
                0x0800110c                Geometric_Coordinate
 .text.FSMC_NORSRAMInit
                0x08001190      0x134 ..\obj\stm32f4xx_fsmc.o
                0x08001190                FSMC_NORSRAMInit
 .text.FSMC_NORSRAMCmd
                0x080012c4       0x54 ..\obj\stm32f4xx_fsmc.o
                0x080012c4                FSMC_NORSRAMCmd
 .text.GPIO_Init
                0x08001318      0x11c ..\obj\stm32f4xx_gpio.o
                0x08001318                GPIO_Init
 .text.GPIO_SetBits
                0x08001434       0x1c ..\obj\stm32f4xx_gpio.o
                0x08001434                GPIO_SetBits
 .text.GPIO_ResetBits
                0x08001450       0x1c ..\obj\stm32f4xx_gpio.o
                0x08001450                GPIO_ResetBits
 .text.GPIO_PinAFConfig
                0x0800146c       0x90 ..\obj\stm32f4xx_gpio.o
                0x0800146c                GPIO_PinAFConfig
 .text.LCD_WriteCmd
                0x080014fc       0x20 ..\obj\Interface_RA8875.o
                0x080014fc                LCD_WriteCmd
 .text.LCD_WriteData
                0x0800151c       0x1c ..\obj\Interface_RA8875.o
                0x0800151c                LCD_WriteData
 .text.LCD_ReadData
                0x08001538       0x18 ..\obj\Interface_RA8875.o
                0x08001538                LCD_ReadData
 .text.LCD_WriteReg
                0x08001550       0x28 ..\obj\Interface_RA8875.o
                0x08001550                LCD_WriteReg
 .text.LCD_WriteReg_ORMask
                0x08001578       0x3c ..\obj\Interface_RA8875.o
                0x08001578                LCD_WriteReg_ORMask
 .text.LCD_WriteReg_ANDMask
                0x080015b4       0x3c ..\obj\Interface_RA8875.o
                0x080015b4                LCD_WriteReg_ANDMask
 .text.LCD_WriteReg_ANDORMask
                0x080015f0       0x48 ..\obj\Interface_RA8875.o
                0x080015f0                LCD_WriteReg_ANDORMask
 .text.LCD_StatusRead
                0x08001638       0x18 ..\obj\Interface_RA8875.o
                0x08001638                LCD_StatusRead
 .text.SystemInit
                0x08001650       0x58 ..\obj\system_stm32f4xx.o
                0x08001650                SystemInit
 .text.SetSysClock
                0x080016a8       0xf4 ..\obj\system_stm32f4xx.o
 .text._sbrk    0x0800179c       0x40 ..\obj\syscalls.o
                0x0800179c                _sbrk
 .text.TM_RTC_Init
                0x080017dc      0x104 ..\obj\tm_stm32f4_rtc.o
                0x080017dc                TM_RTC_Init
 .text.TM_RTC_SetDateTime
                0x080018e0      0x284 ..\obj\tm_stm32f4_rtc.o
                0x080018e0                TM_RTC_SetDateTime
 .text.TM_RTC_GetDateTime
                0x08001b64       0xa0 ..\obj\tm_stm32f4_rtc.o
                0x08001b64                TM_RTC_GetDateTime
 .text.TM_RTC_Config
                0x08001c04       0x6c ..\obj\tm_stm32f4_rtc.o
                0x08001c04                TM_RTC_Config
 .text.TM_RTC_Interrupts
                0x08001c70      0x13c ..\obj\tm_stm32f4_rtc.o
                0x08001c70                TM_RTC_Interrupts
 .text.TM_RTC_GetUnixTimeStamp
                0x08001dac      0x170 ..\obj\tm_stm32f4_rtc.o
                0x08001dac                TM_RTC_GetUnixTimeStamp
 .text.TM_RTC_AlarmAHandler
                0x08001f1c        0xc ..\obj\tm_stm32f4_rtc.o
                0x08001f1c                TM_RTC_AlarmAHandler
 .text.TM_RTC_AlarmBHandler
                0x08001f28        0xc ..\obj\tm_stm32f4_rtc.o
                0x08001f28                TM_RTC_AlarmBHandler
 .text.RTC_WKUP_IRQHandler
                0x08001f34       0x2c ..\obj\tm_stm32f4_rtc.o
                0x08001f34                RTC_WKUP_IRQHandler
 .text.RTC_Alarm_IRQHandler
                0x08001f60       0x48 ..\obj\tm_stm32f4_rtc.o
                0x08001f60                RTC_Alarm_IRQHandler
 .text.EXTI_Init
                0x08001fa8       0xe4 ..\obj\stm32f4xx_exti.o
                0x08001fa8                EXTI_Init
 .text.EXTI_ClearITPendingBit
                0x0800208c       0x1c ..\obj\stm32f4xx_exti.o
                0x0800208c                EXTI_ClearITPendingBit
 .text.NVIC_Init
                0x080020a8       0xc0 ..\obj\misc.o
                0x080020a8                NVIC_Init
 .text.RTC_Init
                0x08002168       0x78 ..\obj\stm32f4xx_rtc.o
                0x08002168                RTC_Init
 .text.RTC_EnterInitMode
                0x080021e0       0x74 ..\obj\stm32f4xx_rtc.o
                0x080021e0                RTC_EnterInitMode
 .text.RTC_ExitInitMode
                0x08002254       0x1c ..\obj\stm32f4xx_rtc.o
                0x08002254                RTC_ExitInitMode
 .text.RTC_WaitForSynchro
                0x08002270       0x78 ..\obj\stm32f4xx_rtc.o
                0x08002270                RTC_WaitForSynchro
 .text.RTC_SetTime
                0x080022e8      0x104 ..\obj\stm32f4xx_rtc.o
                0x080022e8                RTC_SetTime
 .text.RTC_GetTime
                0x080023ec       0x9c ..\obj\stm32f4xx_rtc.o
                0x080023ec                RTC_GetTime
 .text.RTC_SetDate
                0x08002488      0x10c ..\obj\stm32f4xx_rtc.o
                0x08002488                RTC_SetDate
 .text.RTC_GetDate
                0x08002594       0x9c ..\obj\stm32f4xx_rtc.o
                0x08002594                RTC_GetDate
 .text.RTC_WakeUpClockConfig
                0x08002630       0x40 ..\obj\stm32f4xx_rtc.o
                0x08002630                RTC_WakeUpClockConfig
 .text.RTC_SetWakeUpCounter
                0x08002670       0x30 ..\obj\stm32f4xx_rtc.o
                0x08002670                RTC_SetWakeUpCounter
 .text.RTC_WakeUpCmd
                0x080026a0       0x94 ..\obj\stm32f4xx_rtc.o
                0x080026a0                RTC_WakeUpCmd
 .text.RTC_WriteBackupRegister
                0x08002734       0x34 ..\obj\stm32f4xx_rtc.o
                0x08002734                RTC_WriteBackupRegister
 .text.RTC_ReadBackupRegister
                0x08002768       0x30 ..\obj\stm32f4xx_rtc.o
                0x08002768                RTC_ReadBackupRegister
 .text.RTC_ITConfig
                0x08002798       0x78 ..\obj\stm32f4xx_rtc.o
                0x08002798                RTC_ITConfig
 .text.RTC_GetITStatus
                0x08002810       0x68 ..\obj\stm32f4xx_rtc.o
                0x08002810                RTC_GetITStatus
 .text.RTC_ClearITPendingBit
                0x08002878       0x38 ..\obj\stm32f4xx_rtc.o
                0x08002878                RTC_ClearITPendingBit
 .text.RTC_ByteToBcd2
                0x080028b0       0x3c ..\obj\stm32f4xx_rtc.o
 .text.RTC_Bcd2ToByte
                0x080028ec       0x38 ..\obj\stm32f4xx_rtc.o
 .text.TIM_TimeBaseInit
                0x08002924       0xd4 ..\obj\stm32f4xx_tim.o
                0x08002924                TIM_TimeBaseInit
 .text.TIM_Cmd  0x080029f8       0x40 ..\obj\stm32f4xx_tim.o
                0x080029f8                TIM_Cmd
 .text.TIM_OC1Init
                0x08002a38       0xf4 ..\obj\stm32f4xx_tim.o
                0x08002a38                TIM_OC1Init
 .text.TIM_OC1PreloadConfig
                0x08002b2c       0x38 ..\obj\stm32f4xx_tim.o
                0x08002b2c                TIM_OC1PreloadConfig
 .text.sprintf  0x08002b64       0x4c c:/program files (x86)/gnu tools arm embedded/4.9 2015q1/bin/../lib/gcc/arm-none-eabi/4.9.3/../../../../arm-none-eabi/lib/armv7e-m\libg.a(lib_a-sprintf.o)
                0x08002b64                sprintf
 .text._svfprintf_r
                0x08002bb0     0x1494 c:/program files (x86)/gnu tools arm embedded/4.9 2015q1/bin/../lib/gcc/arm-none-eabi/4.9.3/../../../../arm-none-eabi/lib/armv7e-m\libg.a(lib_a-svfprintf.o)
                0x08002bb0                _svfprintf_r
 .text.quorem   0x08004044      0x12c c:/program files (x86)/gnu tools arm embedded/4.9 2015q1/bin/../lib/gcc/arm-none-eabi/4.9.3/../../../../arm-none-eabi/lib/armv7e-m\libg.a(lib_a-dtoa.o)
 .text._dtoa_r  0x08004170      0xe98 c:/program files (x86)/gnu tools arm embedded/4.9 2015q1/bin/../lib/gcc/arm-none-eabi/4.9.3/../../../../arm-none-eabi/lib/armv7e-m\libg.a(lib_a-dtoa.o)
                0x08004170                _dtoa_r
 .text._localeconv_r
                0x08005008        0x8 c:/program files (x86)/gnu tools arm embedded/4.9 2015q1/bin/../lib/gcc/arm-none-eabi/4.9.3/../../../../arm-none-eabi/lib/armv7e-m\libg.a(lib_a-locale.o)
                0x08005008                _localeconv_r
 .text._malloc_r
                0x08005010      0x524 c:/program files (x86)/gnu tools arm embedded/4.9 2015q1/bin/../lib/gcc/arm-none-eabi/4.9.3/../../../../arm-none-eabi/lib/armv7e-m\libg.a(lib_a-mallocr.o)
                0x08005010                _malloc_r
 .text.memchr   0x08005534       0x94 c:/program files (x86)/gnu tools arm embedded/4.9 2015q1/bin/../lib/gcc/arm-none-eabi/4.9.3/../../../../arm-none-eabi/lib/armv7e-m\libg.a(lib_a-memchr.o)
                0x08005534                memchr
 .text          0x080055c8      0x134 c:/program files (x86)/gnu tools arm embedded/4.9 2015q1/bin/../lib/gcc/arm-none-eabi/4.9.3/../../../../arm-none-eabi/lib/armv7e-m\libg.a(lib_a-memcpy.o)
                0x080055c8                memcpy
 .text.__malloc_lock
                0x080056fc        0x4 c:/program files (x86)/gnu tools arm embedded/4.9 2015q1/bin/../lib/gcc/arm-none-eabi/4.9.3/../../../../arm-none-eabi/lib/armv7e-m\libg.a(lib_a-mlock.o)
                0x080056fc                __malloc_lock
 .text.__malloc_unlock
                0x08005700        0x4 c:/program files (x86)/gnu tools arm embedded/4.9 2015q1/bin/../lib/gcc/arm-none-eabi/4.9.3/../../../../arm-none-eabi/lib/armv7e-m\libg.a(lib_a-mlock.o)
                0x08005700                __malloc_unlock
 .text._Balloc  0x08005704       0x4c c:/program files (x86)/gnu tools arm embedded/4.9 2015q1/bin/../lib/gcc/arm-none-eabi/4.9.3/../../../../arm-none-eabi/lib/armv7e-m\libg.a(lib_a-mprec.o)
                0x08005704                _Balloc
 .text._Bfree   0x08005750       0x14 c:/program files (x86)/gnu tools arm embedded/4.9 2015q1/bin/../lib/gcc/arm-none-eabi/4.9.3/../../../../arm-none-eabi/lib/armv7e-m\libg.a(lib_a-mprec.o)
                0x08005750                _Bfree
 .text.__multadd
                0x08005764       0x84 c:/program files (x86)/gnu tools arm embedded/4.9 2015q1/bin/../lib/gcc/arm-none-eabi/4.9.3/../../../../arm-none-eabi/lib/armv7e-m\libg.a(lib_a-mprec.o)
                0x08005764                __multadd
 .text.__hi0bits
                0x080057e8       0x40 c:/program files (x86)/gnu tools arm embedded/4.9 2015q1/bin/../lib/gcc/arm-none-eabi/4.9.3/../../../../arm-none-eabi/lib/armv7e-m\libg.a(lib_a-mprec.o)
                0x080057e8                __hi0bits
 .text.__lo0bits
                0x08005828       0x5c c:/program files (x86)/gnu tools arm embedded/4.9 2015q1/bin/../lib/gcc/arm-none-eabi/4.9.3/../../../../arm-none-eabi/lib/armv7e-m\libg.a(lib_a-mprec.o)
                0x08005828                __lo0bits
 .text.__i2b    0x08005884       0x14 c:/program files (x86)/gnu tools arm embedded/4.9 2015q1/bin/../lib/gcc/arm-none-eabi/4.9.3/../../../../arm-none-eabi/lib/armv7e-m\libg.a(lib_a-mprec.o)
                0x08005884                __i2b
 .text.__multiply
                0x08005898      0x134 c:/program files (x86)/gnu tools arm embedded/4.9 2015q1/bin/../lib/gcc/arm-none-eabi/4.9.3/../../../../arm-none-eabi/lib/armv7e-m\libg.a(lib_a-mprec.o)
                0x08005898                __multiply
 .text.__pow5mult
                0x080059cc       0xa0 c:/program files (x86)/gnu tools arm embedded/4.9 2015q1/bin/../lib/gcc/arm-none-eabi/4.9.3/../../../../arm-none-eabi/lib/armv7e-m\libg.a(lib_a-mprec.o)
                0x080059cc                __pow5mult
 .text.__lshift
                0x08005a6c       0xac c:/program files (x86)/gnu tools arm embedded/4.9 2015q1/bin/../lib/gcc/arm-none-eabi/4.9.3/../../../../arm-none-eabi/lib/armv7e-m\libg.a(lib_a-mprec.o)
                0x08005a6c                __lshift
 .text.__mcmp   0x08005b18       0x48 c:/program files (x86)/gnu tools arm embedded/4.9 2015q1/bin/../lib/gcc/arm-none-eabi/4.9.3/../../../../arm-none-eabi/lib/armv7e-m\libg.a(lib_a-mprec.o)
                0x08005b18                __mcmp
 .text.__mdiff  0x08005b60       0xd4 c:/program files (x86)/gnu tools arm embedded/4.9 2015q1/bin/../lib/gcc/arm-none-eabi/4.9.3/../../../../arm-none-eabi/lib/armv7e-m\libg.a(lib_a-mprec.o)
                0x08005b60                __mdiff
 .text.__d2b    0x08005c34       0xb8 c:/program files (x86)/gnu tools arm embedded/4.9 2015q1/bin/../lib/gcc/arm-none-eabi/4.9.3/../../../../arm-none-eabi/lib/armv7e-m\libg.a(lib_a-mprec.o)
                0x08005c34                __d2b
 .text.__fpclassifyd
                0x08005cec       0x58 c:/program files (x86)/gnu tools arm embedded/4.9 2015q1/bin/../lib/gcc/arm-none-eabi/4.9.3/../../../../arm-none-eabi/lib/armv7e-m\libg.a(lib_a-s_fpclassify.o)
                0x08005cec                __fpclassifyd
 .text._sbrk_r  0x08005d44       0x24 c:/program files (x86)/gnu tools arm embedded/4.9 2015q1/bin/../lib/gcc/arm-none-eabi/4.9.3/../../../../arm-none-eabi/lib/armv7e-m\libg.a(lib_a-sbrkr.o)
                0x08005d44                _sbrk_r
 .text.strlen   0x08005d68       0x5c c:/program files (x86)/gnu tools arm embedded/4.9 2015q1/bin/../lib/gcc/arm-none-eabi/4.9.3/../../../../arm-none-eabi/lib/armv7e-m\libg.a(lib_a-strlen.o)
                0x08005d68                strlen
 .text.__ssprint_r
                0x08005dc4      0x104 c:/program files (x86)/gnu tools arm embedded/4.9 2015q1/bin/../lib/gcc/arm-none-eabi/4.9.3/../../../../arm-none-eabi/lib/armv7e-m\libg.a(lib_a-svfiprintf.o)
                0x08005dc4                __ssprint_r
 .text._calloc_r
                0x08005ec8       0x60 c:/program files (x86)/gnu tools arm embedded/4.9 2015q1/bin/../lib/gcc/arm-none-eabi/4.9.3/../../../../arm-none-eabi/lib/armv7e-m\libg.a(lib_a-callocr.o)
                0x08005ec8                _calloc_r
 .text._malloc_trim_r
                0x08005f28       0x9c c:/program files (x86)/gnu tools arm embedded/4.9 2015q1/bin/../lib/gcc/arm-none-eabi/4.9.3/../../../../arm-none-eabi/lib/armv7e-m\libg.a(lib_a-freer.o)
                0x08005f28                _malloc_trim_r
 .text._free_r  0x08005fc4      0x1b0 c:/program files (x86)/gnu tools arm embedded/4.9 2015q1/bin/../lib/gcc/arm-none-eabi/4.9.3/../../../../arm-none-eabi/lib/armv7e-m\libg.a(lib_a-freer.o)
                0x08005fc4                _free_r
 .text.memmove  0x08006174       0xc8 c:/program files (x86)/gnu tools arm embedded/4.9 2015q1/bin/../lib/gcc/arm-none-eabi/4.9.3/../../../../arm-none-eabi/lib/armv7e-m\libg.a(lib_a-memmove.o)
                0x08006174                memmove
 .text.memset   0x0800623c       0x9c c:/program files (x86)/gnu tools arm embedded/4.9 2015q1/bin/../lib/gcc/arm-none-eabi/4.9.3/../../../../arm-none-eabi/lib/armv7e-m\libg.a(lib_a-memset.o)
                0x0800623c                memset
 .text._realloc_r
                0x080062d8      0x3ec c:/program files (x86)/gnu tools arm embedded/4.9 2015q1/bin/../lib/gcc/arm-none-eabi/4.9.3/../../../../arm-none-eabi/lib/armv7e-m\libg.a(lib_a-reallocr.o)
                0x080062d8                _realloc_r
 .text          0x080066c4      0x370 c:/program files (x86)/gnu tools arm embedded/4.9 2015q1/bin/../lib/gcc/arm-none-eabi/4.9.3/armv7e-m\libgcc.a(_arm_addsubdf3.o)
                0x080066c4                __aeabi_drsub
                0x080066cc                __aeabi_dsub
                0x080066cc                __subdf3
                0x080066d0                __aeabi_dadd
                0x080066d0                __adddf3
                0x08006948                __floatunsidf
                0x08006948                __aeabi_ui2d
                0x08006968                __floatsidf
                0x08006968                __aeabi_i2d
                0x0800698c                __aeabi_f2d
                0x0800698c                __extendsfdf2
                0x080069c8                __floatundidf
                0x080069c8                __aeabi_ul2d
                0x080069d8                __floatdidf
                0x080069d8                __aeabi_l2d
 .text          0x08006a34      0x424 c:/program files (x86)/gnu tools arm embedded/4.9 2015q1/bin/../lib/gcc/arm-none-eabi/4.9.3/armv7e-m\libgcc.a(_arm_muldivdf3.o)
                0x08006a34                __aeabi_dmul
                0x08006a34                __muldf3
                0x08006c88                __divdf3
                0x08006c88                __aeabi_ddiv
 .text          0x08006e58      0x110 c:/program files (x86)/gnu tools arm embedded/4.9 2015q1/bin/../lib/gcc/arm-none-eabi/4.9.3/armv7e-m\libgcc.a(_arm_cmpdf2.o)
                0x08006e58                __gtdf2
                0x08006e58                __gedf2
                0x08006e60                __ltdf2
                0x08006e60                __ledf2
                0x08006e68                __nedf2
                0x08006e68                __eqdf2
                0x08006e68                __cmpdf2
                0x08006ee4                __aeabi_cdrcmple
                0x08006ef4                __aeabi_cdcmpeq
                0x08006ef4                __aeabi_cdcmple
                0x08006f04                __aeabi_dcmpeq
                0x08006f18                __aeabi_dcmplt
                0x08006f2c                __aeabi_dcmple
                0x08006f40                __aeabi_dcmpge
                0x08006f54                __aeabi_dcmpgt
 .text          0x08006f68       0x50 c:/program files (x86)/gnu tools arm embedded/4.9 2015q1/bin/../lib/gcc/arm-none-eabi/4.9.3/armv7e-m\libgcc.a(_arm_fixdfsi.o)
                0x08006f68                __aeabi_d2iz
                0x08006f68                __fixdfsi
 .text          0x08006fb8       0x30 c:/program files (x86)/gnu tools arm embedded/4.9 2015q1/bin/../lib/gcc/arm-none-eabi/4.9.3/armv7e-m\libgcc.a(_aeabi_uldivmod.o)
                0x08006fb8                __aeabi_uldivmod
 .text          0x08006fe8       0x60 c:/program files (x86)/gnu tools arm embedded/4.9 2015q1/bin/../lib/gcc/arm-none-eabi/4.9.3/armv7e-m\libgcc.a(bpabi.o)
                0x08006fe8                __gnu_ldivmod_helper
                0x08007018                __gnu_uldivmod_helper
 .text          0x08007048        0x4 c:/program files (x86)/gnu tools arm embedded/4.9 2015q1/bin/../lib/gcc/arm-none-eabi/4.9.3/armv7e-m\libgcc.a(_dvmd_tls.o)
                0x08007048                __aeabi_idiv0
                0x08007048                __aeabi_ldiv0
 .text          0x0800704c      0x29c c:/program files (x86)/gnu tools arm embedded/4.9 2015q1/bin/../lib/gcc/arm-none-eabi/4.9.3/armv7e-m\libgcc.a(_divdi3.o)
                0x0800704c                __divdi3
 .text          0x080072e8      0x26c c:/program files (x86)/gnu tools arm embedded/4.9 2015q1/bin/../lib/gcc/arm-none-eabi/4.9.3/armv7e-m\libgcc.a(_udivdi3.o)
                0x080072e8                __udivdi3
 *(.init)
 *(.fini)
 *crtbegin.o(.ctors)
 *crtbegin?.o(.ctors)
 *(EXCLUDE_FILE(*crtend.o *crtend?.o) .ctors)
 *(SORT(.ctors.*))
 *(.ctors)
 *crtbegin.o(.dtors)
 *crtbegin?.o(.dtors)
 *(EXCLUDE_FILE(*crtend.o *crtend?.o) .dtors)
 *(SORT(.dtors.*))
 *(.dtors)
 *(.rodata*)
 .rodata        0x08007554       0x30 ..\obj\main.o
 .rodata.zeroes.6916
                0x08007584       0x10 c:/program files (x86)/gnu tools arm embedded/4.9 2015q1/bin/../lib/gcc/arm-none-eabi/4.9.3/../../../../arm-none-eabi/lib/armv7e-m\libg.a(lib_a-svfprintf.o)
 .rodata.str1.4
                0x08007594       0x42 c:/program files (x86)/gnu tools arm embedded/4.9 2015q1/bin/../lib/gcc/arm-none-eabi/4.9.3/../../../../arm-none-eabi/lib/armv7e-m\libg.a(lib_a-svfprintf.o)
                                 0x44 (size before relaxing)
 *fill*         0x080075d6        0x2 
 .rodata.blanks.6915
                0x080075d8       0x10 c:/program files (x86)/gnu tools arm embedded/4.9 2015q1/bin/../lib/gcc/arm-none-eabi/4.9.3/../../../../arm-none-eabi/lib/armv7e-m\libg.a(lib_a-svfprintf.o)
 .rodata.str1.4
                0x080075e8       0x10 c:/program files (x86)/gnu tools arm embedded/4.9 2015q1/bin/../lib/gcc/arm-none-eabi/4.9.3/../../../../arm-none-eabi/lib/armv7e-m\libg.a(lib_a-dtoa.o)
                                 0x14 (size before relaxing)
 .rodata.str1.4
                0x080075f8        0x2 c:/program files (x86)/gnu tools arm embedded/4.9 2015q1/bin/../lib/gcc/arm-none-eabi/4.9.3/../../../../arm-none-eabi/lib/armv7e-m\libg.a(lib_a-impure.o)
                                  0x4 (size before relaxing)
 *fill*         0x080075fa        0x2 
 .rodata.str1.4
                0x080075fc        0xc c:/program files (x86)/gnu tools arm embedded/4.9 2015q1/bin/../lib/gcc/arm-none-eabi/4.9.3/../../../../arm-none-eabi/lib/armv7e-m\libg.a(lib_a-locale.o)
                                 0x14 (size before relaxing)
 .rodata.p05.5296
                0x08007608        0xc c:/program files (x86)/gnu tools arm embedded/4.9 2015q1/bin/../lib/gcc/arm-none-eabi/4.9.3/../../../../arm-none-eabi/lib/armv7e-m\libg.a(lib_a-mprec.o)
 *fill*         0x08007614        0x4 
 .rodata.__mprec_tens
                0x08007618       0xc8 c:/program files (x86)/gnu tools arm embedded/4.9 2015q1/bin/../lib/gcc/arm-none-eabi/4.9.3/../../../../arm-none-eabi/lib/armv7e-m\libg.a(lib_a-mprec.o)
                0x08007618                __mprec_tens
 .rodata.__mprec_bigtens
                0x080076e0       0x28 c:/program files (x86)/gnu tools arm embedded/4.9 2015q1/bin/../lib/gcc/arm-none-eabi/4.9.3/../../../../arm-none-eabi/lib/armv7e-m\libg.a(lib_a-mprec.o)
                0x080076e0                __mprec_bigtens
 *(.eh_fram e*)

.glue_7         0x08007708        0x0
 .glue_7        0x00000000        0x0 linker stubs

.glue_7t        0x08007708        0x0
 .glue_7t       0x00000000        0x0 linker stubs

.vfp11_veneer   0x08007708        0x0
 .vfp11_veneer  0x00000000        0x0 linker stubs

.v4_bx          0x08007708        0x0
 .v4_bx         0x00000000        0x0 linker stubs

.iplt           0x08007708        0x0
 .iplt          0x00000000        0x0 ..\obj\button.o

.ARM.extab
 *(.ARM.extab* .gnu.linkonce.armextab.*)
                0x08007708                __exidx_start = .

.ARM.exidx      0x08007708        0x8
 *(.ARM.exidx* .gnu.linkonce.armexidx.*)
 .ARM.exidx     0x08007708        0x8 c:/program files (x86)/gnu tools arm embedded/4.9 2015q1/bin/../lib/gcc/arm-none-eabi/4.9.3/armv7e-m\libgcc.a(_divdi3.o)
 .ARM.exidx     0x08007710        0x0 c:/program files (x86)/gnu tools arm embedded/4.9 2015q1/bin/../lib/gcc/arm-none-eabi/4.9.3/armv7e-m\libgcc.a(_udivdi3.o)
                                  0x8 (size before relaxing)
                0x08007710                __exidx_end = .
                0x08007710                __etext = .
                0x08007710                _sidata = __etext

.rel.dyn        0x08007710        0x0
 .rel.iplt      0x00000000        0x0 ..\obj\button.o

.data           0x20000000    0x17fa4 load address 0x08007710
                0x20000000                __data_start__ = .
                0x20000000                _sdata = __data_start__
 *(vtable)
 *(.data*)
 .data          0x20000000    0x17700 ..\obj\button.o
                0x20000000                image
 .data          0x20017700       0x14 ..\obj\system_stm32f4xx.o
                0x20017700                SystemCoreClock
                0x20017704                AHBPrescTable
 .data          0x20017714       0x18 ..\obj\tm_stm32f4_rtc.o
                0x20017714                TM_RTC_Months
 *fill*         0x2001772c        0x4 
 .data.impure_data
                0x20017730      0x428 c:/program files (x86)/gnu tools arm embedded/4.9 2015q1/bin/../lib/gcc/arm-none-eabi/4.9.3/../../../../arm-none-eabi/lib/armv7e-m\libg.a(lib_a-impure.o)
 .data._impure_ptr
                0x20017b58        0x4 c:/program files (x86)/gnu tools arm embedded/4.9 2015q1/bin/../lib/gcc/arm-none-eabi/4.9.3/../../../../arm-none-eabi/lib/armv7e-m\libg.a(lib_a-impure.o)
                0x20017b58                _impure_ptr
 .data.lconv    0x20017b5c       0x38 c:/program files (x86)/gnu tools arm embedded/4.9 2015q1/bin/../lib/gcc/arm-none-eabi/4.9.3/../../../../arm-none-eabi/lib/armv7e-m\libg.a(lib_a-locale.o)
 .data.__malloc_av_
                0x20017b94      0x408 c:/program files (x86)/gnu tools arm embedded/4.9 2015q1/bin/../lib/gcc/arm-none-eabi/4.9.3/../../../../arm-none-eabi/lib/armv7e-m\libg.a(lib_a-mallocr.o)
                0x20017b94                __malloc_av_
 .data.__malloc_trim_threshold
                0x20017f9c        0x4 c:/program files (x86)/gnu tools arm embedded/4.9 2015q1/bin/../lib/gcc/arm-none-eabi/4.9.3/../../../../arm-none-eabi/lib/armv7e-m\libg.a(lib_a-mallocr.o)
                0x20017f9c                __malloc_trim_threshold
 .data.__malloc_sbrk_base
                0x20017fa0        0x4 c:/program files (x86)/gnu tools arm embedded/4.9 2015q1/bin/../lib/gcc/arm-none-eabi/4.9.3/../../../../arm-none-eabi/lib/armv7e-m\libg.a(lib_a-mallocr.o)
                0x20017fa0                __malloc_sbrk_base
                0x20017fa4                . = ALIGN (0x4)
                0x20017fa4                PROVIDE (__preinit_array_start, .)
 *(.preinit_array)
                0x20017fa4                PROVIDE (__preinit_array_end, .)
                0x20017fa4                . = ALIGN (0x4)
                0x20017fa4                PROVIDE (__init_array_start, .)
 *(SORT(.init_array.*))
 *(.init_array)
                0x20017fa4                PROVIDE (__init_array_end, .)
                0x20017fa4                . = ALIGN (0x4)
                0x20017fa4                PROVIDE (__fini_array_start, .)
 *(SORT(.fini_array.*))
 *(.fini_array)
                0x20017fa4                PROVIDE (__fini_array_end, .)
 *(.jcr*)
                0x20017fa4                . = ALIGN (0x4)
                0x20017fa4                __data_end__ = .
                0x20017fa4                _edata = __data_end__

.igot.plt       0x20017fa4        0x0 load address 0x0801f6b4
 .igot.plt      0x00000000        0x0 ..\obj\button.o

.bss            0x20017fa4       0xdc load address 0x0801f6b4
                0x20017fa4                . = ALIGN (0x4)
                0x20017fa4                __bss_start__ = .
                0x20017fa4                _sbss = __bss_start__
 *(.bss*)
 .bss           0x20017fa4        0x4 ..\obj\syscalls.o
 .bss           0x20017fa8        0x4 ..\obj\tm_stm32f4_rtc.o
                0x20017fa8                TM_RTC_Status
 .bss.__malloc_max_total_mem
                0x20017fac        0x4 c:/program files (x86)/gnu tools arm embedded/4.9 2015q1/bin/../lib/gcc/arm-none-eabi/4.9.3/../../../../arm-none-eabi/lib/armv7e-m\libg.a(lib_a-mallocr.o)
                0x20017fac                __malloc_max_total_mem
 .bss.__malloc_max_sbrked_mem
                0x20017fb0        0x4 c:/program files (x86)/gnu tools arm embedded/4.9 2015q1/bin/../lib/gcc/arm-none-eabi/4.9.3/../../../../arm-none-eabi/lib/armv7e-m\libg.a(lib_a-mallocr.o)
                0x20017fb0                __malloc_max_sbrked_mem
 .bss.__malloc_top_pad
                0x20017fb4        0x4 c:/program files (x86)/gnu tools arm embedded/4.9 2015q1/bin/../lib/gcc/arm-none-eabi/4.9.3/../../../../arm-none-eabi/lib/armv7e-m\libg.a(lib_a-mallocr.o)
                0x20017fb4                __malloc_top_pad
 .bss.__malloc_current_mallinfo
                0x20017fb8       0x28 c:/program files (x86)/gnu tools arm embedded/4.9 2015q1/bin/../lib/gcc/arm-none-eabi/4.9.3/../../../../arm-none-eabi/lib/armv7e-m\libg.a(lib_a-mallocr.o)
                0x20017fb8                __malloc_current_mallinfo
 *(COMMON)
 COMMON         0x20017fe0       0x76 ..\obj\main.o
                0x20017fe0                buf2
                0x20018014                datatime
                0x20018024                buf
 *fill*         0x20018056        0x2 
 COMMON         0x20018058        0x4 ..\obj\Delay.o
                0x20018058                delayTime
 COMMON         0x2001805c       0x20 ..\obj\tm_stm32f4_rtc.o
                0x2001805c                RTC_TimeStruct
                0x20018060                RTC_InitStruct
                0x2001806c                RTC_DateStruct
                0x20018070                NVIC_InitStruct
                0x20018074                EXTI_InitStruct
 COMMON         0x2001807c        0x4 c:/program files (x86)/gnu tools arm embedded/4.9 2015q1/bin/../lib/gcc/arm-none-eabi/4.9.3/../../../../arm-none-eabi/lib/armv7e-m\libg.a(lib_a-reent.o)
                0x2001807c                errno
                0x20018080                . = ALIGN (0x4)
                0x20018080                __bss_end__ = .
                0x20018080                _ebss = __bss_end__

.heap           0x20018080        0x0
                0x20018080                __end__ = .
                0x20018080                _end = __end__
                0x20018080                end = __end__
 *(.heap*)
                0x20018080                __HeapLimit = .

.co_stack       0x20018080      0x800 load address 0x0801f790
                0x20018080                . = ALIGN (0x8)
 *(.co_stack .co_stack.*)
 .co_stack      0x20018080      0x800 ..\obj\startup_stm32f4xx.o
                0x20018080                pulStack
                0x20020000                __StackTop = (ORIGIN (ram) + 0x20000)
                0x2001f800                __StackLimit = (__StackTop - SIZEOF (.co_stack))
                0x20020000                PROVIDE (__stack, __StackTop)
                0x00000001                ASSERT ((__StackLimit >= __HeapLimit), region ram  overflowed with stack)
LOAD ..\obj\button.o
LOAD ..\obj\stm32f4xx_pwr.o
LOAD ..\obj\LCD_System.o
LOAD ..\obj\Driver_Font.o
LOAD ..\obj\startup_stm32f4xx.o
LOAD ..\obj\Config_RA8875.o
LOAD ..\obj\main.o
LOAD ..\obj\stm32f4xx_rcc.o
LOAD ..\obj\Test.o
LOAD ..\obj\Delay.o
LOAD ..\obj\Driver_RA8875.o
LOAD ..\obj\stm32f4xx_fsmc.o
LOAD ..\obj\stm32f4xx_gpio.o
LOAD ..\obj\stm32f4xx_flash.o
LOAD ..\obj\Interface_RA8875.o
LOAD ..\obj\system_stm32f4xx.o
LOAD ..\obj\syscalls.o
LOAD ..\obj\tm_stm32f4_rtc.o
LOAD ..\obj\stm32f4xx_exti.o
LOAD ..\obj\misc.o
LOAD ..\obj\stm32f4xx_rtc.o
LOAD ..\obj\stm32f4xx_tim.o
START GROUP
LOAD c:/program files (x86)/gnu tools arm embedded/4.9 2015q1/bin/../lib/gcc/arm-none-eabi/4.9.3/armv7e-m\libgcc.a
LOAD c:/program files (x86)/gnu tools arm embedded/4.9 2015q1/bin/../lib/gcc/arm-none-eabi/4.9.3/../../../../arm-none-eabi/lib/armv7e-m\libg.a
LOAD c:/program files (x86)/gnu tools arm embedded/4.9 2015q1/bin/../lib/gcc/arm-none-eabi/4.9.3/../../../../arm-none-eabi/lib/armv7e-m\libc.a
END GROUP
OUTPUT(Prueba1.elf elf32-littlearm)

.debug_info     0x00000000     0xaa4c
 .debug_info    0x00000000      0x15c ..\obj\button.o
 .debug_info    0x0000015c      0x4fc ..\obj\stm32f4xx_pwr.o
 .debug_info    0x00000658      0x673 ..\obj\LCD_System.o
 .debug_info    0x00000ccb      0x393 ..\obj\Driver_Font.o
 .debug_info    0x0000105e       0xed ..\obj\startup_stm32f4xx.o
 .debug_info    0x0000114b      0x803 ..\obj\Config_RA8875.o
 .debug_info    0x0000194e      0x270 ..\obj\main.o
 .debug_info    0x00001bbe      0xc4d ..\obj\stm32f4xx_rcc.o
 .debug_info    0x0000280b      0x6de ..\obj\Delay.o
 .debug_info    0x00002ee9     0x1d0b ..\obj\Driver_RA8875.o
 .debug_info    0x00004bf4      0x8f5 ..\obj\stm32f4xx_fsmc.o
 .debug_info    0x000054e9      0x602 ..\obj\stm32f4xx_gpio.o
 .debug_info    0x00005aeb      0x252 ..\obj\Interface_RA8875.o
 .debug_info    0x00005d3d      0x592 ..\obj\system_stm32f4xx.o
 .debug_info    0x000062cf      0x3ee ..\obj\syscalls.o
 .debug_info    0x000066bd      0xdcb ..\obj\tm_stm32f4_rtc.o
 .debug_info    0x00007488      0x347 ..\obj\stm32f4xx_exti.o
 .debug_info    0x000077cf      0x53d ..\obj\misc.o
 .debug_info    0x00007d0c     0x10df ..\obj\stm32f4xx_rtc.o
 .debug_info    0x00008deb     0x1c61 ..\obj\stm32f4xx_tim.o

.debug_abbrev   0x00000000     0x1bf5
 .debug_abbrev  0x00000000       0xcb ..\obj\button.o
 .debug_abbrev  0x000000cb      0x17f ..\obj\stm32f4xx_pwr.o
 .debug_abbrev  0x0000024a      0x199 ..\obj\LCD_System.o
 .debug_abbrev  0x000003e3      0x13f ..\obj\Driver_Font.o
 .debug_abbrev  0x00000522       0xb0 ..\obj\startup_stm32f4xx.o
 .debug_abbrev  0x000005d2      0x1da ..\obj\Config_RA8875.o
 .debug_abbrev  0x000007ac      0x110 ..\obj\main.o
 .debug_abbrev  0x000008bc      0x1e3 ..\obj\stm32f4xx_rcc.o
 .debug_abbrev  0x00000a9f      0x1a6 ..\obj\Delay.o
 .debug_abbrev  0x00000c45      0x175 ..\obj\Driver_RA8875.o
 .debug_abbrev  0x00000dba      0x170 ..\obj\stm32f4xx_fsmc.o
 .debug_abbrev  0x00000f2a      0x1a3 ..\obj\stm32f4xx_gpio.o
 .debug_abbrev  0x000010cd       0xd5 ..\obj\Interface_RA8875.o
 .debug_abbrev  0x000011a2      0x136 ..\obj\system_stm32f4xx.o
 .debug_abbrev  0x000012d8       0xe2 ..\obj\syscalls.o
 .debug_abbrev  0x000013ba      0x21c ..\obj\tm_stm32f4_rtc.o
 .debug_abbrev  0x000015d6      0x1a5 ..\obj\stm32f4xx_exti.o
 .debug_abbrev  0x0000177b      0x145 ..\obj\misc.o
 .debug_abbrev  0x000018c0      0x1ae ..\obj\stm32f4xx_rtc.o
 .debug_abbrev  0x00001a6e      0x187 ..\obj\stm32f4xx_tim.o

.debug_aranges  0x00000000     0x1430
 .debug_aranges
                0x00000000       0x20 ..\obj\button.o
 .debug_aranges
                0x00000020       0x78 ..\obj\stm32f4xx_pwr.o
 .debug_aranges
                0x00000098       0x50 ..\obj\LCD_System.o
 .debug_aranges
                0x000000e8       0x48 ..\obj\Driver_Font.o
 .debug_aranges
                0x00000130       0x28 ..\obj\startup_stm32f4xx.o
 .debug_aranges
                0x00000158       0x60 ..\obj\Config_RA8875.o
 .debug_aranges
                0x000001b8       0x28 ..\obj\main.o
 .debug_aranges
                0x000001e0      0x178 ..\obj\stm32f4xx_rcc.o
 .debug_aranges
                0x00000358       0x40 ..\obj\Delay.o
 .debug_aranges
                0x00000398      0x850 ..\obj\Driver_RA8875.o
 .debug_aranges
                0x00000be8       0xb0 ..\obj\stm32f4xx_fsmc.o
 .debug_aranges
                0x00000c98       0x88 ..\obj\stm32f4xx_gpio.o
 .debug_aranges
                0x00000d20       0x60 ..\obj\Interface_RA8875.o
 .debug_aranges
                0x00000d80       0x30 ..\obj\system_stm32f4xx.o
 .debug_aranges
                0x00000db0       0x60 ..\obj\syscalls.o
 .debug_aranges
                0x00000e10       0xb0 ..\obj\tm_stm32f4_rtc.o
 .debug_aranges
                0x00000ec0       0x58 ..\obj\stm32f4xx_exti.o
 .debug_aranges
                0x00000f18       0x40 ..\obj\misc.o
 .debug_aranges
                0x00000f58      0x1e0 ..\obj\stm32f4xx_rtc.o
 .debug_aranges
                0x00001138      0x2f8 ..\obj\stm32f4xx_tim.o

.debug_ranges   0x00000000     0x12f0
 .debug_ranges  0x00000000       0x10 ..\obj\button.o
 .debug_ranges  0x00000010       0x68 ..\obj\stm32f4xx_pwr.o
 .debug_ranges  0x00000078       0x40 ..\obj\LCD_System.o
 .debug_ranges  0x000000b8       0x38 ..\obj\Driver_Font.o
 .debug_ranges  0x000000f0       0x18 ..\obj\startup_stm32f4xx.o
 .debug_ranges  0x00000108       0x50 ..\obj\Config_RA8875.o
 .debug_ranges  0x00000158       0x18 ..\obj\main.o
 .debug_ranges  0x00000170      0x168 ..\obj\stm32f4xx_rcc.o
 .debug_ranges  0x000002d8       0x30 ..\obj\Delay.o
 .debug_ranges  0x00000308      0x840 ..\obj\Driver_RA8875.o
 .debug_ranges  0x00000b48       0xa0 ..\obj\stm32f4xx_fsmc.o
 .debug_ranges  0x00000be8       0x78 ..\obj\stm32f4xx_gpio.o
 .debug_ranges  0x00000c60       0x50 ..\obj\Interface_RA8875.o
 .debug_ranges  0x00000cb0       0x20 ..\obj\system_stm32f4xx.o
 .debug_ranges  0x00000cd0       0x50 ..\obj\syscalls.o
 .debug_ranges  0x00000d20       0xa0 ..\obj\tm_stm32f4_rtc.o
 .debug_ranges  0x00000dc0       0x48 ..\obj\stm32f4xx_exti.o
 .debug_ranges  0x00000e08       0x30 ..\obj\misc.o
 .debug_ranges  0x00000e38      0x1d0 ..\obj\stm32f4xx_rtc.o
 .debug_ranges  0x00001008      0x2e8 ..\obj\stm32f4xx_tim.o

.debug_line     0x00000000     0x5683
 .debug_line    0x00000000      0x195 ..\obj\button.o
 .debug_line    0x00000195      0x2ca ..\obj\stm32f4xx_pwr.o
 .debug_line    0x0000045f      0x290 ..\obj\LCD_System.o
 .debug_line    0x000006ef      0x20d ..\obj\Driver_Font.o
 .debug_line    0x000008fc       0xa3 ..\obj\startup_stm32f4xx.o
 .debug_line    0x0000099f      0x341 ..\obj\Config_RA8875.o
 .debug_line    0x00000ce0      0x1e7 ..\obj\main.o
 .debug_line    0x00000ec7      0x5b8 ..\obj\stm32f4xx_rcc.o
 .debug_line    0x0000147f      0x229 ..\obj\Delay.o
 .debug_line    0x000016a8     0x14bd ..\obj\Driver_RA8875.o
 .debug_line    0x00002b65      0x46b ..\obj\stm32f4xx_fsmc.o
 .debug_line    0x00002fd0      0x35a ..\obj\stm32f4xx_gpio.o
 .debug_line    0x0000332a      0x216 ..\obj\Interface_RA8875.o
 .debug_line    0x00003540      0x201 ..\obj\system_stm32f4xx.o
 .debug_line    0x00003741      0x17a ..\obj\syscalls.o
 .debug_line    0x000038bb      0x5f4 ..\obj\tm_stm32f4_rtc.o
 .debug_line    0x00003eaf      0x2bc ..\obj\stm32f4xx_exti.o
 .debug_line    0x0000416b      0x25c ..\obj\misc.o
 .debug_line    0x000043c7      0x83b ..\obj\stm32f4xx_rtc.o
 .debug_line    0x00004c02      0xa81 ..\obj\stm32f4xx_tim.o

.debug_str      0x00000000     0x50db
 .debug_str     0x00000000      0x187 ..\obj\button.o
                                0x1da (size before relaxing)
 .debug_str     0x00000187      0x235 ..\obj\stm32f4xx_pwr.o
                                0x393 (size before relaxing)
 .debug_str     0x000003bc      0x2f3 ..\obj\LCD_System.o
                                0x4a7 (size before relaxing)
 .debug_str     0x000006af      0x1d0 ..\obj\Driver_Font.o
                                0x3d7 (size before relaxing)
 .debug_str     0x0000087f       0xb2 ..\obj\startup_stm32f4xx.o
                                0x149 (size before relaxing)
 .debug_str     0x00000931      0x644 ..\obj\Config_RA8875.o
                                0x80d (size before relaxing)
 .debug_str     0x00000f75      0x1de ..\obj\main.o
                                0x368 (size before relaxing)
 .debug_str     0x00001153      0x637 ..\obj\stm32f4xx_rcc.o
                                0x852 (size before relaxing)
 .debug_str     0x0000178a      0x5f3 ..\obj\Delay.o
                                0x7da (size before relaxing)
 .debug_str     0x00001d7d     0x1172 ..\obj\Driver_RA8875.o
                               0x16ad (size before relaxing)
 .debug_str     0x00002eef      0x3fa ..\obj\stm32f4xx_fsmc.o
                                0x78c (size before relaxing)
 .debug_str     0x000032e9      0x1a0 ..\obj\stm32f4xx_gpio.o
                                0x4a5 (size before relaxing)
 .debug_str     0x00003489       0xda ..\obj\Interface_RA8875.o
                                0x24f (size before relaxing)
 .debug_str     0x00003563       0xaa ..\obj\system_stm32f4xx.o
                                0x3ac (size before relaxing)
 .debug_str     0x0000360d      0x15e ..\obj\syscalls.o
                                0x2d6 (size before relaxing)
 .debug_str     0x0000376b      0x6a2 ..\obj\tm_stm32f4_rtc.o
                                0xec4 (size before relaxing)
 .debug_str     0x00003e0d       0xe2 ..\obj\stm32f4xx_exti.o
                                0x35b (size before relaxing)
 .debug_str     0x00003eef       0xfe ..\obj\misc.o
                                0x3d0 (size before relaxing)
 .debug_str     0x00003fed      0x6f7 ..\obj\stm32f4xx_rtc.o
                                0xb4a (size before relaxing)
 .debug_str     0x000046e4      0x9f7 ..\obj\stm32f4xx_tim.o
                                0xdd2 (size before relaxing)

.comment        0x00000000       0x70
 .comment       0x00000000       0x70 ..\obj\button.o
                                 0x71 (size before relaxing)
 .comment       0x00000000       0x71 ..\obj\stm32f4xx_pwr.o
 .comment       0x00000000       0x71 ..\obj\LCD_System.o
 .comment       0x00000000       0x71 ..\obj\Driver_Font.o
 .comment       0x00000000       0x71 ..\obj\startup_stm32f4xx.o
 .comment       0x00000000       0x71 ..\obj\Config_RA8875.o
 .comment       0x00000000       0x71 ..\obj\main.o
 .comment       0x00000000       0x71 ..\obj\stm32f4xx_rcc.o
 .comment       0x00000000       0x71 ..\obj\Delay.o
 .comment       0x00000000       0x71 ..\obj\Driver_RA8875.o
 .comment       0x00000000       0x71 ..\obj\stm32f4xx_fsmc.o
 .comment       0x00000000       0x71 ..\obj\stm32f4xx_gpio.o
 .comment       0x00000000       0x71 ..\obj\Interface_RA8875.o
 .comment       0x00000000       0x71 ..\obj\system_stm32f4xx.o
 .comment       0x00000000       0x71 ..\obj\syscalls.o
 .comment       0x00000000       0x71 ..\obj\tm_stm32f4_rtc.o
 .comment       0x00000000       0x71 ..\obj\stm32f4xx_exti.o
 .comment       0x00000000       0x71 ..\obj\misc.o
 .comment       0x00000000       0x71 ..\obj\stm32f4xx_rtc.o
 .comment       0x00000000       0x71 ..\obj\stm32f4xx_tim.o

.ARM.attributes
                0x00000000       0x31
 .ARM.attributes
                0x00000000       0x33 ..\obj\button.o
 .ARM.attributes
                0x00000033       0x33 ..\obj\stm32f4xx_pwr.o
 .ARM.attributes
                0x00000066       0x33 ..\obj\LCD_System.o
 .ARM.attributes
                0x00000099       0x33 ..\obj\Driver_Font.o
 .ARM.attributes
                0x000000cc       0x33 ..\obj\startup_stm32f4xx.o
 .ARM.attributes
                0x000000ff       0x33 ..\obj\Config_RA8875.o
 .ARM.attributes
                0x00000132       0x33 ..\obj\main.o
 .ARM.attributes
                0x00000165       0x33 ..\obj\stm32f4xx_rcc.o
 .ARM.attributes
                0x00000198       0x33 ..\obj\Delay.o
 .ARM.attributes
                0x000001cb       0x33 ..\obj\Driver_RA8875.o
 .ARM.attributes
                0x000001fe       0x33 ..\obj\stm32f4xx_fsmc.o
 .ARM.attributes
                0x00000231       0x33 ..\obj\stm32f4xx_gpio.o
 .ARM.attributes
                0x00000264       0x33 ..\obj\Interface_RA8875.o
 .ARM.attributes
                0x00000297       0x33 ..\obj\system_stm32f4xx.o
 .ARM.attributes
                0x000002ca       0x33 ..\obj\syscalls.o
 .ARM.attributes
                0x000002fd       0x33 ..\obj\tm_stm32f4_rtc.o
 .ARM.attributes
                0x00000330       0x33 ..\obj\stm32f4xx_exti.o
 .ARM.attributes
                0x00000363       0x33 ..\obj\misc.o
 .ARM.attributes
                0x00000396       0x33 ..\obj\stm32f4xx_rtc.o
 .ARM.attributes
                0x000003c9       0x33 ..\obj\stm32f4xx_tim.o
 .ARM.attributes
                0x000003fc       0x2e c:/program files (x86)/gnu tools arm embedded/4.9 2015q1/bin/../lib/gcc/arm-none-eabi/4.9.3/../../../../arm-none-eabi/lib/armv7e-m\libg.a(lib_a-sprintf.o)
 .ARM.attributes
                0x0000042a       0x2e c:/program files (x86)/gnu tools arm embedded/4.9 2015q1/bin/../lib/gcc/arm-none-eabi/4.9.3/../../../../arm-none-eabi/lib/armv7e-m\libg.a(lib_a-svfprintf.o)
 .ARM.attributes
                0x00000458       0x2e c:/program files (x86)/gnu tools arm embedded/4.9 2015q1/bin/../lib/gcc/arm-none-eabi/4.9.3/../../../../arm-none-eabi/lib/armv7e-m\libg.a(lib_a-dtoa.o)
 .ARM.attributes
                0x00000486       0x2e c:/program files (x86)/gnu tools arm embedded/4.9 2015q1/bin/../lib/gcc/arm-none-eabi/4.9.3/../../../../arm-none-eabi/lib/armv7e-m\libg.a(lib_a-impure.o)
 .ARM.attributes
                0x000004b4       0x2e c:/program files (x86)/gnu tools arm embedded/4.9 2015q1/bin/../lib/gcc/arm-none-eabi/4.9.3/../../../../arm-none-eabi/lib/armv7e-m\libg.a(lib_a-locale.o)
 .ARM.attributes
                0x000004e2       0x2e c:/program files (x86)/gnu tools arm embedded/4.9 2015q1/bin/../lib/gcc/arm-none-eabi/4.9.3/../../../../arm-none-eabi/lib/armv7e-m\libg.a(lib_a-mallocr.o)
 .ARM.attributes
                0x00000510       0x2e c:/program files (x86)/gnu tools arm embedded/4.9 2015q1/bin/../lib/gcc/arm-none-eabi/4.9.3/../../../../arm-none-eabi/lib/armv7e-m\libg.a(lib_a-memchr.o)
 .ARM.attributes
                0x0000053e       0x1c c:/program files (x86)/gnu tools arm embedded/4.9 2015q1/bin/../lib/gcc/arm-none-eabi/4.9.3/../../../../arm-none-eabi/lib/armv7e-m\libg.a(lib_a-memcpy.o)
 .ARM.attributes
                0x0000055a       0x2e c:/program files (x86)/gnu tools arm embedded/4.9 2015q1/bin/../lib/gcc/arm-none-eabi/4.9.3/../../../../arm-none-eabi/lib/armv7e-m\libg.a(lib_a-mlock.o)
 .ARM.attributes
                0x00000588       0x2e c:/program files (x86)/gnu tools arm embedded/4.9 2015q1/bin/../lib/gcc/arm-none-eabi/4.9.3/../../../../arm-none-eabi/lib/armv7e-m\libg.a(lib_a-mprec.o)
 .ARM.attributes
                0x000005b6       0x2e c:/program files (x86)/gnu tools arm embedded/4.9 2015q1/bin/../lib/gcc/arm-none-eabi/4.9.3/../../../../arm-none-eabi/lib/armv7e-m\libg.a(lib_a-s_fpclassify.o)
 .ARM.attributes
                0x000005e4       0x2e c:/program files (x86)/gnu tools arm embedded/4.9 2015q1/bin/../lib/gcc/arm-none-eabi/4.9.3/../../../../arm-none-eabi/lib/armv7e-m\libg.a(lib_a-sbrkr.o)
 .ARM.attributes
                0x00000612       0x2e c:/program files (x86)/gnu tools arm embedded/4.9 2015q1/bin/../lib/gcc/arm-none-eabi/4.9.3/../../../../arm-none-eabi/lib/armv7e-m\libg.a(lib_a-strlen.o)
 .ARM.attributes
                0x00000640       0x2e c:/program files (x86)/gnu tools arm embedded/4.9 2015q1/bin/../lib/gcc/arm-none-eabi/4.9.3/../../../../arm-none-eabi/lib/armv7e-m\libg.a(lib_a-svfiprintf.o)
 .ARM.attributes
                0x0000066e       0x2e c:/program files (x86)/gnu tools arm embedded/4.9 2015q1/bin/../lib/gcc/arm-none-eabi/4.9.3/../../../../arm-none-eabi/lib/armv7e-m\libg.a(lib_a-callocr.o)
 .ARM.attributes
                0x0000069c       0x2e c:/program files (x86)/gnu tools arm embedded/4.9 2015q1/bin/../lib/gcc/arm-none-eabi/4.9.3/../../../../arm-none-eabi/lib/armv7e-m\libg.a(lib_a-freer.o)
 .ARM.attributes
                0x000006ca       0x2e c:/program files (x86)/gnu tools arm embedded/4.9 2015q1/bin/../lib/gcc/arm-none-eabi/4.9.3/../../../../arm-none-eabi/lib/armv7e-m\libg.a(lib_a-memmove.o)
 .ARM.attributes
                0x000006f8       0x2e c:/program files (x86)/gnu tools arm embedded/4.9 2015q1/bin/../lib/gcc/arm-none-eabi/4.9.3/../../../../arm-none-eabi/lib/armv7e-m\libg.a(lib_a-memset.o)
 .ARM.attributes
                0x00000726       0x2e c:/program files (x86)/gnu tools arm embedded/4.9 2015q1/bin/../lib/gcc/arm-none-eabi/4.9.3/../../../../arm-none-eabi/lib/armv7e-m\libg.a(lib_a-reallocr.o)
 .ARM.attributes
                0x00000754       0x2e c:/program files (x86)/gnu tools arm embedded/4.9 2015q1/bin/../lib/gcc/arm-none-eabi/4.9.3/../../../../arm-none-eabi/lib/armv7e-m\libg.a(lib_a-reent.o)
 .ARM.attributes
                0x00000782       0x1e c:/program files (x86)/gnu tools arm embedded/4.9 2015q1/bin/../lib/gcc/arm-none-eabi/4.9.3/armv7e-m\libgcc.a(_arm_addsubdf3.o)
 .ARM.attributes
                0x000007a0       0x1e c:/program files (x86)/gnu tools arm embedded/4.9 2015q1/bin/../lib/gcc/arm-none-eabi/4.9.3/armv7e-m\libgcc.a(_arm_muldivdf3.o)
 .ARM.attributes
                0x000007be       0x1e c:/program files (x86)/gnu tools arm embedded/4.9 2015q1/bin/../lib/gcc/arm-none-eabi/4.9.3/armv7e-m\libgcc.a(_arm_cmpdf2.o)
 .ARM.attributes
                0x000007dc       0x1e c:/program files (x86)/gnu tools arm embedded/4.9 2015q1/bin/../lib/gcc/arm-none-eabi/4.9.3/armv7e-m\libgcc.a(_arm_fixdfsi.o)
 .ARM.attributes
                0x000007fa       0x1e c:/program files (x86)/gnu tools arm embedded/4.9 2015q1/bin/../lib/gcc/arm-none-eabi/4.9.3/armv7e-m\libgcc.a(_aeabi_uldivmod.o)
 .ARM.attributes
                0x00000818       0x2e c:/program files (x86)/gnu tools arm embedded/4.9 2015q1/bin/../lib/gcc/arm-none-eabi/4.9.3/armv7e-m\libgcc.a(bpabi.o)
 .ARM.attributes
                0x00000846       0x1e c:/program files (x86)/gnu tools arm embedded/4.9 2015q1/bin/../lib/gcc/arm-none-eabi/4.9.3/armv7e-m\libgcc.a(_dvmd_tls.o)
 .ARM.attributes
                0x00000864       0x2e c:/program files (x86)/gnu tools arm embedded/4.9 2015q1/bin/../lib/gcc/arm-none-eabi/4.9.3/armv7e-m\libgcc.a(_divdi3.o)
 .ARM.attributes
                0x00000892       0x2e c:/program files (x86)/gnu tools arm embedded/4.9 2015q1/bin/../lib/gcc/arm-none-eabi/4.9.3/armv7e-m\libgcc.a(_udivdi3.o)

.debug_frame    0x00000000     0x596c
 .debug_frame   0x00000000       0x34 ..\obj\button.o
 .debug_frame   0x00000034      0x1dc ..\obj\stm32f4xx_pwr.o
 .debug_frame   0x00000210       0xf8 ..\obj\LCD_System.o
 .debug_frame   0x00000308       0xd8 ..\obj\Driver_Font.o
 .debug_frame   0x000003e0       0x4c ..\obj\startup_stm32f4xx.o
 .debug_frame   0x0000042c      0x148 ..\obj\Config_RA8875.o
 .debug_frame   0x00000574       0x54 ..\obj\main.o
 .debug_frame   0x000005c8      0x6d4 ..\obj\stm32f4xx_rcc.o
 .debug_frame   0x00000c9c       0xc0 ..\obj\Delay.o
 .debug_frame   0x00000d5c     0x1f18 ..\obj\Driver_RA8875.o
 .debug_frame   0x00002c74      0x300 ..\obj\stm32f4xx_fsmc.o
 .debug_frame   0x00002f74      0x23c ..\obj\stm32f4xx_gpio.o
 .debug_frame   0x000031b0      0x154 ..\obj\Interface_RA8875.o
 .debug_frame   0x00003304       0x7c ..\obj\system_stm32f4xx.o
 .debug_frame   0x00003380      0x168 ..\obj\syscalls.o
 .debug_frame   0x000034e8      0x2c0 ..\obj\tm_stm32f4_rtc.o
 .debug_frame   0x000037a8      0x148 ..\obj\stm32f4xx_exti.o
 .debug_frame   0x000038f0       0xd8 ..\obj\misc.o
 .debug_frame   0x000039c8      0x8b0 ..\obj\stm32f4xx_rtc.o
 .debug_frame   0x00004278      0xe54 ..\obj\stm32f4xx_tim.o
 .debug_frame   0x000050cc       0x84 c:/program files (x86)/gnu tools arm embedded/4.9 2015q1/bin/../lib/gcc/arm-none-eabi/4.9.3/../../../../arm-none-eabi/lib/armv7e-m\libg.a(lib_a-sprintf.o)
 .debug_frame   0x00005150       0x40 c:/program files (x86)/gnu tools arm embedded/4.9 2015q1/bin/../lib/gcc/arm-none-eabi/4.9.3/../../../../arm-none-eabi/lib/armv7e-m\libg.a(lib_a-svfprintf.o)
 .debug_frame   0x00005190       0x88 c:/program files (x86)/gnu tools arm embedded/4.9 2015q1/bin/../lib/gcc/arm-none-eabi/4.9.3/../../../../arm-none-eabi/lib/armv7e-m\libg.a(lib_a-dtoa.o)
 .debug_frame   0x00005218       0x9c c:/program files (x86)/gnu tools arm embedded/4.9 2015q1/bin/../lib/gcc/arm-none-eabi/4.9.3/../../../../arm-none-eabi/lib/armv7e-m\libg.a(lib_a-locale.o)
 .debug_frame   0x000052b4       0x58 c:/program files (x86)/gnu tools arm embedded/4.9 2015q1/bin/../lib/gcc/arm-none-eabi/4.9.3/../../../../arm-none-eabi/lib/armv7e-m\libg.a(lib_a-mallocr.o)
 .debug_frame   0x0000530c       0x3c c:/program files (x86)/gnu tools arm embedded/4.9 2015q1/bin/../lib/gcc/arm-none-eabi/4.9.3/../../../../arm-none-eabi/lib/armv7e-m\libg.a(lib_a-memchr.o)
 .debug_frame   0x00005348       0x30 c:/program files (x86)/gnu tools arm embedded/4.9 2015q1/bin/../lib/gcc/arm-none-eabi/4.9.3/../../../../arm-none-eabi/lib/armv7e-m\libg.a(lib_a-mlock.o)
 .debug_frame   0x00005378      0x268 c:/program files (x86)/gnu tools arm embedded/4.9 2015q1/bin/../lib/gcc/arm-none-eabi/4.9.3/../../../../arm-none-eabi/lib/armv7e-m\libg.a(lib_a-mprec.o)
 .debug_frame   0x000055e0       0x34 c:/program files (x86)/gnu tools arm embedded/4.9 2015q1/bin/../lib/gcc/arm-none-eabi/4.9.3/../../../../arm-none-eabi/lib/armv7e-m\libg.a(lib_a-s_fpclassify.o)
 .debug_frame   0x00005614       0x2c c:/program files (x86)/gnu tools arm embedded/4.9 2015q1/bin/../lib/gcc/arm-none-eabi/4.9.3/../../../../arm-none-eabi/lib/armv7e-m\libg.a(lib_a-sbrkr.o)
 .debug_frame   0x00005640       0x20 c:/program files (x86)/gnu tools arm embedded/4.9 2015q1/bin/../lib/gcc/arm-none-eabi/4.9.3/../../../../arm-none-eabi/lib/armv7e-m\libg.a(lib_a-strlen.o)
 .debug_frame   0x00005660       0x78 c:/program files (x86)/gnu tools arm embedded/4.9 2015q1/bin/../lib/gcc/arm-none-eabi/4.9.3/../../../../arm-none-eabi/lib/armv7e-m\libg.a(lib_a-svfiprintf.o)
 .debug_frame   0x000056d8       0x28 c:/program files (x86)/gnu tools arm embedded/4.9 2015q1/bin/../lib/gcc/arm-none-eabi/4.9.3/../../../../arm-none-eabi/lib/armv7e-m\libg.a(lib_a-callocr.o)
 .debug_frame   0x00005700       0x74 c:/program files (x86)/gnu tools arm embedded/4.9 2015q1/bin/../lib/gcc/arm-none-eabi/4.9.3/../../../../arm-none-eabi/lib/armv7e-m\libg.a(lib_a-freer.o)
 .debug_frame   0x00005774       0x30 c:/program files (x86)/gnu tools arm embedded/4.9 2015q1/bin/../lib/gcc/arm-none-eabi/4.9.3/../../../../arm-none-eabi/lib/armv7e-m\libg.a(lib_a-memmove.o)
 .debug_frame   0x000057a4       0x34 c:/program files (x86)/gnu tools arm embedded/4.9 2015q1/bin/../lib/gcc/arm-none-eabi/4.9.3/../../../../arm-none-eabi/lib/armv7e-m\libg.a(lib_a-memset.o)
 .debug_frame   0x000057d8       0x60 c:/program files (x86)/gnu tools arm embedded/4.9 2015q1/bin/../lib/gcc/arm-none-eabi/4.9.3/../../../../arm-none-eabi/lib/armv7e-m\libg.a(lib_a-reallocr.o)
 .debug_frame   0x00005838       0x58 c:/program files (x86)/gnu tools arm embedded/4.9 2015q1/bin/../lib/gcc/arm-none-eabi/4.9.3/../../../../arm-none-eabi/lib/armv7e-m\libg.a(lib_a-reent.o)
 .debug_frame   0x00005890       0x28 c:/program files (x86)/gnu tools arm embedded/4.9 2015q1/bin/../lib/gcc/arm-none-eabi/4.9.3/armv7e-m\libgcc.a(_aeabi_uldivmod.o)
 .debug_frame   0x000058b8       0x50 c:/program files (x86)/gnu tools arm embedded/4.9 2015q1/bin/../lib/gcc/arm-none-eabi/4.9.3/armv7e-m\libgcc.a(bpabi.o)
 .debug_frame   0x00005908       0x34 c:/program files (x86)/gnu tools arm embedded/4.9 2015q1/bin/../lib/gcc/arm-none-eabi/4.9.3/armv7e-m\libgcc.a(_divdi3.o)
 .debug_frame   0x0000593c       0x30 c:/program files (x86)/gnu tools arm embedded/4.9 2015q1/bin/../lib/gcc/arm-none-eabi/4.9.3/armv7e-m\libgcc.a(_udivdi3.o)
