Archive member included because of file (symbol)

c:/program files (x86)/gnu tools arm embedded/4.9 2015q1/bin/../lib/gcc/arm-none-eabi/4.9.3/armv7e-m\libgcc.a(_arm_addsubdf3.o)
                              ..\obj\CheckFrecuency.o (__aeabi_i2d)
c:/program files (x86)/gnu tools arm embedded/4.9 2015q1/bin/../lib/gcc/arm-none-eabi/4.9.3/armv7e-m\libgcc.a(_arm_muldivdf3.o)
                              ..\obj\CheckFrecuency.o (__aeabi_ddiv)
c:/program files (x86)/gnu tools arm embedded/4.9 2015q1/bin/../lib/gcc/arm-none-eabi/4.9.3/armv7e-m\libgcc.a(_arm_truncdfsf2.o)
                              ..\obj\CheckFrecuency.o (__aeabi_d2f)
c:/program files (x86)/gnu tools arm embedded/4.9 2015q1/bin/../lib/gcc/arm-none-eabi/4.9.3/../../../../arm-none-eabi/lib/armv7e-m\libg.a(lib_a-sprintf.o)
                              ..\obj\Dimmer.o (sprintf)
c:/program files (x86)/gnu tools arm embedded/4.9 2015q1/bin/../lib/gcc/arm-none-eabi/4.9.3/../../../../arm-none-eabi/lib/armv7e-m\libg.a(lib_a-svfprintf.o)
                              c:/program files (x86)/gnu tools arm embedded/4.9 2015q1/bin/../lib/gcc/arm-none-eabi/4.9.3/../../../../arm-none-eabi/lib/armv7e-m\libg.a(lib_a-sprintf.o) (_svfprintf_r)
c:/program files (x86)/gnu tools arm embedded/4.9 2015q1/bin/../lib/gcc/arm-none-eabi/4.9.3/../../../../arm-none-eabi/lib/armv7e-m\libg.a(lib_a-dtoa.o)
                              c:/program files (x86)/gnu tools arm embedded/4.9 2015q1/bin/../lib/gcc/arm-none-eabi/4.9.3/../../../../arm-none-eabi/lib/armv7e-m\libg.a(lib_a-svfprintf.o) (_dtoa_r)
c:/program files (x86)/gnu tools arm embedded/4.9 2015q1/bin/../lib/gcc/arm-none-eabi/4.9.3/../../../../arm-none-eabi/lib/armv7e-m\libg.a(lib_a-impure.o)
                              c:/program files (x86)/gnu tools arm embedded/4.9 2015q1/bin/../lib/gcc/arm-none-eabi/4.9.3/../../../../arm-none-eabi/lib/armv7e-m\libg.a(lib_a-sprintf.o) (_impure_ptr)
c:/program files (x86)/gnu tools arm embedded/4.9 2015q1/bin/../lib/gcc/arm-none-eabi/4.9.3/../../../../arm-none-eabi/lib/armv7e-m\libg.a(lib_a-locale.o)
                              c:/program files (x86)/gnu tools arm embedded/4.9 2015q1/bin/../lib/gcc/arm-none-eabi/4.9.3/../../../../arm-none-eabi/lib/armv7e-m\libg.a(lib_a-svfprintf.o) (_localeconv_r)
c:/program files (x86)/gnu tools arm embedded/4.9 2015q1/bin/../lib/gcc/arm-none-eabi/4.9.3/../../../../arm-none-eabi/lib/armv7e-m\libg.a(lib_a-mallocr.o)
                              c:/program files (x86)/gnu tools arm embedded/4.9 2015q1/bin/../lib/gcc/arm-none-eabi/4.9.3/../../../../arm-none-eabi/lib/armv7e-m\libg.a(lib_a-svfprintf.o) (_malloc_r)
c:/program files (x86)/gnu tools arm embedded/4.9 2015q1/bin/../lib/gcc/arm-none-eabi/4.9.3/../../../../arm-none-eabi/lib/armv7e-m\libg.a(lib_a-memchr.o)
                              c:/program files (x86)/gnu tools arm embedded/4.9 2015q1/bin/../lib/gcc/arm-none-eabi/4.9.3/../../../../arm-none-eabi/lib/armv7e-m\libg.a(lib_a-svfprintf.o) (memchr)
c:/program files (x86)/gnu tools arm embedded/4.9 2015q1/bin/../lib/gcc/arm-none-eabi/4.9.3/../../../../arm-none-eabi/lib/armv7e-m\libg.a(lib_a-memcpy.o)
                              c:/program files (x86)/gnu tools arm embedded/4.9 2015q1/bin/../lib/gcc/arm-none-eabi/4.9.3/../../../../arm-none-eabi/lib/armv7e-m\libg.a(lib_a-dtoa.o) (memcpy)
c:/program files (x86)/gnu tools arm embedded/4.9 2015q1/bin/../lib/gcc/arm-none-eabi/4.9.3/../../../../arm-none-eabi/lib/armv7e-m\libg.a(lib_a-mlock.o)
                              c:/program files (x86)/gnu tools arm embedded/4.9 2015q1/bin/../lib/gcc/arm-none-eabi/4.9.3/../../../../arm-none-eabi/lib/armv7e-m\libg.a(lib_a-mallocr.o) (__malloc_lock)
c:/program files (x86)/gnu tools arm embedded/4.9 2015q1/bin/../lib/gcc/arm-none-eabi/4.9.3/../../../../arm-none-eabi/lib/armv7e-m\libg.a(lib_a-mprec.o)
                              c:/program files (x86)/gnu tools arm embedded/4.9 2015q1/bin/../lib/gcc/arm-none-eabi/4.9.3/../../../../arm-none-eabi/lib/armv7e-m\libg.a(lib_a-dtoa.o) (_Balloc)
c:/program files (x86)/gnu tools arm embedded/4.9 2015q1/bin/../lib/gcc/arm-none-eabi/4.9.3/../../../../arm-none-eabi/lib/armv7e-m\libg.a(lib_a-s_fpclassify.o)
                              c:/program files (x86)/gnu tools arm embedded/4.9 2015q1/bin/../lib/gcc/arm-none-eabi/4.9.3/../../../../arm-none-eabi/lib/armv7e-m\libg.a(lib_a-svfprintf.o) (__fpclassifyd)
c:/program files (x86)/gnu tools arm embedded/4.9 2015q1/bin/../lib/gcc/arm-none-eabi/4.9.3/../../../../arm-none-eabi/lib/armv7e-m\libg.a(lib_a-sbrkr.o)
                              c:/program files (x86)/gnu tools arm embedded/4.9 2015q1/bin/../lib/gcc/arm-none-eabi/4.9.3/../../../../arm-none-eabi/lib/armv7e-m\libg.a(lib_a-mallocr.o) (_sbrk_r)
c:/program files (x86)/gnu tools arm embedded/4.9 2015q1/bin/../lib/gcc/arm-none-eabi/4.9.3/../../../../arm-none-eabi/lib/armv7e-m\libg.a(lib_a-strcmp.o)
[...]
Memory Configuration

Name             Origin             Length             Attributes
rom              0x08000000         0x00100000         xr
ram              0x20000000         0x00020000         xrw
ram1             0x10000000         0x00010000         xrw
*default*        0x00000000         0xffffffff

Linker script and memory map

                0x20020000                _eram = 0x20020000

.text           0x08000000    0x136c0
 *(.isr_vector)
 .isr_vector    0x08000000      0x188 ..\obj\startup_stm32f4xx.o
                0x08000000                g_pfnVectors
 *(.text*)
 .text.SYSCFG_EXTILineConfig
                0x08000188       0x84 ..\obj\stm32f4xx_syscfg.o
                0x08000188                SYSCFG_EXTILineConfig
 .text.Init_chipGSL
                0x0800020c       0x54 ..\obj\GSL1680.o
                0x0800020c                Init_chipGSL
 .text.Enable_Chip
                0x08000260       0x14 ..\obj\GSL1680.o
                0x08000260                Enable_Chip
 .text.Disable_Chip
                0x08000274       0x14 ..\obj\GSL1680.o
                0x08000274                Disable_Chip
 .text.Reset_Chip
                0x08000288       0x60 ..\obj\GSL1680.o
                0x08000288                Reset_Chip
 .text.startup_chip
                0x080002e8       0x1c ..\obj\GSL1680.o
                0x080002e8                startup_chip
 .text.load_fw  0x08000304       0x90 ..\obj\GSL1680.o
                0x08000304                load_fw
 .text.PWR_BackupAccessCmd
                0x08000394       0x20 ..\obj\stm32f4xx_pwr.o
                0x08000394                PWR_BackupAccessCmd
 .text.BackLight_Timer
                0x080003b4       0x40 ..\obj\B_Light.o
                0x080003b4                BackLight_Timer
 .text.BackLight_Init
                0x080003f4       0x34 ..\obj\B_Light.o
                0x080003f4                BackLight_Init
 .text.Default_Reset_Handler
                0x08000428       0x58 ..\obj\startup_stm32f4xx.o
                0x08000428                Default_Reset_Handler
                0x08000428                Reset_Handler
 .text.Default_Handler
                0x08000480        0x8 ..\obj\startup_stm32f4xx.o
                0x08000480                HASH_RNG_IRQHandler
                0x08000480                TIM8_CC_IRQHandler
                0x08000480                DebugMon_Handler
                0x08000480                DMA2_Stream5_IRQHandler
                0x08000480                HardFault_Handler
                0x08000480                DMA1_Stream5_IRQHandler
                0x08000480                SysTick_Handler
                0x08000480                PVD_IRQHandler
                0x08000480                SDIO_IRQHandler
                0x08000480                TAMP_STAMP_IRQHandler
                0x08000480                PendSV_Handler
                0x08000480                NMI_Handler
                0x08000480                CAN2_RX1_IRQHandler
                0x08000480                EXTI3_IRQHandler
                0x08000480                TIM8_TRG_COM_TIM14_IRQHandler
                0x08000480                TIM8_UP_TIM13_IRQHandler
                0x08000480                I2C3_ER_IRQHandler
                0x08000480                EXTI0_IRQHandler
                0x08000480                I2C2_EV_IRQHandler
                0x08000480                DMA1_Stream2_IRQHandler
                0x08000480                CAN1_RX0_IRQHandler
                0x08000480                FPU_IRQHandler
                0x08000480                OTG_HS_WKUP_IRQHandler
                0x08000480                UsageFault_Handler
                0x08000480                CAN2_SCE_IRQHandler
                0x08000480                DMA2_Stream2_IRQHandler
                0x08000480                SPI1_IRQHandler
                0x08000480                TIM6_DAC_IRQHandler
                0x08000480                TIM1_BRK_TIM9_IRQHandler
                0x08000480                DCMI_IRQHandler
                0x08000480                CAN2_RX0_IRQHandler
                0x08000480                DMA2_Stream3_IRQHandler
                0x08000480                USART6_IRQHandler
                0x08000480                USART3_IRQHandler
                0x08000480                CRYP_IRQHandler
                0x08000480                CAN1_RX1_IRQHandler
                0x08000480                UART5_IRQHandler
                0x08000480                DMA2_Stream0_IRQHandler
                0x08000480                TIM4_IRQHandler
                0x08000480                DMA1_Stream6_IRQHandler
                0x08000480                DMA1_Stream1_IRQHandler
                0x08000480                UART4_IRQHandler
                0x08000480                TIM3_IRQHandler
                0x08000480                RCC_IRQHandler
                0x08000480                TIM8_BRK_TIM12_IRQHandler
                0x08000480                EXTI15_10_IRQHandler
                0x08000480                ADC_IRQHandler
                0x08000480                DMA1_Stream7_IRQHandler
                0x08000480                TIM7_IRQHandler
                0x08000480                CAN2_TX_IRQHandler
                0x08000480                DMA2_Stream7_IRQHandler
                0x08000480                I2C3_EV_IRQHandler
                0x08000480                ETH_WKUP_IRQHandler
                0x08000480                SPI2_IRQHandler
                0x08000480                OTG_HS_EP1_IN_IRQHandler
                0x08000480                MemManage_Handler
                0x08000480                DMA1_Stream0_IRQHandler
                0x08000480                CAN1_TX_IRQHandler
                0x08000480                SVC_Handler
                0x08000480                EXTI4_IRQHandler
                0x08000480                FSMC_IRQHandler
                0x08000480                ETH_IRQHandler
                0x08000480                OTG_HS_EP1_OUT_IRQHandler
                0x08000480                WWDG_IRQHandler
                0x08000480                TIM2_IRQHandler
                0x08000480                OTG_FS_WKUP_IRQHandler
                0x08000480                TIM1_TRG_COM_TIM11_IRQHandler
                0x08000480                OTG_HS_IRQHandler
                0x08000480                EXTI1_IRQHandler
                0x08000480                USART2_IRQHandler
                0x08000480                I2C2_ER_IRQHandler
                0x08000480                DMA2_Stream1_IRQHandler
                0x08000480                CAN1_SCE_IRQHandler
                0x08000480                FLASH_IRQHandler
                0x08000480                DMA2_Stream4_IRQHandler
                0x08000480                BusFault_Handler
                0x08000480                USART1_IRQHandler
                0x08000480                OTG_FS_IRQHandler
                0x08000480                SPI3_IRQHandler
                0x08000480                DMA1_Stream4_IRQHandler
                0x08000480                DMA2_Stream6_IRQHandler
                0x08000480                DMA1_Stream3_IRQHandler
 .text.EXTI9_5_IRQHandler
                0x08000488       0xd4 ..\obj\Dimmer.o
                0x08000488                EXTI9_5_IRQHandler
 .text.TIM1_CC_IRQHandler
                0x0800055c      0x114 ..\obj\Dimmer.o
                0x0800055c                TIM1_CC_IRQHandler
 .text.TIM1_UP_TIM10_IRQHandler
                0x08000670      0x104 ..\obj\Dimmer.o
                0x08000670                TIM1_UP_TIM10_IRQHandler
 .text.main     0x08000774       0x48 ..\obj\main.o
                0x08000774                main
 .text.RCC_LSEConfig
                0x080007bc       0x40 ..\obj\stm32f4xx_rcc.o
                0x080007bc                RCC_LSEConfig
 .text.RCC_LSICmd
                0x080007fc       0x20 ..\obj\stm32f4xx_rcc.o
                0x080007fc                RCC_LSICmd
 .text.RCC_GetClocksFreq
                0x0800081c      0x154 ..\obj\stm32f4xx_rcc.o
                0x0800081c                RCC_GetClocksFreq
 .text.RCC_RTCCLKConfig
                0x08000970       0x5c ..\obj\stm32f4xx_rcc.o
                0x08000970                RCC_RTCCLKConfig
 .text.RCC_RTCCLKCmd
                0x080009cc       0x20 ..\obj\stm32f4xx_rcc.o
                0x080009cc                RCC_RTCCLKCmd
 .text.RCC_AHB1PeriphClockCmd
                0x080009ec       0x3c ..\obj\stm32f4xx_rcc.o
                0x080009ec                RCC_AHB1PeriphClockCmd
 .text.RCC_AHB3PeriphClockCmd
                0x08000a28       0x3c ..\obj\stm32f4xx_rcc.o
                0x08000a28                RCC_AHB3PeriphClockCmd
 .text.RCC_APB1PeriphClockCmd
                0x08000a64       0x3c ..\obj\stm32f4xx_rcc.o
                0x08000a64                RCC_APB1PeriphClockCmd
 .text.RCC_APB2PeriphClockCmd
                0x08000aa0       0x3c ..\obj\stm32f4xx_rcc.o
                0x08000aa0                RCC_APB2PeriphClockCmd
 .text.RCC_GetFlagStatus
                0x08000adc       0x74 ..\obj\stm32f4xx_rcc.o
                0x08000adc                RCC_GetFlagStatus
 .text.Init_Delay
                0x08000b50       0x14 ..\obj\Delay.o
                0x08000b50                Init_Delay
 .text.TimerDelay_Init
                0x08000b64       0x58 ..\obj\Delay.o
                0x08000b64                TimerDelay_Init
 .text.Delay_ms
                0x08000bbc       0x48 ..\obj\Delay.o
                0x08000bbc                Delay_ms
 .text.TIM5_IRQHandler
                0x08000c04       0x3c ..\obj\Delay.o
                0x08000c04                TIM5_IRQHandler
 .text.LCD_Init
                0x08000c40       0xdc ..\obj\Lcd.o
                0x08000c40                LCD_Init
 .text.LCD_PrintStr
                0x08000d1c      0x154 ..\obj\Lcd.o
                0x08000d1c                LCD_PrintStr
 .text.Show_String
                0x08000e70       0x38 ..\obj\Lcd.o
                0x08000e70                Show_String
 .text.LCD_Clear
                0x08000ea8       0x64 ..\obj\Lcd.o
                0x08000ea8                LCD_Clear
 .text.print_BTELogo
                0x08000f0c       0x78 ..\obj\Lcd.o
                0x08000f0c                print_BTELogo
 .text.Check_toLCD
                0x08000f84       0x5c ..\obj\Lcd.o
                0x08000f84                Check_toLCD
 .text.print_Logo
                0x08000fe0       0x18 ..\obj\Lcd.o
                0x08000fe0                print_Logo
 .text.Init_Touch
                0x08000ff8       0x1c ..\obj\I2C.o
                0x08000ff8                Init_Touch
 .text.EXTI2_IRQHandler
                0x08001014      0x110 ..\obj\I2C.o
                0x08001014                EXTI2_IRQHandler
 .text.Read_Coords
                0x08001124       0x40 ..\obj\I2C.o
                0x08001124                Read_Coords
 .text.I2C_Start
                0x08001164      0x13c ..\obj\I2C.o
                0x08001164                I2C_Start
 .text.I2C_Stop
                0x080012a0       0x70 ..\obj\I2C.o
                0x080012a0                I2C_Stop
 .text.I2C_ReadAck
                0x08001310       0x78 ..\obj\I2C.o
                0x08001310                I2C_ReadAck
 .text.I2C_ReadNack
                0x08001388       0x88 ..\obj\I2C.o
                0x08001388                I2C_ReadNack
 .text.i2c_Write
                0x08001410       0x60 ..\obj\I2C.o
                0x08001410                i2c_Write
 .text.i2c_Read
                0x08001470       0x7c ..\obj\I2C.o
                0x08001470                i2c_Read
 .text.I2C_WriteData
                0x080014ec       0x64 ..\obj\I2C.o
                0x080014ec                I2C_WriteData
 .text.PLL_init
                0x08001550       0x24 ..\obj\RA8875.o
                0x08001550                PLL_init
 .text.Chk_Busy
                0x08001574       0x1c ..\obj\RA8875.o
                0x08001574                Chk_Busy
 .text.Display_ON
                0x08001590       0x10 ..\obj\RA8875.o
                0x08001590                Display_ON
 .text.Display_OFF
                0x080015a0       0x10 ..\obj\RA8875.o
                0x080015a0                Display_OFF
 .text.Serial_ROM_select0
                0x080015b0       0x10 ..\obj\RA8875.o
                0x080015b0                Serial_ROM_select0
 .text.Serial_ROM_Address_set_24bit
                0x080015c0       0x10 ..\obj\RA8875.o
                0x080015c0                Serial_ROM_Address_set_24bit
 .text.Select_Serial_Waveform_mode3
                0x080015d0       0x10 ..\obj\RA8875.o
                0x080015d0                Select_Serial_Waveform_mode3
 .text.SERIAL_ROM_Read_Cycle_5bus
                0x080015e0       0x10 ..\obj\RA8875.o
                0x080015e0                SERIAL_ROM_Read_Cycle_5bus
 .text.SERIAL_ROM_Font_mode
                0x080015f0       0x10 ..\obj\RA8875.o
                0x080015f0                SERIAL_ROM_Font_mode
 .text.SERIAL_ROM_Single_mode
                0x08001600       0x10 ..\obj\RA8875.o
                0x08001600                SERIAL_ROM_Single_mode
 .text.SROM_CLK_DIV
                0x08001610       0x1c ..\obj\RA8875.o
                0x08001610                SROM_CLK_DIV
 .text.CGROM_Font
                0x0800162c       0x10 ..\obj\RA8875.o
                0x0800162c                CGROM_Font
 .text.External_CGROM
                0x0800163c       0x10 ..\obj\RA8875.o
                0x0800163c                External_CGROM
 .text.FullAlignment
                0x0800164c       0x10 ..\obj\RA8875.o
                0x0800164c                FullAlignment
 .text.Horizontal_FontEnlarge_x1
                0x0800165c       0x10 ..\obj\RA8875.o
                0x0800165c                Horizontal_FontEnlarge_x1
 .text.Horizontal_FontEnlarge_x2
                0x0800166c       0x10 ..\obj\RA8875.o
                0x0800166c                Horizontal_FontEnlarge_x2
 .text.Horizontal_FontEnlarge_x3
                0x0800167c       0x10 ..\obj\RA8875.o
                0x0800167c                Horizontal_FontEnlarge_x3
 .text.Horizontal_FontEnlarge_x4
                0x0800168c       0x10 ..\obj\RA8875.o
                0x0800168c                Horizontal_FontEnlarge_x4
 .text.Vertical_FontEnlarge_x1
                0x0800169c       0x10 ..\obj\RA8875.o
                0x0800169c                Vertical_FontEnlarge_x1
 .text.Vertical_FontEnlarge_x2
                0x080016ac       0x10 ..\obj\RA8875.o
                0x080016ac                Vertical_FontEnlarge_x2
 .text.Vertical_FontEnlarge_x3
                0x080016bc       0x10 ..\obj\RA8875.o
                0x080016bc                Vertical_FontEnlarge_x3
 .text.Vertical_FontEnlarge_x4
                0x080016cc       0x10 ..\obj\RA8875.o
                0x080016cc                Vertical_FontEnlarge_x4
 .text.Line_distance
                0x080016dc       0x1c ..\obj\RA8875.o
                0x080016dc                Line_distance
 .text.Font_Coordinate
                0x080016f8       0x48 ..\obj\RA8875.o
                0x080016f8                Font_Coordinate
 .text.Font_size_16x16_8x16
                0x08001740       0x10 ..\obj\RA8875.o
                0x08001740                Font_size_16x16_8x16
 .text.Font_size_24x24_12x24
                0x08001750       0x10 ..\obj\RA8875.o
                0x08001750                Font_size_24x24_12x24
 .text.Font_size_32x32_16x32
                0x08001760       0x10 ..\obj\RA8875.o
                0x08001760                Font_size_32x32_16x32
 .text.Font_spacing_set
                0x08001770       0x28 ..\obj\RA8875.o
                0x08001770                Font_spacing_set
 .text.GT_serial_ROM_select_GT30L32S4W
                0x08001798       0x10 ..\obj\RA8875.o
                0x08001798                GT_serial_ROM_select_GT30L32S4W
 .text.Font_code_ASCII
                0x080017a8       0x10 ..\obj\RA8875.o
                0x080017a8                Font_code_ASCII
 .text.Font_Standard
                0x080017b8       0x10 ..\obj\RA8875.o
                0x080017b8                Font_Standard
 .text.Font_Arial
                0x080017c8       0x10 ..\obj\RA8875.o
                0x080017c8                Font_Arial
 .text.Font_Roman
                0x080017d8       0x10 ..\obj\RA8875.o
                0x080017d8                Font_Roman
 .text.Font_Bold
                0x080017e8       0x10 ..\obj\RA8875.o
                0x080017e8                Font_Bold
 .text.Active_Window
                0x080017f8       0x84 ..\obj\RA8875.o
                0x080017f8                Active_Window
 .text.Graphic_Mode
                0x0800187c       0x10 ..\obj\RA8875.o
                0x0800187c                Graphic_Mode
 .text.Text_Mode
                0x0800188c       0x10 ..\obj\RA8875.o
                0x0800188c                Text_Mode
 .text.Text_Cursor_Disable
                0x0800189c       0x10 ..\obj\RA8875.o
                0x0800189c                Text_Cursor_Disable
 .text.Text_Cursor_Blink_Disable
                0x080018ac       0x10 ..\obj\RA8875.o
                0x080018ac                Text_Cursor_Blink_Disable
 .text.Memory_Write_LeftRight_TopDown
                0x080018bc       0x10 ..\obj\RA8875.o
                0x080018bc                Memory_Write_LeftRight_TopDown
 .text.MemoryWrite_Cursor_autoIncrease
                0x080018cc       0x10 ..\obj\RA8875.o
                0x080018cc                MemoryWrite_Cursor_autoIncrease
 .text.MemoryRead_Cursor_autoIncrease
                0x080018dc       0x10 ..\obj\RA8875.o
                0x080018dc                MemoryRead_Cursor_autoIncrease
 .text.BTE_enable
                0x080018ec       0x10 ..\obj\RA8875.o
                0x080018ec                BTE_enable
 .text.BTE_ROP_Code
                0x080018fc       0x1c ..\obj\RA8875.o
                0x080018fc                BTE_ROP_Code
 .text.BTE_Source_Destination
                0x08001918       0xc4 ..\obj\RA8875.o
                0x08001918                BTE_Source_Destination
 .text.BTE_Size_setting
                0x080019dc       0x48 ..\obj\RA8875.o
                0x080019dc                BTE_Size_setting
 .text.Background_color
                0x08001a24       0x40 ..\obj\RA8875.o
                0x08001a24                Background_color
 .text.Foreground_color
                0x08001a64       0x40 ..\obj\RA8875.o
                0x08001a64                Foreground_color
 .text.Geometric_Coordinate
                0x08001aa4       0x84 ..\obj\RA8875.o
                0x08001aa4                Geometric_Coordinate
 .text.RTC_Alarm_IRQHandler
                0x08001b28       0x70 ..\obj\Alarm.o
                0x08001b28                RTC_Alarm_IRQHandler
 .text.External_Font
                0x08001b98       0x34 ..\obj\Font.o
                0x08001b98                External_Font
 .text.TextMode_Normal
                0x08001bcc       0x20 ..\obj\Font.o
                0x08001bcc                TextMode_Normal
 .text.FSMC_NORSRAMInit
                0x08001bec      0x134 ..\obj\stm32f4xx_fsmc.o
                0x08001bec                FSMC_NORSRAMInit
 .text.FSMC_NORSRAMCmd
                0x08001d20       0x54 ..\obj\stm32f4xx_fsmc.o
                0x08001d20                FSMC_NORSRAMCmd
 .text.FSMC_GPIO_Init
                0x08001d74      0x11c ..\obj\Fsmc.o
                0x08001d74                FSMC_GPIO_Init
 .text.BLNRST_GPIO_Init
                0x08001e90       0x70 ..\obj\Fsmc.o
                0x08001e90                BLNRST_GPIO_Init
 .text.FSMC_LCD_Init
                0x08001f00       0x78 ..\obj\Fsmc.o
                0x08001f00                FSMC_LCD_Init
 .text.FSMC_Init
                0x08001f78       0x24 ..\obj\Fsmc.o
                0x08001f78                FSMC_Init
 .text.FSMC_WriteCmd
                0x08001f9c       0x20 ..\obj\Fsmc.o
                0x08001f9c                FSMC_WriteCmd
 .text.FSMC_WriteData
                0x08001fbc       0x1c ..\obj\Fsmc.o
                0x08001fbc                FSMC_WriteData
 .text.FSMC_ReadData
                0x08001fd8       0x18 ..\obj\Fsmc.o
                0x08001fd8                FSMC_ReadData
 .text.FSMC_WriteReg
                0x08001ff0       0x28 ..\obj\Fsmc.o
                0x08001ff0                FSMC_WriteReg
 .text.FSMC_ReadReg
                0x08002018       0x20 ..\obj\Fsmc.o
                0x08002018                FSMC_ReadReg
 .text.FSMC_WriteReg_ORMask
                0x08002038       0x3c ..\obj\Fsmc.o
                0x08002038                FSMC_WriteReg_ORMask
 .text.FSMC_WriteReg_ANDMask
                0x08002074       0x3c ..\obj\Fsmc.o
                0x08002074                FSMC_WriteReg_ANDMask
 .text.FSMC_WriteReg_ANDORMask
                0x080020b0       0x44 ..\obj\Fsmc.o
                0x080020b0                FSMC_WriteReg_ANDORMask
 .text.FSMC_StatusRead
                0x080020f4       0x18 ..\obj\Fsmc.o
                0x080020f4                FSMC_StatusRead
 .text.GPIO_Init
                0x0800210c      0x11c ..\obj\stm32f4xx_gpio.o
                0x0800210c                GPIO_Init
 .text.GPIO_SetBits
                0x08002228       0x1c ..\obj\stm32f4xx_gpio.o
                0x08002228                GPIO_SetBits
 .text.GPIO_ResetBits
                0x08002244       0x1c ..\obj\stm32f4xx_gpio.o
                0x08002244                GPIO_ResetBits
 .text.GPIO_PinAFConfig
                0x08002260       0x90 ..\obj\stm32f4xx_gpio.o
                0x08002260                GPIO_PinAFConfig
 .text.SystemInit
                0x080022f0       0x58 ..\obj\system_stm32f4xx.o
                0x080022f0                SystemInit
 .text.SetSysClock
                0x08002348       0xf4 ..\obj\system_stm32f4xx.o
 .text._sbrk    0x0800243c       0x40 ..\obj\syscalls.o
                0x0800243c                _sbrk
 .text.TM_RTC_Init
                0x0800247c      0x104 ..\obj\tm_stm32f4_rtc.o
                0x0800247c                TM_RTC_Init
 .text.TM_RTC_SetDateTime
                0x08002580      0x284 ..\obj\tm_stm32f4_rtc.o
                0x08002580                TM_RTC_SetDateTime
 .text.TM_RTC_GetDateTime
                0x08002804       0xa0 ..\obj\tm_stm32f4_rtc.o
                0x08002804                TM_RTC_GetDateTime
 .text.TM_RTC_Config
                0x080028a4       0x6c ..\obj\tm_stm32f4_rtc.o
                0x080028a4                TM_RTC_Config
 .text.TM_RTC_GetUnixTimeStamp
                0x08002910      0x170 ..\obj\tm_stm32f4_rtc.o
                0x08002910                TM_RTC_GetUnixTimeStamp
 .text.TM_RTC_RequestHandler
                0x08002a80      0x288 ..\obj\tm_stm32f4_rtc.o
                0x08002a80                TM_RTC_RequestHandler
 .text.RTC_WKUP_IRQHandler
                0x08002d08       0x2c ..\obj\tm_stm32f4_rtc.o
                0x08002d08                RTC_WKUP_IRQHandler
 .text.SetTime  0x08002d34       0x48 ..\obj\tm_stm32f4_rtc.o
                0x08002d34                SetTime
 .text.I2C_Init
                0x08002d7c      0x184 ..\obj\stm32f4xx_i2c.o
                0x08002d7c                I2C_Init
 .text.I2C_Cmd  0x08002f00       0x40 ..\obj\stm32f4xx_i2c.o
                0x08002f00                I2C_Cmd
 .text.I2C_CheckEvent
                0x08002f40       0x60 ..\obj\stm32f4xx_i2c.o
                0x08002f40                I2C_CheckEvent
 .text.I2C_GetLastEvent
                0x08002fa0       0x44 ..\obj\stm32f4xx_i2c.o
                0x08002fa0                I2C_GetLastEvent
 .text.EXTI_Init
                0x08002fe4       0xe4 ..\obj\stm32f4xx_exti.o
                0x08002fe4                EXTI_Init
 .text.EXTI_GetITStatus
                0x080030c8       0x48 ..\obj\stm32f4xx_exti.o
                0x080030c8                EXTI_GetITStatus
 .text.EXTI_ClearITPendingBit
                0x08003110       0x1c ..\obj\stm32f4xx_exti.o
                0x08003110                EXTI_ClearITPendingBit
 .text.NVIC_Init
                0x0800312c       0xc0 ..\obj\misc.o
                0x0800312c                NVIC_Init
 .text.RTC_Init
                0x080031ec       0x78 ..\obj\stm32f4xx_rtc.o
                0x080031ec                RTC_Init
 .text.RTC_EnterInitMode
                0x08003264       0x74 ..\obj\stm32f4xx_rtc.o
                0x08003264                RTC_EnterInitMode
 .text.RTC_ExitInitMode
                0x080032d8       0x1c ..\obj\stm32f4xx_rtc.o
                0x080032d8                RTC_ExitInitMode
 .text.RTC_WaitForSynchro
                0x080032f4       0x78 ..\obj\stm32f4xx_rtc.o
                0x080032f4                RTC_WaitForSynchro
 .text.RTC_SetTime
                0x0800336c      0x104 ..\obj\stm32f4xx_rtc.o
                0x0800336c                RTC_SetTime
 .text.RTC_GetTime
                0x08003470       0x9c ..\obj\stm32f4xx_rtc.o
                0x08003470                RTC_GetTime
 .text.RTC_SetDate
                0x0800350c      0x10c ..\obj\stm32f4xx_rtc.o
                0x0800350c                RTC_SetDate
 .text.RTC_GetDate
                0x08003618       0x9c ..\obj\stm32f4xx_rtc.o
                0x08003618                RTC_GetDate
 .text.RTC_WriteBackupRegister
                0x080036b4       0x34 ..\obj\stm32f4xx_rtc.o
                0x080036b4                RTC_WriteBackupRegister
 .text.RTC_ReadBackupRegister
                0x080036e8       0x30 ..\obj\stm32f4xx_rtc.o
                0x080036e8                RTC_ReadBackupRegister
 .text.RTC_GetITStatus
                0x08003718       0x68 ..\obj\stm32f4xx_rtc.o
                0x08003718                RTC_GetITStatus
 .text.RTC_ClearITPendingBit
                0x08003780       0x38 ..\obj\stm32f4xx_rtc.o
                0x08003780                RTC_ClearITPendingBit
 .text.RTC_ByteToBcd2
                0x080037b8       0x3c ..\obj\stm32f4xx_rtc.o
 .text.RTC_Bcd2ToByte
                0x080037f4       0x38 ..\obj\stm32f4xx_rtc.o
 .text.TIM_TimeBaseInit
                0x0800382c       0xd4 ..\obj\stm32f4xx_tim.o
                0x0800382c                TIM_TimeBaseInit
 .text.TIM_SetCounter
                0x08003900       0x1c ..\obj\stm32f4xx_tim.o
                0x08003900                TIM_SetCounter
 .text.TIM_GetCounter
                0x0800391c       0x18 ..\obj\stm32f4xx_tim.o
                0x0800391c                TIM_GetCounter
 .text.TIM_Cmd  0x08003934       0x40 ..\obj\stm32f4xx_tim.o
                0x08003934                TIM_Cmd
 .text.TIM_OC1Init
                0x08003974       0xf4 ..\obj\stm32f4xx_tim.o
                0x08003974                TIM_OC1Init
 .text.TIM_SetCompare1
                0x08003a68       0x1c ..\obj\stm32f4xx_tim.o
                0x08003a68                TIM_SetCompare1
 .text.TIM_SetCompare2
                0x08003a84       0x1c ..\obj\stm32f4xx_tim.o
                0x08003a84                TIM_SetCompare2
 .text.TIM_SetCompare3
                0x08003aa0       0x1c ..\obj\stm32f4xx_tim.o
                0x08003aa0                TIM_SetCompare3
 .text.TIM_SetCompare4
                0x08003abc       0x1c ..\obj\stm32f4xx_tim.o
                0x08003abc                TIM_SetCompare4
 .text.TIM_OC1PreloadConfig
                0x08003ad8       0x38 ..\obj\stm32f4xx_tim.o
                0x08003ad8                TIM_OC1PreloadConfig
 .text.TIM_ITConfig
                0x08003b10       0x48 ..\obj\stm32f4xx_tim.o
                0x08003b10                TIM_ITConfig
 .text.TIM_GetITStatus
                0x08003b58       0x54 ..\obj\stm32f4xx_tim.o
                0x08003b58                TIM_GetITStatus
 .text.TIM_ClearITPendingBit
                0x08003bac       0x20 ..\obj\stm32f4xx_tim.o
                0x08003bac                TIM_ClearITPendingBit
 .text.Init_I2C
                0x08003bcc       0x14 ..\obj\Config_I2C.o
                0x08003bcc                Init_I2C
 .text.configure_I2CGPIOS
                0x08003be0       0x74 ..\obj\Config_I2C.o
                0x08003be0                configure_I2CGPIOS
 .text.configure_I2CSettings
                0x08003c54       0x50 ..\obj\Config_I2C.o
                0x08003c54                configure_I2CSettings
 .text.configure_I2CInterrupts
                0x08003ca4       0x80 ..\obj\Config_I2C.o
                0x08003ca4                configure_I2CInterrupts
 .text.I2C1_EV_IRQHandler
                0x08003d24       0x60 ..\obj\Config_I2C.o
                0x08003d24                I2C1_EV_IRQHandler
 .text.I2C1_ER_IRQHandler
                0x08003d84       0x20 ..\obj\Config_I2C.o
                0x08003d84                I2C1_ER_IRQHandler
 .text          0x08003da4      0x370 c:/program files (x86)/gnu tools arm embedded/4.9 2015q1/bin/../lib/gcc/arm-none-eabi/4.9.3/armv7e-m\libgcc.a(_arm_addsubdf3.o)
                0x08003da4                __aeabi_drsub
                0x08003dac                __aeabi_dsub
                0x08003dac                __subdf3
                0x08003db0                __aeabi_dadd
                0x08003db0                __adddf3
                0x08004028                __floatunsidf
                0x08004028                __aeabi_ui2d
                0x08004048                __floatsidf
                0x08004048                __aeabi_i2d
                0x0800406c                __aeabi_f2d
                0x0800406c                __extendsfdf2
                0x080040a8                __floatundidf
                0x080040a8                __aeabi_ul2d
                0x080040b8                __floatdidf
                0x080040b8                __aeabi_l2d
 .text          0x08004114      0x424 c:/program files (x86)/gnu tools arm embedded/4.9 2015q1/bin/../lib/gcc/arm-none-eabi/4.9.3/armv7e-m\libgcc.a(_arm_muldivdf3.o)
                0x08004114                __aeabi_dmul
                0x08004114                __muldf3
                0x08004368                __divdf3
                0x08004368                __aeabi_ddiv
 .text.sprintf  0x08004538       0x4c c:/program files (x86)/gnu tools arm embedded/4.9 2015q1/bin/../lib/gcc/arm-none-eabi/4.9.3/../../../../arm-none-eabi/lib/armv7e-m\libg.a(lib_a-sprintf.o)
                0x08004538                sprintf
 .text._svfprintf_r
                0x08004584     0x1494 c:/program files (x86)/gnu tools arm embedded/4.9 2015q1/bin/../lib/gcc/arm-none-eabi/4.9.3/../../../../arm-none-eabi/lib/armv7e-m\libg.a(lib_a-svfprintf.o)
                0x08004584                _svfprintf_r
 .text.quorem   0x08005a18      0x12c c:/program files (x86)/gnu tools arm embedded/4.9 2015q1/bin/../lib/gcc/arm-none-eabi/4.9.3/../../../../arm-none-eabi/lib/armv7e-m\libg.a(lib_a-dtoa.o)
 *fill*         0x08005b44        0x4 
 .text._dtoa_r  0x08005b48      0xe98 c:/program files (x86)/gnu tools arm embedded/4.9 2015q1/bin/../lib/gcc/arm-none-eabi/4.9.3/../../../../arm-none-eabi/lib/armv7e-m\libg.a(lib_a-dtoa.o)
                0x08005b48                _dtoa_r
 .text._localeconv_r
                0x080069e0        0x8 c:/program files (x86)/gnu tools arm embedded/4.9 2015q1/bin/../lib/gcc/arm-none-eabi/4.9.3/../../../../arm-none-eabi/lib/armv7e-m\libg.a(lib_a-locale.o)
                0x080069e0                _localeconv_r
 .text._malloc_r
                0x080069e8      0x524 c:/program files (x86)/gnu tools arm embedded/4.9 2015q1/bin/../lib/gcc/arm-none-eabi/4.9.3/../../../../arm-none-eabi/lib/armv7e-m\libg.a(lib_a-mallocr.o)
                0x080069e8                _malloc_r
 .text.memchr   0x08006f0c       0x94 c:/program files (x86)/gnu tools arm embedded/4.9 2015q1/bin/../lib/gcc/arm-none-eabi/4.9.3/../../../../arm-none-eabi/lib/armv7e-m\libg.a(lib_a-memchr.o)
                0x08006f0c                memchr
 .text          0x08006fa0      0x134 c:/program files (x86)/gnu tools arm embedded/4.9 2015q1/bin/../lib/gcc/arm-none-eabi/4.9.3/../../../../arm-none-eabi/lib/armv7e-m\libg.a(lib_a-memcpy.o)
                0x08006fa0                memcpy
 .text.__malloc_lock
                0x080070d4        0x4 c:/program files (x86)/gnu tools arm embedded/4.9 2015q1/bin/../lib/gcc/arm-none-eabi/4.9.3/../../../../arm-none-eabi/lib/armv7e-m\libg.a(lib_a-mlock.o)
                0x080070d4                __malloc_lock
 .text.__malloc_unlock
                0x080070d8        0x4 c:/program files (x86)/gnu tools arm embedded/4.9 2015q1/bin/../lib/gcc/arm-none-eabi/4.9.3/../../../../arm-none-eabi/lib/armv7e-m\libg.a(lib_a-mlock.o)
                0x080070d8                __malloc_unlock
 .text._Balloc  0x080070dc       0x4c c:/program files (x86)/gnu tools arm embedded/4.9 2015q1/bin/../lib/gcc/arm-none-eabi/4.9.3/../../../../arm-none-eabi/lib/armv7e-m\libg.a(lib_a-mprec.o)
                0x080070dc                _Balloc
 .text._Bfree   0x08007128       0x14 c:/program files (x86)/gnu tools arm embedded/4.9 2015q1/bin/../lib/gcc/arm-none-eabi/4.9.3/../../../../arm-none-eabi/lib/armv7e-m\libg.a(lib_a-mprec.o)
                0x08007128                _Bfree
 .text.__multadd
                0x0800713c       0x84 c:/program files (x86)/gnu tools arm embedded/4.9 2015q1/bin/../lib/gcc/arm-none-eabi/4.9.3/../../../../arm-none-eabi/lib/armv7e-m\libg.a(lib_a-mprec.o)
                0x0800713c                __multadd
 .text.__hi0bits
                0x080071c0       0x40 c:/program files (x86)/gnu tools arm embedded/4.9 2015q1/bin/../lib/gcc/arm-none-eabi/4.9.3/../../../../arm-none-eabi/lib/armv7e-m\libg.a(lib_a-mprec.o)
                0x080071c0                __hi0bits
 .text.__lo0bits
                0x08007200       0x5c c:/program files (x86)/gnu tools arm embedded/4.9 2015q1/bin/../lib/gcc/arm-none-eabi/4.9.3/../../../../arm-none-eabi/lib/armv7e-m\libg.a(lib_a-mprec.o)
                0x08007200                __lo0bits
 .text.__i2b    0x0800725c       0x14 c:/program files (x86)/gnu tools arm embedded/4.9 2015q1/bin/../lib/gcc/arm-none-eabi/4.9.3/../../../../arm-none-eabi/lib/armv7e-m\libg.a(lib_a-mprec.o)
                0x0800725c                __i2b
 .text.__multiply
                0x08007270      0x134 c:/program files (x86)/gnu tools arm embedded/4.9 2015q1/bin/../lib/gcc/arm-none-eabi/4.9.3/../../../../arm-none-eabi/lib/armv7e-m\libg.a(lib_a-mprec.o)
                0x08007270                __multiply
 .text.__pow5mult
                0x080073a4       0xa0 c:/program files (x86)/gnu tools arm embedded/4.9 2015q1/bin/../lib/gcc/arm-none-eabi/4.9.3/../../../../arm-none-eabi/lib/armv7e-m\libg.a(lib_a-mprec.o)
                0x080073a4                __pow5mult
 .text.__lshift
                0x08007444       0xac c:/program files (x86)/gnu tools arm embedded/4.9 2015q1/bin/../lib/gcc/arm-none-eabi/4.9.3/../../../../arm-none-eabi/lib/armv7e-m\libg.a(lib_a-mprec.o)
                0x08007444                __lshift
 .text.__mcmp   0x080074f0       0x48 c:/program files (x86)/gnu tools arm embedded/4.9 2015q1/bin/../lib/gcc/arm-none-eabi/4.9.3/../../../../arm-none-eabi/lib/armv7e-m\libg.a(lib_a-mprec.o)
                0x080074f0                __mcmp
 .text.__mdiff  0x08007538       0xd4 c:/program files (x86)/gnu tools arm embedded/4.9 2015q1/bin/../lib/gcc/arm-none-eabi/4.9.3/../../../../arm-none-eabi/lib/armv7e-m\libg.a(lib_a-mprec.o)
                0x08007538                __mdiff
 .text.__d2b    0x0800760c       0xb8 c:/program files (x86)/gnu tools arm embedded/4.9 2015q1/bin/../lib/gcc/arm-none-eabi/4.9.3/../../../../arm-none-eabi/lib/armv7e-m\libg.a(lib_a-mprec.o)
                0x0800760c                __d2b
 .text.__fpclassifyd
                0x080076c4       0x58 c:/program files (x86)/gnu tools arm embedded/4.9 2015q1/bin/../lib/gcc/arm-none-eabi/4.9.3/../../../../arm-none-eabi/lib/armv7e-m\libg.a(lib_a-s_fpclassify.o)
                0x080076c4                __fpclassifyd
 .text._sbrk_r  0x0800771c       0x24 c:/program files (x86)/gnu tools arm embedded/4.9 2015q1/bin/../lib/gcc/arm-none-eabi/4.9.3/../../../../arm-none-eabi/lib/armv7e-m\libg.a(lib_a-sbrkr.o)
                0x0800771c                _sbrk_r
 .text.strlen   0x08007740       0x5c c:/program files (x86)/gnu tools arm embedded/4.9 2015q1/bin/../lib/gcc/arm-none-eabi/4.9.3/../../../../arm-none-eabi/lib/armv7e-m\libg.a(lib_a-strlen.o)
                0x08007740                strlen
 .text.__ssprint_r
                0x0800779c      0x104 c:/program files (x86)/gnu tools arm embedded/4.9 2015q1/bin/../lib/gcc/arm-none-eabi/4.9.3/../../../../arm-none-eabi/lib/armv7e-m\libg.a(lib_a-svfiprintf.o)
                0x0800779c                __ssprint_r
 .text._calloc_r
                0x080078a0       0x60 c:/program files (x86)/gnu tools arm embedded/4.9 2015q1/bin/../lib/gcc/arm-none-eabi/4.9.3/../../../../arm-none-eabi/lib/armv7e-m\libg.a(lib_a-callocr.o)
                0x080078a0                _calloc_r
 .text._malloc_trim_r
                0x08007900       0x9c c:/program files (x86)/gnu tools arm embedded/4.9 2015q1/bin/../lib/gcc/arm-none-eabi/4.9.3/../../../../arm-none-eabi/lib/armv7e-m\libg.a(lib_a-freer.o)
                0x08007900                _malloc_trim_r
 .text._free_r  0x0800799c      0x1b0 c:/program files (x86)/gnu tools arm embedded/4.9 2015q1/bin/../lib/gcc/arm-none-eabi/4.9.3/../../../../arm-none-eabi/lib/armv7e-m\libg.a(lib_a-freer.o)
                0x0800799c                _free_r
 .text.memmove  0x08007b4c       0xc8 c:/program files (x86)/gnu tools arm embedded/4.9 2015q1/bin/../lib/gcc/arm-none-eabi/4.9.3/../../../../arm-none-eabi/lib/armv7e-m\libg.a(lib_a-memmove.o)
                0x08007b4c                memmove
 .text.memset   0x08007c14       0x9c c:/program files (x86)/gnu tools arm embedded/4.9 2015q1/bin/../lib/gcc/arm-none-eabi/4.9.3/../../../../arm-none-eabi/lib/armv7e-m\libg.a(lib_a-memset.o)
                0x08007c14                memset
 .text._realloc_r
                0x08007cb0      0x3ec c:/program files (x86)/gnu tools arm embedded/4.9 2015q1/bin/../lib/gcc/arm-none-eabi/4.9.3/../../../../arm-none-eabi/lib/armv7e-m\libg.a(lib_a-reallocr.o)
                0x08007cb0                _realloc_r
 .text          0x0800809c      0x110 c:/program files (x86)/gnu tools arm embedded/4.9 2015q1/bin/../lib/gcc/arm-none-eabi/4.9.3/armv7e-m\libgcc.a(_arm_cmpdf2.o)
                0x0800809c                __gtdf2
                0x0800809c                __gedf2
                0x080080a4                __ltdf2
                0x080080a4                __ledf2
                0x080080ac                __nedf2
                0x080080ac                __eqdf2
                0x080080ac                __cmpdf2
                0x08008128                __aeabi_cdrcmple
                0x08008138                __aeabi_cdcmpeq
                0x08008138                __aeabi_cdcmple
                0x08008148                __aeabi_dcmpeq
                0x0800815c                __aeabi_dcmplt
                0x08008170                __aeabi_dcmple
                0x08008184                __aeabi_dcmpge
                0x08008198                __aeabi_dcmpgt
 .text          0x080081ac       0x50 c:/program files (x86)/gnu tools arm embedded/4.9 2015q1/bin/../lib/gcc/arm-none-eabi/4.9.3/armv7e-m\libgcc.a(_arm_fixdfsi.o)
                0x080081ac                __aeabi_d2iz
                0x080081ac                __fixdfsi
 .text          0x080081fc       0x30 c:/program files (x86)/gnu tools arm embedded/4.9 2015q1/bin/../lib/gcc/arm-none-eabi/4.9.3/armv7e-m\libgcc.a(_aeabi_uldivmod.o)
                0x080081fc                __aeabi_uldivmod
 .text          0x0800822c       0x60 c:/program files (x86)/gnu tools arm embedded/4.9 2015q1/bin/../lib/gcc/arm-none-eabi/4.9.3/armv7e-m\libgcc.a(bpabi.o)
                0x0800822c                __gnu_ldivmod_helper
                0x0800825c                __gnu_uldivmod_helper
 .text          0x0800828c        0x4 c:/program files (x86)/gnu tools arm embedded/4.9 2015q1/bin/../lib/gcc/arm-none-eabi/4.9.3/armv7e-m\libgcc.a(_dvmd_tls.o)
                0x0800828c                __aeabi_idiv0
                0x0800828c                __aeabi_ldiv0
 .text          0x08008290      0x29c c:/program files (x86)/gnu tools arm embedded/4.9 2015q1/bin/../lib/gcc/arm-none-eabi/4.9.3/armv7e-m\libgcc.a(_divdi3.o)
                0x08008290                __divdi3
 .text          0x0800852c      0x26c c:/program files (x86)/gnu tools arm embedded/4.9 2015q1/bin/../lib/gcc/arm-none-eabi/4.9.3/armv7e-m\libgcc.a(_udivdi3.o)
                0x0800852c                __udivdi3
 *(.init)
 *(.fini)
 *crtbegin.o(.ctors)
 *crtbegin?.o(.ctors)
 *(EXCLUDE_FILE(*crtend.o *crtend?.o) .ctors)
 *(SORT(.ctors.*))
 *(.ctors)
 *crtbegin.o(.dtors)
 *crtbegin?.o(.dtors)
 *(EXCLUDE_FILE(*crtend.o *crtend?.o) .dtors)
 *(SORT(.dtors.*))
 *(.dtors)
 *(.rodata*)
 .rodata        0x08008798     0xab30 ..\obj\GSL1680.o
                0x08008798                GSLX680_FW
 .rodata        0x080132c8       0x38 ..\obj\Dimmer.o
 .rodata        0x08013300      0x138 ..\obj\I2C.o
 .rodata        0x08013438       0x18 ..\obj\Alarm.o
 .rodata        0x08013450       0xdc ..\obj\tm_stm32f4_rtc.o
 .rodata        0x0801352c       0x14 ..\obj\Config_I2C.o
 .rodata.zeroes.6916
                0x08013540       0x10 c:/program files (x86)/gnu tools arm embedded/4.9 2015q1/bin/../lib/gcc/arm-none-eabi/4.9.3/../../../../arm-none-eabi/lib/armv7e-m\libg.a(lib_a-svfprintf.o)
 .rodata.str1.4
                0x08013550       0x42 c:/program files (x86)/gnu tools arm embedded/4.9 2015q1/bin/../lib/gcc/arm-none-eabi/4.9.3/../../../../arm-none-eabi/lib/armv7e-m\libg.a(lib_a-svfprintf.o)
                                 0x44 (size before relaxing)
 *fill*         0x08013592        0x2 
 .rodata.blanks.6915
                0x08013594       0x10 c:/program files (x86)/gnu tools arm embedded/4.9 2015q1/bin/../lib/gcc/arm-none-eabi/4.9.3/../../../../arm-none-eabi/lib/armv7e-m\libg.a(lib_a-svfprintf.o)
 .rodata.str1.4
                0x080135a4       0x10 c:/program files (x86)/gnu tools arm embedded/4.9 2015q1/bin/../lib/gcc/arm-none-eabi/4.9.3/../../../../arm-none-eabi/lib/armv7e-m\libg.a(lib_a-dtoa.o)
                                 0x14 (size before relaxing)
 .rodata.str1.4
                0x080135b4        0x2 c:/program files (x86)/gnu tools arm embedded/4.9 2015q1/bin/../lib/gcc/arm-none-eabi/4.9.3/../../../../arm-none-eabi/lib/armv7e-m\libg.a(lib_a-impure.o)
                                  0x4 (size before relaxing)
 *fill*         0x080135b6        0x2 
 .rodata.str1.4
                0x080135b8        0xc c:/program files (x86)/gnu tools arm embedded/4.9 2015q1/bin/../lib/gcc/arm-none-eabi/4.9.3/../../../../arm-none-eabi/lib/armv7e-m\libg.a(lib_a-locale.o)
                                 0x14 (size before relaxing)
 .rodata.p05.5296
                0x080135c4        0xc c:/program files (x86)/gnu tools arm embedded/4.9 2015q1/bin/../lib/gcc/arm-none-eabi/4.9.3/../../../../arm-none-eabi/lib/armv7e-m\libg.a(lib_a-mprec.o)
 .rodata.__mprec_tens
                0x080135d0       0xc8 c:/program files (x86)/gnu tools arm embedded/4.9 2015q1/bin/../lib/gcc/arm-none-eabi/4.9.3/../../../../arm-none-eabi/lib/armv7e-m\libg.a(lib_a-mprec.o)
                0x080135d0                __mprec_tens
 .rodata.__mprec_bigtens
                0x08013698       0x28 c:/program files (x86)/gnu tools arm embedded/4.9 2015q1/bin/../lib/gcc/arm-none-eabi/4.9.3/../../../../arm-none-eabi/lib/armv7e-m\libg.a(lib_a-mprec.o)
                0x08013698                __mprec_bigtens
 *(.eh_fram e*)

.glue_7         0x080136c0        0x0
 .glue_7        0x00000000        0x0 linker stubs

.glue_7t        0x080136c0        0x0
 .glue_7t       0x00000000        0x0 linker stubs

.vfp11_veneer   0x080136c0        0x0
 .vfp11_veneer  0x00000000        0x0 linker stubs

.v4_bx          0x080136c0        0x0
 .v4_bx         0x00000000        0x0 linker stubs

.iplt           0x080136c0        0x0
 .iplt          0x00000000        0x0 ..\obj\stm32f4xx_syscfg.o

.ARM.extab
 *(.ARM.extab* .gnu.linkonce.armextab.*)
                0x080136c0                __exidx_start = .

.ARM.exidx      0x080136c0        0x8
 *(.ARM.exidx* .gnu.linkonce.armexidx.*)
 .ARM.exidx     0x080136c0        0x8 c:/program files (x86)/gnu tools arm embedded/4.9 2015q1/bin/../lib/gcc/arm-none-eabi/4.9.3/armv7e-m\libgcc.a(_divdi3.o)
 .ARM.exidx     0x080136c8        0x0 c:/program files (x86)/gnu tools arm embedded/4.9 2015q1/bin/../lib/gcc/arm-none-eabi/4.9.3/armv7e-m\libgcc.a(_udivdi3.o)
                                  0x8 (size before relaxing)
                0x080136c8                __exidx_end = .
                0x080136c8                __etext = .
                0x080136c8                _sidata = __etext

.rel.dyn        0x080136c8        0x0
 .rel.iplt      0x00000000        0x0 ..\obj\stm32f4xx_syscfg.o

.data           0x20000000    0x1a1fc load address 0x080136c8
                0x20000000                __data_start__ = .
                0x20000000                _sdata = __data_start__
 *(vtable)
 *(.data*)
 .data          0x20000000       0x10 ..\obj\stm32f4xx_rcc.o
 .data          0x20000010    0x19960 ..\obj\Lcd.o
                0x20000010                SquareButton
                0x20017710                logo
 .data          0x20019970       0x18 ..\obj\tm_stm32f4_rtc.o
                0x20019970                TM_RTC_Months
 .data.impure_data
                0x20019988      0x428 c:/program files (x86)/gnu tools arm embedded/4.9 2015q1/bin/../lib/gcc/arm-none-eabi/4.9.3/../../../../arm-none-eabi/lib/armv7e-m\libg.a(lib_a-impure.o)
 .data._impure_ptr
                0x20019db0        0x4 c:/program files (x86)/gnu tools arm embedded/4.9 2015q1/bin/../lib/gcc/arm-none-eabi/4.9.3/../../../../arm-none-eabi/lib/armv7e-m\libg.a(lib_a-impure.o)
                0x20019db0                _impure_ptr
 .data.lconv    0x20019db4       0x38 c:/program files (x86)/gnu tools arm embedded/4.9 2015q1/bin/../lib/gcc/arm-none-eabi/4.9.3/../../../../arm-none-eabi/lib/armv7e-m\libg.a(lib_a-locale.o)
 .data.__malloc_av_
                0x20019dec      0x408 c:/program files (x86)/gnu tools arm embedded/4.9 2015q1/bin/../lib/gcc/arm-none-eabi/4.9.3/../../../../arm-none-eabi/lib/armv7e-m\libg.a(lib_a-mallocr.o)
                0x20019dec                __malloc_av_
 .data.__malloc_trim_threshold
                0x2001a1f4        0x4 c:/program files (x86)/gnu tools arm embedded/4.9 2015q1/bin/../lib/gcc/arm-none-eabi/4.9.3/../../../../arm-none-eabi/lib/armv7e-m\libg.a(lib_a-mallocr.o)
                0x2001a1f4                __malloc_trim_threshold
 .data.__malloc_sbrk_base
                0x2001a1f8        0x4 c:/program files (x86)/gnu tools arm embedded/4.9 2015q1/bin/../lib/gcc/arm-none-eabi/4.9.3/../../../../arm-none-eabi/lib/armv7e-m\libg.a(lib_a-mallocr.o)
                0x2001a1f8                __malloc_sbrk_base
                0x2001a1fc                . = ALIGN (0x4)
                0x2001a1fc                PROVIDE (__preinit_array_start, .)
 *(.preinit_array)
                0x2001a1fc                PROVIDE (__preinit_array_end, .)
                0x2001a1fc                . = ALIGN (0x4)
                0x2001a1fc                PROVIDE (__init_array_start, .)
 *(SORT(.init_array.*))
 *(.init_array)
                0x2001a1fc                PROVIDE (__init_array_end, .)
                0x2001a1fc                . = ALIGN (0x4)
                0x2001a1fc                PROVIDE (__fini_array_start, .)
 *(SORT(.fini_array.*))
 *(.fini_array)
                0x2001a1fc                PROVIDE (__fini_array_end, .)
 *(.jcr*)
                0x2001a1fc                . = ALIGN (0x4)
                0x2001a1fc                __data_end__ = .
                0x2001a1fc                _edata = __data_end__

.igot.plt       0x2001a1fc        0x0 load address 0x0802d8c4
 .igot.plt      0x00000000        0x0 ..\obj\stm32f4xx_syscfg.o

.bss            0x2001a1fc      0x198 load address 0x0802d8c4
                0x2001a1fc                . = ALIGN (0x4)
                0x2001a1fc                __bss_start__ = .
                0x2001a1fc                _sbss = __bss_start__
 *(.bss*)
 .bss           0x2001a1fc       0x18 ..\obj\Dimmer.o
                0x2001a1fc                captureTime
                0x2001a200                show1
                0x2001a204                show2
                0x2001a208                show3
                0x2001a20c                captureTime1
                0x2001a20e                captureTime2
                0x2001a210                captureTime3
 .bss           0x2001a214        0xc ..\obj\Delay.o
                0x2001a214                TimerInicializated
                0x2001a218                Time1
                0x2001a21c                Time2
 .bss           0x2001a220        0x1 ..\obj\Lcd.o
                0x2001a220                linea
 *fill*         0x2001a221        0x3 
 .bss           0x2001a224        0x4 ..\obj\syscalls.o
 .bss           0x2001a228        0x4 ..\obj\tm_stm32f4_rtc.o
                0x2001a228                TM_RTC_Status
 .bss.__malloc_max_total_mem
                0x2001a22c        0x4 c:/program files (x86)/gnu tools arm embedded/4.9 2015q1/bin/../lib/gcc/arm-none-eabi/4.9.3/../../../../arm-none-eabi/lib/armv7e-m\libg.a(lib_a-mallocr.o)
                0x2001a22c                __malloc_max_total_mem
 .bss.__malloc_max_sbrked_mem
                0x2001a230        0x4 c:/program files (x86)/gnu tools arm embedded/4.9 2015q1/bin/../lib/gcc/arm-none-eabi/4.9.3/../../../../arm-none-eabi/lib/armv7e-m\libg.a(lib_a-mallocr.o)
                0x2001a230                __malloc_max_sbrked_mem
 .bss.__malloc_top_pad
                0x2001a234        0x4 c:/program files (x86)/gnu tools arm embedded/4.9 2015q1/bin/../lib/gcc/arm-none-eabi/4.9.3/../../../../arm-none-eabi/lib/armv7e-m\libg.a(lib_a-mallocr.o)
                0x2001a234                __malloc_top_pad
 .bss.__malloc_current_mallinfo
                0x2001a238       0x28 c:/program files (x86)/gnu tools arm embedded/4.9 2015q1/bin/../lib/gcc/arm-none-eabi/4.9.3/../../../../arm-none-eabi/lib/armv7e-m\libg.a(lib_a-mallocr.o)
                0x2001a238                __malloc_current_mallinfo
 *(COMMON)
 COMMON         0x2001a260       0x7e ..\obj\GSL1680.o
                0x2001a260                buf
 *fill*         0x2001a2de        0x2 
 COMMON         0x2001a2e0       0x40 ..\obj\Lights.o
                0x2001a2e0                LIGHT2
                0x2001a2f0                LIGHT1
                0x2001a300                LIGHT4
                0x2001a310                LIGHT3
 COMMON         0x2001a320       0x10 ..\obj\diskio.o
                0x2001a320                datatime
 COMMON         0x2001a330       0x32 ..\obj\Dimmer.o
                0x2001a330                text
 *fill*         0x2001a362        0x2 
 COMMON         0x2001a364        0x9 ..\obj\I2C.o
                0x2001a364                I2C_Timeout
                0x2001a368                resul
                0x2001a36c                GSL_ready_flag
 *fill*         0x2001a36d        0x3 
 COMMON         0x2001a370       0x20 ..\obj\tm_stm32f4_rtc.o
                0x2001a370                RTC_TimeStruct
                0x2001a374                RTC_InitStruct
                0x2001a380                RTC_DateStruct
                0x2001a384                NVIC_InitStruct
                0x2001a388                EXTI_InitStruct
 COMMON         0x2001a390        0x4 c:/program files (x86)/gnu tools arm embedded/4.9 2015q1/bin/../lib/gcc/arm-none-eabi/4.9.3/../../../../arm-none-eabi/lib/armv7e-m\libg.a(lib_a-reent.o)
                0x2001a390                errno
                0x2001a394                . = ALIGN (0x4)
                0x2001a394                __bss_end__ = .
                0x2001a394                _ebss = __bss_end__

.heap           0x2001a394        0x0
                0x2001a394                __end__ = .
                0x2001a394                _end = __end__
                0x2001a394                end = __end__
 *(.heap*)
                0x2001a394                __HeapLimit = .

.co_stack       0x2001a394      0x804 load address 0x0802da5c
                0x2001a398                . = ALIGN (0x8)
 *fill*         0x2001a394        0x4 
 *(.co_stack .co_stack.*)
 .co_stack      0x2001a398      0x800 ..\obj\startup_stm32f4xx.o
                0x2001a398                pulStack
                0x20020000                __StackTop = (ORIGIN (ram) + 0x20000)
                0x2001f7fc                __StackLimit = (__StackTop - SIZEOF (.co_stack))
                0x20020000                PROVIDE (__stack, __StackTop)
                0x00000001                ASSERT ((__StackLimit >= __HeapLimit), region ram  overflowed with stack)
LOAD ..\obj\stm32f4xx_syscfg.o
LOAD ..\obj\GSL1680.o
LOAD ..\obj\stm32f4xx_pwr.o
LOAD ..\obj\B_Light.o
LOAD ..\obj\Lights.o
LOAD ..\obj\diskio.o
LOAD ..\obj\startup_stm32f4xx.o
LOAD ..\obj\Dimmer.o
LOAD ..\obj\main.o
LOAD ..\obj\stm32f4xx_rcc.o
LOAD ..\obj\Test.o
LOAD ..\obj\sd.o
LOAD ..\obj\Delay.o
LOAD ..\obj\Lcd.o
LOAD ..\obj\I2C.o
LOAD ..\obj\RA8875.o
LOAD ..\obj\Alarm.o
LOAD ..\obj\Font.o
LOAD ..\obj\stm32f4xx_fsmc.o
LOAD ..\obj\Fsmc.o
LOAD ..\obj\stm32f4xx_gpio.o
LOAD ..\obj\stm32f4xx_flash.o
LOAD ..\obj\system_stm32f4xx.o
LOAD ..\obj\syscalls.o
LOAD ..\obj\tm_stm32f4_rtc.o
LOAD ..\obj\Spi.o
LOAD ..\obj\ff.o
LOAD ..\obj\stm32f4xx_spi.o
LOAD ..\obj\stm32f4xx_i2c.o
LOAD ..\obj\stm32f4xx_exti.o
LOAD ..\obj\CheckFrecuency.o
LOAD ..\obj\misc.o
LOAD ..\obj\stm32f4xx_rtc.o
LOAD ..\obj\stm32f4xx_tim.o
LOAD ..\obj\Config_I2C.o
START GROUP
LOAD c:/program files (x86)/gnu tools arm embedded/4.9 2015q1/bin/../lib/gcc/arm-none-eabi/4.9.3/armv7e-m\libgcc.a
LOAD c:/program files (x86)/gnu tools arm embedded/4.9 2015q1/bin/../lib/gcc/arm-none-eabi/4.9.3/../../../../arm-none-eabi/lib/armv7e-m\libg.a
LOAD c:/program files (x86)/gnu tools arm embedded/4.9 2015q1/bin/../lib/gcc/arm-none-eabi/4.9.3/../../../../arm-none-eabi/lib/armv7e-m\libc.a
END GROUP
OUTPUT(Prueba1.elf elf32-littlearm)

.debug_info     0x00000000     0xdb7a
 .debug_info    0x00000000      0x26c ..\obj\stm32f4xx_syscfg.o
 .debug_info    0x0000026c      0x337 ..\obj\GSL1680.o
 .debug_info    0x000005a3      0x4fc ..\obj\stm32f4xx_pwr.o
 .debug_info    0x00000a9f      0x3ec ..\obj\B_Light.o
 .debug_info    0x00000e8b      0x415 ..\obj\Lights.o
 .debug_info    0x000012a0      0x34e ..\obj\diskio.o
 .debug_info    0x000015ee       0xed ..\obj\startup_stm32f4xx.o
 .debug_info    0x000016db      0xb39 ..\obj\Dimmer.o
 .debug_info    0x00002214      0x1be ..\obj\main.o
 .debug_info    0x000023d2      0xc4d ..\obj\stm32f4xx_rcc.o
 .debug_info    0x0000301f      0x6fb ..\obj\Delay.o
 .debug_info    0x0000371a      0x4f9 ..\obj\Lcd.o
 .debug_info    0x00003c13      0x638 ..\obj\I2C.o
 .debug_info    0x0000424b     0x1c26 ..\obj\RA8875.o
 .debug_info    0x00005e71      0x538 ..\obj\Alarm.o
 .debug_info    0x000063a9      0x252 ..\obj\Font.o
 .debug_info    0x000065fb      0x8f5 ..\obj\stm32f4xx_fsmc.o
 .debug_info    0x00006ef0      0x612 ..\obj\Fsmc.o
 .debug_info    0x00007502      0x602 ..\obj\stm32f4xx_gpio.o
 .debug_info    0x00007b04      0x592 ..\obj\system_stm32f4xx.o
 .debug_info    0x00008096      0x3ee ..\obj\syscalls.o
 .debug_info    0x00008484      0xe7c ..\obj\tm_stm32f4_rtc.o
 .debug_info    0x00009300      0xaf4 ..\obj\stm32f4xx_i2c.o
 .debug_info    0x00009df4      0x347 ..\obj\stm32f4xx_exti.o
 .debug_info    0x0000a13b      0x53d ..\obj\misc.o
 .debug_info    0x0000a678     0x10df ..\obj\stm32f4xx_rtc.o
 .debug_info    0x0000b757     0x1c61 ..\obj\stm32f4xx_tim.o
 .debug_info    0x0000d3b8      0x7c2 ..\obj\Config_I2C.o

.debug_abbrev   0x00000000     0x2806
 .debug_abbrev  0x00000000      0x131 ..\obj\stm32f4xx_syscfg.o
 .debug_abbrev  0x00000131      0x19f ..\obj\GSL1680.o
 .debug_abbrev  0x000002d0      0x17f ..\obj\stm32f4xx_pwr.o
 .debug_abbrev  0x0000044f       0xe0 ..\obj\B_Light.o
 .debug_abbrev  0x0000052f      0x172 ..\obj\Lights.o
 .debug_abbrev  0x000006a1      0x10a ..\obj\diskio.o
 .debug_abbrev  0x000007ab       0xb0 ..\obj\startup_stm32f4xx.o
 .debug_abbrev  0x0000085b      0x1b5 ..\obj\Dimmer.o
 .debug_abbrev  0x00000a10       0xfc ..\obj\main.o
 .debug_abbrev  0x00000b0c      0x1e3 ..\obj\stm32f4xx_rcc.o
 .debug_abbrev  0x00000cef      0x143 ..\obj\Delay.o
 .debug_abbrev  0x00000e32      0x1bd ..\obj\Lcd.o
 .debug_abbrev  0x00000fef      0x1e7 ..\obj\I2C.o
 .debug_abbrev  0x000011d6      0x159 ..\obj\RA8875.o
 .debug_abbrev  0x0000132f      0x113 ..\obj\Alarm.o
 .debug_abbrev  0x00001442      0x159 ..\obj\Font.o
 .debug_abbrev  0x0000159b      0x170 ..\obj\stm32f4xx_fsmc.o
 .debug_abbrev  0x0000170b      0x1cf ..\obj\Fsmc.o
 .debug_abbrev  0x000018da      0x1a3 ..\obj\stm32f4xx_gpio.o
 .debug_abbrev  0x00001a7d      0x136 ..\obj\system_stm32f4xx.o
 .debug_abbrev  0x00001bb3       0xe2 ..\obj\syscalls.o
 .debug_abbrev  0x00001c95      0x284 ..\obj\tm_stm32f4_rtc.o
 .debug_abbrev  0x00001f19      0x164 ..\obj\stm32f4xx_i2c.o
 .debug_abbrev  0x0000207d      0x1a5 ..\obj\stm32f4xx_exti.o
 .debug_abbrev  0x00002222      0x145 ..\obj\misc.o
 .debug_abbrev  0x00002367      0x1ae ..\obj\stm32f4xx_rtc.o
 .debug_abbrev  0x00002515      0x187 ..\obj\stm32f4xx_tim.o
 .debug_abbrev  0x0000269c      0x16a ..\obj\Config_I2C.o

.debug_aranges  0x00000000     0x17a0
 .debug_aranges
                0x00000000       0x48 ..\obj\stm32f4xx_syscfg.o
 .debug_aranges
                0x00000048       0x48 ..\obj\GSL1680.o
 .debug_aranges
                0x00000090       0x78 ..\obj\stm32f4xx_pwr.o
 .debug_aranges
                0x00000108       0x28 ..\obj\B_Light.o
 .debug_aranges
                0x00000130       0x40 ..\obj\Lights.o
 .debug_aranges
                0x00000170       0x48 ..\obj\diskio.o
 .debug_aranges
                0x000001b8       0x28 ..\obj\startup_stm32f4xx.o
 .debug_aranges
                0x000001e0       0x50 ..\obj\Dimmer.o
 .debug_aranges
                0x00000230       0x20 ..\obj\main.o
 .debug_aranges
                0x00000250      0x178 ..\obj\stm32f4xx_rcc.o
 .debug_aranges
                0x000003c8       0x50 ..\obj\Delay.o
 .debug_aranges
                0x00000418       0x78 ..\obj\Lcd.o
 .debug_aranges
                0x00000490       0x68 ..\obj\I2C.o
 .debug_aranges
                0x000004f8      0x850 ..\obj\RA8875.o
 .debug_aranges
                0x00000d48       0x38 ..\obj\Alarm.o
 .debug_aranges
                0x00000d80       0x50 ..\obj\Font.o
 .debug_aranges
                0x00000dd0       0xb0 ..\obj\stm32f4xx_fsmc.o
 .debug_aranges
                0x00000e80       0x80 ..\obj\Fsmc.o
 .debug_aranges
                0x00000f00       0x88 ..\obj\stm32f4xx_gpio.o
 .debug_aranges
                0x00000f88       0x30 ..\obj\system_stm32f4xx.o
 .debug_aranges
                0x00000fb8       0x60 ..\obj\syscalls.o
 .debug_aranges
                0x00001018       0xb0 ..\obj\tm_stm32f4_rtc.o
 .debug_aranges
                0x000010c8      0x120 ..\obj\stm32f4xx_i2c.o
 .debug_aranges
                0x000011e8       0x58 ..\obj\stm32f4xx_exti.o
 .debug_aranges
                0x00001240       0x40 ..\obj\misc.o
 .debug_aranges
                0x00001280      0x1e0 ..\obj\stm32f4xx_rtc.o
 .debug_aranges
                0x00001460      0x2f8 ..\obj\stm32f4xx_tim.o
 .debug_aranges
                0x00001758       0x48 ..\obj\Config_I2C.o

.debug_ranges   0x00000000     0x15e0
 .debug_ranges  0x00000000       0x38 ..\obj\stm32f4xx_syscfg.o
 .debug_ranges  0x00000038       0x38 ..\obj\GSL1680.o
 .debug_ranges  0x00000070       0x68 ..\obj\stm32f4xx_pwr.o
 .debug_ranges  0x000000d8       0x18 ..\obj\B_Light.o
 .debug_ranges  0x000000f0       0x30 ..\obj\Lights.o
 .debug_ranges  0x00000120       0x38 ..\obj\diskio.o
 .debug_ranges  0x00000158       0x18 ..\obj\startup_stm32f4xx.o
 .debug_ranges  0x00000170       0x40 ..\obj\Dimmer.o
 .debug_ranges  0x000001b0       0x10 ..\obj\main.o
 .debug_ranges  0x000001c0      0x168 ..\obj\stm32f4xx_rcc.o
 .debug_ranges  0x00000328       0x40 ..\obj\Delay.o
 .debug_ranges  0x00000368       0x68 ..\obj\Lcd.o
 .debug_ranges  0x000003d0       0x58 ..\obj\I2C.o
 .debug_ranges  0x00000428      0x840 ..\obj\RA8875.o
 .debug_ranges  0x00000c68       0x28 ..\obj\Alarm.o
 .debug_ranges  0x00000c90       0x40 ..\obj\Font.o
 .debug_ranges  0x00000cd0       0xa0 ..\obj\stm32f4xx_fsmc.o
 .debug_ranges  0x00000d70       0x70 ..\obj\Fsmc.o
 .debug_ranges  0x00000de0       0x78 ..\obj\stm32f4xx_gpio.o
 .debug_ranges  0x00000e58       0x20 ..\obj\system_stm32f4xx.o
 .debug_ranges  0x00000e78       0x50 ..\obj\syscalls.o
 .debug_ranges  0x00000ec8       0xa0 ..\obj\tm_stm32f4_rtc.o
 .debug_ranges  0x00000f68      0x110 ..\obj\stm32f4xx_i2c.o
 .debug_ranges  0x00001078       0x48 ..\obj\stm32f4xx_exti.o
 .debug_ranges  0x000010c0       0x30 ..\obj\misc.o
 .debug_ranges  0x000010f0      0x1d0 ..\obj\stm32f4xx_rtc.o
 .debug_ranges  0x000012c0      0x2e8 ..\obj\stm32f4xx_tim.o
 .debug_ranges  0x000015a8       0x38 ..\obj\Config_I2C.o

.debug_line     0x00000000     0x704f
 .debug_line    0x00000000      0x22c ..\obj\stm32f4xx_syscfg.o
 .debug_line    0x0000022c      0x26a ..\obj\GSL1680.o
 .debug_line    0x00000496      0x2ca ..\obj\stm32f4xx_pwr.o
 .debug_line    0x00000760      0x228 ..\obj\B_Light.o
 .debug_line    0x00000988      0x276 ..\obj\Lights.o
 .debug_line    0x00000bfe      0x23d ..\obj\diskio.o
 .debug_line    0x00000e3b       0xa3 ..\obj\startup_stm32f4xx.o
 .debug_line    0x00000ede      0x33e ..\obj\Dimmer.o
 .debug_line    0x0000121c      0x1b1 ..\obj\main.o
 .debug_line    0x000013cd      0x5b8 ..\obj\stm32f4xx_rcc.o
 .debug_line    0x00001985      0x299 ..\obj\Delay.o
 .debug_line    0x00001c1e      0x38a ..\obj\Lcd.o
 .debug_line    0x00001fa8      0x2f8 ..\obj\I2C.o
 .debug_line    0x000022a0     0x14b9 ..\obj\RA8875.o
 .debug_line    0x00003759      0x276 ..\obj\Alarm.o
 .debug_line    0x000039cf      0x229 ..\obj\Font.o
 .debug_line    0x00003bf8      0x46b ..\obj\stm32f4xx_fsmc.o
 .debug_line    0x00004063      0x344 ..\obj\Fsmc.o
 .debug_line    0x000043a7      0x35a ..\obj\stm32f4xx_gpio.o
 .debug_line    0x00004701      0x201 ..\obj\system_stm32f4xx.o
 .debug_line    0x00004902      0x17a ..\obj\syscalls.o
 .debug_line    0x00004a7c      0x62f ..\obj\tm_stm32f4_rtc.o
 .debug_line    0x000050ab      0x4f2 ..\obj\stm32f4xx_i2c.o
 .debug_line    0x0000559d      0x2bc ..\obj\stm32f4xx_exti.o
 .debug_line    0x00005859      0x25c ..\obj\misc.o
 .debug_line    0x00005ab5      0x83b ..\obj\stm32f4xx_rtc.o
 .debug_line    0x000062f0      0xa81 ..\obj\stm32f4xx_tim.o
 .debug_line    0x00006d71      0x2de ..\obj\Config_I2C.o

.debug_str      0x00000000     0x5bd3
 .debug_str     0x00000000      0x298 ..\obj\stm32f4xx_syscfg.o
                                0x2f6 (size before relaxing)
 .debug_str     0x00000298      0x124 ..\obj\GSL1680.o
                                0x27b (size before relaxing)
 .debug_str     0x000003bc      0x1ee ..\obj\stm32f4xx_pwr.o
                                0x393 (size before relaxing)
 .debug_str     0x000005aa      0x240 ..\obj\B_Light.o
                                0x3c5 (size before relaxing)
 .debug_str     0x000007ea      0x21d ..\obj\Lights.o
                                0x3df (size before relaxing)
 .debug_str     0x00000a07      0x152 ..\obj\diskio.o
                                0x2cc (size before relaxing)
 .debug_str     0x00000b59       0xb2 ..\obj\startup_stm32f4xx.o
                                0x149 (size before relaxing)
 .debug_str     0x00000c0b      0x7dd ..\obj\Dimmer.o
                                0xd3b (size before relaxing)
 .debug_str     0x000013e8       0x7f ..\obj\main.o
                                0x218 (size before relaxing)
 .debug_str     0x00001467      0x631 ..\obj\stm32f4xx_rcc.o
                                0x852 (size before relaxing)
 .debug_str     0x00001a98       0xd5 ..\obj\Delay.o
                                0x93c (size before relaxing)
 .debug_str     0x00001b6d       0xcb ..\obj\Lcd.o
                                0x2d8 (size before relaxing)
 .debug_str     0x00001c38       0xf0 ..\obj\I2C.o
                                0x361 (size before relaxing)
 .debug_str     0x00001d28     0x14ad ..\obj\RA8875.o
                               0x1685 (size before relaxing)
 .debug_str     0x000031d5      0x127 ..\obj\Alarm.o
                                0x948 (size before relaxing)
 .debug_str     0x000032fc       0xe5 ..\obj\Font.o
                                0x25b (size before relaxing)
 .debug_str     0x000033e1      0x5dd ..\obj\stm32f4xx_fsmc.o
                                0x78c (size before relaxing)
 .debug_str     0x000039be      0x167 ..\obj\Fsmc.o
                                0x675 (size before relaxing)
 .debug_str     0x00003b25      0x180 ..\obj\stm32f4xx_gpio.o
                                0x4a5 (size before relaxing)
 .debug_str     0x00003ca5       0xba ..\obj\system_stm32f4xx.o
                                0x3ac (size before relaxing)
 .debug_str     0x00003d5f      0x158 ..\obj\syscalls.o
                                0x2d6 (size before relaxing)
 .debug_str     0x00003eb7      0x595 ..\obj\tm_stm32f4_rtc.o
                                0xf16 (size before relaxing)
 .debug_str     0x0000444c      0x3bc ..\obj\stm32f4xx_i2c.o
                                0x667 (size before relaxing)
 .debug_str     0x00004808       0xd5 ..\obj\stm32f4xx_exti.o
                                0x35b (size before relaxing)
 .debug_str     0x000048dd      0x14c ..\obj\misc.o
                                0x3d0 (size before relaxing)
 .debug_str     0x00004a29      0x6f7 ..\obj\stm32f4xx_rtc.o
                                0xb4a (size before relaxing)
 .debug_str     0x00005120      0x9f7 ..\obj\stm32f4xx_tim.o
                                0xdd2 (size before relaxing)
 .debug_str     0x00005b17       0xbc ..\obj\Config_I2C.o
                                0xb29 (size before relaxing)

.comment        0x00000000       0x70
 .comment       0x00000000       0x70 ..\obj\stm32f4xx_syscfg.o
                                 0x71 (size before relaxing)
 .comment       0x00000000       0x71 ..\obj\GSL1680.o
 .comment       0x00000000       0x71 ..\obj\stm32f4xx_pwr.o
 .comment       0x00000000       0x71 ..\obj\B_Light.o
 .comment       0x00000000       0x71 ..\obj\Lights.o
 .comment       0x00000000       0x71 ..\obj\diskio.o
 .comment       0x00000000       0x71 ..\obj\startup_stm32f4xx.o
 .comment       0x00000000       0x71 ..\obj\Dimmer.o
 .comment       0x00000000       0x71 ..\obj\main.o
 .comment       0x00000000       0x71 ..\obj\stm32f4xx_rcc.o
 .comment       0x00000000       0x71 ..\obj\Delay.o
 .comment       0x00000000       0x71 ..\obj\Lcd.o
 .comment       0x00000000       0x71 ..\obj\I2C.o
 .comment       0x00000000       0x71 ..\obj\RA8875.o
 .comment       0x00000000       0x71 ..\obj\Alarm.o
 .comment       0x00000000       0x71 ..\obj\Font.o
 .comment       0x00000000       0x71 ..\obj\stm32f4xx_fsmc.o
 .comment       0x00000000       0x71 ..\obj\Fsmc.o
 .comment       0x00000000       0x71 ..\obj\stm32f4xx_gpio.o
 .comment       0x00000000       0x71 ..\obj\system_stm32f4xx.o
 .comment       0x00000000       0x71 ..\obj\syscalls.o
 .comment       0x00000000       0x71 ..\obj\tm_stm32f4_rtc.o
 .comment       0x00000000       0x71 ..\obj\stm32f4xx_i2c.o
 .comment       0x00000000       0x71 ..\obj\stm32f4xx_exti.o
 .comment       0x00000000       0x71 ..\obj\misc.o
 .comment       0x00000000       0x71 ..\obj\stm32f4xx_rtc.o
 .comment       0x00000000       0x71 ..\obj\stm32f4xx_tim.o
 .comment       0x00000000       0x71 ..\obj\Config_I2C.o

.ARM.attributes
                0x00000000       0x31
 .ARM.attributes
                0x00000000       0x33 ..\obj\stm32f4xx_syscfg.o
 .ARM.attributes
                0x00000033       0x33 ..\obj\GSL1680.o
 .ARM.attributes
                0x00000066       0x33 ..\obj\stm32f4xx_pwr.o
 .ARM.attributes
                0x00000099       0x33 ..\obj\B_Light.o
 .ARM.attributes
                0x000000cc       0x33 ..\obj\Lights.o
 .ARM.attributes
                0x000000ff       0x33 ..\obj\diskio.o
 .ARM.attributes
                0x00000132       0x33 ..\obj\startup_stm32f4xx.o
 .ARM.attributes
                0x00000165       0x33 ..\obj\Dimmer.o
 .ARM.attributes
                0x00000198       0x33 ..\obj\main.o
 .ARM.attributes
                0x000001cb       0x33 ..\obj\stm32f4xx_rcc.o
 .ARM.attributes
                0x000001fe       0x33 ..\obj\Delay.o
 .ARM.attributes
                0x00000231       0x33 ..\obj\Lcd.o
 .ARM.attributes
                0x00000264       0x33 ..\obj\I2C.o
 .ARM.attributes
                0x00000297       0x33 ..\obj\RA8875.o
 .ARM.attributes
                0x000002ca       0x33 ..\obj\Alarm.o
 .ARM.attributes
                0x000002fd       0x33 ..\obj\Font.o
 .ARM.attributes
                0x00000330       0x33 ..\obj\stm32f4xx_fsmc.o
 .ARM.attributes
                0x00000363       0x33 ..\obj\Fsmc.o
 .ARM.attributes
                0x00000396       0x33 ..\obj\stm32f4xx_gpio.o
 .ARM.attributes
                0x000003c9       0x33 ..\obj\system_stm32f4xx.o
 .ARM.attributes
                0x000003fc       0x33 ..\obj\syscalls.o
 .ARM.attributes
                0x0000042f       0x33 ..\obj\tm_stm32f4_rtc.o
 .ARM.attributes
                0x00000462       0x33 ..\obj\stm32f4xx_i2c.o
 .ARM.attributes
                0x00000495       0x33 ..\obj\stm32f4xx_exti.o
 .ARM.attributes
                0x000004c8       0x33 ..\obj\misc.o
 .ARM.attributes
                0x000004fb       0x33 ..\obj\stm32f4xx_rtc.o
 .ARM.attributes
                0x0000052e       0x33 ..\obj\stm32f4xx_tim.o
 .ARM.attributes
                0x00000561       0x33 ..\obj\Config_I2C.o
 .ARM.attributes
                0x00000594       0x1e c:/program files (x86)/gnu tools arm embedded/4.9 2015q1/bin/../lib/gcc/arm-none-eabi/4.9.3/armv7e-m\libgcc.a(_arm_addsubdf3.o)
 .ARM.attributes
                0x000005b2       0x1e c:/program files (x86)/gnu tools arm embedded/4.9 2015q1/bin/../lib/gcc/arm-none-eabi/4.9.3/armv7e-m\libgcc.a(_arm_muldivdf3.o)
 .ARM.attributes
                0x000005d0       0x2e c:/program files (x86)/gnu tools arm embedded/4.9 2015q1/bin/../lib/gcc/arm-none-eabi/4.9.3/../../../../arm-none-eabi/lib/armv7e-m\libg.a(lib_a-sprintf.o)
 .ARM.attributes
                0x000005fe       0x2e c:/program files (x86)/gnu tools arm embedded/4.9 2015q1/bin/../lib/gcc/arm-none-eabi/4.9.3/../../../../arm-none-eabi/lib/armv7e-m\libg.a(lib_a-svfprintf.o)
 .ARM.attributes
                0x0000062c       0x2e c:/program files (x86)/gnu tools arm embedded/4.9 2015q1/bin/../lib/gcc/arm-none-eabi/4.9.3/../../../../arm-none-eabi/lib/armv7e-m\libg.a(lib_a-dtoa.o)
 .ARM.attributes
                0x0000065a       0x2e c:/program files (x86)/gnu tools arm embedded/4.9 2015q1/bin/../lib/gcc/arm-none-eabi/4.9.3/../../../../arm-none-eabi/lib/armv7e-m\libg.a(lib_a-impure.o)
 .ARM.attributes
                0x00000688       0x2e c:/program files (x86)/gnu tools arm embedded/4.9 2015q1/bin/../lib/gcc/arm-none-eabi/4.9.3/../../../../arm-none-eabi/lib/armv7e-m\libg.a(lib_a-locale.o)
 .ARM.attributes
                0x000006b6       0x2e c:/program files (x86)/gnu tools arm embedded/4.9 2015q1/bin/../lib/gcc/arm-none-eabi/4.9.3/../../../../arm-none-eabi/lib/armv7e-m\libg.a(lib_a-mallocr.o)
 .ARM.attributes
                0x000006e4       0x2e c:/program files (x86)/gnu tools arm embedded/4.9 2015q1/bin/../lib/gcc/arm-none-eabi/4.9.3/../../../../arm-none-eabi/lib/armv7e-m\libg.a(lib_a-memchr.o)
 .ARM.attributes
                0x00000712       0x1c c:/program files (x86)/gnu tools arm embedded/4.9 2015q1/bin/../lib/gcc/arm-none-eabi/4.9.3/../../../../arm-none-eabi/lib/armv7e-m\libg.a(lib_a-memcpy.o)
 .ARM.attributes
                0x0000072e       0x2e c:/program files (x86)/gnu tools arm embedded/4.9 2015q1/bin/../lib/gcc/arm-none-eabi/4.9.3/../../../../arm-none-eabi/lib/armv7e-m\libg.a(lib_a-mlock.o)
 .ARM.attributes
                0x0000075c       0x2e c:/program files (x86)/gnu tools arm embedded/4.9 2015q1/bin/../lib/gcc/arm-none-eabi/4.9.3/../../../../arm-none-eabi/lib/armv7e-m\libg.a(lib_a-mprec.o)
 .ARM.attributes
                0x0000078a       0x2e c:/program files (x86)/gnu tools arm embedded/4.9 2015q1/bin/../lib/gcc/arm-none-eabi/4.9.3/../../../../arm-none-eabi/lib/armv7e-m\libg.a(lib_a-s_fpclassify.o)
 .ARM.attributes
                0x000007b8       0x2e c:/program files (x86)/gnu tools arm embedded/4.9 2015q1/bin/../lib/gcc/arm-none-eabi/4.9.3/../../../../arm-none-eabi/lib/armv7e-m\libg.a(lib_a-sbrkr.o)
 .ARM.attributes
                0x000007e6       0x2e c:/program files (x86)/gnu tools arm embedded/4.9 2015q1/bin/../lib/gcc/arm-none-eabi/4.9.3/../../../../arm-none-eabi/lib/armv7e-m\libg.a(lib_a-strlen.o)
 .ARM.attributes
                0x00000814       0x2e c:/program files (x86)/gnu tools arm embedded/4.9 2015q1/bin/../lib/gcc/arm-none-eabi/4.9.3/../../../../arm-none-eabi/lib/armv7e-m\libg.a(lib_a-svfiprintf.o)
 .ARM.attributes
                0x00000842       0x2e c:/program files (x86)/gnu tools arm embedded/4.9 2015q1/bin/../lib/gcc/arm-none-eabi/4.9.3/../../../../arm-none-eabi/lib/armv7e-m\libg.a(lib_a-callocr.o)
 .ARM.attributes
                0x00000870       0x2e c:/program files (x86)/gnu tools arm embedded/4.9 2015q1/bin/../lib/gcc/arm-none-eabi/4.9.3/../../../../arm-none-eabi/lib/armv7e-m\libg.a(lib_a-freer.o)
 .ARM.attributes
                0x0000089e       0x2e c:/program files (x86)/gnu tools arm embedded/4.9 2015q1/bin/../lib/gcc/arm-none-eabi/4.9.3/../../../../arm-none-eabi/lib/armv7e-m\libg.a(lib_a-memmove.o)
 .ARM.attributes
                0x000008cc       0x2e c:/program files (x86)/gnu tools arm embedded/4.9 2015q1/bin/../lib/gcc/arm-none-eabi/4.9.3/../../../../arm-none-eabi/lib/armv7e-m\libg.a(lib_a-memset.o)
 .ARM.attributes
                0x000008fa       0x2e c:/program files (x86)/gnu tools arm embedded/4.9 2015q1/bin/../lib/gcc/arm-none-eabi/4.9.3/../../../../arm-none-eabi/lib/armv7e-m\libg.a(lib_a-reallocr.o)
 .ARM.attributes
                0x00000928       0x2e c:/program files (x86)/gnu tools arm embedded/4.9 2015q1/bin/../lib/gcc/arm-none-eabi/4.9.3/../../../../arm-none-eabi/lib/armv7e-m\libg.a(lib_a-reent.o)
 .ARM.attributes
                0x00000956       0x1e c:/program files (x86)/gnu tools arm embedded/4.9 2015q1/bin/../lib/gcc/arm-none-eabi/4.9.3/armv7e-m\libgcc.a(_arm_cmpdf2.o)
 .ARM.attributes
                0x00000974       0x1e c:/program files (x86)/gnu tools arm embedded/4.9 2015q1/bin/../lib/gcc/arm-none-eabi/4.9.3/armv7e-m\libgcc.a(_arm_fixdfsi.o)
 .ARM.attributes
                0x00000992       0x1e c:/program files (x86)/gnu tools arm embedded/4.9 2015q1/bin/../lib/gcc/arm-none-eabi/4.9.3/armv7e-m\libgcc.a(_aeabi_uldivmod.o)
 .ARM.attributes
                0x000009b0       0x2e c:/program files (x86)/gnu tools arm embedded/4.9 2015q1/bin/../lib/gcc/arm-none-eabi/4.9.3/armv7e-m\libgcc.a(bpabi.o)
 .ARM.attributes
                0x000009de       0x1e c:/program files (x86)/gnu tools arm embedded/4.9 2015q1/bin/../lib/gcc/arm-none-eabi/4.9.3/armv7e-m\libgcc.a(_dvmd_tls.o)
 .ARM.attributes
                0x000009fc       0x2e c:/program files (x86)/gnu tools arm embedded/4.9 2015q1/bin/../lib/gcc/arm-none-eabi/4.9.3/armv7e-m\libgcc.a(_divdi3.o)
 .ARM.attributes
                0x00000a2a       0x2e c:/program files (x86)/gnu tools arm embedded/4.9 2015q1/bin/../lib/gcc/arm-none-eabi/4.9.3/armv7e-m\libgcc.a(_udivdi3.o)

.debug_frame    0x00000000     0x662c
 .debug_frame   0x00000000       0xf4 ..\obj\stm32f4xx_syscfg.o
 .debug_frame   0x000000f4       0xc8 ..\obj\GSL1680.o
 .debug_frame   0x000001bc      0x1dc ..\obj\stm32f4xx_pwr.o
 .debug_frame   0x00000398       0x58 ..\obj\B_Light.o
 .debug_frame   0x000003f0       0xc8 ..\obj\Lights.o
 .debug_frame   0x000004b8       0xe0 ..\obj\diskio.o
 .debug_frame   0x00000598       0x4c ..\obj\startup_stm32f4xx.o
 .debug_frame   0x000005e4      0x100 ..\obj\Dimmer.o
 .debug_frame   0x000006e4       0x2c ..\obj\main.o
 .debug_frame   0x00000710      0x6d4 ..\obj\stm32f4xx_rcc.o
 .debug_frame   0x00000de4       0xec ..\obj\Delay.o
 .debug_frame   0x00000ed0      0x1b4 ..\obj\Lcd.o
 .debug_frame   0x00001084      0x16c ..\obj\I2C.o
 .debug_frame   0x000011f0     0x1f18 ..\obj\RA8875.o
 .debug_frame   0x00003108       0x98 ..\obj\Alarm.o
 .debug_frame   0x000031a0       0xfc ..\obj\Font.o
 .debug_frame   0x0000329c      0x300 ..\obj\stm32f4xx_fsmc.o
 .debug_frame   0x0000359c      0x1dc ..\obj\Fsmc.o
 .debug_frame   0x00003778      0x23c ..\obj\stm32f4xx_gpio.o
 .debug_frame   0x000039b4       0x7c ..\obj\system_stm32f4xx.o
 .debug_frame   0x00003a30      0x168 ..\obj\syscalls.o
 .debug_frame   0x00003b98      0x2c8 ..\obj\tm_stm32f4_rtc.o
 .debug_frame   0x00003e60      0x530 ..\obj\stm32f4xx_i2c.o
 .debug_frame   0x00004390      0x148 ..\obj\stm32f4xx_exti.o
 .debug_frame   0x000044d8       0xd8 ..\obj\misc.o
 .debug_frame   0x000045b0      0x8b0 ..\obj\stm32f4xx_rtc.o
 .debug_frame   0x00004e60      0xe54 ..\obj\stm32f4xx_tim.o
 .debug_frame   0x00005cb4       0xd8 ..\obj\Config_I2C.o
 .debug_frame   0x00005d8c       0x84 c:/program files (x86)/gnu tools arm embedded/4.9 2015q1/bin/../lib/gcc/arm-none-eabi/4.9.3/../../../../arm-none-eabi/lib/armv7e-m\libg.a(lib_a-sprintf.o)
 .debug_frame   0x00005e10       0x40 c:/program files (x86)/gnu tools arm embedded/4.9 2015q1/bin/../lib/gcc/arm-none-eabi/4.9.3/../../../../arm-none-eabi/lib/armv7e-m\libg.a(lib_a-svfprintf.o)
 .debug_frame   0x00005e50       0x88 c:/program files (x86)/gnu tools arm embedded/4.9 2015q1/bin/../lib/gcc/arm-none-eabi/4.9.3/../../../../arm-none-eabi/lib/armv7e-m\libg.a(lib_a-dtoa.o)
 .debug_frame   0x00005ed8       0x9c c:/program files (x86)/gnu tools arm embedded/4.9 2015q1/bin/../lib/gcc/arm-none-eabi/4.9.3/../../../../arm-none-eabi/lib/armv7e-m\libg.a(lib_a-locale.o)
 .debug_frame   0x00005f74       0x58 c:/program files (x86)/gnu tools arm embedded/4.9 2015q1/bin/../lib/gcc/arm-none-eabi/4.9.3/../../../../arm-none-eabi/lib/armv7e-m\libg.a(lib_a-mallocr.o)
 .debug_frame   0x00005fcc       0x3c c:/program files (x86)/gnu tools arm embedded/4.9 2015q1/bin/../lib/gcc/arm-none-eabi/4.9.3/../../../../arm-none-eabi/lib/armv7e-m\libg.a(lib_a-memchr.o)
 .debug_frame   0x00006008       0x30 c:/program files (x86)/gnu tools arm embedded/4.9 2015q1/bin/../lib/gcc/arm-none-eabi/4.9.3/../../../../arm-none-eabi/lib/armv7e-m\libg.a(lib_a-mlock.o)
 .debug_frame   0x00006038      0x268 c:/program files (x86)/gnu tools arm embedded/4.9 2015q1/bin/../lib/gcc/arm-none-eabi/4.9.3/../../../../arm-none-eabi/lib/armv7e-m\libg.a(lib_a-mprec.o)
 .debug_frame   0x000062a0       0x34 c:/program files (x86)/gnu tools arm embedded/4.9 2015q1/bin/../lib/gcc/arm-none-eabi/4.9.3/../../../../arm-none-eabi/lib/armv7e-m\libg.a(lib_a-s_fpclassify.o)
 .debug_frame   0x000062d4       0x2c c:/program files (x86)/gnu tools arm embedded/4.9 2015q1/bin/../lib/gcc/arm-none-eabi/4.9.3/../../../../arm-none-eabi/lib/armv7e-m\libg.a(lib_a-sbrkr.o)
 .debug_frame   0x00006300       0x20 c:/program files (x86)/gnu tools arm embedded/4.9 2015q1/bin/../lib/gcc/arm-none-eabi/4.9.3/../../../../arm-none-eabi/lib/armv7e-m\libg.a(lib_a-strlen.o)
 .debug_frame   0x00006320       0x78 c:/program files (x86)/gnu tools arm embedded/4.9 2015q1/bin/../lib/gcc/arm-none-eabi/4.9.3/../../../../arm-none-eabi/lib/armv7e-m\libg.a(lib_a-svfiprintf.o)
 .debug_frame   0x00006398       0x28 c:/program files (x86)/gnu tools arm embedded/4.9 2015q1/bin/../lib/gcc/arm-none-eabi/4.9.3/../../../../arm-none-eabi/lib/armv7e-m\libg.a(lib_a-callocr.o)
 .debug_frame   0x000063c0       0x74 c:/program files (x86)/gnu tools arm embedded/4.9 2015q1/bin/../lib/gcc/arm-none-eabi/4.9.3/../../../../arm-none-eabi/lib/armv7e-m\libg.a(lib_a-freer.o)
 .debug_frame   0x00006434       0x30 c:/program files (x86)/gnu tools arm embedded/4.9 2015q1/bin/../lib/gcc/arm-none-eabi/4.9.3/../../../../arm-none-eabi/lib/armv7e-m\libg.a(lib_a-memmove.o)
 .debug_frame   0x00006464       0x34 c:/program files (x86)/gnu tools arm embedded/4.9 2015q1/bin/../lib/gcc/arm-none-eabi/4.9.3/../../../../arm-none-eabi/lib/armv7e-m\libg.a(lib_a-memset.o)
 .debug_frame   0x00006498       0x60 c:/program files (x86)/gnu tools arm embedded/4.9 2015q1/bin/../lib/gcc/arm-none-eabi/4.9.3/../../../../arm-none-eabi/lib/armv7e-m\libg.a(lib_a-reallocr.o)
 .debug_frame   0x000064f8       0x58 c:/program files (x86)/gnu tools arm embedded/4.9 2015q1/bin/../lib/gcc/arm-none-eabi/4.9.3/../../../../arm-none-eabi/lib/armv7e-m\libg.a(lib_a-reent.o)
 .debug_frame   0x00006550       0x28 c:/program files (x86)/gnu tools arm embedded/4.9 2015q1/bin/../lib/gcc/arm-none-eabi/4.9.3/armv7e-m\libgcc.a(_aeabi_uldivmod.o)
 .debug_frame   0x00006578       0x50 c:/program files (x86)/gnu tools arm embedded/4.9 2015q1/bin/../lib/gcc/arm-none-eabi/4.9.3/armv7e-m\libgcc.a(bpabi.o)
 .debug_frame   0x000065c8       0x34 c:/program files (x86)/gnu tools arm embedded/4.9 2015q1/bin/../lib/gcc/arm-none-eabi/4.9.3/armv7e-m\libgcc.a(_divdi3.o)
 .debug_frame   0x000065fc       0x30 c:/program files (x86)/gnu tools arm embedded/4.9 2015q1/bin/../lib/gcc/arm-none-eabi/4.9.3/armv7e-m\libgcc.a(_udivdi3.o)
