Archive member included because of file (symbol)

c:/program files (x86)/gnu tools arm embedded/4.9 2015q2/bin/../lib/gcc/arm-none-eabi/4.9.3/armv7e-m\libgcc.a(_arm_addsubdf3.o)
                              ..\obj\CheckFrecuency.o (__aeabi_i2d)
c:/program files (x86)/gnu tools arm embedded/4.9 2015q2/bin/../lib/gcc/arm-none-eabi/4.9.3/armv7e-m\libgcc.a(_arm_muldivdf3.o)
                              ..\obj\CheckFrecuency.o (__aeabi_ddiv)
c:/program files (x86)/gnu tools arm embedded/4.9 2015q2/bin/../lib/gcc/arm-none-eabi/4.9.3/armv7e-m\libgcc.a(_arm_truncdfsf2.o)
                              ..\obj\CheckFrecuency.o (__aeabi_d2f)
c:/program files (x86)/gnu tools arm embedded/4.9 2015q2/bin/../lib/gcc/arm-none-eabi/4.9.3/../../../../arm-none-eabi/lib/armv7e-m\libg.a(lib_a-sprintf.o)
                              ..\obj\main.o (sprintf)
c:/program files (x86)/gnu tools arm embedded/4.9 2015q2/bin/../lib/gcc/arm-none-eabi/4.9.3/../../../../arm-none-eabi/lib/armv7e-m\libg.a(lib_a-svfprintf.o)
                              c:/program files (x86)/gnu tools arm embedded/4.9 2015q2/bin/../lib/gcc/arm-none-eabi/4.9.3/../../../../arm-none-eabi/lib/armv7e-m\libg.a(lib_a-sprintf.o) (_svfprintf_r)
c:/program files (x86)/gnu tools arm embedded/4.9 2015q2/bin/../lib/gcc/arm-none-eabi/4.9.3/../../../../arm-none-eabi/lib/armv7e-m\libg.a(lib_a-dtoa.o)
                              c:/program files (x86)/gnu tools arm embedded/4.9 2015q2/bin/../lib/gcc/arm-none-eabi/4.9.3/../../../../arm-none-eabi/lib/armv7e-m\libg.a(lib_a-svfprintf.o) (_dtoa_r)
c:/program files (x86)/gnu tools arm embedded/4.9 2015q2/bin/../lib/gcc/arm-none-eabi/4.9.3/../../../../arm-none-eabi/lib/armv7e-m\libg.a(lib_a-impure.o)
                              c:/program files (x86)/gnu tools arm embedded/4.9 2015q2/bin/../lib/gcc/arm-none-eabi/4.9.3/../../../../arm-none-eabi/lib/armv7e-m\libg.a(lib_a-sprintf.o) (_impure_ptr)
c:/program files (x86)/gnu tools arm embedded/4.9 2015q2/bin/../lib/gcc/arm-none-eabi/4.9.3/../../../../arm-none-eabi/lib/armv7e-m\libg.a(lib_a-locale.o)
                              c:/program files (x86)/gnu tools arm embedded/4.9 2015q2/bin/../lib/gcc/arm-none-eabi/4.9.3/../../../../arm-none-eabi/lib/armv7e-m\libg.a(lib_a-svfprintf.o) (_localeconv_r)
c:/program files (x86)/gnu tools arm embedded/4.9 2015q2/bin/../lib/gcc/arm-none-eabi/4.9.3/../../../../arm-none-eabi/lib/armv7e-m\libg.a(lib_a-mallocr.o)
                              c:/program files (x86)/gnu tools arm embedded/4.9 2015q2/bin/../lib/gcc/arm-none-eabi/4.9.3/../../../../arm-none-eabi/lib/armv7e-m\libg.a(lib_a-svfprintf.o) (_malloc_r)
c:/program files (x86)/gnu tools arm embedded/4.9 2015q2/bin/../lib/gcc/arm-none-eabi/4.9.3/../../../../arm-none-eabi/lib/armv7e-m\libg.a(lib_a-memchr.o)
                              c:/program files (x86)/gnu tools arm embedded/4.9 2015q2/bin/../lib/gcc/arm-none-eabi/4.9.3/../../../../arm-none-eabi/lib/armv7e-m\libg.a(lib_a-svfprintf.o) (memchr)
c:/program files (x86)/gnu tools arm embedded/4.9 2015q2/bin/../lib/gcc/arm-none-eabi/4.9.3/../../../../arm-none-eabi/lib/armv7e-m\libg.a(lib_a-memcpy.o)
                              c:/program files (x86)/gnu tools arm embedded/4.9 2015q2/bin/../lib/gcc/arm-none-eabi/4.9.3/../../../../arm-none-eabi/lib/armv7e-m\libg.a(lib_a-dtoa.o) (memcpy)
c:/program files (x86)/gnu tools arm embedded/4.9 2015q2/bin/../lib/gcc/arm-none-eabi/4.9.3/../../../../arm-none-eabi/lib/armv7e-m\libg.a(lib_a-mlock.o)
                              c:/program files (x86)/gnu tools arm embedded/4.9 2015q2/bin/../lib/gcc/arm-none-eabi/4.9.3/../../../../arm-none-eabi/lib/armv7e-m\libg.a(lib_a-mallocr.o) (__malloc_lock)
c:/program files (x86)/gnu tools arm embedded/4.9 2015q2/bin/../lib/gcc/arm-none-eabi/4.9.3/../../../../arm-none-eabi/lib/armv7e-m\libg.a(lib_a-mprec.o)
                              c:/program files (x86)/gnu tools arm embedded/4.9 2015q2/bin/../lib/gcc/arm-none-eabi/4.9.3/../../../../arm-none-eabi/lib/armv7e-m\libg.a(lib_a-dtoa.o) (_Balloc)
c:/program files (x86)/gnu tools arm embedded/4.9 2015q2/bin/../lib/gcc/arm-none-eabi/4.9.3/../../../../arm-none-eabi/lib/armv7e-m\libg.a(lib_a-s_fpclassify.o)
                              c:/program files (x86)/gnu tools arm embedded/4.9 2015q2/bin/../lib/gcc/arm-none-eabi/4.9.3/../../../../arm-none-eabi/lib/armv7e-m\libg.a(lib_a-svfprintf.o) (__fpclassifyd)
c:/program files (x86)/gnu tools arm embedded/4.9 2015q2/bin/../lib/gcc/arm-none-eabi/4.9.3/../../../../arm-none-eabi/lib/armv7e-m\libg.a(lib_a-sbrkr.o)
                              c:/program files (x86)/gnu tools arm embedded/4.9 2015q2/bin/../lib/gcc/arm-none-eabi/4.9.3/../../../../arm-none-eabi/lib/armv7e-m\libg.a(lib_a-mallocr.o) (_sbrk_r)
c:/program files (x86)/gnu tools arm embedded/4.9 2015q2/bin/../lib/gcc/arm-none-eabi/4.9.3/../../../../arm-none-eabi/lib/armv7e-m\libg.a(lib_a-strcmp.o)
[...]
Memory Configuration

Name             Origin             Length             Attributes
rom              0x08000000         0x00100000         xr
ram              0x20000000         0x00020000         xrw
ram1             0x10000000         0x00010000         xrw
*default*        0x00000000         0xffffffff

Linker script and memory map

                0x20020000                _eram = 0x20020000

.text           0x08000000     0x7e18
 *(.isr_vector)
 .isr_vector    0x08000000      0x188 ..\obj\startup_stm32f4xx.o
                0x08000000                g_pfnVectors
 *(.text*)
 .text.print_BTEImage
                0x08000188       0x78 ..\obj\button.o
                0x08000188                print_BTEImage
 .text.print_BTELogo
                0x08000200       0x78 ..\obj\button.o
                0x08000200                print_BTELogo
 .text.PWR_BackupAccessCmd
                0x08000278       0x20 ..\obj\stm32f4xx_pwr.o
                0x08000278                PWR_BackupAccessCmd
 .text.LCDPrintStr
                0x08000298      0x154 ..\obj\LCD_System.o
                0x08000298                LCDPrintStr
 .text.Show_String
                0x080003ec       0x38 ..\obj\LCD_System.o
                0x080003ec                Show_String
 .text.LCD_Clear
                0x08000424       0x34 ..\obj\LCD_System.o
                0x08000424                LCD_Clear
 .text.LCD_Reset
                0x08000458       0x28 ..\obj\LCD_System.o
                0x08000458                LCD_Reset
 .text.External_Font
                0x08000480       0x34 ..\obj\Driver_Font.o
                0x08000480                External_Font
 .text.TextMode_Normal
                0x080004b4       0x20 ..\obj\Driver_Font.o
                0x080004b4                TextMode_Normal
 .text.Default_Reset_Handler
                0x080004d4       0x58 ..\obj\startup_stm32f4xx.o
                0x080004d4                Default_Reset_Handler
                0x080004d4                Reset_Handler
 .text.Default_Handler
                0x0800052c        0x8 ..\obj\startup_stm32f4xx.o
                0x0800052c                HASH_RNG_IRQHandler
                0x0800052c                EXTI2_IRQHandler
                0x0800052c                TIM8_CC_IRQHandler
                0x0800052c                DebugMon_Handler
                0x0800052c                DMA2_Stream5_IRQHandler
                0x0800052c                HardFault_Handler
                0x0800052c                DMA1_Stream5_IRQHandler
                0x0800052c                PVD_IRQHandler
                0x0800052c                SDIO_IRQHandler
                0x0800052c                TAMP_STAMP_IRQHandler
                0x0800052c                PendSV_Handler
                0x0800052c                NMI_Handler
                0x0800052c                CAN2_RX1_IRQHandler
                0x0800052c                EXTI3_IRQHandler
                0x0800052c                TIM8_TRG_COM_TIM14_IRQHandler
                0x0800052c                TIM8_UP_TIM13_IRQHandler
                0x0800052c                I2C3_ER_IRQHandler
                0x0800052c                EXTI0_IRQHandler
                0x0800052c                I2C2_EV_IRQHandler
                0x0800052c                DMA1_Stream2_IRQHandler
                0x0800052c                CAN1_RX0_IRQHandler
                0x0800052c                FPU_IRQHandler
                0x0800052c                OTG_HS_WKUP_IRQHandler
                0x0800052c                UsageFault_Handler
                0x0800052c                CAN2_SCE_IRQHandler
                0x0800052c                DMA2_Stream2_IRQHandler
                0x0800052c                SPI1_IRQHandler
                0x0800052c                TIM6_DAC_IRQHandler
                0x0800052c                TIM1_BRK_TIM9_IRQHandler
                0x0800052c                DCMI_IRQHandler
                0x0800052c                CAN2_RX0_IRQHandler
                0x0800052c                DMA2_Stream3_IRQHandler
                0x0800052c                USART6_IRQHandler
                0x0800052c                USART3_IRQHandler
                0x0800052c                CRYP_IRQHandler
                0x0800052c                CAN1_RX1_IRQHandler
                0x0800052c                UART5_IRQHandler
                0x0800052c                DMA2_Stream0_IRQHandler
                0x0800052c                TIM4_IRQHandler
                0x0800052c                I2C1_EV_IRQHandler
                0x0800052c                DMA1_Stream6_IRQHandler
                0x0800052c                DMA1_Stream1_IRQHandler
                0x0800052c                UART4_IRQHandler
                0x0800052c                TIM3_IRQHandler
                0x0800052c                RCC_IRQHandler
                0x0800052c                TIM8_BRK_TIM12_IRQHandler
                0x0800052c                EXTI15_10_IRQHandler
                0x0800052c                ADC_IRQHandler
                0x0800052c                DMA1_Stream7_IRQHandler
                0x0800052c                TIM7_IRQHandler
                0x0800052c                CAN2_TX_IRQHandler
                0x0800052c                TIM5_IRQHandler
                0x0800052c                DMA2_Stream7_IRQHandler
                0x0800052c                I2C3_EV_IRQHandler
                0x0800052c                ETH_WKUP_IRQHandler
                0x0800052c                SPI2_IRQHandler
                0x0800052c                OTG_HS_EP1_IN_IRQHandler
                0x0800052c                MemManage_Handler
                0x0800052c                DMA1_Stream0_IRQHandler
                0x0800052c                CAN1_TX_IRQHandler
                0x0800052c                SVC_Handler
                0x0800052c                EXTI4_IRQHandler
                0x0800052c                FSMC_IRQHandler
                0x0800052c                ETH_IRQHandler
                0x0800052c                OTG_HS_EP1_OUT_IRQHandler
                0x0800052c                WWDG_IRQHandler
                0x0800052c                TIM2_IRQHandler
                0x0800052c                OTG_FS_WKUP_IRQHandler
                0x0800052c                TIM1_TRG_COM_TIM11_IRQHandler
                0x0800052c                OTG_HS_IRQHandler
                0x0800052c                EXTI1_IRQHandler
                0x0800052c                USART2_IRQHandler
                0x0800052c                I2C2_ER_IRQHandler
                0x0800052c                DMA2_Stream1_IRQHandler
                0x0800052c                CAN1_SCE_IRQHandler
                0x0800052c                FLASH_IRQHandler
                0x0800052c                DMA2_Stream4_IRQHandler
                0x0800052c                BusFault_Handler
                0x0800052c                USART1_IRQHandler
                0x0800052c                OTG_FS_IRQHandler
                0x0800052c                SPI3_IRQHandler
                0x0800052c                DMA1_Stream4_IRQHandler
                0x0800052c                I2C1_ER_IRQHandler
                0x0800052c                DMA2_Stream6_IRQHandler
                0x0800052c                DMA1_Stream3_IRQHandler
 .text.EXTI9_5_IRQHandler
                0x08000534       0x30 ..\obj\Dimmer.o
                0x08000534                EXTI9_5_IRQHandler
 .text.TIM1_CC_IRQHandler
                0x08000564       0x94 ..\obj\Dimmer.o
                0x08000564                TIM1_CC_IRQHandler
 .text.TIM1_UP_TIM10_IRQHandler
                0x080005f8       0x34 ..\obj\Dimmer.o
                0x080005f8                TIM1_UP_TIM10_IRQHandler
 .text.InitializeTimer
                0x0800062c       0x40 ..\obj\Config_RA8875.o
                0x0800062c                InitializeTimer
 .text.InitializePWM_TIM4
                0x0800066c       0x34 ..\obj\Config_RA8875.o
                0x0800066c                InitializePWM_TIM4
 .text.LCD_CtrlLinesFSMC
                0x080006a0      0x11c ..\obj\Config_RA8875.o
                0x080006a0                LCD_CtrlLinesFSMC
 .text.LCD_CtrlLinesConfig
                0x080007bc       0x98 ..\obj\Config_RA8875.o
                0x080007bc                LCD_CtrlLinesConfig
 .text.LCD_FSMCConfig
                0x08000854       0x78 ..\obj\Config_RA8875.o
                0x08000854                LCD_FSMCConfig
 .text.LCD_Configuration
                0x080008cc       0x24 ..\obj\Config_RA8875.o
                0x080008cc                LCD_Configuration
 .text.PLL_init
                0x080008f0       0x24 ..\obj\Config_RA8875.o
                0x080008f0                PLL_init
 .text.LCD_Initialization
                0x08000914       0xdc ..\obj\Config_RA8875.o
                0x08000914                LCD_Initialization
 .text.main     0x080009f0      0x188 ..\obj\main.o
                0x080009f0                main
 .text.RTC_Alarm_IRQHandler
                0x08000b78       0x78 ..\obj\main.o
                0x08000b78                RTC_Alarm_IRQHandler
 .text.TM_RTC_RequestHandler
                0x08000bf0       0xb4 ..\obj\main.o
                0x08000bf0                TM_RTC_RequestHandler
 .text.RCC_LSEConfig
                0x08000ca4       0x40 ..\obj\stm32f4xx_rcc.o
                0x08000ca4                RCC_LSEConfig
 .text.RCC_LSICmd
                0x08000ce4       0x20 ..\obj\stm32f4xx_rcc.o
                0x08000ce4                RCC_LSICmd
 .text.RCC_RTCCLKConfig
                0x08000d04       0x5c ..\obj\stm32f4xx_rcc.o
                0x08000d04                RCC_RTCCLKConfig
 .text.RCC_RTCCLKCmd
                0x08000d60       0x20 ..\obj\stm32f4xx_rcc.o
                0x08000d60                RCC_RTCCLKCmd
 .text.RCC_AHB1PeriphClockCmd
                0x08000d80       0x3c ..\obj\stm32f4xx_rcc.o
                0x08000d80                RCC_AHB1PeriphClockCmd
 .text.RCC_AHB3PeriphClockCmd
                0x08000dbc       0x3c ..\obj\stm32f4xx_rcc.o
                0x08000dbc                RCC_AHB3PeriphClockCmd
 .text.RCC_APB1PeriphClockCmd
                0x08000df8       0x3c ..\obj\stm32f4xx_rcc.o
                0x08000df8                RCC_APB1PeriphClockCmd
 .text.RCC_APB2PeriphClockCmd
                0x08000e34       0x3c ..\obj\stm32f4xx_rcc.o
                0x08000e34                RCC_APB2PeriphClockCmd
 .text.RCC_GetFlagStatus
                0x08000e70       0x74 ..\obj\stm32f4xx_rcc.o
                0x08000e70                RCC_GetFlagStatus
 .text.NVIC_SetPriority
                0x08000ee4       0x54 ..\obj\Delay.o
 .text.SysTick_Config
                0x08000f38       0x44 ..\obj\Delay.o
 .text.Init_SysTick
                0x08000f7c       0x2c ..\obj\Delay.o
                0x08000f7c                Init_SysTick
 .text.SysTick_Handler
                0x08000fa8       0x24 ..\obj\Delay.o
                0x08000fa8                SysTick_Handler
 .text.Delay_ms
                0x08000fcc       0x28 ..\obj\Delay.o
                0x08000fcc                Delay_ms
 .text.Chk_Busy
                0x08000ff4       0x1c ..\obj\Driver_RA8875.o
                0x08000ff4                Chk_Busy
 .text.Display_ON
                0x08001010       0x10 ..\obj\Driver_RA8875.o
                0x08001010                Display_ON
 .text.Display_OFF
                0x08001020       0x10 ..\obj\Driver_RA8875.o
                0x08001020                Display_OFF
 .text.Software_Reset
                0x08001030       0x1c ..\obj\Driver_RA8875.o
                0x08001030                Software_Reset
 .text.Serial_ROM_select0
                0x0800104c       0x10 ..\obj\Driver_RA8875.o
                0x0800104c                Serial_ROM_select0
 .text.Serial_ROM_Address_set_24bit
                0x0800105c       0x10 ..\obj\Driver_RA8875.o
                0x0800105c                Serial_ROM_Address_set_24bit
 .text.Select_Serial_Waveform_mode3
                0x0800106c       0x10 ..\obj\Driver_RA8875.o
                0x0800106c                Select_Serial_Waveform_mode3
 .text.SERIAL_ROM_Read_Cycle_5bus
                0x0800107c       0x10 ..\obj\Driver_RA8875.o
                0x0800107c                SERIAL_ROM_Read_Cycle_5bus
 .text.SERIAL_ROM_Font_mode
                0x0800108c       0x10 ..\obj\Driver_RA8875.o
                0x0800108c                SERIAL_ROM_Font_mode
 .text.SERIAL_ROM_Single_mode
                0x0800109c       0x10 ..\obj\Driver_RA8875.o
                0x0800109c                SERIAL_ROM_Single_mode
 .text.SROM_CLK_DIV
                0x080010ac       0x1c ..\obj\Driver_RA8875.o
                0x080010ac                SROM_CLK_DIV
 .text.CGROM_Font
                0x080010c8       0x10 ..\obj\Driver_RA8875.o
                0x080010c8                CGROM_Font
 .text.External_CGROM
                0x080010d8       0x10 ..\obj\Driver_RA8875.o
                0x080010d8                External_CGROM
 .text.FullAlignment
                0x080010e8       0x10 ..\obj\Driver_RA8875.o
                0x080010e8                FullAlignment
 .text.Horizontal_FontEnlarge_x1
                0x080010f8       0x10 ..\obj\Driver_RA8875.o
                0x080010f8                Horizontal_FontEnlarge_x1
 .text.Horizontal_FontEnlarge_x2
                0x08001108       0x10 ..\obj\Driver_RA8875.o
                0x08001108                Horizontal_FontEnlarge_x2
 .text.Horizontal_FontEnlarge_x3
                0x08001118       0x10 ..\obj\Driver_RA8875.o
                0x08001118                Horizontal_FontEnlarge_x3
 .text.Horizontal_FontEnlarge_x4
                0x08001128       0x10 ..\obj\Driver_RA8875.o
                0x08001128                Horizontal_FontEnlarge_x4
 .text.Vertical_FontEnlarge_x1
                0x08001138       0x10 ..\obj\Driver_RA8875.o
                0x08001138                Vertical_FontEnlarge_x1
 .text.Vertical_FontEnlarge_x2
                0x08001148       0x10 ..\obj\Driver_RA8875.o
                0x08001148                Vertical_FontEnlarge_x2
 .text.Vertical_FontEnlarge_x3
                0x08001158       0x10 ..\obj\Driver_RA8875.o
                0x08001158                Vertical_FontEnlarge_x3
 .text.Vertical_FontEnlarge_x4
                0x08001168       0x10 ..\obj\Driver_RA8875.o
                0x08001168                Vertical_FontEnlarge_x4
 .text.Line_distance
                0x08001178       0x1c ..\obj\Driver_RA8875.o
                0x08001178                Line_distance
 .text.Font_Coordinate
                0x08001194       0x48 ..\obj\Driver_RA8875.o
                0x08001194                Font_Coordinate
 .text.Font_size_16x16_8x16
                0x080011dc       0x10 ..\obj\Driver_RA8875.o
                0x080011dc                Font_size_16x16_8x16
 .text.Font_size_24x24_12x24
                0x080011ec       0x10 ..\obj\Driver_RA8875.o
                0x080011ec                Font_size_24x24_12x24
 .text.Font_size_32x32_16x32
                0x080011fc       0x10 ..\obj\Driver_RA8875.o
                0x080011fc                Font_size_32x32_16x32
 .text.Font_spacing_set
                0x0800120c       0x28 ..\obj\Driver_RA8875.o
                0x0800120c                Font_spacing_set
 .text.GT_serial_ROM_select_GT30L32S4W
                0x08001234       0x10 ..\obj\Driver_RA8875.o
                0x08001234                GT_serial_ROM_select_GT30L32S4W
 .text.Font_code_ASCII
                0x08001244       0x10 ..\obj\Driver_RA8875.o
                0x08001244                Font_code_ASCII
 .text.Font_Standard
                0x08001254       0x10 ..\obj\Driver_RA8875.o
                0x08001254                Font_Standard
 .text.Font_Arial
                0x08001264       0x10 ..\obj\Driver_RA8875.o
                0x08001264                Font_Arial
 .text.Font_Roman
                0x08001274       0x10 ..\obj\Driver_RA8875.o
                0x08001274                Font_Roman
 .text.Font_Bold
                0x08001284       0x10 ..\obj\Driver_RA8875.o
                0x08001284                Font_Bold
 .text.Active_Window
                0x08001294       0x84 ..\obj\Driver_RA8875.o
                0x08001294                Active_Window
 .text.Graphic_Mode
                0x08001318       0x10 ..\obj\Driver_RA8875.o
                0x08001318                Graphic_Mode
 .text.Text_Mode
                0x08001328       0x10 ..\obj\Driver_RA8875.o
                0x08001328                Text_Mode
 .text.Text_Cursor_Disable
                0x08001338       0x10 ..\obj\Driver_RA8875.o
                0x08001338                Text_Cursor_Disable
 .text.Text_Cursor_Blink_Disable
                0x08001348       0x10 ..\obj\Driver_RA8875.o
                0x08001348                Text_Cursor_Blink_Disable
 .text.Memory_Write_LeftRight_TopDown
                0x08001358       0x10 ..\obj\Driver_RA8875.o
                0x08001358                Memory_Write_LeftRight_TopDown
 .text.MemoryWrite_Cursor_autoIncrease
                0x08001368       0x10 ..\obj\Driver_RA8875.o
                0x08001368                MemoryWrite_Cursor_autoIncrease
 .text.MemoryRead_Cursor_autoIncrease
                0x08001378       0x10 ..\obj\Driver_RA8875.o
                0x08001378                MemoryRead_Cursor_autoIncrease
 .text.BTE_enable
                0x08001388       0x10 ..\obj\Driver_RA8875.o
                0x08001388                BTE_enable
 .text.BTE_ROP_Code
                0x08001398       0x1c ..\obj\Driver_RA8875.o
                0x08001398                BTE_ROP_Code
 .text.BTE_Source_Destination
                0x080013b4       0xc4 ..\obj\Driver_RA8875.o
                0x080013b4                BTE_Source_Destination
 .text.BTE_Size_setting
                0x08001478       0x48 ..\obj\Driver_RA8875.o
                0x08001478                BTE_Size_setting
 .text.Background_color
                0x080014c0       0x40 ..\obj\Driver_RA8875.o
                0x080014c0                Background_color
 .text.Foreground_color
                0x08001500       0x40 ..\obj\Driver_RA8875.o
                0x08001500                Foreground_color
 .text.Geometric_Coordinate
                0x08001540       0x84 ..\obj\Driver_RA8875.o
                0x08001540                Geometric_Coordinate
 .text.FSMC_NORSRAMInit
                0x080015c4      0x134 ..\obj\stm32f4xx_fsmc.o
                0x080015c4                FSMC_NORSRAMInit
 .text.FSMC_NORSRAMCmd
                0x080016f8       0x54 ..\obj\stm32f4xx_fsmc.o
                0x080016f8                FSMC_NORSRAMCmd
 .text.GPIO_Init
                0x0800174c      0x11c ..\obj\stm32f4xx_gpio.o
                0x0800174c                GPIO_Init
 .text.GPIO_SetBits
                0x08001868       0x1c ..\obj\stm32f4xx_gpio.o
                0x08001868                GPIO_SetBits
 .text.GPIO_ResetBits
                0x08001884       0x1c ..\obj\stm32f4xx_gpio.o
                0x08001884                GPIO_ResetBits
 .text.GPIO_PinAFConfig
                0x080018a0       0x90 ..\obj\stm32f4xx_gpio.o
                0x080018a0                GPIO_PinAFConfig
 .text.LCD_WriteCmd
                0x08001930       0x20 ..\obj\Interface_RA8875.o
                0x08001930                LCD_WriteCmd
 .text.LCD_WriteData
                0x08001950       0x1c ..\obj\Interface_RA8875.o
                0x08001950                LCD_WriteData
 .text.LCD_ReadData
                0x0800196c       0x18 ..\obj\Interface_RA8875.o
                0x0800196c                LCD_ReadData
 .text.LCD_WriteReg
                0x08001984       0x28 ..\obj\Interface_RA8875.o
                0x08001984                LCD_WriteReg
 .text.LCD_ReadReg
                0x080019ac       0x20 ..\obj\Interface_RA8875.o
                0x080019ac                LCD_ReadReg
 .text.LCD_WriteReg_ORMask
                0x080019cc       0x3c ..\obj\Interface_RA8875.o
                0x080019cc                LCD_WriteReg_ORMask
 .text.LCD_WriteReg_ANDMask
                0x08001a08       0x3c ..\obj\Interface_RA8875.o
                0x08001a08                LCD_WriteReg_ANDMask
 .text.LCD_WriteReg_ANDORMask
                0x08001a44       0x44 ..\obj\Interface_RA8875.o
                0x08001a44                LCD_WriteReg_ANDORMask
 .text.LCD_StatusRead
                0x08001a88       0x18 ..\obj\Interface_RA8875.o
                0x08001a88                LCD_StatusRead
 .text.SystemInit
                0x08001aa0       0x58 ..\obj\system_stm32f4xx.o
                0x08001aa0                SystemInit
 .text.SetSysClock
                0x08001af8       0xf4 ..\obj\system_stm32f4xx.o
 .text._sbrk    0x08001bec       0x40 ..\obj\syscalls.o
                0x08001bec                _sbrk
 .text.TM_RTC_Init
                0x08001c2c      0x104 ..\obj\tm_stm32f4_rtc.o
                0x08001c2c                TM_RTC_Init
 .text.TM_RTC_SetDateTime
                0x08001d30      0x284 ..\obj\tm_stm32f4_rtc.o
                0x08001d30                TM_RTC_SetDateTime
 .text.TM_RTC_GetDateTime
                0x08001fb4       0xa0 ..\obj\tm_stm32f4_rtc.o
                0x08001fb4                TM_RTC_GetDateTime
 .text.TM_RTC_Config
                0x08002054       0x6c ..\obj\tm_stm32f4_rtc.o
                0x08002054                TM_RTC_Config
 .text.TM_RTC_Interrupts
                0x080020c0      0x13c ..\obj\tm_stm32f4_rtc.o
                0x080020c0                TM_RTC_Interrupts
 .text.TM_RTC_GetUnixTimeStamp
                0x080021fc      0x170 ..\obj\tm_stm32f4_rtc.o
                0x080021fc                TM_RTC_GetUnixTimeStamp
 .text.TM_RTC_AlarmBHandler
                0x0800236c        0xc ..\obj\tm_stm32f4_rtc.o
                0x0800236c                TM_RTC_AlarmBHandler
 .text.RTC_WKUP_IRQHandler
                0x08002378       0x2c ..\obj\tm_stm32f4_rtc.o
                0x08002378                RTC_WKUP_IRQHandler
 .text.Light1_ON
                0x080023a4       0x14 ..\obj\Driver_Lights.o
                0x080023a4                Light1_ON
 .text.Light1_OFF
                0x080023b8       0x14 ..\obj\Driver_Lights.o
                0x080023b8                Light1_OFF
 .text.EXTI_Init
                0x080023cc       0xe4 ..\obj\stm32f4xx_exti.o
                0x080023cc                EXTI_Init
 .text.EXTI_GetITStatus
                0x080024b0       0x48 ..\obj\stm32f4xx_exti.o
                0x080024b0                EXTI_GetITStatus
 .text.EXTI_ClearITPendingBit
                0x080024f8       0x1c ..\obj\stm32f4xx_exti.o
                0x080024f8                EXTI_ClearITPendingBit
 .text.NVIC_Init
                0x08002514       0xc0 ..\obj\misc.o
                0x08002514                NVIC_Init
 .text.RTC_Init
                0x080025d4       0x78 ..\obj\stm32f4xx_rtc.o
                0x080025d4                RTC_Init
 .text.RTC_EnterInitMode
                0x0800264c       0x74 ..\obj\stm32f4xx_rtc.o
                0x0800264c                RTC_EnterInitMode
 .text.RTC_ExitInitMode
                0x080026c0       0x1c ..\obj\stm32f4xx_rtc.o
                0x080026c0                RTC_ExitInitMode
 .text.RTC_WaitForSynchro
                0x080026dc       0x78 ..\obj\stm32f4xx_rtc.o
                0x080026dc                RTC_WaitForSynchro
 .text.RTC_SetTime
                0x08002754      0x104 ..\obj\stm32f4xx_rtc.o
                0x08002754                RTC_SetTime
 .text.RTC_GetTime
                0x08002858       0x9c ..\obj\stm32f4xx_rtc.o
                0x08002858                RTC_GetTime
 .text.RTC_SetDate
                0x080028f4      0x10c ..\obj\stm32f4xx_rtc.o
                0x080028f4                RTC_SetDate
 .text.RTC_GetDate
                0x08002a00       0x9c ..\obj\stm32f4xx_rtc.o
                0x08002a00                RTC_GetDate
 .text.RTC_SetAlarm
                0x08002a9c      0x138 ..\obj\stm32f4xx_rtc.o
                0x08002a9c                RTC_SetAlarm
 .text.RTC_AlarmCmd
                0x08002bd4       0x9c ..\obj\stm32f4xx_rtc.o
                0x08002bd4                RTC_AlarmCmd
 .text.RTC_WakeUpClockConfig
                0x08002c70       0x40 ..\obj\stm32f4xx_rtc.o
                0x08002c70                RTC_WakeUpClockConfig
 .text.RTC_SetWakeUpCounter
                0x08002cb0       0x30 ..\obj\stm32f4xx_rtc.o
                0x08002cb0                RTC_SetWakeUpCounter
 .text.RTC_WakeUpCmd
                0x08002ce0       0x94 ..\obj\stm32f4xx_rtc.o
                0x08002ce0                RTC_WakeUpCmd
 .text.RTC_WriteBackupRegister
                0x08002d74       0x34 ..\obj\stm32f4xx_rtc.o
                0x08002d74                RTC_WriteBackupRegister
 .text.RTC_ReadBackupRegister
                0x08002da8       0x30 ..\obj\stm32f4xx_rtc.o
                0x08002da8                RTC_ReadBackupRegister
 .text.RTC_ITConfig
                0x08002dd8       0x78 ..\obj\stm32f4xx_rtc.o
                0x08002dd8                RTC_ITConfig
 .text.RTC_ClearFlag
                0x08002e50       0x30 ..\obj\stm32f4xx_rtc.o
                0x08002e50                RTC_ClearFlag
 .text.RTC_GetITStatus
                0x08002e80       0x68 ..\obj\stm32f4xx_rtc.o
                0x08002e80                RTC_GetITStatus
 .text.RTC_ClearITPendingBit
                0x08002ee8       0x38 ..\obj\stm32f4xx_rtc.o
                0x08002ee8                RTC_ClearITPendingBit
 .text.RTC_ByteToBcd2
                0x08002f20       0x3c ..\obj\stm32f4xx_rtc.o
 .text.RTC_Bcd2ToByte
                0x08002f5c       0x38 ..\obj\stm32f4xx_rtc.o
 .text.TIM_TimeBaseInit
                0x08002f94       0xd4 ..\obj\stm32f4xx_tim.o
                0x08002f94                TIM_TimeBaseInit
 .text.TIM_SetCounter
                0x08003068       0x1c ..\obj\stm32f4xx_tim.o
                0x08003068                TIM_SetCounter
 .text.TIM_Cmd  0x08003084       0x40 ..\obj\stm32f4xx_tim.o
                0x08003084                TIM_Cmd
 .text.TIM_OC1Init
                0x080030c4       0xf4 ..\obj\stm32f4xx_tim.o
                0x080030c4                TIM_OC1Init
 .text.TIM_OC1PreloadConfig
                0x080031b8       0x38 ..\obj\stm32f4xx_tim.o
                0x080031b8                TIM_OC1PreloadConfig
 .text.TIM_GetITStatus
                0x080031f0       0x54 ..\obj\stm32f4xx_tim.o
                0x080031f0                TIM_GetITStatus
 .text.TIM_ClearITPendingBit
                0x08003244       0x20 ..\obj\stm32f4xx_tim.o
                0x08003244                TIM_ClearITPendingBit
 .text          0x08003264      0x370 c:/program files (x86)/gnu tools arm embedded/4.9 2015q2/bin/../lib/gcc/arm-none-eabi/4.9.3/armv7e-m\libgcc.a(_arm_addsubdf3.o)
                0x08003264                __aeabi_drsub
                0x0800326c                __aeabi_dsub
                0x0800326c                __subdf3
                0x08003270                __aeabi_dadd
                0x08003270                __adddf3
                0x080034e8                __floatunsidf
                0x080034e8                __aeabi_ui2d
                0x08003508                __floatsidf
                0x08003508                __aeabi_i2d
                0x0800352c                __aeabi_f2d
                0x0800352c                __extendsfdf2
                0x08003568                __floatundidf
                0x08003568                __aeabi_ul2d
                0x08003578                __floatdidf
                0x08003578                __aeabi_l2d
 .text          0x080035d4      0x424 c:/program files (x86)/gnu tools arm embedded/4.9 2015q2/bin/../lib/gcc/arm-none-eabi/4.9.3/armv7e-m\libgcc.a(_arm_muldivdf3.o)
                0x080035d4                __aeabi_dmul
                0x080035d4                __muldf3
                0x08003828                __divdf3
                0x08003828                __aeabi_ddiv
 .text.sprintf  0x080039f8       0x4c c:/program files (x86)/gnu tools arm embedded/4.9 2015q2/bin/../lib/gcc/arm-none-eabi/4.9.3/../../../../arm-none-eabi/lib/armv7e-m\libg.a(lib_a-sprintf.o)
                0x080039f8                sprintf
 .text._svfprintf_r
                0x08003a44     0x1494 c:/program files (x86)/gnu tools arm embedded/4.9 2015q2/bin/../lib/gcc/arm-none-eabi/4.9.3/../../../../arm-none-eabi/lib/armv7e-m\libg.a(lib_a-svfprintf.o)
                0x08003a44                _svfprintf_r
 .text.quorem   0x08004ed8      0x12c c:/program files (x86)/gnu tools arm embedded/4.9 2015q2/bin/../lib/gcc/arm-none-eabi/4.9.3/../../../../arm-none-eabi/lib/armv7e-m\libg.a(lib_a-dtoa.o)
 *fill*         0x08005004        0x4 
 .text._dtoa_r  0x08005008      0xe94 c:/program files (x86)/gnu tools arm embedded/4.9 2015q2/bin/../lib/gcc/arm-none-eabi/4.9.3/../../../../arm-none-eabi/lib/armv7e-m\libg.a(lib_a-dtoa.o)
                0x08005008                _dtoa_r
 .text._localeconv_r
                0x08005e9c        0x8 c:/program files (x86)/gnu tools arm embedded/4.9 2015q2/bin/../lib/gcc/arm-none-eabi/4.9.3/../../../../arm-none-eabi/lib/armv7e-m\libg.a(lib_a-locale.o)
                0x08005e9c                _localeconv_r
 .text._malloc_r
                0x08005ea4      0x524 c:/program files (x86)/gnu tools arm embedded/4.9 2015q2/bin/../lib/gcc/arm-none-eabi/4.9.3/../../../../arm-none-eabi/lib/armv7e-m\libg.a(lib_a-mallocr.o)
                0x08005ea4                _malloc_r
 .text.memchr   0x080063c8       0x94 c:/program files (x86)/gnu tools arm embedded/4.9 2015q2/bin/../lib/gcc/arm-none-eabi/4.9.3/../../../../arm-none-eabi/lib/armv7e-m\libg.a(lib_a-memchr.o)
                0x080063c8                memchr
 .text          0x0800645c      0x134 c:/program files (x86)/gnu tools arm embedded/4.9 2015q2/bin/../lib/gcc/arm-none-eabi/4.9.3/../../../../arm-none-eabi/lib/armv7e-m\libg.a(lib_a-memcpy.o)
                0x0800645c                memcpy
 .text.__malloc_lock
                0x08006590        0x4 c:/program files (x86)/gnu tools arm embedded/4.9 2015q2/bin/../lib/gcc/arm-none-eabi/4.9.3/../../../../arm-none-eabi/lib/armv7e-m\libg.a(lib_a-mlock.o)
                0x08006590                __malloc_lock
 .text.__malloc_unlock
                0x08006594        0x4 c:/program files (x86)/gnu tools arm embedded/4.9 2015q2/bin/../lib/gcc/arm-none-eabi/4.9.3/../../../../arm-none-eabi/lib/armv7e-m\libg.a(lib_a-mlock.o)
                0x08006594                __malloc_unlock
 .text._Balloc  0x08006598       0x4c c:/program files (x86)/gnu tools arm embedded/4.9 2015q2/bin/../lib/gcc/arm-none-eabi/4.9.3/../../../../arm-none-eabi/lib/armv7e-m\libg.a(lib_a-mprec.o)
                0x08006598                _Balloc
 .text._Bfree   0x080065e4       0x14 c:/program files (x86)/gnu tools arm embedded/4.9 2015q2/bin/../lib/gcc/arm-none-eabi/4.9.3/../../../../arm-none-eabi/lib/armv7e-m\libg.a(lib_a-mprec.o)
                0x080065e4                _Bfree
 .text.__multadd
                0x080065f8       0x84 c:/program files (x86)/gnu tools arm embedded/4.9 2015q2/bin/../lib/gcc/arm-none-eabi/4.9.3/../../../../arm-none-eabi/lib/armv7e-m\libg.a(lib_a-mprec.o)
                0x080065f8                __multadd
 .text.__hi0bits
                0x0800667c       0x40 c:/program files (x86)/gnu tools arm embedded/4.9 2015q2/bin/../lib/gcc/arm-none-eabi/4.9.3/../../../../arm-none-eabi/lib/armv7e-m\libg.a(lib_a-mprec.o)
                0x0800667c                __hi0bits
 .text.__lo0bits
                0x080066bc       0x5c c:/program files (x86)/gnu tools arm embedded/4.9 2015q2/bin/../lib/gcc/arm-none-eabi/4.9.3/../../../../arm-none-eabi/lib/armv7e-m\libg.a(lib_a-mprec.o)
                0x080066bc                __lo0bits
 .text.__i2b    0x08006718       0x14 c:/program files (x86)/gnu tools arm embedded/4.9 2015q2/bin/../lib/gcc/arm-none-eabi/4.9.3/../../../../arm-none-eabi/lib/armv7e-m\libg.a(lib_a-mprec.o)
                0x08006718                __i2b
 .text.__multiply
                0x0800672c      0x134 c:/program files (x86)/gnu tools arm embedded/4.9 2015q2/bin/../lib/gcc/arm-none-eabi/4.9.3/../../../../arm-none-eabi/lib/armv7e-m\libg.a(lib_a-mprec.o)
                0x0800672c                __multiply
 .text.__pow5mult
                0x08006860       0xa0 c:/program files (x86)/gnu tools arm embedded/4.9 2015q2/bin/../lib/gcc/arm-none-eabi/4.9.3/../../../../arm-none-eabi/lib/armv7e-m\libg.a(lib_a-mprec.o)
                0x08006860                __pow5mult
 .text.__lshift
                0x08006900       0xac c:/program files (x86)/gnu tools arm embedded/4.9 2015q2/bin/../lib/gcc/arm-none-eabi/4.9.3/../../../../arm-none-eabi/lib/armv7e-m\libg.a(lib_a-mprec.o)
                0x08006900                __lshift
 .text.__mcmp   0x080069ac       0x48 c:/program files (x86)/gnu tools arm embedded/4.9 2015q2/bin/../lib/gcc/arm-none-eabi/4.9.3/../../../../arm-none-eabi/lib/armv7e-m\libg.a(lib_a-mprec.o)
                0x080069ac                __mcmp
 .text.__mdiff  0x080069f4       0xd4 c:/program files (x86)/gnu tools arm embedded/4.9 2015q2/bin/../lib/gcc/arm-none-eabi/4.9.3/../../../../arm-none-eabi/lib/armv7e-m\libg.a(lib_a-mprec.o)
                0x080069f4                __mdiff
 .text.__d2b    0x08006ac8       0xb8 c:/program files (x86)/gnu tools arm embedded/4.9 2015q2/bin/../lib/gcc/arm-none-eabi/4.9.3/../../../../arm-none-eabi/lib/armv7e-m\libg.a(lib_a-mprec.o)
                0x08006ac8                __d2b
 .text.__fpclassifyd
                0x08006b80       0x58 c:/program files (x86)/gnu tools arm embedded/4.9 2015q2/bin/../lib/gcc/arm-none-eabi/4.9.3/../../../../arm-none-eabi/lib/armv7e-m\libg.a(lib_a-s_fpclassify.o)
                0x08006b80                __fpclassifyd
 .text._sbrk_r  0x08006bd8       0x24 c:/program files (x86)/gnu tools arm embedded/4.9 2015q2/bin/../lib/gcc/arm-none-eabi/4.9.3/../../../../arm-none-eabi/lib/armv7e-m\libg.a(lib_a-sbrkr.o)
                0x08006bd8                _sbrk_r
 .text.strlen   0x08006bfc       0x5c c:/program files (x86)/gnu tools arm embedded/4.9 2015q2/bin/../lib/gcc/arm-none-eabi/4.9.3/../../../../arm-none-eabi/lib/armv7e-m\libg.a(lib_a-strlen.o)
                0x08006bfc                strlen
 .text.__ssprint_r
                0x08006c58      0x104 c:/program files (x86)/gnu tools arm embedded/4.9 2015q2/bin/../lib/gcc/arm-none-eabi/4.9.3/../../../../arm-none-eabi/lib/armv7e-m\libg.a(lib_a-svfiprintf.o)
                0x08006c58                __ssprint_r
 .text._calloc_r
                0x08006d5c       0x60 c:/program files (x86)/gnu tools arm embedded/4.9 2015q2/bin/../lib/gcc/arm-none-eabi/4.9.3/../../../../arm-none-eabi/lib/armv7e-m\libg.a(lib_a-callocr.o)
                0x08006d5c                _calloc_r
 .text._malloc_trim_r
                0x08006dbc       0x9c c:/program files (x86)/gnu tools arm embedded/4.9 2015q2/bin/../lib/gcc/arm-none-eabi/4.9.3/../../../../arm-none-eabi/lib/armv7e-m\libg.a(lib_a-freer.o)
                0x08006dbc                _malloc_trim_r
 .text._free_r  0x08006e58      0x1b0 c:/program files (x86)/gnu tools arm embedded/4.9 2015q2/bin/../lib/gcc/arm-none-eabi/4.9.3/../../../../arm-none-eabi/lib/armv7e-m\libg.a(lib_a-freer.o)
                0x08006e58                _free_r
 .text.memmove  0x08007008       0xc8 c:/program files (x86)/gnu tools arm embedded/4.9 2015q2/bin/../lib/gcc/arm-none-eabi/4.9.3/../../../../arm-none-eabi/lib/armv7e-m\libg.a(lib_a-memmove.o)
                0x08007008                memmove
 .text.memset   0x080070d0       0x9c c:/program files (x86)/gnu tools arm embedded/4.9 2015q2/bin/../lib/gcc/arm-none-eabi/4.9.3/../../../../arm-none-eabi/lib/armv7e-m\libg.a(lib_a-memset.o)
                0x080070d0                memset
 .text._realloc_r
                0x0800716c      0x3ec c:/program files (x86)/gnu tools arm embedded/4.9 2015q2/bin/../lib/gcc/arm-none-eabi/4.9.3/../../../../arm-none-eabi/lib/armv7e-m\libg.a(lib_a-reallocr.o)
                0x0800716c                _realloc_r
 .text          0x08007558      0x110 c:/program files (x86)/gnu tools arm embedded/4.9 2015q2/bin/../lib/gcc/arm-none-eabi/4.9.3/armv7e-m\libgcc.a(_arm_cmpdf2.o)
                0x08007558                __gtdf2
                0x08007558                __gedf2
                0x08007560                __ltdf2
                0x08007560                __ledf2
                0x08007568                __nedf2
                0x08007568                __eqdf2
                0x08007568                __cmpdf2
                0x080075e4                __aeabi_cdrcmple
                0x080075f4                __aeabi_cdcmpeq
                0x080075f4                __aeabi_cdcmple
                0x08007604                __aeabi_dcmpeq
                0x08007618                __aeabi_dcmplt
                0x0800762c                __aeabi_dcmple
                0x08007640                __aeabi_dcmpge
                0x08007654                __aeabi_dcmpgt
 .text          0x08007668       0x50 c:/program files (x86)/gnu tools arm embedded/4.9 2015q2/bin/../lib/gcc/arm-none-eabi/4.9.3/armv7e-m\libgcc.a(_arm_fixdfsi.o)
                0x08007668                __aeabi_d2iz
                0x08007668                __fixdfsi
 .text          0x080076b8       0x30 c:/program files (x86)/gnu tools arm embedded/4.9 2015q2/bin/../lib/gcc/arm-none-eabi/4.9.3/armv7e-m\libgcc.a(_aeabi_uldivmod.o)
                0x080076b8                __aeabi_uldivmod
 .text          0x080076e8       0x60 c:/program files (x86)/gnu tools arm embedded/4.9 2015q2/bin/../lib/gcc/arm-none-eabi/4.9.3/armv7e-m\libgcc.a(bpabi.o)
                0x080076e8                __gnu_ldivmod_helper
                0x08007718                __gnu_uldivmod_helper
 .text          0x08007748        0x4 c:/program files (x86)/gnu tools arm embedded/4.9 2015q2/bin/../lib/gcc/arm-none-eabi/4.9.3/armv7e-m\libgcc.a(_dvmd_tls.o)
                0x08007748                __aeabi_idiv0
                0x08007748                __aeabi_ldiv0
 .text          0x0800774c      0x29c c:/program files (x86)/gnu tools arm embedded/4.9 2015q2/bin/../lib/gcc/arm-none-eabi/4.9.3/armv7e-m\libgcc.a(_divdi3.o)
                0x0800774c                __divdi3
 .text          0x080079e8      0x26c c:/program files (x86)/gnu tools arm embedded/4.9 2015q2/bin/../lib/gcc/arm-none-eabi/4.9.3/armv7e-m\libgcc.a(_udivdi3.o)
                0x080079e8                __udivdi3
 *(.init)
 *(.fini)
 *crtbegin.o(.ctors)
 *crtbegin?.o(.ctors)
 *(EXCLUDE_FILE(*crtend.o *crtend?.o) .ctors)
 *(SORT(.ctors.*))
 *(.ctors)
 *crtbegin.o(.dtors)
 *crtbegin?.o(.dtors)
 *(EXCLUDE_FILE(*crtend.o *crtend?.o) .dtors)
 *(SORT(.dtors.*))
 *(.dtors)
 *(.rodata*)
 .rodata        0x08007c54       0x3f ..\obj\main.o
 *fill*         0x08007c93        0x1 
 .rodata.zeroes.6911
                0x08007c94       0x10 c:/program files (x86)/gnu tools arm embedded/4.9 2015q2/bin/../lib/gcc/arm-none-eabi/4.9.3/../../../../arm-none-eabi/lib/armv7e-m\libg.a(lib_a-svfprintf.o)
 .rodata.blanks.6910
                0x08007ca4       0x10 c:/program files (x86)/gnu tools arm embedded/4.9 2015q2/bin/../lib/gcc/arm-none-eabi/4.9.3/../../../../arm-none-eabi/lib/armv7e-m\libg.a(lib_a-svfprintf.o)
 .rodata.str1.4
                0x08007cb4       0x42 c:/program files (x86)/gnu tools arm embedded/4.9 2015q2/bin/../lib/gcc/arm-none-eabi/4.9.3/../../../../arm-none-eabi/lib/armv7e-m\libg.a(lib_a-svfprintf.o)
 *fill*         0x08007cf6        0x2 
 .rodata.str1.4
                0x08007cf8       0x10 c:/program files (x86)/gnu tools arm embedded/4.9 2015q2/bin/../lib/gcc/arm-none-eabi/4.9.3/../../../../arm-none-eabi/lib/armv7e-m\libg.a(lib_a-dtoa.o)
                                 0x12 (size before relaxing)
 .rodata.str1.4
                0x08007d08        0x2 c:/program files (x86)/gnu tools arm embedded/4.9 2015q2/bin/../lib/gcc/arm-none-eabi/4.9.3/../../../../arm-none-eabi/lib/armv7e-m\libg.a(lib_a-impure.o)
 *fill*         0x08007d0a        0x2 
 .rodata.str1.4
                0x08007d0c        0xc c:/program files (x86)/gnu tools arm embedded/4.9 2015q2/bin/../lib/gcc/arm-none-eabi/4.9.3/../../../../arm-none-eabi/lib/armv7e-m\libg.a(lib_a-locale.o)
                                 0x12 (size before relaxing)
 .rodata.__mprec_tens
                0x08007d18       0xc8 c:/program files (x86)/gnu tools arm embedded/4.9 2015q2/bin/../lib/gcc/arm-none-eabi/4.9.3/../../../../arm-none-eabi/lib/armv7e-m\libg.a(lib_a-mprec.o)
                0x08007d18                __mprec_tens
 .rodata.p05.5302
                0x08007de0        0xc c:/program files (x86)/gnu tools arm embedded/4.9 2015q2/bin/../lib/gcc/arm-none-eabi/4.9.3/../../../../arm-none-eabi/lib/armv7e-m\libg.a(lib_a-mprec.o)
 *fill*         0x08007dec        0x4 
 .rodata.__mprec_bigtens
                0x08007df0       0x28 c:/program files (x86)/gnu tools arm embedded/4.9 2015q2/bin/../lib/gcc/arm-none-eabi/4.9.3/../../../../arm-none-eabi/lib/armv7e-m\libg.a(lib_a-mprec.o)
                0x08007df0                __mprec_bigtens
 *(.eh_fram e*)

.glue_7         0x08007e18        0x0
 .glue_7        0x00000000        0x0 linker stubs

.glue_7t        0x08007e18        0x0
 .glue_7t       0x00000000        0x0 linker stubs

.vfp11_veneer   0x08007e18        0x0
 .vfp11_veneer  0x00000000        0x0 linker stubs

.v4_bx          0x08007e18        0x0
 .v4_bx         0x00000000        0x0 linker stubs

.iplt           0x08007e18        0x0
 .iplt          0x00000000        0x0 ..\obj\button.o

.ARM.extab
 *(.ARM.extab* .gnu.linkonce.armextab.*)
                0x08007e18                __exidx_start = .

.ARM.exidx      0x08007e18        0x8
 *(.ARM.exidx* .gnu.linkonce.armexidx.*)
 .ARM.exidx     0x08007e18        0x8 c:/program files (x86)/gnu tools arm embedded/4.9 2015q2/bin/../lib/gcc/arm-none-eabi/4.9.3/armv7e-m\libgcc.a(_divdi3.o)
 .ARM.exidx     0x08007e20        0x0 c:/program files (x86)/gnu tools arm embedded/4.9 2015q2/bin/../lib/gcc/arm-none-eabi/4.9.3/armv7e-m\libgcc.a(_udivdi3.o)
                                  0x8 (size before relaxing)
                0x08007e20                __exidx_end = .
                0x08007e20                __etext = .
                0x08007e20                _sidata = __etext

.rel.dyn        0x08007e20        0x0
 .rel.iplt      0x00000000        0x0 ..\obj\button.o

.data           0x20000000    0x1a204 load address 0x08007e20
                0x20000000                __data_start__ = .
                0x20000000                _sdata = __data_start__
 *(vtable)
 *(.data*)
 .data          0x20000000    0x19960 ..\obj\button.o
                0x20000000                image
                0x20017700                logo
 .data          0x20019960       0x14 ..\obj\system_stm32f4xx.o
                0x20019960                SystemCoreClock
                0x20019964                AHBPrescTable
 .data          0x20019974       0x18 ..\obj\tm_stm32f4_rtc.o
                0x20019974                TM_RTC_Months
 *fill*         0x2001998c        0x4 
 .data.impure_data
                0x20019990      0x428 c:/program files (x86)/gnu tools arm embedded/4.9 2015q2/bin/../lib/gcc/arm-none-eabi/4.9.3/../../../../arm-none-eabi/lib/armv7e-m\libg.a(lib_a-impure.o)
 .data._impure_ptr
                0x20019db8        0x4 c:/program files (x86)/gnu tools arm embedded/4.9 2015q2/bin/../lib/gcc/arm-none-eabi/4.9.3/../../../../arm-none-eabi/lib/armv7e-m\libg.a(lib_a-impure.o)
                0x20019db8                _impure_ptr
 .data.lconv    0x20019dbc       0x38 c:/program files (x86)/gnu tools arm embedded/4.9 2015q2/bin/../lib/gcc/arm-none-eabi/4.9.3/../../../../arm-none-eabi/lib/armv7e-m\libg.a(lib_a-locale.o)
 .data.__malloc_av_
                0x20019df4      0x408 c:/program files (x86)/gnu tools arm embedded/4.9 2015q2/bin/../lib/gcc/arm-none-eabi/4.9.3/../../../../arm-none-eabi/lib/armv7e-m\libg.a(lib_a-mallocr.o)
                0x20019df4                __malloc_av_
 .data.__malloc_trim_threshold
                0x2001a1fc        0x4 c:/program files (x86)/gnu tools arm embedded/4.9 2015q2/bin/../lib/gcc/arm-none-eabi/4.9.3/../../../../arm-none-eabi/lib/armv7e-m\libg.a(lib_a-mallocr.o)
                0x2001a1fc                __malloc_trim_threshold
 .data.__malloc_sbrk_base
                0x2001a200        0x4 c:/program files (x86)/gnu tools arm embedded/4.9 2015q2/bin/../lib/gcc/arm-none-eabi/4.9.3/../../../../arm-none-eabi/lib/armv7e-m\libg.a(lib_a-mallocr.o)
                0x2001a200                __malloc_sbrk_base
                0x2001a204                . = ALIGN (0x4)
                0x2001a204                PROVIDE (__preinit_array_start, .)
 *(.preinit_array)
                0x2001a204                PROVIDE (__preinit_array_end, .)
                0x2001a204                . = ALIGN (0x4)
                0x2001a204                PROVIDE (__init_array_start, .)
 *(SORT(.init_array.*))
 *(.init_array)
                0x2001a204                PROVIDE (__init_array_end, .)
                0x2001a204                . = ALIGN (0x4)
                0x2001a204                PROVIDE (__fini_array_start, .)
 *(SORT(.fini_array.*))
 *(.fini_array)
                0x2001a204                PROVIDE (__fini_array_end, .)
 *(.jcr*)
                0x2001a204                . = ALIGN (0x4)
                0x2001a204                __data_end__ = .
                0x2001a204                _edata = __data_end__

.igot.plt       0x2001a204        0x0 load address 0x08022024
 .igot.plt      0x00000000        0x0 ..\obj\button.o

.bss            0x2001a204       0xe4 load address 0x08022024
                0x2001a204                . = ALIGN (0x4)
                0x2001a204                __bss_start__ = .
                0x2001a204                _sbss = __bss_start__
 *(.bss*)
 .bss           0x2001a204        0x8 ..\obj\Dimmer.o
 .bss           0x2001a20c        0x4 ..\obj\syscalls.o
 .bss           0x2001a210        0x4 ..\obj\tm_stm32f4_rtc.o
                0x2001a210                TM_RTC_Status
 .bss.__malloc_max_total_mem
                0x2001a214        0x4 c:/program files (x86)/gnu tools arm embedded/4.9 2015q2/bin/../lib/gcc/arm-none-eabi/4.9.3/../../../../arm-none-eabi/lib/armv7e-m\libg.a(lib_a-mallocr.o)
                0x2001a214                __malloc_max_total_mem
 .bss.__malloc_max_sbrked_mem
                0x2001a218        0x4 c:/program files (x86)/gnu tools arm embedded/4.9 2015q2/bin/../lib/gcc/arm-none-eabi/4.9.3/../../../../arm-none-eabi/lib/armv7e-m\libg.a(lib_a-mallocr.o)
                0x2001a218                __malloc_max_sbrked_mem
 .bss.__malloc_top_pad
                0x2001a21c        0x4 c:/program files (x86)/gnu tools arm embedded/4.9 2015q2/bin/../lib/gcc/arm-none-eabi/4.9.3/../../../../arm-none-eabi/lib/armv7e-m\libg.a(lib_a-mallocr.o)
                0x2001a21c                __malloc_top_pad
 .bss.__malloc_current_mallinfo
                0x2001a220       0x28 c:/program files (x86)/gnu tools arm embedded/4.9 2015q2/bin/../lib/gcc/arm-none-eabi/4.9.3/../../../../arm-none-eabi/lib/armv7e-m\libg.a(lib_a-mallocr.o)
                0x2001a220                __malloc_current_mallinfo
 *(COMMON)
 COMMON         0x2001a248       0x76 ..\obj\main.o
                0x2001a248                buf2
                0x2001a27c                datatime
                0x2001a28c                buf
 *fill*         0x2001a2be        0x2 
 COMMON         0x2001a2c0        0x4 ..\obj\Delay.o
                0x2001a2c0                delayTime
 COMMON         0x2001a2c4       0x20 ..\obj\tm_stm32f4_rtc.o
                0x2001a2c4                RTC_TimeStruct
                0x2001a2c8                RTC_InitStruct
                0x2001a2d4                RTC_DateStruct
                0x2001a2d8                NVIC_InitStruct
                0x2001a2dc                EXTI_InitStruct
 COMMON         0x2001a2e4        0x4 c:/program files (x86)/gnu tools arm embedded/4.9 2015q2/bin/../lib/gcc/arm-none-eabi/4.9.3/../../../../arm-none-eabi/lib/armv7e-m\libg.a(lib_a-reent.o)
                0x2001a2e4                errno
                0x2001a2e8                . = ALIGN (0x4)
                0x2001a2e8                __bss_end__ = .
                0x2001a2e8                _ebss = __bss_end__

.heap           0x2001a2e8        0x0
                0x2001a2e8                __end__ = .
                0x2001a2e8                _end = __end__
                0x2001a2e8                end = __end__
 *(.heap*)
                0x2001a2e8                __HeapLimit = .

.co_stack       0x2001a2e8      0x800 load address 0x08022108
                0x2001a2e8                . = ALIGN (0x8)
 *(.co_stack .co_stack.*)
 .co_stack      0x2001a2e8      0x800 ..\obj\startup_stm32f4xx.o
                0x2001a2e8                pulStack
                0x20020000                __StackTop = (ORIGIN (ram) + 0x20000)
                0x2001f800                __StackLimit = (__StackTop - SIZEOF (.co_stack))
                0x20020000                PROVIDE (__stack, __StackTop)
                0x00000001                ASSERT ((__StackLimit >= __HeapLimit), region ram  overflowed with stack)
LOAD ..\obj\Zero.o
LOAD ..\obj\button.o
LOAD ..\obj\stm32f4xx_pwr.o
LOAD ..\obj\LCD_System.o
LOAD ..\obj\Driver_Font.o
LOAD ..\obj\startup_stm32f4xx.o
LOAD ..\obj\Dimmer.o
LOAD ..\obj\Config_RA8875.o
LOAD ..\obj\main.o
LOAD ..\obj\stm32f4xx_rcc.o
LOAD ..\obj\Test.o
LOAD ..\obj\Delay.o
LOAD ..\obj\Driver_RA8875.o
LOAD ..\obj\stm32f4xx_fsmc.o
LOAD ..\obj\stm32f4xx_gpio.o
LOAD ..\obj\stm32f4xx_flash.o
LOAD ..\obj\Interface_RA8875.o
LOAD ..\obj\system_stm32f4xx.o
LOAD ..\obj\syscalls.o
LOAD ..\obj\tm_stm32f4_rtc.o
LOAD ..\obj\Driver_Lights.o
LOAD ..\obj\stm32f4xx_exti.o
LOAD ..\obj\CheckFrecuency.o
LOAD ..\obj\misc.o
LOAD ..\obj\stm32f4xx_rtc.o
LOAD ..\obj\stm32f4xx_tim.o
START GROUP
LOAD c:/program files (x86)/gnu tools arm embedded/4.9 2015q2/bin/../lib/gcc/arm-none-eabi/4.9.3/armv7e-m\libgcc.a
LOAD c:/program files (x86)/gnu tools arm embedded/4.9 2015q2/bin/../lib/gcc/arm-none-eabi/4.9.3/../../../../arm-none-eabi/lib/armv7e-m\libg.a
LOAD c:/program files (x86)/gnu tools arm embedded/4.9 2015q2/bin/../lib/gcc/arm-none-eabi/4.9.3/../../../../arm-none-eabi/lib/armv7e-m\libc.a
END GROUP
OUTPUT(Prueba1.elf elf32-littlearm)

.debug_info     0x00000000     0xb7fc
 .debug_info    0x00000000      0x346 ..\obj\button.o
 .debug_info    0x00000346      0x4fc ..\obj\stm32f4xx_pwr.o
 .debug_info    0x00000842      0x356 ..\obj\LCD_System.o
 .debug_info    0x00000b98      0x20f ..\obj\Driver_Font.o
 .debug_info    0x00000da7       0xed ..\obj\startup_stm32f4xx.o
 .debug_info    0x00000e94      0x9a1 ..\obj\Dimmer.o
 .debug_info    0x00001835      0x7e3 ..\obj\Config_RA8875.o
 .debug_info    0x00002018      0x736 ..\obj\main.o
 .debug_info    0x0000274e      0xc4d ..\obj\stm32f4xx_rcc.o
 .debug_info    0x0000339b      0x702 ..\obj\Delay.o
 .debug_info    0x00003a9d     0x1bf0 ..\obj\Driver_RA8875.o
 .debug_info    0x0000568d      0x8f5 ..\obj\stm32f4xx_fsmc.o
 .debug_info    0x00005f82      0x602 ..\obj\stm32f4xx_gpio.o
 .debug_info    0x00006584      0x246 ..\obj\Interface_RA8875.o
 .debug_info    0x000067ca      0x592 ..\obj\system_stm32f4xx.o
 .debug_info    0x00006d5c      0x3ee ..\obj\syscalls.o
 .debug_info    0x0000714a      0xdc5 ..\obj\tm_stm32f4_rtc.o
 .debug_info    0x00007f0f      0x329 ..\obj\Driver_Lights.o
 .debug_info    0x00008238      0x347 ..\obj\stm32f4xx_exti.o
 .debug_info    0x0000857f      0x53d ..\obj\misc.o
 .debug_info    0x00008abc     0x10df ..\obj\stm32f4xx_rtc.o
 .debug_info    0x00009b9b     0x1c61 ..\obj\stm32f4xx_tim.o

.debug_abbrev   0x00000000     0x1e40
 .debug_abbrev  0x00000000       0xda ..\obj\button.o
 .debug_abbrev  0x000000da      0x17f ..\obj\stm32f4xx_pwr.o
 .debug_abbrev  0x00000259      0x144 ..\obj\LCD_System.o
 .debug_abbrev  0x0000039d      0x150 ..\obj\Driver_Font.o
 .debug_abbrev  0x000004ed       0xb0 ..\obj\startup_stm32f4xx.o
 .debug_abbrev  0x0000059d      0x181 ..\obj\Dimmer.o
 .debug_abbrev  0x0000071e      0x183 ..\obj\Config_RA8875.o
 .debug_abbrev  0x000008a1      0x17c ..\obj\main.o
 .debug_abbrev  0x00000a1d      0x1e3 ..\obj\stm32f4xx_rcc.o
 .debug_abbrev  0x00000c00      0x1a6 ..\obj\Delay.o
 .debug_abbrev  0x00000da6      0x148 ..\obj\Driver_RA8875.o
 .debug_abbrev  0x00000eee      0x170 ..\obj\stm32f4xx_fsmc.o
 .debug_abbrev  0x0000105e      0x1a3 ..\obj\stm32f4xx_gpio.o
 .debug_abbrev  0x00001201       0xd5 ..\obj\Interface_RA8875.o
 .debug_abbrev  0x000012d6      0x136 ..\obj\system_stm32f4xx.o
 .debug_abbrev  0x0000140c       0xe2 ..\obj\syscalls.o
 .debug_abbrev  0x000014ee      0x21c ..\obj\tm_stm32f4_rtc.o
 .debug_abbrev  0x0000170a      0x117 ..\obj\Driver_Lights.o
 .debug_abbrev  0x00001821      0x1a5 ..\obj\stm32f4xx_exti.o
 .debug_abbrev  0x000019c6      0x145 ..\obj\misc.o
 .debug_abbrev  0x00001b0b      0x1ae ..\obj\stm32f4xx_rtc.o
 .debug_abbrev  0x00001cb9      0x187 ..\obj\stm32f4xx_tim.o

.debug_aranges  0x00000000     0x14f8
 .debug_aranges
                0x00000000       0x30 ..\obj\button.o
 .debug_aranges
                0x00000030       0x78 ..\obj\stm32f4xx_pwr.o
 .debug_aranges
                0x000000a8       0x50 ..\obj\LCD_System.o
 .debug_aranges
                0x000000f8       0x50 ..\obj\Driver_Font.o
 .debug_aranges
                0x00000148       0x28 ..\obj\startup_stm32f4xx.o
 .debug_aranges
                0x00000170       0x50 ..\obj\Dimmer.o
 .debug_aranges
                0x000001c0       0x60 ..\obj\Config_RA8875.o
 .debug_aranges
                0x00000220       0x30 ..\obj\main.o
 .debug_aranges
                0x00000250      0x178 ..\obj\stm32f4xx_rcc.o
 .debug_aranges
                0x000003c8       0x48 ..\obj\Delay.o
 .debug_aranges
                0x00000410      0x848 ..\obj\Driver_RA8875.o
 .debug_aranges
                0x00000c58       0xb0 ..\obj\stm32f4xx_fsmc.o
 .debug_aranges
                0x00000d08       0x88 ..\obj\stm32f4xx_gpio.o
 .debug_aranges
                0x00000d90       0x60 ..\obj\Interface_RA8875.o
 .debug_aranges
                0x00000df0       0x30 ..\obj\system_stm32f4xx.o
 .debug_aranges
                0x00000e20       0x60 ..\obj\syscalls.o
 .debug_aranges
                0x00000e80       0xa8 ..\obj\tm_stm32f4_rtc.o
 .debug_aranges
                0x00000f28       0x60 ..\obj\Driver_Lights.o
 .debug_aranges
                0x00000f88       0x58 ..\obj\stm32f4xx_exti.o
 .debug_aranges
                0x00000fe0       0x40 ..\obj\misc.o
 .debug_aranges
                0x00001020      0x1e0 ..\obj\stm32f4xx_rtc.o
 .debug_aranges
                0x00001200      0x2f8 ..\obj\stm32f4xx_tim.o

.debug_ranges   0x00000000     0x1398
 .debug_ranges  0x00000000       0x20 ..\obj\button.o
 .debug_ranges  0x00000020       0x68 ..\obj\stm32f4xx_pwr.o
 .debug_ranges  0x00000088       0x40 ..\obj\LCD_System.o
 .debug_ranges  0x000000c8       0x40 ..\obj\Driver_Font.o
 .debug_ranges  0x00000108       0x18 ..\obj\startup_stm32f4xx.o
 .debug_ranges  0x00000120       0x40 ..\obj\Dimmer.o
 .debug_ranges  0x00000160       0x50 ..\obj\Config_RA8875.o
 .debug_ranges  0x000001b0       0x20 ..\obj\main.o
 .debug_ranges  0x000001d0      0x168 ..\obj\stm32f4xx_rcc.o
 .debug_ranges  0x00000338       0x38 ..\obj\Delay.o
 .debug_ranges  0x00000370      0x838 ..\obj\Driver_RA8875.o
 .debug_ranges  0x00000ba8       0xa0 ..\obj\stm32f4xx_fsmc.o
 .debug_ranges  0x00000c48       0x78 ..\obj\stm32f4xx_gpio.o
 .debug_ranges  0x00000cc0       0x50 ..\obj\Interface_RA8875.o
 .debug_ranges  0x00000d10       0x20 ..\obj\system_stm32f4xx.o
 .debug_ranges  0x00000d30       0x50 ..\obj\syscalls.o
 .debug_ranges  0x00000d80       0x98 ..\obj\tm_stm32f4_rtc.o
 .debug_ranges  0x00000e18       0x50 ..\obj\Driver_Lights.o
 .debug_ranges  0x00000e68       0x48 ..\obj\stm32f4xx_exti.o
 .debug_ranges  0x00000eb0       0x30 ..\obj\misc.o
 .debug_ranges  0x00000ee0      0x1d0 ..\obj\stm32f4xx_rtc.o
 .debug_ranges  0x000010b0      0x2e8 ..\obj\stm32f4xx_tim.o

.debug_line     0x00000000     0x64b5
 .debug_line    0x00000000      0x22c ..\obj\button.o
 .debug_line    0x0000022c      0x317 ..\obj\stm32f4xx_pwr.o
 .debug_line    0x00000543      0x2dd ..\obj\LCD_System.o
 .debug_line    0x00000820      0x263 ..\obj\Driver_Font.o
 .debug_line    0x00000a83       0xbb ..\obj\startup_stm32f4xx.o
 .debug_line    0x00000b3e      0x349 ..\obj\Dimmer.o
 .debug_line    0x00000e87      0x3aa ..\obj\Config_RA8875.o
 .debug_line    0x00001231      0x3ac ..\obj\main.o
 .debug_line    0x000015dd      0x61d ..\obj\stm32f4xx_rcc.o
 .debug_line    0x00001bfa      0x291 ..\obj\Delay.o
 .debug_line    0x00001e8b     0x14e0 ..\obj\Driver_RA8875.o
 .debug_line    0x0000336b      0x4d0 ..\obj\stm32f4xx_fsmc.o
 .debug_line    0x0000383b      0x3bf ..\obj\stm32f4xx_gpio.o
 .debug_line    0x00003bfa      0x24b ..\obj\Interface_RA8875.o
 .debug_line    0x00003e45      0x236 ..\obj\system_stm32f4xx.o
 .debug_line    0x0000407b      0x192 ..\obj\syscalls.o
 .debug_line    0x0000420d      0x641 ..\obj\tm_stm32f4_rtc.o
 .debug_line    0x0000484e      0x2ff ..\obj\Driver_Lights.o
 .debug_line    0x00004b4d      0x321 ..\obj\stm32f4xx_exti.o
 .debug_line    0x00004e6e      0x2c1 ..\obj\misc.o
 .debug_line    0x0000512f      0x8a0 ..\obj\stm32f4xx_rtc.o
 .debug_line    0x000059cf      0xae6 ..\obj\stm32f4xx_tim.o

.debug_str      0x00000000     0x552e
 .debug_str     0x00000000      0x201 ..\obj\button.o
                                0x254 (size before relaxing)
 .debug_str     0x00000201      0x24d ..\obj\stm32f4xx_pwr.o
                                0x3ab (size before relaxing)
 .debug_str     0x0000044e      0x10c ..\obj\LCD_System.o
                                0x283 (size before relaxing)
 .debug_str     0x0000055a       0xc9 ..\obj\Driver_Font.o
                                0x250 (size before relaxing)
 .debug_str     0x00000623       0xca ..\obj\startup_stm32f4xx.o
                                0x161 (size before relaxing)
 .debug_str     0x000006ed      0xa37 ..\obj\Dimmer.o
                                0xc15 (size before relaxing)
 .debug_str     0x00001124      0x3b9 ..\obj\Config_RA8875.o
                                0x816 (size before relaxing)
 .debug_str     0x000014dd      0x2ca ..\obj\main.o
                                0xb29 (size before relaxing)
 .debug_str     0x000017a7      0x64f ..\obj\stm32f4xx_rcc.o
                                0x86a (size before relaxing)
 .debug_str     0x00001df6      0x117 ..\obj\Delay.o
                                0x7fb (size before relaxing)
 .debug_str     0x00001f0d     0x145e ..\obj\Driver_RA8875.o
                               0x1691 (size before relaxing)
 .debug_str     0x0000336b      0x412 ..\obj\stm32f4xx_fsmc.o
                                0x7a4 (size before relaxing)
 .debug_str     0x0000377d      0x1a8 ..\obj\stm32f4xx_gpio.o
                                0x4bd (size before relaxing)
 .debug_str     0x00003925      0x101 ..\obj\Interface_RA8875.o
                                0x267 (size before relaxing)
 .debug_str     0x00003a26       0xc2 ..\obj\system_stm32f4xx.o
                                0x3c4 (size before relaxing)
 .debug_str     0x00003ae8      0x176 ..\obj\syscalls.o
                                0x306 (size before relaxing)
 .debug_str     0x00003c5e      0x4e4 ..\obj\tm_stm32f4_rtc.o
                                0xef8 (size before relaxing)
 .debug_str     0x00004142       0xbe ..\obj\Driver_Lights.o
                                0x3b5 (size before relaxing)
 .debug_str     0x00004200       0xfa ..\obj\stm32f4xx_exti.o
                                0x373 (size before relaxing)
 .debug_str     0x000042fa      0x116 ..\obj\misc.o
                                0x3e8 (size before relaxing)
 .debug_str     0x00004410      0x70f ..\obj\stm32f4xx_rtc.o
                                0xb62 (size before relaxing)
 .debug_str     0x00004b1f      0xa0f ..\obj\stm32f4xx_tim.o
                                0xdea (size before relaxing)

.comment        0x00000000       0x70
 .comment       0x00000000       0x70 ..\obj\button.o
                                 0x71 (size before relaxing)
 .comment       0x00000000       0x71 ..\obj\stm32f4xx_pwr.o
 .comment       0x00000000       0x71 ..\obj\LCD_System.o
 .comment       0x00000000       0x71 ..\obj\Driver_Font.o
 .comment       0x00000000       0x71 ..\obj\startup_stm32f4xx.o
 .comment       0x00000000       0x71 ..\obj\Dimmer.o
 .comment       0x00000000       0x71 ..\obj\Config_RA8875.o
 .comment       0x00000000       0x71 ..\obj\main.o
 .comment       0x00000000       0x71 ..\obj\stm32f4xx_rcc.o
 .comment       0x00000000       0x71 ..\obj\Delay.o
 .comment       0x00000000       0x71 ..\obj\Driver_RA8875.o
 .comment       0x00000000       0x71 ..\obj\stm32f4xx_fsmc.o
 .comment       0x00000000       0x71 ..\obj\stm32f4xx_gpio.o
 .comment       0x00000000       0x71 ..\obj\Interface_RA8875.o
 .comment       0x00000000       0x71 ..\obj\system_stm32f4xx.o
 .comment       0x00000000       0x71 ..\obj\syscalls.o
 .comment       0x00000000       0x71 ..\obj\tm_stm32f4_rtc.o
 .comment       0x00000000       0x71 ..\obj\Driver_Lights.o
 .comment       0x00000000       0x71 ..\obj\stm32f4xx_exti.o
 .comment       0x00000000       0x71 ..\obj\misc.o
 .comment       0x00000000       0x71 ..\obj\stm32f4xx_rtc.o
 .comment       0x00000000       0x71 ..\obj\stm32f4xx_tim.o

.ARM.attributes
                0x00000000       0x31
 .ARM.attributes
                0x00000000       0x33 ..\obj\button.o
 .ARM.attributes
                0x00000033       0x33 ..\obj\stm32f4xx_pwr.o
 .ARM.attributes
                0x00000066       0x33 ..\obj\LCD_System.o
 .ARM.attributes
                0x00000099       0x33 ..\obj\Driver_Font.o
 .ARM.attributes
                0x000000cc       0x33 ..\obj\startup_stm32f4xx.o
 .ARM.attributes
                0x000000ff       0x33 ..\obj\Dimmer.o
 .ARM.attributes
                0x00000132       0x33 ..\obj\Config_RA8875.o
 .ARM.attributes
                0x00000165       0x33 ..\obj\main.o
 .ARM.attributes
                0x00000198       0x33 ..\obj\stm32f4xx_rcc.o
 .ARM.attributes
                0x000001cb       0x33 ..\obj\Delay.o
 .ARM.attributes
                0x000001fe       0x33 ..\obj\Driver_RA8875.o
 .ARM.attributes
                0x00000231       0x33 ..\obj\stm32f4xx_fsmc.o
 .ARM.attributes
                0x00000264       0x33 ..\obj\stm32f4xx_gpio.o
 .ARM.attributes
                0x00000297       0x33 ..\obj\Interface_RA8875.o
 .ARM.attributes
                0x000002ca       0x33 ..\obj\system_stm32f4xx.o
 .ARM.attributes
                0x000002fd       0x33 ..\obj\syscalls.o
 .ARM.attributes
                0x00000330       0x33 ..\obj\tm_stm32f4_rtc.o
 .ARM.attributes
                0x00000363       0x33 ..\obj\Driver_Lights.o
 .ARM.attributes
                0x00000396       0x33 ..\obj\stm32f4xx_exti.o
 .ARM.attributes
                0x000003c9       0x33 ..\obj\misc.o
 .ARM.attributes
                0x000003fc       0x33 ..\obj\stm32f4xx_rtc.o
 .ARM.attributes
                0x0000042f       0x33 ..\obj\stm32f4xx_tim.o
 .ARM.attributes
                0x00000462       0x1e c:/program files (x86)/gnu tools arm embedded/4.9 2015q2/bin/../lib/gcc/arm-none-eabi/4.9.3/armv7e-m\libgcc.a(_arm_addsubdf3.o)
 .ARM.attributes
                0x00000480       0x1e c:/program files (x86)/gnu tools arm embedded/4.9 2015q2/bin/../lib/gcc/arm-none-eabi/4.9.3/armv7e-m\libgcc.a(_arm_muldivdf3.o)
 .ARM.attributes
                0x0000049e       0x2e c:/program files (x86)/gnu tools arm embedded/4.9 2015q2/bin/../lib/gcc/arm-none-eabi/4.9.3/../../../../arm-none-eabi/lib/armv7e-m\libg.a(lib_a-sprintf.o)
 .ARM.attributes
                0x000004cc       0x2e c:/program files (x86)/gnu tools arm embedded/4.9 2015q2/bin/../lib/gcc/arm-none-eabi/4.9.3/../../../../arm-none-eabi/lib/armv7e-m\libg.a(lib_a-svfprintf.o)
 .ARM.attributes
                0x000004fa       0x2e c:/program files (x86)/gnu tools arm embedded/4.9 2015q2/bin/../lib/gcc/arm-none-eabi/4.9.3/../../../../arm-none-eabi/lib/armv7e-m\libg.a(lib_a-dtoa.o)
 .ARM.attributes
                0x00000528       0x2e c:/program files (x86)/gnu tools arm embedded/4.9 2015q2/bin/../lib/gcc/arm-none-eabi/4.9.3/../../../../arm-none-eabi/lib/armv7e-m\libg.a(lib_a-impure.o)
 .ARM.attributes
                0x00000556       0x2e c:/program files (x86)/gnu tools arm embedded/4.9 2015q2/bin/../lib/gcc/arm-none-eabi/4.9.3/../../../../arm-none-eabi/lib/armv7e-m\libg.a(lib_a-locale.o)
 .ARM.attributes
                0x00000584       0x2e c:/program files (x86)/gnu tools arm embedded/4.9 2015q2/bin/../lib/gcc/arm-none-eabi/4.9.3/../../../../arm-none-eabi/lib/armv7e-m\libg.a(lib_a-mallocr.o)
 .ARM.attributes
                0x000005b2       0x2e c:/program files (x86)/gnu tools arm embedded/4.9 2015q2/bin/../lib/gcc/arm-none-eabi/4.9.3/../../../../arm-none-eabi/lib/armv7e-m\libg.a(lib_a-memchr.o)
 .ARM.attributes
                0x000005e0       0x1c c:/program files (x86)/gnu tools arm embedded/4.9 2015q2/bin/../lib/gcc/arm-none-eabi/4.9.3/../../../../arm-none-eabi/lib/armv7e-m\libg.a(lib_a-memcpy.o)
 .ARM.attributes
                0x000005fc       0x2e c:/program files (x86)/gnu tools arm embedded/4.9 2015q2/bin/../lib/gcc/arm-none-eabi/4.9.3/../../../../arm-none-eabi/lib/armv7e-m\libg.a(lib_a-mlock.o)
 .ARM.attributes
                0x0000062a       0x2e c:/program files (x86)/gnu tools arm embedded/4.9 2015q2/bin/../lib/gcc/arm-none-eabi/4.9.3/../../../../arm-none-eabi/lib/armv7e-m\libg.a(lib_a-mprec.o)
 .ARM.attributes
                0x00000658       0x2e c:/program files (x86)/gnu tools arm embedded/4.9 2015q2/bin/../lib/gcc/arm-none-eabi/4.9.3/../../../../arm-none-eabi/lib/armv7e-m\libg.a(lib_a-s_fpclassify.o)
 .ARM.attributes
                0x00000686       0x2e c:/program files (x86)/gnu tools arm embedded/4.9 2015q2/bin/../lib/gcc/arm-none-eabi/4.9.3/../../../../arm-none-eabi/lib/armv7e-m\libg.a(lib_a-sbrkr.o)
 .ARM.attributes
                0x000006b4       0x2e c:/program files (x86)/gnu tools arm embedded/4.9 2015q2/bin/../lib/gcc/arm-none-eabi/4.9.3/../../../../arm-none-eabi/lib/armv7e-m\libg.a(lib_a-strlen.o)
 .ARM.attributes
                0x000006e2       0x2e c:/program files (x86)/gnu tools arm embedded/4.9 2015q2/bin/../lib/gcc/arm-none-eabi/4.9.3/../../../../arm-none-eabi/lib/armv7e-m\libg.a(lib_a-svfiprintf.o)
 .ARM.attributes
                0x00000710       0x2e c:/program files (x86)/gnu tools arm embedded/4.9 2015q2/bin/../lib/gcc/arm-none-eabi/4.9.3/../../../../arm-none-eabi/lib/armv7e-m\libg.a(lib_a-callocr.o)
 .ARM.attributes
                0x0000073e       0x2e c:/program files (x86)/gnu tools arm embedded/4.9 2015q2/bin/../lib/gcc/arm-none-eabi/4.9.3/../../../../arm-none-eabi/lib/armv7e-m\libg.a(lib_a-freer.o)
 .ARM.attributes
                0x0000076c       0x2e c:/program files (x86)/gnu tools arm embedded/4.9 2015q2/bin/../lib/gcc/arm-none-eabi/4.9.3/../../../../arm-none-eabi/lib/armv7e-m\libg.a(lib_a-memmove.o)
 .ARM.attributes
                0x0000079a       0x2e c:/program files (x86)/gnu tools arm embedded/4.9 2015q2/bin/../lib/gcc/arm-none-eabi/4.9.3/../../../../arm-none-eabi/lib/armv7e-m\libg.a(lib_a-memset.o)
 .ARM.attributes
                0x000007c8       0x2e c:/program files (x86)/gnu tools arm embedded/4.9 2015q2/bin/../lib/gcc/arm-none-eabi/4.9.3/../../../../arm-none-eabi/lib/armv7e-m\libg.a(lib_a-reallocr.o)
 .ARM.attributes
                0x000007f6       0x2e c:/program files (x86)/gnu tools arm embedded/4.9 2015q2/bin/../lib/gcc/arm-none-eabi/4.9.3/../../../../arm-none-eabi/lib/armv7e-m\libg.a(lib_a-reent.o)
 .ARM.attributes
                0x00000824       0x1e c:/program files (x86)/gnu tools arm embedded/4.9 2015q2/bin/../lib/gcc/arm-none-eabi/4.9.3/armv7e-m\libgcc.a(_arm_cmpdf2.o)
 .ARM.attributes
                0x00000842       0x1e c:/program files (x86)/gnu tools arm embedded/4.9 2015q2/bin/../lib/gcc/arm-none-eabi/4.9.3/armv7e-m\libgcc.a(_arm_fixdfsi.o)
 .ARM.attributes
                0x00000860       0x1e c:/program files (x86)/gnu tools arm embedded/4.9 2015q2/bin/../lib/gcc/arm-none-eabi/4.9.3/armv7e-m\libgcc.a(_aeabi_uldivmod.o)
 .ARM.attributes
                0x0000087e       0x2e c:/program files (x86)/gnu tools arm embedded/4.9 2015q2/bin/../lib/gcc/arm-none-eabi/4.9.3/armv7e-m\libgcc.a(bpabi.o)
 .ARM.attributes
                0x000008ac       0x1e c:/program files (x86)/gnu tools arm embedded/4.9 2015q2/bin/../lib/gcc/arm-none-eabi/4.9.3/armv7e-m\libgcc.a(_dvmd_tls.o)
 .ARM.attributes
                0x000008ca       0x2e c:/program files (x86)/gnu tools arm embedded/4.9 2015q2/bin/../lib/gcc/arm-none-eabi/4.9.3/armv7e-m\libgcc.a(_divdi3.o)
 .ARM.attributes
                0x000008f8       0x2e c:/program files (x86)/gnu tools arm embedded/4.9 2015q2/bin/../lib/gcc/arm-none-eabi/4.9.3/armv7e-m\libgcc.a(_udivdi3.o)

.debug_frame    0x00000000     0x5bf4
 .debug_frame   0x00000000       0x84 ..\obj\button.o
 .debug_frame   0x00000084      0x1dc ..\obj\stm32f4xx_pwr.o
 .debug_frame   0x00000260       0xf8 ..\obj\LCD_System.o
 .debug_frame   0x00000358       0xfc ..\obj\Driver_Font.o
 .debug_frame   0x00000454       0x4c ..\obj\startup_stm32f4xx.o
 .debug_frame   0x000004a0       0xe8 ..\obj\Dimmer.o
 .debug_frame   0x00000588      0x148 ..\obj\Config_RA8875.o
 .debug_frame   0x000006d0       0x7c ..\obj\main.o
 .debug_frame   0x0000074c      0x6d4 ..\obj\stm32f4xx_rcc.o
 .debug_frame   0x00000e20       0xe8 ..\obj\Delay.o
 .debug_frame   0x00000f08     0x1efc ..\obj\Driver_RA8875.o
 .debug_frame   0x00002e04      0x300 ..\obj\stm32f4xx_fsmc.o
 .debug_frame   0x00003104      0x23c ..\obj\stm32f4xx_gpio.o
 .debug_frame   0x00003340      0x154 ..\obj\Interface_RA8875.o
 .debug_frame   0x00003494       0x7c ..\obj\system_stm32f4xx.o
 .debug_frame   0x00003510      0x168 ..\obj\syscalls.o
 .debug_frame   0x00003678      0x2a4 ..\obj\tm_stm32f4_rtc.o
 .debug_frame   0x0000391c      0x114 ..\obj\Driver_Lights.o
 .debug_frame   0x00003a30      0x148 ..\obj\stm32f4xx_exti.o
 .debug_frame   0x00003b78       0xd8 ..\obj\misc.o
 .debug_frame   0x00003c50      0x8b0 ..\obj\stm32f4xx_rtc.o
 .debug_frame   0x00004500      0xe54 ..\obj\stm32f4xx_tim.o
 .debug_frame   0x00005354       0x84 c:/program files (x86)/gnu tools arm embedded/4.9 2015q2/bin/../lib/gcc/arm-none-eabi/4.9.3/../../../../arm-none-eabi/lib/armv7e-m\libg.a(lib_a-sprintf.o)
 .debug_frame   0x000053d8       0x40 c:/program files (x86)/gnu tools arm embedded/4.9 2015q2/bin/../lib/gcc/arm-none-eabi/4.9.3/../../../../arm-none-eabi/lib/armv7e-m\libg.a(lib_a-svfprintf.o)
 .debug_frame   0x00005418       0x88 c:/program files (x86)/gnu tools arm embedded/4.9 2015q2/bin/../lib/gcc/arm-none-eabi/4.9.3/../../../../arm-none-eabi/lib/armv7e-m\libg.a(lib_a-dtoa.o)
 .debug_frame   0x000054a0       0x9c c:/program files (x86)/gnu tools arm embedded/4.9 2015q2/bin/../lib/gcc/arm-none-eabi/4.9.3/../../../../arm-none-eabi/lib/armv7e-m\libg.a(lib_a-locale.o)
 .debug_frame   0x0000553c       0x58 c:/program files (x86)/gnu tools arm embedded/4.9 2015q2/bin/../lib/gcc/arm-none-eabi/4.9.3/../../../../arm-none-eabi/lib/armv7e-m\libg.a(lib_a-mallocr.o)
 .debug_frame   0x00005594       0x3c c:/program files (x86)/gnu tools arm embedded/4.9 2015q2/bin/../lib/gcc/arm-none-eabi/4.9.3/../../../../arm-none-eabi/lib/armv7e-m\libg.a(lib_a-memchr.o)
 .debug_frame   0x000055d0       0x30 c:/program files (x86)/gnu tools arm embedded/4.9 2015q2/bin/../lib/gcc/arm-none-eabi/4.9.3/../../../../arm-none-eabi/lib/armv7e-m\libg.a(lib_a-mlock.o)
 .debug_frame   0x00005600      0x268 c:/program files (x86)/gnu tools arm embedded/4.9 2015q2/bin/../lib/gcc/arm-none-eabi/4.9.3/../../../../arm-none-eabi/lib/armv7e-m\libg.a(lib_a-mprec.o)
 .debug_frame   0x00005868       0x34 c:/program files (x86)/gnu tools arm embedded/4.9 2015q2/bin/../lib/gcc/arm-none-eabi/4.9.3/../../../../arm-none-eabi/lib/armv7e-m\libg.a(lib_a-s_fpclassify.o)
 .debug_frame   0x0000589c       0x2c c:/program files (x86)/gnu tools arm embedded/4.9 2015q2/bin/../lib/gcc/arm-none-eabi/4.9.3/../../../../arm-none-eabi/lib/armv7e-m\libg.a(lib_a-sbrkr.o)
 .debug_frame   0x000058c8       0x20 c:/program files (x86)/gnu tools arm embedded/4.9 2015q2/bin/../lib/gcc/arm-none-eabi/4.9.3/../../../../arm-none-eabi/lib/armv7e-m\libg.a(lib_a-strlen.o)
 .debug_frame   0x000058e8       0x78 c:/program files (x86)/gnu tools arm embedded/4.9 2015q2/bin/../lib/gcc/arm-none-eabi/4.9.3/../../../../arm-none-eabi/lib/armv7e-m\libg.a(lib_a-svfiprintf.o)
 .debug_frame   0x00005960       0x28 c:/program files (x86)/gnu tools arm embedded/4.9 2015q2/bin/../lib/gcc/arm-none-eabi/4.9.3/../../../../arm-none-eabi/lib/armv7e-m\libg.a(lib_a-callocr.o)
 .debug_frame   0x00005988       0x74 c:/program files (x86)/gnu tools arm embedded/4.9 2015q2/bin/../lib/gcc/arm-none-eabi/4.9.3/../../../../arm-none-eabi/lib/armv7e-m\libg.a(lib_a-freer.o)
 .debug_frame   0x000059fc       0x30 c:/program files (x86)/gnu tools arm embedded/4.9 2015q2/bin/../lib/gcc/arm-none-eabi/4.9.3/../../../../arm-none-eabi/lib/armv7e-m\libg.a(lib_a-memmove.o)
 .debug_frame   0x00005a2c       0x34 c:/program files (x86)/gnu tools arm embedded/4.9 2015q2/bin/../lib/gcc/arm-none-eabi/4.9.3/../../../../arm-none-eabi/lib/armv7e-m\libg.a(lib_a-memset.o)
 .debug_frame   0x00005a60       0x60 c:/program files (x86)/gnu tools arm embedded/4.9 2015q2/bin/../lib/gcc/arm-none-eabi/4.9.3/../../../../arm-none-eabi/lib/armv7e-m\libg.a(lib_a-reallocr.o)
 .debug_frame   0x00005ac0       0x58 c:/program files (x86)/gnu tools arm embedded/4.9 2015q2/bin/../lib/gcc/arm-none-eabi/4.9.3/../../../../arm-none-eabi/lib/armv7e-m\libg.a(lib_a-reent.o)
 .debug_frame   0x00005b18       0x28 c:/program files (x86)/gnu tools arm embedded/4.9 2015q2/bin/../lib/gcc/arm-none-eabi/4.9.3/armv7e-m\libgcc.a(_aeabi_uldivmod.o)
 .debug_frame   0x00005b40       0x50 c:/program files (x86)/gnu tools arm embedded/4.9 2015q2/bin/../lib/gcc/arm-none-eabi/4.9.3/armv7e-m\libgcc.a(bpabi.o)
 .debug_frame   0x00005b90       0x34 c:/program files (x86)/gnu tools arm embedded/4.9 2015q2/bin/../lib/gcc/arm-none-eabi/4.9.3/armv7e-m\libgcc.a(_divdi3.o)
 .debug_frame   0x00005bc4       0x30 c:/program files (x86)/gnu tools arm embedded/4.9 2015q2/bin/../lib/gcc/arm-none-eabi/4.9.3/armv7e-m\libgcc.a(_udivdi3.o)
