Archive member included because of file (symbol)

c:/program files (x86)/gnu tools arm embedded/4.9 2015q1/bin/../lib/gcc/arm-none-eabi/4.9.3/../../../../arm-none-eabi/lib/armv7e-m\libg.a(lib_a-sprintf.o)
                              ..\obj\main.o (sprintf)
c:/program files (x86)/gnu tools arm embedded/4.9 2015q1/bin/../lib/gcc/arm-none-eabi/4.9.3/../../../../arm-none-eabi/lib/armv7e-m\libg.a(lib_a-svfprintf.o)
                              c:/program files (x86)/gnu tools arm embedded/4.9 2015q1/bin/../lib/gcc/arm-none-eabi/4.9.3/../../../../arm-none-eabi/lib/armv7e-m\libg.a(lib_a-sprintf.o) (_svfprintf_r)
c:/program files (x86)/gnu tools arm embedded/4.9 2015q1/bin/../lib/gcc/arm-none-eabi/4.9.3/../../../../arm-none-eabi/lib/armv7e-m\libg.a(lib_a-dtoa.o)
                              c:/program files (x86)/gnu tools arm embedded/4.9 2015q1/bin/../lib/gcc/arm-none-eabi/4.9.3/../../../../arm-none-eabi/lib/armv7e-m\libg.a(lib_a-svfprintf.o) (_dtoa_r)
c:/program files (x86)/gnu tools arm embedded/4.9 2015q1/bin/../lib/gcc/arm-none-eabi/4.9.3/../../../../arm-none-eabi/lib/armv7e-m\libg.a(lib_a-impure.o)
                              c:/program files (x86)/gnu tools arm embedded/4.9 2015q1/bin/../lib/gcc/arm-none-eabi/4.9.3/../../../../arm-none-eabi/lib/armv7e-m\libg.a(lib_a-sprintf.o) (_impure_ptr)
c:/program files (x86)/gnu tools arm embedded/4.9 2015q1/bin/../lib/gcc/arm-none-eabi/4.9.3/../../../../arm-none-eabi/lib/armv7e-m\libg.a(lib_a-locale.o)
                              c:/program files (x86)/gnu tools arm embedded/4.9 2015q1/bin/../lib/gcc/arm-none-eabi/4.9.3/../../../../arm-none-eabi/lib/armv7e-m\libg.a(lib_a-svfprintf.o) (_localeconv_r)
c:/program files (x86)/gnu tools arm embedded/4.9 2015q1/bin/../lib/gcc/arm-none-eabi/4.9.3/../../../../arm-none-eabi/lib/armv7e-m\libg.a(lib_a-mallocr.o)
                              c:/program files (x86)/gnu tools arm embedded/4.9 2015q1/bin/../lib/gcc/arm-none-eabi/4.9.3/../../../../arm-none-eabi/lib/armv7e-m\libg.a(lib_a-svfprintf.o) (_malloc_r)
c:/program files (x86)/gnu tools arm embedded/4.9 2015q1/bin/../lib/gcc/arm-none-eabi/4.9.3/../../../../arm-none-eabi/lib/armv7e-m\libg.a(lib_a-memchr.o)
                              c:/program files (x86)/gnu tools arm embedded/4.9 2015q1/bin/../lib/gcc/arm-none-eabi/4.9.3/../../../../arm-none-eabi/lib/armv7e-m\libg.a(lib_a-svfprintf.o) (memchr)
c:/program files (x86)/gnu tools arm embedded/4.9 2015q1/bin/../lib/gcc/arm-none-eabi/4.9.3/../../../../arm-none-eabi/lib/armv7e-m\libg.a(lib_a-memcpy.o)
                              c:/program files (x86)/gnu tools arm embedded/4.9 2015q1/bin/../lib/gcc/arm-none-eabi/4.9.3/../../../../arm-none-eabi/lib/armv7e-m\libg.a(lib_a-dtoa.o) (memcpy)
c:/program files (x86)/gnu tools arm embedded/4.9 2015q1/bin/../lib/gcc/arm-none-eabi/4.9.3/../../../../arm-none-eabi/lib/armv7e-m\libg.a(lib_a-mlock.o)
                              c:/program files (x86)/gnu tools arm embedded/4.9 2015q1/bin/../lib/gcc/arm-none-eabi/4.9.3/../../../../arm-none-eabi/lib/armv7e-m\libg.a(lib_a-mallocr.o) (__malloc_lock)
c:/program files (x86)/gnu tools arm embedded/4.9 2015q1/bin/../lib/gcc/arm-none-eabi/4.9.3/../../../../arm-none-eabi/lib/armv7e-m\libg.a(lib_a-mprec.o)
                              c:/program files (x86)/gnu tools arm embedded/4.9 2015q1/bin/../lib/gcc/arm-none-eabi/4.9.3/../../../../arm-none-eabi/lib/armv7e-m\libg.a(lib_a-dtoa.o) (_Balloc)
c:/program files (x86)/gnu tools arm embedded/4.9 2015q1/bin/../lib/gcc/arm-none-eabi/4.9.3/../../../../arm-none-eabi/lib/armv7e-m\libg.a(lib_a-s_fpclassify.o)
                              c:/program files (x86)/gnu tools arm embedded/4.9 2015q1/bin/../lib/gcc/arm-none-eabi/4.9.3/../../../../arm-none-eabi/lib/armv7e-m\libg.a(lib_a-svfprintf.o) (__fpclassifyd)
c:/program files (x86)/gnu tools arm embedded/4.9 2015q1/bin/../lib/gcc/arm-none-eabi/4.9.3/../../../../arm-none-eabi/lib/armv7e-m\libg.a(lib_a-sbrkr.o)
                              c:/program files (x86)/gnu tools arm embedded/4.9 2015q1/bin/../lib/gcc/arm-none-eabi/4.9.3/../../../../arm-none-eabi/lib/armv7e-m\libg.a(lib_a-mallocr.o) (_sbrk_r)
c:/program files (x86)/gnu tools arm embedded/4.9 2015q1/bin/../lib/gcc/arm-none-eabi/4.9.3/../../../../arm-none-eabi/lib/armv7e-m\libg.a(lib_a-strcmp.o)
                              c:/program files (x86)/gnu tools arm embedded/4.9 2015q1/bin/../lib/gcc/arm-none-eabi/4.9.3/../../../../arm-none-eabi/lib/armv7e-m\libg.a(lib_a-locale.o) (strcmp)
c:/program files (x86)/gnu tools arm embedded/4.9 2015q1/bin/../lib/gcc/arm-none-eabi/4.9.3/../../../../arm-none-eabi/lib/armv7e-m\libg.a(lib_a-strlen.o)
                              c:/program files (x86)/gnu tools arm embedded/4.9 2015q1/bin/../lib/gcc/arm-none-eabi/4.9.3/../../../../arm-none-eabi/lib/armv7e-m\libg.a(lib_a-svfprintf.o) (strlen)
[...]
Memory Configuration

Name             Origin             Length             Attributes
rom              0x08000000         0x00100000         xr
ram              0x20000000         0x00020000         xrw
ram1             0x10000000         0x00010000         xrw
*default*        0x00000000         0xffffffff

Linker script and memory map

                0x20020000                _eram = 0x20020000

.text           0x08000000     0x78f0
 *(.isr_vector)
 .isr_vector    0x08000000      0x188 ..\obj\startup_stm32f4xx.o
                0x08000000                g_pfnVectors
 *(.text*)
 .text.print_BTEImage
                0x08000188       0x78 ..\obj\button.o
                0x08000188                print_BTEImage
 .text.print_BTELogo
                0x08000200       0x78 ..\obj\button.o
                0x08000200                print_BTELogo
 .text.PWR_BackupAccessCmd
                0x08000278       0x20 ..\obj\stm32f4xx_pwr.o
                0x08000278                PWR_BackupAccessCmd
 .text.LCDPrintStr
                0x08000298      0x150 ..\obj\LCD_System.o
                0x08000298                LCDPrintStr
 .text.Show_String
                0x080003e8       0x38 ..\obj\LCD_System.o
                0x080003e8                Show_String
 .text.LCD_Clear
                0x08000420       0x34 ..\obj\LCD_System.o
                0x08000420                LCD_Clear
 .text.LCD_Reset
                0x08000454       0x28 ..\obj\LCD_System.o
                0x08000454                LCD_Reset
 .text.External_Font
                0x0800047c       0x34 ..\obj\Driver_Font.o
                0x0800047c                External_Font
 .text.TextMode_Normal
                0x080004b0       0x20 ..\obj\Driver_Font.o
                0x080004b0                TextMode_Normal
 .text.Default_Reset_Handler
                0x080004d0       0x58 ..\obj\startup_stm32f4xx.o
                0x080004d0                Default_Reset_Handler
                0x080004d0                Reset_Handler
 .text.Default_Handler
                0x08000528        0x8 ..\obj\startup_stm32f4xx.o
                0x08000528                HASH_RNG_IRQHandler
                0x08000528                EXTI2_IRQHandler
                0x08000528                TIM8_CC_IRQHandler
                0x08000528                DebugMon_Handler
                0x08000528                TIM1_CC_IRQHandler
                0x08000528                DMA2_Stream5_IRQHandler
                0x08000528                HardFault_Handler
                0x08000528                DMA1_Stream5_IRQHandler
                0x08000528                PVD_IRQHandler
                0x08000528                SDIO_IRQHandler
                0x08000528                TAMP_STAMP_IRQHandler
                0x08000528                PendSV_Handler
                0x08000528                NMI_Handler
                0x08000528                CAN2_RX1_IRQHandler
                0x08000528                EXTI3_IRQHandler
                0x08000528                TIM8_TRG_COM_TIM14_IRQHandler
                0x08000528                TIM1_UP_TIM10_IRQHandler
                0x08000528                TIM8_UP_TIM13_IRQHandler
                0x08000528                I2C3_ER_IRQHandler
                0x08000528                EXTI0_IRQHandler
                0x08000528                I2C2_EV_IRQHandler
                0x08000528                DMA1_Stream2_IRQHandler
                0x08000528                CAN1_RX0_IRQHandler
                0x08000528                FPU_IRQHandler
                0x08000528                OTG_HS_WKUP_IRQHandler
                0x08000528                UsageFault_Handler
                0x08000528                CAN2_SCE_IRQHandler
                0x08000528                DMA2_Stream2_IRQHandler
                0x08000528                SPI1_IRQHandler
                0x08000528                TIM6_DAC_IRQHandler
                0x08000528                TIM1_BRK_TIM9_IRQHandler
                0x08000528                DCMI_IRQHandler
                0x08000528                CAN2_RX0_IRQHandler
                0x08000528                DMA2_Stream3_IRQHandler
                0x08000528                USART6_IRQHandler
                0x08000528                USART3_IRQHandler
                0x08000528                CRYP_IRQHandler
                0x08000528                CAN1_RX1_IRQHandler
                0x08000528                UART5_IRQHandler
                0x08000528                DMA2_Stream0_IRQHandler
                0x08000528                TIM4_IRQHandler
                0x08000528                I2C1_EV_IRQHandler
                0x08000528                DMA1_Stream6_IRQHandler
                0x08000528                DMA1_Stream1_IRQHandler
                0x08000528                UART4_IRQHandler
                0x08000528                TIM3_IRQHandler
                0x08000528                RCC_IRQHandler
                0x08000528                TIM8_BRK_TIM12_IRQHandler
                0x08000528                EXTI15_10_IRQHandler
                0x08000528                ADC_IRQHandler
                0x08000528                DMA1_Stream7_IRQHandler
                0x08000528                TIM7_IRQHandler
                0x08000528                CAN2_TX_IRQHandler
                0x08000528                TIM5_IRQHandler
                0x08000528                DMA2_Stream7_IRQHandler
                0x08000528                I2C3_EV_IRQHandler
                0x08000528                EXTI9_5_IRQHandler
                0x08000528                ETH_WKUP_IRQHandler
                0x08000528                SPI2_IRQHandler
                0x08000528                OTG_HS_EP1_IN_IRQHandler
                0x08000528                MemManage_Handler
                0x08000528                DMA1_Stream0_IRQHandler
                0x08000528                CAN1_TX_IRQHandler
                0x08000528                SVC_Handler
                0x08000528                EXTI4_IRQHandler
                0x08000528                FSMC_IRQHandler
                0x08000528                ETH_IRQHandler
                0x08000528                OTG_HS_EP1_OUT_IRQHandler
                0x08000528                WWDG_IRQHandler
                0x08000528                TIM2_IRQHandler
                0x08000528                OTG_FS_WKUP_IRQHandler
                0x08000528                TIM1_TRG_COM_TIM11_IRQHandler
                0x08000528                OTG_HS_IRQHandler
                0x08000528                EXTI1_IRQHandler
                0x08000528                USART2_IRQHandler
                0x08000528                I2C2_ER_IRQHandler
                0x08000528                DMA2_Stream1_IRQHandler
                0x08000528                CAN1_SCE_IRQHandler
                0x08000528                FLASH_IRQHandler
                0x08000528                DMA2_Stream4_IRQHandler
                0x08000528                BusFault_Handler
                0x08000528                USART1_IRQHandler
                0x08000528                OTG_FS_IRQHandler
                0x08000528                SPI3_IRQHandler
                0x08000528                DMA1_Stream4_IRQHandler
                0x08000528                I2C1_ER_IRQHandler
                0x08000528                DMA2_Stream6_IRQHandler
                0x08000528                DMA1_Stream3_IRQHandler
 .text.InitializeTimer
                0x08000530       0x40 ..\obj\Config_RA8875.o
                0x08000530                InitializeTimer
 .text.InitializePWM_TIM4
                0x08000570       0x48 ..\obj\Config_RA8875.o
                0x08000570                InitializePWM_TIM4
 .text.LCD_CtrlLinesFSMC
                0x080005b8      0x11c ..\obj\Config_RA8875.o
 .text.LCD_CtrlLinesConfig
                0x080006d4       0x70 ..\obj\Config_RA8875.o
 .text.LCD_FSMCConfig
                0x08000744       0x78 ..\obj\Config_RA8875.o
 .text.LCD_Configuration
                0x080007bc       0x24 ..\obj\Config_RA8875.o
 .text.LCD_Initialization
                0x080007e0       0xdc ..\obj\Config_RA8875.o
                0x080007e0                LCD_Initialization
 .text.PLL_init
                0x080008bc       0x24 ..\obj\Config_RA8875.o
                0x080008bc                PLL_init
 .text.main     0x080008e0       0xd0 ..\obj\main.o
                0x080008e0                main
 .text.TM_RTC_RequestHandler
                0x080009b0       0xb8 ..\obj\main.o
                0x080009b0                TM_RTC_RequestHandler
 .text.RCC_LSEConfig
                0x08000a68       0x40 ..\obj\stm32f4xx_rcc.o
                0x08000a68                RCC_LSEConfig
 .text.RCC_LSICmd
                0x08000aa8       0x20 ..\obj\stm32f4xx_rcc.o
                0x08000aa8                RCC_LSICmd
 .text.RCC_RTCCLKConfig
                0x08000ac8       0x5c ..\obj\stm32f4xx_rcc.o
                0x08000ac8                RCC_RTCCLKConfig
 .text.RCC_RTCCLKCmd
                0x08000b24       0x20 ..\obj\stm32f4xx_rcc.o
                0x08000b24                RCC_RTCCLKCmd
 .text.RCC_AHB1PeriphClockCmd
                0x08000b44       0x3c ..\obj\stm32f4xx_rcc.o
                0x08000b44                RCC_AHB1PeriphClockCmd
 .text.RCC_AHB3PeriphClockCmd
                0x08000b80       0x3c ..\obj\stm32f4xx_rcc.o
                0x08000b80                RCC_AHB3PeriphClockCmd
 .text.RCC_APB1PeriphClockCmd
                0x08000bbc       0x3c ..\obj\stm32f4xx_rcc.o
                0x08000bbc                RCC_APB1PeriphClockCmd
 .text.RCC_GetFlagStatus
                0x08000bf8       0x74 ..\obj\stm32f4xx_rcc.o
                0x08000bf8                RCC_GetFlagStatus
 .text.NVIC_SetPriority
                0x08000c6c       0x54 ..\obj\Delay.o
 .text.SysTick_Config
                0x08000cc0       0x44 ..\obj\Delay.o
 .text.Init_SysTick
                0x08000d04       0x2c ..\obj\Delay.o
                0x08000d04                Init_SysTick
 .text.SysTick_Handler
                0x08000d30       0x24 ..\obj\Delay.o
                0x08000d30                SysTick_Handler
 .text.Delay_ms
                0x08000d54       0x28 ..\obj\Delay.o
                0x08000d54                Delay_ms
 .text.Chk_Busy
                0x08000d7c       0x1c ..\obj\Driver_RA8875.o
                0x08000d7c                Chk_Busy
 .text.Display_ON
                0x08000d98       0x10 ..\obj\Driver_RA8875.o
                0x08000d98                Display_ON
 .text.Display_OFF
                0x08000da8       0x10 ..\obj\Driver_RA8875.o
                0x08000da8                Display_OFF
 .text.Software_Reset
                0x08000db8       0x1c ..\obj\Driver_RA8875.o
                0x08000db8                Software_Reset
 .text.Start_Data
                0x08000dd4        0xc ..\obj\Driver_RA8875.o
                0x08000dd4                Start_Data
 .text.Serial_ROM_select0
                0x08000de0       0x10 ..\obj\Driver_RA8875.o
                0x08000de0                Serial_ROM_select0
 .text.Serial_ROM_Address_set_24bit
                0x08000df0       0x10 ..\obj\Driver_RA8875.o
                0x08000df0                Serial_ROM_Address_set_24bit
 .text.Select_Serial_Waveform_mode3
                0x08000e00       0x10 ..\obj\Driver_RA8875.o
                0x08000e00                Select_Serial_Waveform_mode3
 .text.SERIAL_ROM_Read_Cycle_5bus
                0x08000e10       0x10 ..\obj\Driver_RA8875.o
                0x08000e10                SERIAL_ROM_Read_Cycle_5bus
 .text.SERIAL_ROM_Font_mode
                0x08000e20       0x10 ..\obj\Driver_RA8875.o
                0x08000e20                SERIAL_ROM_Font_mode
 .text.SERIAL_ROM_Single_mode
                0x08000e30       0x10 ..\obj\Driver_RA8875.o
                0x08000e30                SERIAL_ROM_Single_mode
 .text.SROM_CLK_DIV
                0x08000e40       0x1c ..\obj\Driver_RA8875.o
                0x08000e40                SROM_CLK_DIV
 .text.CGROM_Font
                0x08000e5c       0x10 ..\obj\Driver_RA8875.o
                0x08000e5c                CGROM_Font
 .text.External_CGROM
                0x08000e6c       0x10 ..\obj\Driver_RA8875.o
                0x08000e6c                External_CGROM
 .text.FullAlignment
                0x08000e7c       0x10 ..\obj\Driver_RA8875.o
                0x08000e7c                FullAlignment
 .text.Horizontal_FontEnlarge_x1
                0x08000e8c       0x10 ..\obj\Driver_RA8875.o
                0x08000e8c                Horizontal_FontEnlarge_x1
 .text.Horizontal_FontEnlarge_x2
                0x08000e9c       0x10 ..\obj\Driver_RA8875.o
                0x08000e9c                Horizontal_FontEnlarge_x2
 .text.Horizontal_FontEnlarge_x3
                0x08000eac       0x10 ..\obj\Driver_RA8875.o
                0x08000eac                Horizontal_FontEnlarge_x3
 .text.Horizontal_FontEnlarge_x4
                0x08000ebc       0x10 ..\obj\Driver_RA8875.o
                0x08000ebc                Horizontal_FontEnlarge_x4
 .text.Vertical_FontEnlarge_x1
                0x08000ecc       0x10 ..\obj\Driver_RA8875.o
                0x08000ecc                Vertical_FontEnlarge_x1
 .text.Vertical_FontEnlarge_x2
                0x08000edc       0x10 ..\obj\Driver_RA8875.o
                0x08000edc                Vertical_FontEnlarge_x2
 .text.Vertical_FontEnlarge_x3
                0x08000eec       0x10 ..\obj\Driver_RA8875.o
                0x08000eec                Vertical_FontEnlarge_x3
 .text.Vertical_FontEnlarge_x4
                0x08000efc       0x10 ..\obj\Driver_RA8875.o
                0x08000efc                Vertical_FontEnlarge_x4
 .text.Line_distance
                0x08000f0c       0x1c ..\obj\Driver_RA8875.o
                0x08000f0c                Line_distance
 .text.Font_Coordinate
                0x08000f28       0x48 ..\obj\Driver_RA8875.o
                0x08000f28                Font_Coordinate
 .text.Font_size_16x16_8x16
                0x08000f70       0x10 ..\obj\Driver_RA8875.o
                0x08000f70                Font_size_16x16_8x16
 .text.Font_size_24x24_12x24
                0x08000f80       0x10 ..\obj\Driver_RA8875.o
                0x08000f80                Font_size_24x24_12x24
 .text.Font_size_32x32_16x32
                0x08000f90       0x10 ..\obj\Driver_RA8875.o
                0x08000f90                Font_size_32x32_16x32
 .text.Font_spacing_set
                0x08000fa0       0x28 ..\obj\Driver_RA8875.o
                0x08000fa0                Font_spacing_set
 .text.GT_serial_ROM_select_GT30L32S4W
                0x08000fc8       0x10 ..\obj\Driver_RA8875.o
                0x08000fc8                GT_serial_ROM_select_GT30L32S4W
 .text.Font_code_ASCII
                0x08000fd8       0x10 ..\obj\Driver_RA8875.o
                0x08000fd8                Font_code_ASCII
 .text.Font_Standard
                0x08000fe8       0x10 ..\obj\Driver_RA8875.o
                0x08000fe8                Font_Standard
 .text.Font_Arial
                0x08000ff8       0x10 ..\obj\Driver_RA8875.o
                0x08000ff8                Font_Arial
 .text.Font_Roman
                0x08001008       0x10 ..\obj\Driver_RA8875.o
                0x08001008                Font_Roman
 .text.Font_Bold
                0x08001018       0x10 ..\obj\Driver_RA8875.o
                0x08001018                Font_Bold
 .text.Active_Window
                0x08001028       0x84 ..\obj\Driver_RA8875.o
                0x08001028                Active_Window
 .text.Graphic_Mode
                0x080010ac       0x10 ..\obj\Driver_RA8875.o
                0x080010ac                Graphic_Mode
 .text.Text_Mode
                0x080010bc       0x10 ..\obj\Driver_RA8875.o
                0x080010bc                Text_Mode
 .text.Text_Cursor_Disable
                0x080010cc       0x10 ..\obj\Driver_RA8875.o
                0x080010cc                Text_Cursor_Disable
 .text.Text_Cursor_Blink_Disable
                0x080010dc       0x10 ..\obj\Driver_RA8875.o
                0x080010dc                Text_Cursor_Blink_Disable
 .text.Memory_Write_LeftRight_TopDown
                0x080010ec       0x10 ..\obj\Driver_RA8875.o
                0x080010ec                Memory_Write_LeftRight_TopDown
 .text.MemoryWrite_Cursor_autoIncrease
                0x080010fc       0x10 ..\obj\Driver_RA8875.o
                0x080010fc                MemoryWrite_Cursor_autoIncrease
 .text.MemoryRead_Cursor_autoIncrease
                0x0800110c       0x10 ..\obj\Driver_RA8875.o
                0x0800110c                MemoryRead_Cursor_autoIncrease
 .text.BTE_enable
                0x0800111c       0x10 ..\obj\Driver_RA8875.o
                0x0800111c                BTE_enable
 .text.BTE_ROP_Code
                0x0800112c       0x1c ..\obj\Driver_RA8875.o
                0x0800112c                BTE_ROP_Code
 .text.BTE_Source_Destination
                0x08001148       0xc4 ..\obj\Driver_RA8875.o
                0x08001148                BTE_Source_Destination
 .text.BTE_Size_setting
                0x0800120c       0x48 ..\obj\Driver_RA8875.o
                0x0800120c                BTE_Size_setting
 .text.Background_color
                0x08001254       0x40 ..\obj\Driver_RA8875.o
                0x08001254                Background_color
 .text.Foreground_color
                0x08001294       0x40 ..\obj\Driver_RA8875.o
                0x08001294                Foreground_color
 .text.Geometric_Coordinate
                0x080012d4       0x84 ..\obj\Driver_RA8875.o
                0x080012d4                Geometric_Coordinate
 .text.FSMC_NORSRAMInit
                0x08001358      0x134 ..\obj\stm32f4xx_fsmc.o
                0x08001358                FSMC_NORSRAMInit
 .text.FSMC_NORSRAMCmd
                0x0800148c       0x54 ..\obj\stm32f4xx_fsmc.o
                0x0800148c                FSMC_NORSRAMCmd
 .text.GPIO_Init
                0x080014e0      0x11c ..\obj\stm32f4xx_gpio.o
                0x080014e0                GPIO_Init
 .text.GPIO_SetBits
                0x080015fc       0x1c ..\obj\stm32f4xx_gpio.o
                0x080015fc                GPIO_SetBits
 .text.GPIO_ResetBits
                0x08001618       0x1c ..\obj\stm32f4xx_gpio.o
                0x08001618                GPIO_ResetBits
 .text.GPIO_PinAFConfig
                0x08001634       0x90 ..\obj\stm32f4xx_gpio.o
                0x08001634                GPIO_PinAFConfig
 .text.LCD_WriteCmd
                0x080016c4       0x20 ..\obj\Interface_RA8875.o
                0x080016c4                LCD_WriteCmd
 .text.LCD_WriteData
                0x080016e4       0x1c ..\obj\Interface_RA8875.o
                0x080016e4                LCD_WriteData
 .text.LCD_ReadData
                0x08001700       0x18 ..\obj\Interface_RA8875.o
                0x08001700                LCD_ReadData
 .text.LCD_WriteReg
                0x08001718       0x28 ..\obj\Interface_RA8875.o
                0x08001718                LCD_WriteReg
 .text.LCD_ReadReg
                0x08001740       0x20 ..\obj\Interface_RA8875.o
                0x08001740                LCD_ReadReg
 .text.LCD_WriteReg_ORMask
                0x08001760       0x3c ..\obj\Interface_RA8875.o
                0x08001760                LCD_WriteReg_ORMask
 .text.LCD_WriteReg_ANDMask
                0x0800179c       0x3c ..\obj\Interface_RA8875.o
                0x0800179c                LCD_WriteReg_ANDMask
 .text.LCD_WriteReg_ANDORMask
                0x080017d8       0x48 ..\obj\Interface_RA8875.o
                0x080017d8                LCD_WriteReg_ANDORMask
 .text.LCD_StatusRead
                0x08001820       0x18 ..\obj\Interface_RA8875.o
                0x08001820                LCD_StatusRead
 .text.SystemInit
                0x08001838       0x58 ..\obj\system_stm32f4xx.o
                0x08001838                SystemInit
 .text.SetSysClock
                0x08001890       0xf4 ..\obj\system_stm32f4xx.o
 .text._sbrk    0x08001984       0x40 ..\obj\syscalls.o
                0x08001984                _sbrk
 .text.TM_RTC_Init
                0x080019c4      0x104 ..\obj\tm_stm32f4_rtc.o
                0x080019c4                TM_RTC_Init
 .text.TM_RTC_SetDateTime
                0x08001ac8      0x284 ..\obj\tm_stm32f4_rtc.o
                0x08001ac8                TM_RTC_SetDateTime
 .text.TM_RTC_GetDateTime
                0x08001d4c       0xa0 ..\obj\tm_stm32f4_rtc.o
                0x08001d4c                TM_RTC_GetDateTime
 .text.TM_RTC_Config
                0x08001dec       0x6c ..\obj\tm_stm32f4_rtc.o
                0x08001dec                TM_RTC_Config
 .text.TM_RTC_Interrupts
                0x08001e58      0x13c ..\obj\tm_stm32f4_rtc.o
                0x08001e58                TM_RTC_Interrupts
 .text.TM_RTC_GetUnixTimeStamp
                0x08001f94      0x170 ..\obj\tm_stm32f4_rtc.o
                0x08001f94                TM_RTC_GetUnixTimeStamp
 .text.TM_RTC_AlarmAHandler
                0x08002104        0xc ..\obj\tm_stm32f4_rtc.o
                0x08002104                TM_RTC_AlarmAHandler
 .text.TM_RTC_AlarmBHandler
                0x08002110        0xc ..\obj\tm_stm32f4_rtc.o
                0x08002110                TM_RTC_AlarmBHandler
 .text.RTC_WKUP_IRQHandler
                0x0800211c       0x2c ..\obj\tm_stm32f4_rtc.o
                0x0800211c                RTC_WKUP_IRQHandler
 .text.RTC_Alarm_IRQHandler
                0x08002148       0x48 ..\obj\tm_stm32f4_rtc.o
                0x08002148                RTC_Alarm_IRQHandler
 .text.EXTI_Init
                0x08002190       0xe4 ..\obj\stm32f4xx_exti.o
                0x08002190                EXTI_Init
 .text.EXTI_ClearITPendingBit
                0x08002274       0x1c ..\obj\stm32f4xx_exti.o
                0x08002274                EXTI_ClearITPendingBit
 .text.NVIC_Init
                0x08002290       0xc0 ..\obj\misc.o
                0x08002290                NVIC_Init
 .text.RTC_Init
                0x08002350       0x78 ..\obj\stm32f4xx_rtc.o
                0x08002350                RTC_Init
 .text.RTC_EnterInitMode
                0x080023c8       0x74 ..\obj\stm32f4xx_rtc.o
                0x080023c8                RTC_EnterInitMode
 .text.RTC_ExitInitMode
                0x0800243c       0x1c ..\obj\stm32f4xx_rtc.o
                0x0800243c                RTC_ExitInitMode
 .text.RTC_WaitForSynchro
                0x08002458       0x78 ..\obj\stm32f4xx_rtc.o
                0x08002458                RTC_WaitForSynchro
 .text.RTC_SetTime
                0x080024d0      0x104 ..\obj\stm32f4xx_rtc.o
                0x080024d0                RTC_SetTime
 .text.RTC_GetTime
                0x080025d4       0x9c ..\obj\stm32f4xx_rtc.o
                0x080025d4                RTC_GetTime
 .text.RTC_SetDate
                0x08002670      0x10c ..\obj\stm32f4xx_rtc.o
                0x08002670                RTC_SetDate
 .text.RTC_GetDate
                0x0800277c       0x9c ..\obj\stm32f4xx_rtc.o
                0x0800277c                RTC_GetDate
 .text.RTC_WakeUpClockConfig
                0x08002818       0x40 ..\obj\stm32f4xx_rtc.o
                0x08002818                RTC_WakeUpClockConfig
 .text.RTC_SetWakeUpCounter
                0x08002858       0x30 ..\obj\stm32f4xx_rtc.o
                0x08002858                RTC_SetWakeUpCounter
 .text.RTC_WakeUpCmd
                0x08002888       0x94 ..\obj\stm32f4xx_rtc.o
                0x08002888                RTC_WakeUpCmd
 .text.RTC_WriteBackupRegister
                0x0800291c       0x34 ..\obj\stm32f4xx_rtc.o
                0x0800291c                RTC_WriteBackupRegister
 .text.RTC_ReadBackupRegister
                0x08002950       0x30 ..\obj\stm32f4xx_rtc.o
                0x08002950                RTC_ReadBackupRegister
 .text.RTC_ITConfig
                0x08002980       0x78 ..\obj\stm32f4xx_rtc.o
                0x08002980                RTC_ITConfig
 .text.RTC_GetITStatus
                0x080029f8       0x68 ..\obj\stm32f4xx_rtc.o
                0x080029f8                RTC_GetITStatus
 .text.RTC_ClearITPendingBit
                0x08002a60       0x38 ..\obj\stm32f4xx_rtc.o
                0x08002a60                RTC_ClearITPendingBit
 .text.RTC_ByteToBcd2
                0x08002a98       0x3c ..\obj\stm32f4xx_rtc.o
 .text.RTC_Bcd2ToByte
                0x08002ad4       0x38 ..\obj\stm32f4xx_rtc.o
 .text.TIM_TimeBaseInit
                0x08002b0c       0xd4 ..\obj\stm32f4xx_tim.o
                0x08002b0c                TIM_TimeBaseInit
 .text.TIM_Cmd  0x08002be0       0x40 ..\obj\stm32f4xx_tim.o
                0x08002be0                TIM_Cmd
 .text.TIM_OC1Init
                0x08002c20       0xf4 ..\obj\stm32f4xx_tim.o
                0x08002c20                TIM_OC1Init
 .text.TIM_OC1PreloadConfig
                0x08002d14       0x38 ..\obj\stm32f4xx_tim.o
                0x08002d14                TIM_OC1PreloadConfig
 .text.sprintf  0x08002d4c       0x4c c:/program files (x86)/gnu tools arm embedded/4.9 2015q1/bin/../lib/gcc/arm-none-eabi/4.9.3/../../../../arm-none-eabi/lib/armv7e-m\libg.a(lib_a-sprintf.o)
                0x08002d4c                sprintf
 .text._svfprintf_r
                0x08002d98     0x1494 c:/program files (x86)/gnu tools arm embedded/4.9 2015q1/bin/../lib/gcc/arm-none-eabi/4.9.3/../../../../arm-none-eabi/lib/armv7e-m\libg.a(lib_a-svfprintf.o)
                0x08002d98                _svfprintf_r
 .text.quorem   0x0800422c      0x12c c:/program files (x86)/gnu tools arm embedded/4.9 2015q1/bin/../lib/gcc/arm-none-eabi/4.9.3/../../../../arm-none-eabi/lib/armv7e-m\libg.a(lib_a-dtoa.o)
 .text._dtoa_r  0x08004358      0xe98 c:/program files (x86)/gnu tools arm embedded/4.9 2015q1/bin/../lib/gcc/arm-none-eabi/4.9.3/../../../../arm-none-eabi/lib/armv7e-m\libg.a(lib_a-dtoa.o)
                0x08004358                _dtoa_r
 .text._localeconv_r
                0x080051f0        0x8 c:/program files (x86)/gnu tools arm embedded/4.9 2015q1/bin/../lib/gcc/arm-none-eabi/4.9.3/../../../../arm-none-eabi/lib/armv7e-m\libg.a(lib_a-locale.o)
                0x080051f0                _localeconv_r
 .text._malloc_r
                0x080051f8      0x524 c:/program files (x86)/gnu tools arm embedded/4.9 2015q1/bin/../lib/gcc/arm-none-eabi/4.9.3/../../../../arm-none-eabi/lib/armv7e-m\libg.a(lib_a-mallocr.o)
                0x080051f8                _malloc_r
 .text.memchr   0x0800571c       0x94 c:/program files (x86)/gnu tools arm embedded/4.9 2015q1/bin/../lib/gcc/arm-none-eabi/4.9.3/../../../../arm-none-eabi/lib/armv7e-m\libg.a(lib_a-memchr.o)
                0x0800571c                memchr
 .text          0x080057b0      0x134 c:/program files (x86)/gnu tools arm embedded/4.9 2015q1/bin/../lib/gcc/arm-none-eabi/4.9.3/../../../../arm-none-eabi/lib/armv7e-m\libg.a(lib_a-memcpy.o)
                0x080057b0                memcpy
 .text.__malloc_lock
                0x080058e4        0x4 c:/program files (x86)/gnu tools arm embedded/4.9 2015q1/bin/../lib/gcc/arm-none-eabi/4.9.3/../../../../arm-none-eabi/lib/armv7e-m\libg.a(lib_a-mlock.o)
                0x080058e4                __malloc_lock
 .text.__malloc_unlock
                0x080058e8        0x4 c:/program files (x86)/gnu tools arm embedded/4.9 2015q1/bin/../lib/gcc/arm-none-eabi/4.9.3/../../../../arm-none-eabi/lib/armv7e-m\libg.a(lib_a-mlock.o)
                0x080058e8                __malloc_unlock
 .text._Balloc  0x080058ec       0x4c c:/program files (x86)/gnu tools arm embedded/4.9 2015q1/bin/../lib/gcc/arm-none-eabi/4.9.3/../../../../arm-none-eabi/lib/armv7e-m\libg.a(lib_a-mprec.o)
                0x080058ec                _Balloc
 .text._Bfree   0x08005938       0x14 c:/program files (x86)/gnu tools arm embedded/4.9 2015q1/bin/../lib/gcc/arm-none-eabi/4.9.3/../../../../arm-none-eabi/lib/armv7e-m\libg.a(lib_a-mprec.o)
                0x08005938                _Bfree
 .text.__multadd
                0x0800594c       0x84 c:/program files (x86)/gnu tools arm embedded/4.9 2015q1/bin/../lib/gcc/arm-none-eabi/4.9.3/../../../../arm-none-eabi/lib/armv7e-m\libg.a(lib_a-mprec.o)
                0x0800594c                __multadd
 .text.__hi0bits
                0x080059d0       0x40 c:/program files (x86)/gnu tools arm embedded/4.9 2015q1/bin/../lib/gcc/arm-none-eabi/4.9.3/../../../../arm-none-eabi/lib/armv7e-m\libg.a(lib_a-mprec.o)
                0x080059d0                __hi0bits
 .text.__lo0bits
                0x08005a10       0x5c c:/program files (x86)/gnu tools arm embedded/4.9 2015q1/bin/../lib/gcc/arm-none-eabi/4.9.3/../../../../arm-none-eabi/lib/armv7e-m\libg.a(lib_a-mprec.o)
                0x08005a10                __lo0bits
 .text.__i2b    0x08005a6c       0x14 c:/program files (x86)/gnu tools arm embedded/4.9 2015q1/bin/../lib/gcc/arm-none-eabi/4.9.3/../../../../arm-none-eabi/lib/armv7e-m\libg.a(lib_a-mprec.o)
                0x08005a6c                __i2b
 .text.__multiply
                0x08005a80      0x134 c:/program files (x86)/gnu tools arm embedded/4.9 2015q1/bin/../lib/gcc/arm-none-eabi/4.9.3/../../../../arm-none-eabi/lib/armv7e-m\libg.a(lib_a-mprec.o)
                0x08005a80                __multiply
 .text.__pow5mult
                0x08005bb4       0xa0 c:/program files (x86)/gnu tools arm embedded/4.9 2015q1/bin/../lib/gcc/arm-none-eabi/4.9.3/../../../../arm-none-eabi/lib/armv7e-m\libg.a(lib_a-mprec.o)
                0x08005bb4                __pow5mult
 .text.__lshift
                0x08005c54       0xac c:/program files (x86)/gnu tools arm embedded/4.9 2015q1/bin/../lib/gcc/arm-none-eabi/4.9.3/../../../../arm-none-eabi/lib/armv7e-m\libg.a(lib_a-mprec.o)
                0x08005c54                __lshift
 .text.__mcmp   0x08005d00       0x48 c:/program files (x86)/gnu tools arm embedded/4.9 2015q1/bin/../lib/gcc/arm-none-eabi/4.9.3/../../../../arm-none-eabi/lib/armv7e-m\libg.a(lib_a-mprec.o)
                0x08005d00                __mcmp
 .text.__mdiff  0x08005d48       0xd4 c:/program files (x86)/gnu tools arm embedded/4.9 2015q1/bin/../lib/gcc/arm-none-eabi/4.9.3/../../../../arm-none-eabi/lib/armv7e-m\libg.a(lib_a-mprec.o)
                0x08005d48                __mdiff
 .text.__d2b    0x08005e1c       0xb8 c:/program files (x86)/gnu tools arm embedded/4.9 2015q1/bin/../lib/gcc/arm-none-eabi/4.9.3/../../../../arm-none-eabi/lib/armv7e-m\libg.a(lib_a-mprec.o)
                0x08005e1c                __d2b
 .text.__fpclassifyd
                0x08005ed4       0x58 c:/program files (x86)/gnu tools arm embedded/4.9 2015q1/bin/../lib/gcc/arm-none-eabi/4.9.3/../../../../arm-none-eabi/lib/armv7e-m\libg.a(lib_a-s_fpclassify.o)
                0x08005ed4                __fpclassifyd
 .text._sbrk_r  0x08005f2c       0x24 c:/program files (x86)/gnu tools arm embedded/4.9 2015q1/bin/../lib/gcc/arm-none-eabi/4.9.3/../../../../arm-none-eabi/lib/armv7e-m\libg.a(lib_a-sbrkr.o)
                0x08005f2c                _sbrk_r
 .text.strlen   0x08005f50       0x5c c:/program files (x86)/gnu tools arm embedded/4.9 2015q1/bin/../lib/gcc/arm-none-eabi/4.9.3/../../../../arm-none-eabi/lib/armv7e-m\libg.a(lib_a-strlen.o)
                0x08005f50                strlen
 .text.__ssprint_r
                0x08005fac      0x104 c:/program files (x86)/gnu tools arm embedded/4.9 2015q1/bin/../lib/gcc/arm-none-eabi/4.9.3/../../../../arm-none-eabi/lib/armv7e-m\libg.a(lib_a-svfiprintf.o)
                0x08005fac                __ssprint_r
 .text._calloc_r
                0x080060b0       0x60 c:/program files (x86)/gnu tools arm embedded/4.9 2015q1/bin/../lib/gcc/arm-none-eabi/4.9.3/../../../../arm-none-eabi/lib/armv7e-m\libg.a(lib_a-callocr.o)
                0x080060b0                _calloc_r
 .text._malloc_trim_r
                0x08006110       0x9c c:/program files (x86)/gnu tools arm embedded/4.9 2015q1/bin/../lib/gcc/arm-none-eabi/4.9.3/../../../../arm-none-eabi/lib/armv7e-m\libg.a(lib_a-freer.o)
                0x08006110                _malloc_trim_r
 .text._free_r  0x080061ac      0x1b0 c:/program files (x86)/gnu tools arm embedded/4.9 2015q1/bin/../lib/gcc/arm-none-eabi/4.9.3/../../../../arm-none-eabi/lib/armv7e-m\libg.a(lib_a-freer.o)
                0x080061ac                _free_r
 .text.memmove  0x0800635c       0xc8 c:/program files (x86)/gnu tools arm embedded/4.9 2015q1/bin/../lib/gcc/arm-none-eabi/4.9.3/../../../../arm-none-eabi/lib/armv7e-m\libg.a(lib_a-memmove.o)
                0x0800635c                memmove
 .text.memset   0x08006424       0x9c c:/program files (x86)/gnu tools arm embedded/4.9 2015q1/bin/../lib/gcc/arm-none-eabi/4.9.3/../../../../arm-none-eabi/lib/armv7e-m\libg.a(lib_a-memset.o)
                0x08006424                memset
 .text._realloc_r
                0x080064c0      0x3ec c:/program files (x86)/gnu tools arm embedded/4.9 2015q1/bin/../lib/gcc/arm-none-eabi/4.9.3/../../../../arm-none-eabi/lib/armv7e-m\libg.a(lib_a-reallocr.o)
                0x080064c0                _realloc_r
 .text          0x080068ac      0x370 c:/program files (x86)/gnu tools arm embedded/4.9 2015q1/bin/../lib/gcc/arm-none-eabi/4.9.3/armv7e-m\libgcc.a(_arm_addsubdf3.o)
                0x080068ac                __aeabi_drsub
                0x080068b4                __aeabi_dsub
                0x080068b4                __subdf3
                0x080068b8                __aeabi_dadd
                0x080068b8                __adddf3
                0x08006b30                __floatunsidf
                0x08006b30                __aeabi_ui2d
                0x08006b50                __floatsidf
                0x08006b50                __aeabi_i2d
                0x08006b74                __aeabi_f2d
                0x08006b74                __extendsfdf2
                0x08006bb0                __floatundidf
                0x08006bb0                __aeabi_ul2d
                0x08006bc0                __floatdidf
                0x08006bc0                __aeabi_l2d
 .text          0x08006c1c      0x424 c:/program files (x86)/gnu tools arm embedded/4.9 2015q1/bin/../lib/gcc/arm-none-eabi/4.9.3/armv7e-m\libgcc.a(_arm_muldivdf3.o)
                0x08006c1c                __aeabi_dmul
                0x08006c1c                __muldf3
                0x08006e70                __divdf3
                0x08006e70                __aeabi_ddiv
 .text          0x08007040      0x110 c:/program files (x86)/gnu tools arm embedded/4.9 2015q1/bin/../lib/gcc/arm-none-eabi/4.9.3/armv7e-m\libgcc.a(_arm_cmpdf2.o)
                0x08007040                __gtdf2
                0x08007040                __gedf2
                0x08007048                __ltdf2
                0x08007048                __ledf2
                0x08007050                __nedf2
                0x08007050                __eqdf2
                0x08007050                __cmpdf2
                0x080070cc                __aeabi_cdrcmple
                0x080070dc                __aeabi_cdcmpeq
                0x080070dc                __aeabi_cdcmple
                0x080070ec                __aeabi_dcmpeq
                0x08007100                __aeabi_dcmplt
                0x08007114                __aeabi_dcmple
                0x08007128                __aeabi_dcmpge
                0x0800713c                __aeabi_dcmpgt
 .text          0x08007150       0x50 c:/program files (x86)/gnu tools arm embedded/4.9 2015q1/bin/../lib/gcc/arm-none-eabi/4.9.3/armv7e-m\libgcc.a(_arm_fixdfsi.o)
                0x08007150                __aeabi_d2iz
                0x08007150                __fixdfsi
 .text          0x080071a0       0x30 c:/program files (x86)/gnu tools arm embedded/4.9 2015q1/bin/../lib/gcc/arm-none-eabi/4.9.3/armv7e-m\libgcc.a(_aeabi_uldivmod.o)
                0x080071a0                __aeabi_uldivmod
 .text          0x080071d0       0x60 c:/program files (x86)/gnu tools arm embedded/4.9 2015q1/bin/../lib/gcc/arm-none-eabi/4.9.3/armv7e-m\libgcc.a(bpabi.o)
                0x080071d0                __gnu_ldivmod_helper
                0x08007200                __gnu_uldivmod_helper
 .text          0x08007230        0x4 c:/program files (x86)/gnu tools arm embedded/4.9 2015q1/bin/../lib/gcc/arm-none-eabi/4.9.3/armv7e-m\libgcc.a(_dvmd_tls.o)
                0x08007230                __aeabi_idiv0
                0x08007230                __aeabi_ldiv0
 .text          0x08007234      0x29c c:/program files (x86)/gnu tools arm embedded/4.9 2015q1/bin/../lib/gcc/arm-none-eabi/4.9.3/armv7e-m\libgcc.a(_divdi3.o)
                0x08007234                __divdi3
 .text          0x080074d0      0x26c c:/program files (x86)/gnu tools arm embedded/4.9 2015q1/bin/../lib/gcc/arm-none-eabi/4.9.3/armv7e-m\libgcc.a(_udivdi3.o)
                0x080074d0                __udivdi3
 *(.init)
 *(.fini)
 *crtbegin.o(.ctors)
 *crtbegin?.o(.ctors)
 *(EXCLUDE_FILE(*crtend.o *crtend?.o) .ctors)
 *(SORT(.ctors.*))
 *(.ctors)
 *crtbegin.o(.dtors)
 *crtbegin?.o(.dtors)
 *(EXCLUDE_FILE(*crtend.o *crtend?.o) .dtors)
 *(SORT(.dtors.*))
 *(.dtors)
 *(.rodata*)
 .rodata        0x0800773c       0x30 ..\obj\main.o
 .rodata.zeroes.6916
                0x0800776c       0x10 c:/program files (x86)/gnu tools arm embedded/4.9 2015q1/bin/../lib/gcc/arm-none-eabi/4.9.3/../../../../arm-none-eabi/lib/armv7e-m\libg.a(lib_a-svfprintf.o)
 .rodata.str1.4
                0x0800777c       0x42 c:/program files (x86)/gnu tools arm embedded/4.9 2015q1/bin/../lib/gcc/arm-none-eabi/4.9.3/../../../../arm-none-eabi/lib/armv7e-m\libg.a(lib_a-svfprintf.o)
                                 0x44 (size before relaxing)
 *fill*         0x080077be        0x2 
 .rodata.blanks.6915
                0x080077c0       0x10 c:/program files (x86)/gnu tools arm embedded/4.9 2015q1/bin/../lib/gcc/arm-none-eabi/4.9.3/../../../../arm-none-eabi/lib/armv7e-m\libg.a(lib_a-svfprintf.o)
 .rodata.str1.4
                0x080077d0       0x10 c:/program files (x86)/gnu tools arm embedded/4.9 2015q1/bin/../lib/gcc/arm-none-eabi/4.9.3/../../../../arm-none-eabi/lib/armv7e-m\libg.a(lib_a-dtoa.o)
                                 0x14 (size before relaxing)
 .rodata.str1.4
                0x080077e0        0x2 c:/program files (x86)/gnu tools arm embedded/4.9 2015q1/bin/../lib/gcc/arm-none-eabi/4.9.3/../../../../arm-none-eabi/lib/armv7e-m\libg.a(lib_a-impure.o)
                                  0x4 (size before relaxing)
 *fill*         0x080077e2        0x2 
 .rodata.str1.4
                0x080077e4        0xc c:/program files (x86)/gnu tools arm embedded/4.9 2015q1/bin/../lib/gcc/arm-none-eabi/4.9.3/../../../../arm-none-eabi/lib/armv7e-m\libg.a(lib_a-locale.o)
                                 0x14 (size before relaxing)
 .rodata.p05.5296
                0x080077f0        0xc c:/program files (x86)/gnu tools arm embedded/4.9 2015q1/bin/../lib/gcc/arm-none-eabi/4.9.3/../../../../arm-none-eabi/lib/armv7e-m\libg.a(lib_a-mprec.o)
 *fill*         0x080077fc        0x4 
 .rodata.__mprec_tens
                0x08007800       0xc8 c:/program files (x86)/gnu tools arm embedded/4.9 2015q1/bin/../lib/gcc/arm-none-eabi/4.9.3/../../../../arm-none-eabi/lib/armv7e-m\libg.a(lib_a-mprec.o)
                0x08007800                __mprec_tens
 .rodata.__mprec_bigtens
                0x080078c8       0x28 c:/program files (x86)/gnu tools arm embedded/4.9 2015q1/bin/../lib/gcc/arm-none-eabi/4.9.3/../../../../arm-none-eabi/lib/armv7e-m\libg.a(lib_a-mprec.o)
                0x080078c8                __mprec_bigtens
 *(.eh_fram e*)

.glue_7         0x080078f0        0x0
 .glue_7        0x00000000        0x0 linker stubs

.glue_7t        0x080078f0        0x0
 .glue_7t       0x00000000        0x0 linker stubs

.vfp11_veneer   0x080078f0        0x0
 .vfp11_veneer  0x00000000        0x0 linker stubs

.v4_bx          0x080078f0        0x0
 .v4_bx         0x00000000        0x0 linker stubs

.iplt           0x080078f0        0x0
 .iplt          0x00000000        0x0 ..\obj\button.o

.ARM.extab
 *(.ARM.extab* .gnu.linkonce.armextab.*)
                0x080078f0                __exidx_start = .

.ARM.exidx      0x080078f0        0x8
 *(.ARM.exidx* .gnu.linkonce.armexidx.*)
 .ARM.exidx     0x080078f0        0x8 c:/program files (x86)/gnu tools arm embedded/4.9 2015q1/bin/../lib/gcc/arm-none-eabi/4.9.3/armv7e-m\libgcc.a(_divdi3.o)
 .ARM.exidx     0x080078f8        0x0 c:/program files (x86)/gnu tools arm embedded/4.9 2015q1/bin/../lib/gcc/arm-none-eabi/4.9.3/armv7e-m\libgcc.a(_udivdi3.o)
                                  0x8 (size before relaxing)
                0x080078f8                __exidx_end = .
                0x080078f8                __etext = .
                0x080078f8                _sidata = __etext

.rel.dyn        0x080078f8        0x0
 .rel.iplt      0x00000000        0x0 ..\obj\button.o

.data           0x20000000    0x1a204 load address 0x080078f8
                0x20000000                __data_start__ = .
                0x20000000                _sdata = __data_start__
 *(vtable)
 *(.data*)
 .data          0x20000000    0x19960 ..\obj\button.o
                0x20000000                image
                0x20017700                logo
 .data          0x20019960       0x14 ..\obj\system_stm32f4xx.o
                0x20019960                SystemCoreClock
                0x20019964                AHBPrescTable
 .data          0x20019974       0x18 ..\obj\tm_stm32f4_rtc.o
                0x20019974                TM_RTC_Months
 *fill*         0x2001998c        0x4 
 .data.impure_data
                0x20019990      0x428 c:/program files (x86)/gnu tools arm embedded/4.9 2015q1/bin/../lib/gcc/arm-none-eabi/4.9.3/../../../../arm-none-eabi/lib/armv7e-m\libg.a(lib_a-impure.o)
 .data._impure_ptr
                0x20019db8        0x4 c:/program files (x86)/gnu tools arm embedded/4.9 2015q1/bin/../lib/gcc/arm-none-eabi/4.9.3/../../../../arm-none-eabi/lib/armv7e-m\libg.a(lib_a-impure.o)
                0x20019db8                _impure_ptr
 .data.lconv    0x20019dbc       0x38 c:/program files (x86)/gnu tools arm embedded/4.9 2015q1/bin/../lib/gcc/arm-none-eabi/4.9.3/../../../../arm-none-eabi/lib/armv7e-m\libg.a(lib_a-locale.o)
 .data.__malloc_av_
                0x20019df4      0x408 c:/program files (x86)/gnu tools arm embedded/4.9 2015q1/bin/../lib/gcc/arm-none-eabi/4.9.3/../../../../arm-none-eabi/lib/armv7e-m\libg.a(lib_a-mallocr.o)
                0x20019df4                __malloc_av_
 .data.__malloc_trim_threshold
                0x2001a1fc        0x4 c:/program files (x86)/gnu tools arm embedded/4.9 2015q1/bin/../lib/gcc/arm-none-eabi/4.9.3/../../../../arm-none-eabi/lib/armv7e-m\libg.a(lib_a-mallocr.o)
                0x2001a1fc                __malloc_trim_threshold
 .data.__malloc_sbrk_base
                0x2001a200        0x4 c:/program files (x86)/gnu tools arm embedded/4.9 2015q1/bin/../lib/gcc/arm-none-eabi/4.9.3/../../../../arm-none-eabi/lib/armv7e-m\libg.a(lib_a-mallocr.o)
                0x2001a200                __malloc_sbrk_base
                0x2001a204                . = ALIGN (0x4)
                0x2001a204                PROVIDE (__preinit_array_start, .)
 *(.preinit_array)
                0x2001a204                PROVIDE (__preinit_array_end, .)
                0x2001a204                . = ALIGN (0x4)
                0x2001a204                PROVIDE (__init_array_start, .)
 *(SORT(.init_array.*))
 *(.init_array)
                0x2001a204                PROVIDE (__init_array_end, .)
                0x2001a204                . = ALIGN (0x4)
                0x2001a204                PROVIDE (__fini_array_start, .)
 *(SORT(.fini_array.*))
 *(.fini_array)
                0x2001a204                PROVIDE (__fini_array_end, .)
 *(.jcr*)
                0x2001a204                . = ALIGN (0x4)
                0x2001a204                __data_end__ = .
                0x2001a204                _edata = __data_end__

.igot.plt       0x2001a204        0x0 load address 0x08021afc
 .igot.plt      0x00000000        0x0 ..\obj\button.o

.bss            0x2001a204       0xdc load address 0x08021afc
                0x2001a204                . = ALIGN (0x4)
                0x2001a204                __bss_start__ = .
                0x2001a204                _sbss = __bss_start__
 *(.bss*)
 .bss           0x2001a204        0x4 ..\obj\syscalls.o
 .bss           0x2001a208        0x4 ..\obj\tm_stm32f4_rtc.o
                0x2001a208                TM_RTC_Status
 .bss.__malloc_max_total_mem
                0x2001a20c        0x4 c:/program files (x86)/gnu tools arm embedded/4.9 2015q1/bin/../lib/gcc/arm-none-eabi/4.9.3/../../../../arm-none-eabi/lib/armv7e-m\libg.a(lib_a-mallocr.o)
                0x2001a20c                __malloc_max_total_mem
 .bss.__malloc_max_sbrked_mem
                0x2001a210        0x4 c:/program files (x86)/gnu tools arm embedded/4.9 2015q1/bin/../lib/gcc/arm-none-eabi/4.9.3/../../../../arm-none-eabi/lib/armv7e-m\libg.a(lib_a-mallocr.o)
                0x2001a210                __malloc_max_sbrked_mem
 .bss.__malloc_top_pad
                0x2001a214        0x4 c:/program files (x86)/gnu tools arm embedded/4.9 2015q1/bin/../lib/gcc/arm-none-eabi/4.9.3/../../../../arm-none-eabi/lib/armv7e-m\libg.a(lib_a-mallocr.o)
                0x2001a214                __malloc_top_pad
 .bss.__malloc_current_mallinfo
                0x2001a218       0x28 c:/program files (x86)/gnu tools arm embedded/4.9 2015q1/bin/../lib/gcc/arm-none-eabi/4.9.3/../../../../arm-none-eabi/lib/armv7e-m\libg.a(lib_a-mallocr.o)
                0x2001a218                __malloc_current_mallinfo
 *(COMMON)
 COMMON         0x2001a240       0x76 ..\obj\main.o
                0x2001a240                buf2
                0x2001a274                datatime
                0x2001a284                buf
 *fill*         0x2001a2b6        0x2 
 COMMON         0x2001a2b8        0x4 ..\obj\Delay.o
                0x2001a2b8                delayTime
 COMMON         0x2001a2bc       0x20 ..\obj\tm_stm32f4_rtc.o
                0x2001a2bc                RTC_TimeStruct
                0x2001a2c0                RTC_InitStruct
                0x2001a2cc                RTC_DateStruct
                0x2001a2d0                NVIC_InitStruct
                0x2001a2d4                EXTI_InitStruct
 COMMON         0x2001a2dc        0x4 c:/program files (x86)/gnu tools arm embedded/4.9 2015q1/bin/../lib/gcc/arm-none-eabi/4.9.3/../../../../arm-none-eabi/lib/armv7e-m\libg.a(lib_a-reent.o)
                0x2001a2dc                errno
                0x2001a2e0                . = ALIGN (0x4)
                0x2001a2e0                __bss_end__ = .
                0x2001a2e0                _ebss = __bss_end__

.heap           0x2001a2e0        0x0
                0x2001a2e0                __end__ = .
                0x2001a2e0                _end = __end__
                0x2001a2e0                end = __end__
 *(.heap*)
                0x2001a2e0                __HeapLimit = .

.co_stack       0x2001a2e0      0x800 load address 0x08021bd8
                0x2001a2e0                . = ALIGN (0x8)
 *(.co_stack .co_stack.*)
 .co_stack      0x2001a2e0      0x800 ..\obj\startup_stm32f4xx.o
                0x2001a2e0                pulStack
                0x20020000                __StackTop = (ORIGIN (ram) + 0x20000)
                0x2001f800                __StackLimit = (__StackTop - SIZEOF (.co_stack))
                0x20020000                PROVIDE (__stack, __StackTop)
                0x00000001                ASSERT ((__StackLimit >= __HeapLimit), region ram  overflowed with stack)
LOAD ..\obj\button.o
LOAD ..\obj\stm32f4xx_pwr.o
LOAD ..\obj\LCD_System.o
LOAD ..\obj\Driver_Font.o
LOAD ..\obj\startup_stm32f4xx.o
LOAD ..\obj\Config_RA8875.o
LOAD ..\obj\main.o
LOAD ..\obj\stm32f4xx_rcc.o
LOAD ..\obj\Test.o
LOAD ..\obj\Delay.o
LOAD ..\obj\Driver_RA8875.o
LOAD ..\obj\stm32f4xx_fsmc.o
LOAD ..\obj\stm32f4xx_gpio.o
LOAD ..\obj\stm32f4xx_flash.o
LOAD ..\obj\Interface_RA8875.o
LOAD ..\obj\system_stm32f4xx.o
LOAD ..\obj\syscalls.o
LOAD ..\obj\tm_stm32f4_rtc.o
LOAD ..\obj\stm32f4xx_exti.o
LOAD ..\obj\misc.o
LOAD ..\obj\stm32f4xx_rtc.o
LOAD ..\obj\stm32f4xx_tim.o
START GROUP
LOAD c:/program files (x86)/gnu tools arm embedded/4.9 2015q1/bin/../lib/gcc/arm-none-eabi/4.9.3/armv7e-m\libgcc.a
LOAD c:/program files (x86)/gnu tools arm embedded/4.9 2015q1/bin/../lib/gcc/arm-none-eabi/4.9.3/../../../../arm-none-eabi/lib/armv7e-m\libg.a
LOAD c:/program files (x86)/gnu tools arm embedded/4.9 2015q1/bin/../lib/gcc/arm-none-eabi/4.9.3/../../../../arm-none-eabi/lib/armv7e-m\libc.a
END GROUP
OUTPUT(Prueba1.elf elf32-littlearm)

.debug_info     0x00000000     0xac46
 .debug_info    0x00000000      0x346 ..\obj\button.o
 .debug_info    0x00000346      0x4fc ..\obj\stm32f4xx_pwr.o
 .debug_info    0x00000842      0x673 ..\obj\LCD_System.o
 .debug_info    0x00000eb5      0x393 ..\obj\Driver_Font.o
 .debug_info    0x00001248       0xed ..\obj\startup_stm32f4xx.o
 .debug_info    0x00001335      0x803 ..\obj\Config_RA8875.o
 .debug_info    0x00001b38      0x280 ..\obj\main.o
 .debug_info    0x00001db8      0xc4d ..\obj\stm32f4xx_rcc.o
 .debug_info    0x00002a05      0x6de ..\obj\Delay.o
 .debug_info    0x000030e3     0x1d0b ..\obj\Driver_RA8875.o
 .debug_info    0x00004dee      0x8f5 ..\obj\stm32f4xx_fsmc.o
 .debug_info    0x000056e3      0x602 ..\obj\stm32f4xx_gpio.o
 .debug_info    0x00005ce5      0x252 ..\obj\Interface_RA8875.o
 .debug_info    0x00005f37      0x592 ..\obj\system_stm32f4xx.o
 .debug_info    0x000064c9      0x3ee ..\obj\syscalls.o
 .debug_info    0x000068b7      0xdcb ..\obj\tm_stm32f4_rtc.o
 .debug_info    0x00007682      0x347 ..\obj\stm32f4xx_exti.o
 .debug_info    0x000079c9      0x53d ..\obj\misc.o
 .debug_info    0x00007f06     0x10df ..\obj\stm32f4xx_rtc.o
 .debug_info    0x00008fe5     0x1c61 ..\obj\stm32f4xx_tim.o

.debug_abbrev   0x00000000     0x1c26
 .debug_abbrev  0x00000000       0xda ..\obj\button.o
 .debug_abbrev  0x000000da      0x17f ..\obj\stm32f4xx_pwr.o
 .debug_abbrev  0x00000259      0x199 ..\obj\LCD_System.o
 .debug_abbrev  0x000003f2      0x13f ..\obj\Driver_Font.o
 .debug_abbrev  0x00000531       0xb0 ..\obj\startup_stm32f4xx.o
 .debug_abbrev  0x000005e1      0x1da ..\obj\Config_RA8875.o
 .debug_abbrev  0x000007bb      0x132 ..\obj\main.o
 .debug_abbrev  0x000008ed      0x1e3 ..\obj\stm32f4xx_rcc.o
 .debug_abbrev  0x00000ad0      0x1a6 ..\obj\Delay.o
 .debug_abbrev  0x00000c76      0x175 ..\obj\Driver_RA8875.o
 .debug_abbrev  0x00000deb      0x170 ..\obj\stm32f4xx_fsmc.o
 .debug_abbrev  0x00000f5b      0x1a3 ..\obj\stm32f4xx_gpio.o
 .debug_abbrev  0x000010fe       0xd5 ..\obj\Interface_RA8875.o
 .debug_abbrev  0x000011d3      0x136 ..\obj\system_stm32f4xx.o
 .debug_abbrev  0x00001309       0xe2 ..\obj\syscalls.o
 .debug_abbrev  0x000013eb      0x21c ..\obj\tm_stm32f4_rtc.o
 .debug_abbrev  0x00001607      0x1a5 ..\obj\stm32f4xx_exti.o
 .debug_abbrev  0x000017ac      0x145 ..\obj\misc.o
 .debug_abbrev  0x000018f1      0x1ae ..\obj\stm32f4xx_rtc.o
 .debug_abbrev  0x00001a9f      0x187 ..\obj\stm32f4xx_tim.o

.debug_aranges  0x00000000     0x1440
 .debug_aranges
                0x00000000       0x30 ..\obj\button.o
 .debug_aranges
                0x00000030       0x78 ..\obj\stm32f4xx_pwr.o
 .debug_aranges
                0x000000a8       0x50 ..\obj\LCD_System.o
 .debug_aranges
                0x000000f8       0x48 ..\obj\Driver_Font.o
 .debug_aranges
                0x00000140       0x28 ..\obj\startup_stm32f4xx.o
 .debug_aranges
                0x00000168       0x60 ..\obj\Config_RA8875.o
 .debug_aranges
                0x000001c8       0x28 ..\obj\main.o
 .debug_aranges
                0x000001f0      0x178 ..\obj\stm32f4xx_rcc.o
 .debug_aranges
                0x00000368       0x40 ..\obj\Delay.o
 .debug_aranges
                0x000003a8      0x850 ..\obj\Driver_RA8875.o
 .debug_aranges
                0x00000bf8       0xb0 ..\obj\stm32f4xx_fsmc.o
 .debug_aranges
                0x00000ca8       0x88 ..\obj\stm32f4xx_gpio.o
 .debug_aranges
                0x00000d30       0x60 ..\obj\Interface_RA8875.o
 .debug_aranges
                0x00000d90       0x30 ..\obj\system_stm32f4xx.o
 .debug_aranges
                0x00000dc0       0x60 ..\obj\syscalls.o
 .debug_aranges
                0x00000e20       0xb0 ..\obj\tm_stm32f4_rtc.o
 .debug_aranges
                0x00000ed0       0x58 ..\obj\stm32f4xx_exti.o
 .debug_aranges
                0x00000f28       0x40 ..\obj\misc.o
 .debug_aranges
                0x00000f68      0x1e0 ..\obj\stm32f4xx_rtc.o
 .debug_aranges
                0x00001148      0x2f8 ..\obj\stm32f4xx_tim.o

.debug_ranges   0x00000000     0x1300
 .debug_ranges  0x00000000       0x20 ..\obj\button.o
 .debug_ranges  0x00000020       0x68 ..\obj\stm32f4xx_pwr.o
 .debug_ranges  0x00000088       0x40 ..\obj\LCD_System.o
 .debug_ranges  0x000000c8       0x38 ..\obj\Driver_Font.o
 .debug_ranges  0x00000100       0x18 ..\obj\startup_stm32f4xx.o
 .debug_ranges  0x00000118       0x50 ..\obj\Config_RA8875.o
 .debug_ranges  0x00000168       0x18 ..\obj\main.o
 .debug_ranges  0x00000180      0x168 ..\obj\stm32f4xx_rcc.o
 .debug_ranges  0x000002e8       0x30 ..\obj\Delay.o
 .debug_ranges  0x00000318      0x840 ..\obj\Driver_RA8875.o
 .debug_ranges  0x00000b58       0xa0 ..\obj\stm32f4xx_fsmc.o
 .debug_ranges  0x00000bf8       0x78 ..\obj\stm32f4xx_gpio.o
 .debug_ranges  0x00000c70       0x50 ..\obj\Interface_RA8875.o
 .debug_ranges  0x00000cc0       0x20 ..\obj\system_stm32f4xx.o
 .debug_ranges  0x00000ce0       0x50 ..\obj\syscalls.o
 .debug_ranges  0x00000d30       0xa0 ..\obj\tm_stm32f4_rtc.o
 .debug_ranges  0x00000dd0       0x48 ..\obj\stm32f4xx_exti.o
 .debug_ranges  0x00000e18       0x30 ..\obj\misc.o
 .debug_ranges  0x00000e48      0x1d0 ..\obj\stm32f4xx_rtc.o
 .debug_ranges  0x00001018      0x2e8 ..\obj\stm32f4xx_tim.o

.debug_line     0x00000000     0x56f1
 .debug_line    0x00000000      0x1f7 ..\obj\button.o
 .debug_line    0x000001f7      0x2ca ..\obj\stm32f4xx_pwr.o
 .debug_line    0x000004c1      0x290 ..\obj\LCD_System.o
 .debug_line    0x00000751      0x20d ..\obj\Driver_Font.o
 .debug_line    0x0000095e       0xa3 ..\obj\startup_stm32f4xx.o
 .debug_line    0x00000a01      0x341 ..\obj\Config_RA8875.o
 .debug_line    0x00000d42      0x1f3 ..\obj\main.o
 .debug_line    0x00000f35      0x5b8 ..\obj\stm32f4xx_rcc.o
 .debug_line    0x000014ed      0x229 ..\obj\Delay.o
 .debug_line    0x00001716     0x14bd ..\obj\Driver_RA8875.o
 .debug_line    0x00002bd3      0x46b ..\obj\stm32f4xx_fsmc.o
 .debug_line    0x0000303e      0x35a ..\obj\stm32f4xx_gpio.o
 .debug_line    0x00003398      0x216 ..\obj\Interface_RA8875.o
 .debug_line    0x000035ae      0x201 ..\obj\system_stm32f4xx.o
 .debug_line    0x000037af      0x17a ..\obj\syscalls.o
 .debug_line    0x00003929      0x5f4 ..\obj\tm_stm32f4_rtc.o
 .debug_line    0x00003f1d      0x2bc ..\obj\stm32f4xx_exti.o
 .debug_line    0x000041d9      0x25c ..\obj\misc.o
 .debug_line    0x00004435      0x83b ..\obj\stm32f4xx_rtc.o
 .debug_line    0x00004c70      0xa81 ..\obj\stm32f4xx_tim.o

.debug_str      0x00000000     0x50fd
 .debug_str     0x00000000      0x1e9 ..\obj\button.o
                                0x23c (size before relaxing)
 .debug_str     0x000001e9      0x235 ..\obj\stm32f4xx_pwr.o
                                0x393 (size before relaxing)
 .debug_str     0x0000041e      0x2f3 ..\obj\LCD_System.o
                                0x4a7 (size before relaxing)
 .debug_str     0x00000711      0x1d0 ..\obj\Driver_Font.o
                                0x3d7 (size before relaxing)
 .debug_str     0x000008e1       0xb2 ..\obj\startup_stm32f4xx.o
                                0x149 (size before relaxing)
 .debug_str     0x00000993      0x644 ..\obj\Config_RA8875.o
                                0x80d (size before relaxing)
 .debug_str     0x00000fd7      0x1de ..\obj\main.o
                                0x368 (size before relaxing)
 .debug_str     0x000011b5      0x637 ..\obj\stm32f4xx_rcc.o
                                0x852 (size before relaxing)
 .debug_str     0x000017ec      0x5f3 ..\obj\Delay.o
                                0x7da (size before relaxing)
 .debug_str     0x00001ddf     0x1132 ..\obj\Driver_RA8875.o
                               0x16ad (size before relaxing)
 .debug_str     0x00002f11      0x3fa ..\obj\stm32f4xx_fsmc.o
                                0x78c (size before relaxing)
 .debug_str     0x0000330b      0x1a0 ..\obj\stm32f4xx_gpio.o
                                0x4a5 (size before relaxing)
 .debug_str     0x000034ab       0xda ..\obj\Interface_RA8875.o
                                0x24f (size before relaxing)
 .debug_str     0x00003585       0xaa ..\obj\system_stm32f4xx.o
                                0x3ac (size before relaxing)
 .debug_str     0x0000362f      0x15e ..\obj\syscalls.o
                                0x2d6 (size before relaxing)
 .debug_str     0x0000378d      0x6a2 ..\obj\tm_stm32f4_rtc.o
                                0xec4 (size before relaxing)
 .debug_str     0x00003e2f       0xe2 ..\obj\stm32f4xx_exti.o
                                0x35b (size before relaxing)
 .debug_str     0x00003f11       0xfe ..\obj\misc.o
                                0x3d0 (size before relaxing)
 .debug_str     0x0000400f      0x6f7 ..\obj\stm32f4xx_rtc.o
                                0xb4a (size before relaxing)
 .debug_str     0x00004706      0x9f7 ..\obj\stm32f4xx_tim.o
                                0xdd2 (size before relaxing)

.comment        0x00000000       0x70
 .comment       0x00000000       0x70 ..\obj\button.o
                                 0x71 (size before relaxing)
 .comment       0x00000000       0x71 ..\obj\stm32f4xx_pwr.o
 .comment       0x00000000       0x71 ..\obj\LCD_System.o
 .comment       0x00000000       0x71 ..\obj\Driver_Font.o
 .comment       0x00000000       0x71 ..\obj\startup_stm32f4xx.o
 .comment       0x00000000       0x71 ..\obj\Config_RA8875.o
 .comment       0x00000000       0x71 ..\obj\main.o
 .comment       0x00000000       0x71 ..\obj\stm32f4xx_rcc.o
 .comment       0x00000000       0x71 ..\obj\Delay.o
 .comment       0x00000000       0x71 ..\obj\Driver_RA8875.o
 .comment       0x00000000       0x71 ..\obj\stm32f4xx_fsmc.o
 .comment       0x00000000       0x71 ..\obj\stm32f4xx_gpio.o
 .comment       0x00000000       0x71 ..\obj\Interface_RA8875.o
 .comment       0x00000000       0x71 ..\obj\system_stm32f4xx.o
 .comment       0x00000000       0x71 ..\obj\syscalls.o
 .comment       0x00000000       0x71 ..\obj\tm_stm32f4_rtc.o
 .comment       0x00000000       0x71 ..\obj\stm32f4xx_exti.o
 .comment       0x00000000       0x71 ..\obj\misc.o
 .comment       0x00000000       0x71 ..\obj\stm32f4xx_rtc.o
 .comment       0x00000000       0x71 ..\obj\stm32f4xx_tim.o

.ARM.attributes
                0x00000000       0x31
 .ARM.attributes
                0x00000000       0x33 ..\obj\button.o
 .ARM.attributes
                0x00000033       0x33 ..\obj\stm32f4xx_pwr.o
 .ARM.attributes
                0x00000066       0x33 ..\obj\LCD_System.o
 .ARM.attributes
                0x00000099       0x33 ..\obj\Driver_Font.o
 .ARM.attributes
                0x000000cc       0x33 ..\obj\startup_stm32f4xx.o
 .ARM.attributes
                0x000000ff       0x33 ..\obj\Config_RA8875.o
 .ARM.attributes
                0x00000132       0x33 ..\obj\main.o
 .ARM.attributes
                0x00000165       0x33 ..\obj\stm32f4xx_rcc.o
 .ARM.attributes
                0x00000198       0x33 ..\obj\Delay.o
 .ARM.attributes
                0x000001cb       0x33 ..\obj\Driver_RA8875.o
 .ARM.attributes
                0x000001fe       0x33 ..\obj\stm32f4xx_fsmc.o
 .ARM.attributes
                0x00000231       0x33 ..\obj\stm32f4xx_gpio.o
 .ARM.attributes
                0x00000264       0x33 ..\obj\Interface_RA8875.o
 .ARM.attributes
                0x00000297       0x33 ..\obj\system_stm32f4xx.o
 .ARM.attributes
                0x000002ca       0x33 ..\obj\syscalls.o
 .ARM.attributes
                0x000002fd       0x33 ..\obj\tm_stm32f4_rtc.o
 .ARM.attributes
                0x00000330       0x33 ..\obj\stm32f4xx_exti.o
 .ARM.attributes
                0x00000363       0x33 ..\obj\misc.o
 .ARM.attributes
                0x00000396       0x33 ..\obj\stm32f4xx_rtc.o
 .ARM.attributes
                0x000003c9       0x33 ..\obj\stm32f4xx_tim.o
 .ARM.attributes
                0x000003fc       0x2e c:/program files (x86)/gnu tools arm embedded/4.9 2015q1/bin/../lib/gcc/arm-none-eabi/4.9.3/../../../../arm-none-eabi/lib/armv7e-m\libg.a(lib_a-sprintf.o)
 .ARM.attributes
                0x0000042a       0x2e c:/program files (x86)/gnu tools arm embedded/4.9 2015q1/bin/../lib/gcc/arm-none-eabi/4.9.3/../../../../arm-none-eabi/lib/armv7e-m\libg.a(lib_a-svfprintf.o)
 .ARM.attributes
                0x00000458       0x2e c:/program files (x86)/gnu tools arm embedded/4.9 2015q1/bin/../lib/gcc/arm-none-eabi/4.9.3/../../../../arm-none-eabi/lib/armv7e-m\libg.a(lib_a-dtoa.o)
 .ARM.attributes
                0x00000486       0x2e c:/program files (x86)/gnu tools arm embedded/4.9 2015q1/bin/../lib/gcc/arm-none-eabi/4.9.3/../../../../arm-none-eabi/lib/armv7e-m\libg.a(lib_a-impure.o)
 .ARM.attributes
                0x000004b4       0x2e c:/program files (x86)/gnu tools arm embedded/4.9 2015q1/bin/../lib/gcc/arm-none-eabi/4.9.3/../../../../arm-none-eabi/lib/armv7e-m\libg.a(lib_a-locale.o)
 .ARM.attributes
                0x000004e2       0x2e c:/program files (x86)/gnu tools arm embedded/4.9 2015q1/bin/../lib/gcc/arm-none-eabi/4.9.3/../../../../arm-none-eabi/lib/armv7e-m\libg.a(lib_a-mallocr.o)
 .ARM.attributes
                0x00000510       0x2e c:/program files (x86)/gnu tools arm embedded/4.9 2015q1/bin/../lib/gcc/arm-none-eabi/4.9.3/../../../../arm-none-eabi/lib/armv7e-m\libg.a(lib_a-memchr.o)
 .ARM.attributes
                0x0000053e       0x1c c:/program files (x86)/gnu tools arm embedded/4.9 2015q1/bin/../lib/gcc/arm-none-eabi/4.9.3/../../../../arm-none-eabi/lib/armv7e-m\libg.a(lib_a-memcpy.o)
 .ARM.attributes
                0x0000055a       0x2e c:/program files (x86)/gnu tools arm embedded/4.9 2015q1/bin/../lib/gcc/arm-none-eabi/4.9.3/../../../../arm-none-eabi/lib/armv7e-m\libg.a(lib_a-mlock.o)
 .ARM.attributes
                0x00000588       0x2e c:/program files (x86)/gnu tools arm embedded/4.9 2015q1/bin/../lib/gcc/arm-none-eabi/4.9.3/../../../../arm-none-eabi/lib/armv7e-m\libg.a(lib_a-mprec.o)
 .ARM.attributes
                0x000005b6       0x2e c:/program files (x86)/gnu tools arm embedded/4.9 2015q1/bin/../lib/gcc/arm-none-eabi/4.9.3/../../../../arm-none-eabi/lib/armv7e-m\libg.a(lib_a-s_fpclassify.o)
 .ARM.attributes
                0x000005e4       0x2e c:/program files (x86)/gnu tools arm embedded/4.9 2015q1/bin/../lib/gcc/arm-none-eabi/4.9.3/../../../../arm-none-eabi/lib/armv7e-m\libg.a(lib_a-sbrkr.o)
 .ARM.attributes
                0x00000612       0x2e c:/program files (x86)/gnu tools arm embedded/4.9 2015q1/bin/../lib/gcc/arm-none-eabi/4.9.3/../../../../arm-none-eabi/lib/armv7e-m\libg.a(lib_a-strlen.o)
 .ARM.attributes
                0x00000640       0x2e c:/program files (x86)/gnu tools arm embedded/4.9 2015q1/bin/../lib/gcc/arm-none-eabi/4.9.3/../../../../arm-none-eabi/lib/armv7e-m\libg.a(lib_a-svfiprintf.o)
 .ARM.attributes
                0x0000066e       0x2e c:/program files (x86)/gnu tools arm embedded/4.9 2015q1/bin/../lib/gcc/arm-none-eabi/4.9.3/../../../../arm-none-eabi/lib/armv7e-m\libg.a(lib_a-callocr.o)
 .ARM.attributes
                0x0000069c       0x2e c:/program files (x86)/gnu tools arm embedded/4.9 2015q1/bin/../lib/gcc/arm-none-eabi/4.9.3/../../../../arm-none-eabi/lib/armv7e-m\libg.a(lib_a-freer.o)
 .ARM.attributes
                0x000006ca       0x2e c:/program files (x86)/gnu tools arm embedded/4.9 2015q1/bin/../lib/gcc/arm-none-eabi/4.9.3/../../../../arm-none-eabi/lib/armv7e-m\libg.a(lib_a-memmove.o)
 .ARM.attributes
                0x000006f8       0x2e c:/program files (x86)/gnu tools arm embedded/4.9 2015q1/bin/../lib/gcc/arm-none-eabi/4.9.3/../../../../arm-none-eabi/lib/armv7e-m\libg.a(lib_a-memset.o)
 .ARM.attributes
                0x00000726       0x2e c:/program files (x86)/gnu tools arm embedded/4.9 2015q1/bin/../lib/gcc/arm-none-eabi/4.9.3/../../../../arm-none-eabi/lib/armv7e-m\libg.a(lib_a-reallocr.o)
 .ARM.attributes
                0x00000754       0x2e c:/program files (x86)/gnu tools arm embedded/4.9 2015q1/bin/../lib/gcc/arm-none-eabi/4.9.3/../../../../arm-none-eabi/lib/armv7e-m\libg.a(lib_a-reent.o)
 .ARM.attributes
                0x00000782       0x1e c:/program files (x86)/gnu tools arm embedded/4.9 2015q1/bin/../lib/gcc/arm-none-eabi/4.9.3/armv7e-m\libgcc.a(_arm_addsubdf3.o)
 .ARM.attributes
                0x000007a0       0x1e c:/program files (x86)/gnu tools arm embedded/4.9 2015q1/bin/../lib/gcc/arm-none-eabi/4.9.3/armv7e-m\libgcc.a(_arm_muldivdf3.o)
 .ARM.attributes
                0x000007be       0x1e c:/program files (x86)/gnu tools arm embedded/4.9 2015q1/bin/../lib/gcc/arm-none-eabi/4.9.3/armv7e-m\libgcc.a(_arm_cmpdf2.o)
 .ARM.attributes
                0x000007dc       0x1e c:/program files (x86)/gnu tools arm embedded/4.9 2015q1/bin/../lib/gcc/arm-none-eabi/4.9.3/armv7e-m\libgcc.a(_arm_fixdfsi.o)
 .ARM.attributes
                0x000007fa       0x1e c:/program files (x86)/gnu tools arm embedded/4.9 2015q1/bin/../lib/gcc/arm-none-eabi/4.9.3/armv7e-m\libgcc.a(_aeabi_uldivmod.o)
 .ARM.attributes
                0x00000818       0x2e c:/program files (x86)/gnu tools arm embedded/4.9 2015q1/bin/../lib/gcc/arm-none-eabi/4.9.3/armv7e-m\libgcc.a(bpabi.o)
 .ARM.attributes
                0x00000846       0x1e c:/program files (x86)/gnu tools arm embedded/4.9 2015q1/bin/../lib/gcc/arm-none-eabi/4.9.3/armv7e-m\libgcc.a(_dvmd_tls.o)
 .ARM.attributes
                0x00000864       0x2e c:/program files (x86)/gnu tools arm embedded/4.9 2015q1/bin/../lib/gcc/arm-none-eabi/4.9.3/armv7e-m\libgcc.a(_divdi3.o)
 .ARM.attributes
                0x00000892       0x2e c:/program files (x86)/gnu tools arm embedded/4.9 2015q1/bin/../lib/gcc/arm-none-eabi/4.9.3/armv7e-m\libgcc.a(_udivdi3.o)

.debug_frame    0x00000000     0x59c0
 .debug_frame   0x00000000       0x84 ..\obj\button.o
 .debug_frame   0x00000084      0x1dc ..\obj\stm32f4xx_pwr.o
 .debug_frame   0x00000260       0xf8 ..\obj\LCD_System.o
 .debug_frame   0x00000358       0xd8 ..\obj\Driver_Font.o
 .debug_frame   0x00000430       0x4c ..\obj\startup_stm32f4xx.o
 .debug_frame   0x0000047c      0x148 ..\obj\Config_RA8875.o
 .debug_frame   0x000005c4       0x58 ..\obj\main.o
 .debug_frame   0x0000061c      0x6d4 ..\obj\stm32f4xx_rcc.o
 .debug_frame   0x00000cf0       0xc0 ..\obj\Delay.o
 .debug_frame   0x00000db0     0x1f18 ..\obj\Driver_RA8875.o
 .debug_frame   0x00002cc8      0x300 ..\obj\stm32f4xx_fsmc.o
 .debug_frame   0x00002fc8      0x23c ..\obj\stm32f4xx_gpio.o
 .debug_frame   0x00003204      0x154 ..\obj\Interface_RA8875.o
 .debug_frame   0x00003358       0x7c ..\obj\system_stm32f4xx.o
 .debug_frame   0x000033d4      0x168 ..\obj\syscalls.o
 .debug_frame   0x0000353c      0x2c0 ..\obj\tm_stm32f4_rtc.o
 .debug_frame   0x000037fc      0x148 ..\obj\stm32f4xx_exti.o
 .debug_frame   0x00003944       0xd8 ..\obj\misc.o
 .debug_frame   0x00003a1c      0x8b0 ..\obj\stm32f4xx_rtc.o
 .debug_frame   0x000042cc      0xe54 ..\obj\stm32f4xx_tim.o
 .debug_frame   0x00005120       0x84 c:/program files (x86)/gnu tools arm embedded/4.9 2015q1/bin/../lib/gcc/arm-none-eabi/4.9.3/../../../../arm-none-eabi/lib/armv7e-m\libg.a(lib_a-sprintf.o)
 .debug_frame   0x000051a4       0x40 c:/program files (x86)/gnu tools arm embedded/4.9 2015q1/bin/../lib/gcc/arm-none-eabi/4.9.3/../../../../arm-none-eabi/lib/armv7e-m\libg.a(lib_a-svfprintf.o)
 .debug_frame   0x000051e4       0x88 c:/program files (x86)/gnu tools arm embedded/4.9 2015q1/bin/../lib/gcc/arm-none-eabi/4.9.3/../../../../arm-none-eabi/lib/armv7e-m\libg.a(lib_a-dtoa.o)
 .debug_frame   0x0000526c       0x9c c:/program files (x86)/gnu tools arm embedded/4.9 2015q1/bin/../lib/gcc/arm-none-eabi/4.9.3/../../../../arm-none-eabi/lib/armv7e-m\libg.a(lib_a-locale.o)
 .debug_frame   0x00005308       0x58 c:/program files (x86)/gnu tools arm embedded/4.9 2015q1/bin/../lib/gcc/arm-none-eabi/4.9.3/../../../../arm-none-eabi/lib/armv7e-m\libg.a(lib_a-mallocr.o)
 .debug_frame   0x00005360       0x3c c:/program files (x86)/gnu tools arm embedded/4.9 2015q1/bin/../lib/gcc/arm-none-eabi/4.9.3/../../../../arm-none-eabi/lib/armv7e-m\libg.a(lib_a-memchr.o)
 .debug_frame   0x0000539c       0x30 c:/program files (x86)/gnu tools arm embedded/4.9 2015q1/bin/../lib/gcc/arm-none-eabi/4.9.3/../../../../arm-none-eabi/lib/armv7e-m\libg.a(lib_a-mlock.o)
 .debug_frame   0x000053cc      0x268 c:/program files (x86)/gnu tools arm embedded/4.9 2015q1/bin/../lib/gcc/arm-none-eabi/4.9.3/../../../../arm-none-eabi/lib/armv7e-m\libg.a(lib_a-mprec.o)
 .debug_frame   0x00005634       0x34 c:/program files (x86)/gnu tools arm embedded/4.9 2015q1/bin/../lib/gcc/arm-none-eabi/4.9.3/../../../../arm-none-eabi/lib/armv7e-m\libg.a(lib_a-s_fpclassify.o)
 .debug_frame   0x00005668       0x2c c:/program files (x86)/gnu tools arm embedded/4.9 2015q1/bin/../lib/gcc/arm-none-eabi/4.9.3/../../../../arm-none-eabi/lib/armv7e-m\libg.a(lib_a-sbrkr.o)
 .debug_frame   0x00005694       0x20 c:/program files (x86)/gnu tools arm embedded/4.9 2015q1/bin/../lib/gcc/arm-none-eabi/4.9.3/../../../../arm-none-eabi/lib/armv7e-m\libg.a(lib_a-strlen.o)
 .debug_frame   0x000056b4       0x78 c:/program files (x86)/gnu tools arm embedded/4.9 2015q1/bin/../lib/gcc/arm-none-eabi/4.9.3/../../../../arm-none-eabi/lib/armv7e-m\libg.a(lib_a-svfiprintf.o)
 .debug_frame   0x0000572c       0x28 c:/program files (x86)/gnu tools arm embedded/4.9 2015q1/bin/../lib/gcc/arm-none-eabi/4.9.3/../../../../arm-none-eabi/lib/armv7e-m\libg.a(lib_a-callocr.o)
 .debug_frame   0x00005754       0x74 c:/program files (x86)/gnu tools arm embedded/4.9 2015q1/bin/../lib/gcc/arm-none-eabi/4.9.3/../../../../arm-none-eabi/lib/armv7e-m\libg.a(lib_a-freer.o)
 .debug_frame   0x000057c8       0x30 c:/program files (x86)/gnu tools arm embedded/4.9 2015q1/bin/../lib/gcc/arm-none-eabi/4.9.3/../../../../arm-none-eabi/lib/armv7e-m\libg.a(lib_a-memmove.o)
 .debug_frame   0x000057f8       0x34 c:/program files (x86)/gnu tools arm embedded/4.9 2015q1/bin/../lib/gcc/arm-none-eabi/4.9.3/../../../../arm-none-eabi/lib/armv7e-m\libg.a(lib_a-memset.o)
 .debug_frame   0x0000582c       0x60 c:/program files (x86)/gnu tools arm embedded/4.9 2015q1/bin/../lib/gcc/arm-none-eabi/4.9.3/../../../../arm-none-eabi/lib/armv7e-m\libg.a(lib_a-reallocr.o)
 .debug_frame   0x0000588c       0x58 c:/program files (x86)/gnu tools arm embedded/4.9 2015q1/bin/../lib/gcc/arm-none-eabi/4.9.3/../../../../arm-none-eabi/lib/armv7e-m\libg.a(lib_a-reent.o)
 .debug_frame   0x000058e4       0x28 c:/program files (x86)/gnu tools arm embedded/4.9 2015q1/bin/../lib/gcc/arm-none-eabi/4.9.3/armv7e-m\libgcc.a(_aeabi_uldivmod.o)
 .debug_frame   0x0000590c       0x50 c:/program files (x86)/gnu tools arm embedded/4.9 2015q1/bin/../lib/gcc/arm-none-eabi/4.9.3/armv7e-m\libgcc.a(bpabi.o)
 .debug_frame   0x0000595c       0x34 c:/program files (x86)/gnu tools arm embedded/4.9 2015q1/bin/../lib/gcc/arm-none-eabi/4.9.3/armv7e-m\libgcc.a(_divdi3.o)
 .debug_frame   0x00005990       0x30 c:/program files (x86)/gnu tools arm embedded/4.9 2015q1/bin/../lib/gcc/arm-none-eabi/4.9.3/armv7e-m\libgcc.a(_udivdi3.o)
