
Allocating common symbols
Common symbol       size              file

print_arguments     0x10              ..\obj\LCD_System.o
temp                0x4               ..\obj\Driver_Font.o
delayTime           0x4               ..\obj\Delay.o

Discarded input sections

 .text          0x00000000        0x0 ..\obj\LCD_System.o
 .data          0x00000000        0x0 ..\obj\LCD_System.o
 .bss           0x00000000        0x0 ..\obj\LCD_System.o
 .text.LCDPrintStr
                0x00000000      0x160 ..\obj\LCD_System.o
 .text.Show_String
                0x00000000       0x38 ..\obj\LCD_System.o
 .text.Chk_Wait
                0x00000000        0xc ..\obj\LCD_System.o
 .rodata        0x00000000       0x10 ..\obj\LCD_System.o
 .text.LCD_WriteText
                0x00000000       0xac ..\obj\LCD_System.o
 COMMON         0x00000000       0x10 ..\obj\LCD_System.o
 .text          0x00000000        0x0 ..\obj\Driver_Font.o
 .data          0x00000000        0x0 ..\obj\Driver_Font.o
 .bss           0x00000000        0x0 ..\obj\Driver_Font.o
 .text.External_Font
                0x00000000       0x34 ..\obj\Driver_Font.o
 .text.TextMode_Normal
                0x00000000       0x20 ..\obj\Driver_Font.o
 .text          0x00000000        0x0 ..\obj\startup_stm32f4xx.o
 .data          0x00000000        0x0 ..\obj\startup_stm32f4xx.o
 .bss           0x00000000        0x0 ..\obj\startup_stm32f4xx.o
 .text          0x00000000        0x0 ..\obj\Config_RA8875.o
 .data          0x00000000        0x0 ..\obj\Config_RA8875.o
 .bss           0x00000000        0x0 ..\obj\Config_RA8875.o
 .text.LCD_BGR2RGB
                0x00000000       0x48 ..\obj\Config_RA8875.o
 .text          0x00000000        0x0 ..\obj\main.o
 .data          0x00000000        0x0 ..\obj\main.o
 .bss           0x00000000        0x0 ..\obj\main.o
 .text          0x00000000        0x0 ..\obj\stm32f4xx_rcc.o
 .data          0x00000000       0x10 ..\obj\stm32f4xx_rcc.o
 .bss           0x00000000        0x0 ..\obj\stm32f4xx_rcc.o
 .text.RCC_DeInit
                0x00000000       0x50 ..\obj\stm32f4xx_rcc.o
 .text.RCC_HSEConfig
                0x00000000       0x24 ..\obj\stm32f4xx_rcc.o
 .text.RCC_WaitForHSEStartUp
                0x00000000       0x50 ..\obj\stm32f4xx_rcc.o
 .text.RCC_AdjustHSICalibrationValue
                0x00000000       0x3c ..\obj\stm32f4xx_rcc.o
 .text.RCC_HSICmd
                0x00000000       0x20 ..\obj\stm32f4xx_rcc.o
 .text.RCC_LSEConfig
                0x00000000       0x40 ..\obj\stm32f4xx_rcc.o
 .text.RCC_LSICmd
                0x00000000       0x20 ..\obj\stm32f4xx_rcc.o
 .text.RCC_PLLConfig
                0x00000000       0x3c ..\obj\stm32f4xx_rcc.o
 .text.RCC_PLLCmd
                0x00000000       0x20 ..\obj\stm32f4xx_rcc.o
 .text.RCC_PLLI2SConfig
                0x00000000       0x28 ..\obj\stm32f4xx_rcc.o
 .text.RCC_PLLI2SCmd
                0x00000000       0x20 ..\obj\stm32f4xx_rcc.o
 .text.RCC_ClockSecuritySystemCmd
                0x00000000       0x20 ..\obj\stm32f4xx_rcc.o
 .text.RCC_MCO1Config
                0x00000000       0x3c ..\obj\stm32f4xx_rcc.o
 .text.RCC_MCO2Config
                0x00000000       0x3c ..\obj\stm32f4xx_rcc.o
 .text.RCC_SYSCLKConfig
                0x00000000       0x38 ..\obj\stm32f4xx_rcc.o
 .text.RCC_GetSYSCLKSource
                0x00000000       0x20 ..\obj\stm32f4xx_rcc.o
 .text.RCC_HCLKConfig
                0x00000000       0x38 ..\obj\stm32f4xx_rcc.o
 .text.RCC_PCLK1Config
                0x00000000       0x38 ..\obj\stm32f4xx_rcc.o
 .text.RCC_PCLK2Config
                0x00000000       0x38 ..\obj\stm32f4xx_rcc.o
 .text.RCC_GetClocksFreq
                0x00000000      0x154 ..\obj\stm32f4xx_rcc.o
 .text.RCC_RTCCLKConfig
                0x00000000       0x5c ..\obj\stm32f4xx_rcc.o
 .text.RCC_RTCCLKCmd
                0x00000000       0x20 ..\obj\stm32f4xx_rcc.o
 .text.RCC_BackupResetCmd
                0x00000000       0x20 ..\obj\stm32f4xx_rcc.o
 .text.RCC_I2SCLKConfig
                0x00000000       0x1c ..\obj\stm32f4xx_rcc.o
 .text.RCC_AHB2PeriphClockCmd
                0x00000000       0x3c ..\obj\stm32f4xx_rcc.o
 .text.RCC_APB2PeriphClockCmd
                0x00000000       0x3c ..\obj\stm32f4xx_rcc.o
 .text.RCC_AHB1PeriphResetCmd
                0x00000000       0x3c ..\obj\stm32f4xx_rcc.o
 .text.RCC_AHB2PeriphResetCmd
                0x00000000       0x3c ..\obj\stm32f4xx_rcc.o
 .text.RCC_AHB3PeriphResetCmd
                0x00000000       0x3c ..\obj\stm32f4xx_rcc.o
 .text.RCC_APB1PeriphResetCmd
                0x00000000       0x3c ..\obj\stm32f4xx_rcc.o
 .text.RCC_APB2PeriphResetCmd
                0x00000000       0x3c ..\obj\stm32f4xx_rcc.o
 .text.RCC_AHB1PeriphClockLPModeCmd
                0x00000000       0x3c ..\obj\stm32f4xx_rcc.o
 .text.RCC_AHB2PeriphClockLPModeCmd
                0x00000000       0x3c ..\obj\stm32f4xx_rcc.o
 .text.RCC_AHB3PeriphClockLPModeCmd
                0x00000000       0x3c ..\obj\stm32f4xx_rcc.o
 .text.RCC_APB1PeriphClockLPModeCmd
                0x00000000       0x3c ..\obj\stm32f4xx_rcc.o
 .text.RCC_APB2PeriphClockLPModeCmd
                0x00000000       0x3c ..\obj\stm32f4xx_rcc.o
 .text.RCC_ITConfig
                0x00000000       0x4c ..\obj\stm32f4xx_rcc.o
 .text.RCC_GetFlagStatus
                0x00000000       0x74 ..\obj\stm32f4xx_rcc.o
 .text.RCC_ClearFlag
                0x00000000       0x1c ..\obj\stm32f4xx_rcc.o
 .text.RCC_GetITStatus
                0x00000000       0x38 ..\obj\stm32f4xx_rcc.o
 .text.RCC_ClearITPendingBit
                0x00000000       0x20 ..\obj\stm32f4xx_rcc.o
 .text          0x00000000        0x0 ..\obj\Test.o
 .data          0x00000000        0x0 ..\obj\Test.o
 .bss           0x00000000        0x0 ..\obj\Test.o
 .text.Test     0x00000000       0x34 ..\obj\Test.o
 .debug_info    0x00000000       0xa7 ..\obj\Test.o
 .debug_abbrev  0x00000000       0x65 ..\obj\Test.o
 .debug_aranges
                0x00000000       0x20 ..\obj\Test.o
 .debug_ranges  0x00000000       0x10 ..\obj\Test.o
 .debug_line    0x00000000      0x16e ..\obj\Test.o
 .debug_str     0x00000000      0x163 ..\obj\Test.o
 .comment       0x00000000       0x71 ..\obj\Test.o
 .debug_frame   0x00000000       0x2c ..\obj\Test.o
 .ARM.attributes
                0x00000000       0x33 ..\obj\Test.o
 .text          0x00000000        0x0 ..\obj\Delay.o
 .data          0x00000000        0x0 ..\obj\Delay.o
 .bss           0x00000000        0x0 ..\obj\Delay.o
 .text          0x00000000        0x0 ..\obj\Driver_RA8875.o
 .data          0x00000000        0x0 ..\obj\Driver_RA8875.o
 .bss           0x00000000        0x0 ..\obj\Driver_RA8875.o
 .text.Chk_Busy
                0x00000000       0x1c ..\obj\Driver_RA8875.o
 .text.Chk_Busy_BTE
                0x00000000       0x20 ..\obj\Driver_RA8875.o
 .text.Chk_DMA_Busy
                0x00000000       0x20 ..\obj\Driver_RA8875.o
 .text.Normal_Mode_exitSleep
                0x00000000       0x10 ..\obj\Driver_RA8875.o
 .text.Sleep_Mode
                0x00000000       0x10 ..\obj\Driver_RA8875.o
 .text.Start_Data
                0x00000000        0xc ..\obj\Driver_RA8875.o
 .text.PCLK_inversion
                0x00000000       0x10 ..\obj\Driver_RA8875.o
 .text.PCLK_non_inversion
                0x00000000       0x10 ..\obj\Driver_RA8875.o
 .text.PCLK_width
                0x00000000       0x20 ..\obj\Driver_RA8875.o
 .text.Serial_ROM_select1
                0x00000000       0x10 ..\obj\Driver_RA8875.o
 .text.Serial_ROM_Address_set_32bit
                0x00000000       0x10 ..\obj\Driver_RA8875.o
 .text.Select_Serial_Waveform_mode0
                0x00000000       0x10 ..\obj\Driver_RA8875.o
 .text.SERIAL_ROM_Read_Cycle_4bus
                0x00000000       0x10 ..\obj\Driver_RA8875.o
 .text.SERIAL_ROM_Read_Cycle_6bus
                0x00000000       0x10 ..\obj\Driver_RA8875.o
 .text.SERIAL_ROM_Font_mode
                0x00000000       0x10 ..\obj\Driver_RA8875.o
 .text.SERIAL_ROM_DMA_mode
                0x00000000       0x10 ..\obj\Driver_RA8875.o
 .text.SERIAL_ROM_Dual_mode0
                0x00000000       0x10 ..\obj\Driver_RA8875.o
 .text.SERIAL_ROM_Dual_mode1
                0x00000000       0x10 ..\obj\Driver_RA8875.o
 .text.Color_256
                0x00000000       0x10 ..\obj\Driver_RA8875.o
 .text.Color_65K
                0x00000000       0x10 ..\obj\Driver_RA8875.o
 .text.MPU_8bit_Interface
                0x00000000       0x10 ..\obj\Driver_RA8875.o
 .text.MPU_16bit_Interface
                0x00000000       0x10 ..\obj\Driver_RA8875.o
 .text.GPI_data
                0x00000000       0x14 ..\obj\Driver_RA8875.o
 .text.GPO_data
                0x00000000       0x1c ..\obj\Driver_RA8875.o
 .text.One_Layer
                0x00000000       0x10 ..\obj\Driver_RA8875.o
 .text.Two_Layers
                0x00000000       0x10 ..\obj\Driver_RA8875.o
 .text.HDIR_SEG0_SEGn
                0x00000000       0x10 ..\obj\Driver_RA8875.o
 .text.HDIR_SEGn_SEG0
                0x00000000       0x10 ..\obj\Driver_RA8875.o
 .text.VDIR_COM0_COMn
                0x00000000       0x10 ..\obj\Driver_RA8875.o
 .text.VDIR_COMn_COM0
                0x00000000       0x10 ..\obj\Driver_RA8875.o
 .text.CGROM_Font
                0x00000000       0x10 ..\obj\Driver_RA8875.o
 .text.CGRAM_Font
                0x00000000       0x10 ..\obj\Driver_RA8875.o
 .text.Internal_CGROM
                0x00000000       0x10 ..\obj\Driver_RA8875.o
 .text.External_CGROM
                0x00000000       0x10 ..\obj\Driver_RA8875.o
 .text.ISO8859_1
                0x00000000       0x10 ..\obj\Driver_RA8875.o
 .text.ISO8859_2
                0x00000000       0x10 ..\obj\Driver_RA8875.o
 .text.ISO8859_3
                0x00000000       0x10 ..\obj\Driver_RA8875.o
 .text.ISO8859_4
                0x00000000       0x10 ..\obj\Driver_RA8875.o
 .text.No_FullAlignment
                0x00000000       0x10 ..\obj\Driver_RA8875.o
 .text.FullAlignment
                0x00000000       0x10 ..\obj\Driver_RA8875.o
 .text.Font_with_BackgroundColor
                0x00000000       0x10 ..\obj\Driver_RA8875.o
 .text.Font_with_BackgroundTransparency
                0x00000000       0x10 ..\obj\Driver_RA8875.o
 .text.NoRotate_Font
                0x00000000       0x10 ..\obj\Driver_RA8875.o
 .text.Rotate90_Font
                0x00000000       0x10 ..\obj\Driver_RA8875.o
 .text.Horizontal_FontEnlarge_x1
                0x00000000       0x10 ..\obj\Driver_RA8875.o
 .text.Horizontal_FontEnlarge_x2
                0x00000000       0x10 ..\obj\Driver_RA8875.o
 .text.Horizontal_FontEnlarge_x3
                0x00000000       0x10 ..\obj\Driver_RA8875.o
 .text.Horizontal_FontEnlarge_x4
                0x00000000       0x10 ..\obj\Driver_RA8875.o
 .text.Vertical_FontEnlarge_x1
                0x00000000       0x10 ..\obj\Driver_RA8875.o
 .text.Vertical_FontEnlarge_x2
                0x00000000       0x10 ..\obj\Driver_RA8875.o
 .text.Vertical_FontEnlarge_x3
                0x00000000       0x10 ..\obj\Driver_RA8875.o
 .text.Vertical_FontEnlarge_x4
                0x00000000       0x10 ..\obj\Driver_RA8875.o
 .text.CGRAM_Select_Number
                0x00000000       0x1c ..\obj\Driver_RA8875.o
 .text.Scroll_Offset
                0x00000000       0x48 ..\obj\Driver_RA8875.o
 .text.Line_distance
                0x00000000       0x1c ..\obj\Driver_RA8875.o
 .text.Font_size_16x16_8x16
                0x00000000       0x10 ..\obj\Driver_RA8875.o
 .text.Font_size_24x24_12x24
                0x00000000       0x10 ..\obj\Driver_RA8875.o
 .text.Font_size_32x32_16x32
                0x00000000       0x10 ..\obj\Driver_RA8875.o
 .text.Font_spacing_set
                0x00000000       0x28 ..\obj\Driver_RA8875.o
 .text.GT_serial_ROM_select_GT21L16TW
                0x00000000       0x10 ..\obj\Driver_RA8875.o
 .text.GT_serial_ROM_select_GT30L16U2W
                0x00000000       0x10 ..\obj\Driver_RA8875.o
 .text.GT_serial_ROM_select_GT30L24T3Y
                0x00000000       0x10 ..\obj\Driver_RA8875.o
 .text.GT_serial_ROM_select_GT30L24M1Z
                0x00000000       0x10 ..\obj\Driver_RA8875.o
 .text.GT_serial_ROM_select_GT30L32S4W
                0x00000000       0x10 ..\obj\Driver_RA8875.o
 .text.Font_code_GB2312
                0x00000000       0x10 ..\obj\Driver_RA8875.o
 .text.Font_code_GB12345
                0x00000000       0x10 ..\obj\Driver_RA8875.o
 .text.Font_code_BIG5
                0x00000000       0x10 ..\obj\Driver_RA8875.o
 .text.Font_code_UNICODE
                0x00000000       0x10 ..\obj\Driver_RA8875.o
 .text.Font_code_ASCII
                0x00000000       0x10 ..\obj\Driver_RA8875.o
 .text.Font_code_UNIJIS
                0x00000000       0x10 ..\obj\Driver_RA8875.o
 .text.Font_code_JIS0208
                0x00000000       0x10 ..\obj\Driver_RA8875.o
 .text.Font_code_LATIN
                0x00000000       0x10 ..\obj\Driver_RA8875.o
 .text.Font_Standard
                0x00000000       0x10 ..\obj\Driver_RA8875.o
 .text.Font_Arial
                0x00000000       0x10 ..\obj\Driver_RA8875.o
 .text.Font_Roman
                0x00000000       0x10 ..\obj\Driver_RA8875.o
 .text.Font_Bold
                0x00000000       0x10 ..\obj\Driver_RA8875.o
 .text.Scroll_Window
                0x00000000       0x84 ..\obj\Driver_RA8875.o
 .text.Graphic_Mode
                0x00000000       0x10 ..\obj\Driver_RA8875.o
 .text.Text_Mode
                0x00000000       0x10 ..\obj\Driver_RA8875.o
 .text.Text_Cursor_Disable
                0x00000000       0x10 ..\obj\Driver_RA8875.o
 .text.Text_Cursor_Enable
                0x00000000       0x10 ..\obj\Driver_RA8875.o
 .text.Text_Cursor_Blink_Disable
                0x00000000       0x10 ..\obj\Driver_RA8875.o
 .text.Text_Cursor_Blink_Enable
                0x00000000       0x10 ..\obj\Driver_RA8875.o
 .text.Memory_Write_LeftRight_TopDown
                0x00000000       0x10 ..\obj\Driver_RA8875.o
 .text.Memory_Write_RightLeft_TopDown
                0x00000000       0x10 ..\obj\Driver_RA8875.o
 .text.Memory_Write_DownTop_LeftRight
                0x00000000       0x10 ..\obj\Driver_RA8875.o
 .text.Memory_Write_TopDown_LeftRight
                0x00000000       0x10 ..\obj\Driver_RA8875.o
 .text.MemoryWrite_Cursor_autoIncrease
                0x00000000       0x10 ..\obj\Driver_RA8875.o
 .text.MemoryWrite_Cursor_NoautoIncrease
                0x00000000       0x10 ..\obj\Driver_RA8875.o
 .text.MemoryRead_Cursor_autoIncrease
                0x00000000       0x10 ..\obj\Driver_RA8875.o
 .text.MemoryRead_Cursor_NoautoIncrease
                0x00000000       0x10 ..\obj\Driver_RA8875.o
 .text.No_Graphic_Cursor
                0x00000000       0x10 ..\obj\Driver_RA8875.o
 .text.Graphic_Cursor
                0x00000000       0x10 ..\obj\Driver_RA8875.o
 .text.Graphic_Cursor_Set1
                0x00000000       0x10 ..\obj\Driver_RA8875.o
 .text.Graphic_Cursor_Set2
                0x00000000       0x10 ..\obj\Driver_RA8875.o
 .text.Graphic_Cursor_Set3
                0x00000000       0x10 ..\obj\Driver_RA8875.o
 .text.Graphic_Cursor_Set4
                0x00000000       0x10 ..\obj\Driver_RA8875.o
 .text.Graphic_Cursor_Set5
                0x00000000       0x10 ..\obj\Driver_RA8875.o
 .text.Graphic_Cursor_Set6
                0x00000000       0x10 ..\obj\Driver_RA8875.o
 .text.Graphic_Cursor_Set7
                0x00000000       0x10 ..\obj\Driver_RA8875.o
 .text.Graphic_Cursor_Set8
                0x00000000       0x10 ..\obj\Driver_RA8875.o
 .text.Write_To_Bank1and2
                0x00000000       0x10 ..\obj\Driver_RA8875.o
 .text.Write_To_CGRAM
                0x00000000       0x10 ..\obj\Driver_RA8875.o
 .text.Write_To_GraphicCursor
                0x00000000       0x10 ..\obj\Driver_RA8875.o
 .text.Write_To_Pattern
                0x00000000       0x10 ..\obj\Driver_RA8875.o
 .text.Write_To_Bank1
                0x00000000       0x10 ..\obj\Driver_RA8875.o
 .text.Write_To_Bank2
                0x00000000       0x10 ..\obj\Driver_RA8875.o
 .text.Text_Blink_Time
                0x00000000       0x1c ..\obj\Driver_RA8875.o
 .text.Memory_read_LeftRight_TopDown
                0x00000000       0x10 ..\obj\Driver_RA8875.o
 .text.Memory_read_RightLeft_TopDown
                0x00000000       0x10 ..\obj\Driver_RA8875.o
 .text.Memory_read_TopDown_LeftRight
                0x00000000       0x10 ..\obj\Driver_RA8875.o
 .text.Memory_read_DownTop_LeftRight
                0x00000000       0x10 ..\obj\Driver_RA8875.o
 .text.XY_Coordinate
                0x00000000       0x48 ..\obj\Driver_RA8875.o
 .text.Memory_read_Coordinate
                0x00000000       0x48 ..\obj\Driver_RA8875.o
 .text.Text_Cursor_Horizontal_Size
                0x00000000       0x1c ..\obj\Driver_RA8875.o
 .text.Text_Cursor_Vertical_Size
                0x00000000       0x1c ..\obj\Driver_RA8875.o
 .text.no_BTE_write
                0x00000000       0x10 ..\obj\Driver_RA8875.o
 .text.BTE_enable
                0x00000000       0x10 ..\obj\Driver_RA8875.o
 .text.BTE_contiguous_Data
                0x00000000       0x10 ..\obj\Driver_RA8875.o
 .text.BTE_rectangular_Data
                0x00000000       0x10 ..\obj\Driver_RA8875.o
 .text.BTE_ROP_Code
                0x00000000       0x1c ..\obj\Driver_RA8875.o
 .text.Layer1_Visible
                0x00000000       0x10 ..\obj\Driver_RA8875.o
 .text.Layer2_Visible
                0x00000000       0x10 ..\obj\Driver_RA8875.o
 .text.Transparent_Mode
                0x00000000       0x10 ..\obj\Driver_RA8875.o
 .text.Lighten_Overlay_Mode
                0x00000000       0x10 ..\obj\Driver_RA8875.o
 .text.Boolean_OR
                0x00000000       0x10 ..\obj\Driver_RA8875.o
 .text.Boolean_AND
                0x00000000       0x10 ..\obj\Driver_RA8875.o
 .text.Floating_window_mode
                0x00000000       0x10 ..\obj\Driver_RA8875.o
 .text.Floating_Window_transparent_with_BGTR_enable
                0x00000000       0x10 ..\obj\Driver_RA8875.o
 .text.Floating_Window_transparent_with_BGTR_disable
                0x00000000       0x10 ..\obj\Driver_RA8875.o
 .text.Layer1_2_scroll
                0x00000000       0x10 ..\obj\Driver_RA8875.o
 .text.Layer1_scroll
                0x00000000       0x10 ..\obj\Driver_RA8875.o
 .text.Layer2_scroll
                0x00000000       0x10 ..\obj\Driver_RA8875.o
 .text.Buffer_scroll
                0x00000000       0x10 ..\obj\Driver_RA8875.o
 .text.layer2_1_transparency
                0x00000000       0x1c ..\obj\Driver_RA8875.o
 .text.BTE_Source_Destination
                0x00000000       0xc4 ..\obj\Driver_RA8875.o
 .text.Source_Layer1
                0x00000000       0x10 ..\obj\Driver_RA8875.o
 .text.Source_Layer2
                0x00000000       0x10 ..\obj\Driver_RA8875.o
 .text.Destination_Layer1
                0x00000000       0x10 ..\obj\Driver_RA8875.o
 .text.Destination_Layer2
                0x00000000       0x10 ..\obj\Driver_RA8875.o
 .text.BTE_Size_setting
                0x00000000       0x48 ..\obj\Driver_RA8875.o
 .text.Text_Background_Color
                0x00000000       0x3c ..\obj\Driver_RA8875.o
 .text.Text_Foreground_Color
                0x00000000       0x3c ..\obj\Driver_RA8875.o
 .text.BTE_Background_color
                0x00000000       0x3c ..\obj\Driver_RA8875.o
 .text.BTE_Foreground_color
                0x00000000       0x3c ..\obj\Driver_RA8875.o
 .text.BTE_Background_red
                0x00000000       0x1c ..\obj\Driver_RA8875.o
 .text.BTE_Background_green
                0x00000000       0x1c ..\obj\Driver_RA8875.o
 .text.BTE_Background_blue
                0x00000000       0x1c ..\obj\Driver_RA8875.o
 .text.BTE_Foreground_red
                0x00000000       0x1c ..\obj\Driver_RA8875.o
 .text.BTE_Foreground_green
                0x00000000       0x1c ..\obj\Driver_RA8875.o
 .text.BTE_Foreground_blue
                0x00000000       0x1c ..\obj\Driver_RA8875.o
 .text.Pattern_Set_8x8
                0x00000000       0x28 ..\obj\Driver_RA8875.o
 .text.Pattern_Set_16x16
                0x00000000       0x10 ..\obj\Driver_RA8875.o
 .text.Pattern_Set_number
                0x00000000       0x34 ..\obj\Driver_RA8875.o
 .text.BackgroundColor_TransparentMode
                0x00000000       0x3c ..\obj\Driver_RA8875.o
 .text.Enable_TP
                0x00000000       0x10 ..\obj\Driver_RA8875.o
 .text.Disable_TP
                0x00000000       0x10 ..\obj\Driver_RA8875.o
 .text.Disable_Touch_WakeUp
                0x00000000       0x10 ..\obj\Driver_RA8875.o
 .text.Enable_Touch_WakeUp
                0x00000000       0x10 ..\obj\Driver_RA8875.o
 .text.TP_manual_mode
                0x00000000       0x10 ..\obj\Driver_RA8875.o
 .text.TP_auto_mode
                0x00000000       0x10 ..\obj\Driver_RA8875.o
 .text.TP_IDLE_mode
                0x00000000       0x10 ..\obj\Driver_RA8875.o
 .text.TP_event_mode
                0x00000000       0x10 ..\obj\Driver_RA8875.o
 .text.TP_latch_X
                0x00000000       0x10 ..\obj\Driver_RA8875.o
 .text.TP_latch_Y
                0x00000000       0x10 ..\obj\Driver_RA8875.o
 .text.ADC_X    0x00000000       0x20 ..\obj\Driver_RA8875.o
 .text.ADC_Y    0x00000000       0x20 ..\obj\Driver_RA8875.o
 .text.ADC_XY   0x00000000       0x20 ..\obj\Driver_RA8875.o
 .text.Graphic_Cursor_Coordinate
                0x00000000       0x48 ..\obj\Driver_RA8875.o
 .text.Graphic_Cursor_Color_0
                0x00000000       0x1c ..\obj\Driver_RA8875.o
 .text.Graphic_Cursor_Color_1
                0x00000000       0x1c ..\obj\Driver_RA8875.o
 .text.PWM1_enable
                0x00000000       0x10 ..\obj\Driver_RA8875.o
 .text.PWM1_disable
                0x00000000       0x10 ..\obj\Driver_RA8875.o
 .text.PWM1_disable_level_low
                0x00000000       0x10 ..\obj\Driver_RA8875.o
 .text.PWM1_disable_level_high
                0x00000000       0x10 ..\obj\Driver_RA8875.o
 .text.PWM1_fnuction_sel
                0x00000000       0x10 ..\obj\Driver_RA8875.o
 .text.PWM1_system_clk_out
                0x00000000       0x10 ..\obj\Driver_RA8875.o
 .text.PWM1_clock_ratio
                0x00000000       0x40 ..\obj\Driver_RA8875.o
 .text.PWM1_duty_cycle
                0x00000000       0x1c ..\obj\Driver_RA8875.o
 .text.PWM2_enable
                0x00000000       0x10 ..\obj\Driver_RA8875.o
 .text.PWM2_disable
                0x00000000       0x10 ..\obj\Driver_RA8875.o
 .text.PWM2_disable_level_low
                0x00000000       0x10 ..\obj\Driver_RA8875.o
 .text.PWM2_disable_level_high
                0x00000000       0x10 ..\obj\Driver_RA8875.o
 .text.PWM2_fnuction_sel
                0x00000000       0x10 ..\obj\Driver_RA8875.o
 .text.PWM2_system_clk_out
                0x00000000       0x10 ..\obj\Driver_RA8875.o
 .text.PWM2_clock_ratio
                0x00000000       0x40 ..\obj\Driver_RA8875.o
 .text.PWM2_duty_cycle
                0x00000000       0x1c ..\obj\Driver_RA8875.o
 .text.Stop_Memory_Clear
                0x00000000       0x10 ..\obj\Driver_RA8875.o
 .text.Memory_Clear
                0x00000000       0x14 ..\obj\Driver_RA8875.o
 .text.Clear_Full_Window
                0x00000000       0x10 ..\obj\Driver_RA8875.o
 .text.Clear_Active_Window
                0x00000000       0x10 ..\obj\Driver_RA8875.o
 .text.Draw_line
                0x00000000       0x14 ..\obj\Driver_RA8875.o
 .text.Draw_square
                0x00000000       0x14 ..\obj\Driver_RA8875.o
 .text.Draw_square_fill
                0x00000000       0x14 ..\obj\Driver_RA8875.o
 .text.Draw_circle
                0x00000000       0x10 ..\obj\Driver_RA8875.o
 .text.Draw_circle_fill
                0x00000000       0x10 ..\obj\Driver_RA8875.o
 .text.Draw_Triangle
                0x00000000       0x14 ..\obj\Driver_RA8875.o
 .text.Draw_Triangle_fill
                0x00000000       0x14 ..\obj\Driver_RA8875.o
 .text.Circle_Coordinate_Radius
                0x00000000       0x54 ..\obj\Driver_RA8875.o
 .text.Draw_Ellipse
                0x00000000       0x14 ..\obj\Driver_RA8875.o
 .text.Draw_Ellipse_fill
                0x00000000       0x14 ..\obj\Driver_RA8875.o
 .text.Draw_Ellipse_Curve
                0x00000000       0x10 ..\obj\Driver_RA8875.o
 .text.Draw_Ellipse_Curve_Fill
                0x00000000       0x10 ..\obj\Driver_RA8875.o
 .text.Draw_Ellipse_Curve_part
                0x00000000       0x40 ..\obj\Driver_RA8875.o
 .text.Draw_Circle_Square
                0x00000000       0x14 ..\obj\Driver_RA8875.o
 .text.Draw_Circle_Square_fill
                0x00000000       0x14 ..\obj\Driver_RA8875.o
 .text.Ellipse_Coordinate_setting
                0x00000000       0x9c ..\obj\Driver_RA8875.o
 .text.Circle_Square_Coordinate_setting
                0x00000000       0xb4 ..\obj\Driver_RA8875.o
 .text.Draw_Triangle_3point_Coordinate
                0x00000000       0xb4 ..\obj\Driver_RA8875.o
 .text.DMA_Start_address_setting
                0x00000000       0x44 ..\obj\Driver_RA8875.o
 .text.DMA_Continuous_mode_size_setting
                0x00000000       0x38 ..\obj\Driver_RA8875.o
 .text.DMA_block_mode_size_setting
                0x00000000       0x60 ..\obj\Driver_RA8875.o
 .text.DMA_Continuous_mode
                0x00000000       0x10 ..\obj\Driver_RA8875.o
 .text.DMA_Block_mode
                0x00000000       0x10 ..\obj\Driver_RA8875.o
 .text.DMA_Start_enable
                0x00000000       0x10 ..\obj\Driver_RA8875.o
 .text.Key_Scan_Enable
                0x00000000       0x10 ..\obj\Driver_RA8875.o
 .text.Key_Scan_setting
                0x00000000       0x24 ..\obj\Driver_RA8875.o
 .text.Long_Key_Scan_enable
                0x00000000       0x10 ..\obj\Driver_RA8875.o
 .text.Key_Scan_Wakeup_Function_Enable
                0x00000000       0x10 ..\obj\Driver_RA8875.o
 .text.Long_Key_Timing_Adjustment
                0x00000000       0x24 ..\obj\Driver_RA8875.o
 .text.Floating_window_start_point
                0x00000000       0x48 ..\obj\Driver_RA8875.o
 .text.Floating_window_size
                0x00000000       0x48 ..\obj\Driver_RA8875.o
 .text.Floating_window_display_point
                0x00000000       0x48 ..\obj\Driver_RA8875.o
 .text.Serial_ROM_direct_access_mode_disable
                0x00000000       0x10 ..\obj\Driver_RA8875.o
 .text.DMA_Address_32bits
                0x00000000       0x40 ..\obj\Driver_RA8875.o
 .text.KEYSCAN_Interrupt_Enable
                0x00000000       0x10 ..\obj\Driver_RA8875.o
 .text.KEYSCAN_Interrupt_Disable
                0x00000000       0x10 ..\obj\Driver_RA8875.o
 .text.DMA_Interrupt_Enable
                0x00000000       0x10 ..\obj\Driver_RA8875.o
 .text.DMA_Interrupt_Disable
                0x00000000       0x10 ..\obj\Driver_RA8875.o
 .text.Touch_Panel_Interrupt_Enable
                0x00000000       0x10 ..\obj\Driver_RA8875.o
 .text.Touch_Panel_Interrupt_Disable
                0x00000000       0x10 ..\obj\Driver_RA8875.o
 .text.BTE_Interrupt_Enable
                0x00000000       0x10 ..\obj\Driver_RA8875.o
 .text.BTE_Interrupt_Disable
                0x00000000       0x10 ..\obj\Driver_RA8875.o
 .text.Font_BTE_read_write_Interrupt_Enable
                0x00000000       0x10 ..\obj\Driver_RA8875.o
 .text.Font_BTE_read_write_Interrupt_Disable
                0x00000000       0x10 ..\obj\Driver_RA8875.o
 .text.Clear_keyscan_interrupt
                0x00000000       0x10 ..\obj\Driver_RA8875.o
 .text.Keyscan_Status
                0x00000000       0x28 ..\obj\Driver_RA8875.o
 .text.Clear_DMA_interrupt
                0x00000000       0x10 ..\obj\Driver_RA8875.o
 .text.DMA_Status
                0x00000000       0x28 ..\obj\Driver_RA8875.o
 .text.clear_TP_interrupt
                0x00000000       0x10 ..\obj\Driver_RA8875.o
 .text.Touch_Status
                0x00000000       0x28 ..\obj\Driver_RA8875.o
 .text.Clear_BTE_interrupt
                0x00000000       0x10 ..\obj\Driver_RA8875.o
 .text.BTE_Status
                0x00000000       0x28 ..\obj\Driver_RA8875.o
 .text.Clear_Font_BTE_read_write_Interrupt
                0x00000000       0x10 ..\obj\Driver_RA8875.o
 .text.Font_BTE_read_write_Status
                0x00000000       0x28 ..\obj\Driver_RA8875.o
 .text          0x00000000        0x0 ..\obj\stm32f4xx_fsmc.o
 .data          0x00000000        0x0 ..\obj\stm32f4xx_fsmc.o
 .bss           0x00000000        0x0 ..\obj\stm32f4xx_fsmc.o
 .text.FSMC_NORSRAMDeInit
                0x00000000       0x58 ..\obj\stm32f4xx_fsmc.o
 .text.FSMC_NORSRAMStructInit
                0x00000000       0xd4 ..\obj\stm32f4xx_fsmc.o
 .text.FSMC_NANDDeInit
                0x00000000       0x5c ..\obj\stm32f4xx_fsmc.o
 .text.FSMC_NANDInit
                0x00000000       0xcc ..\obj\stm32f4xx_fsmc.o
 .text.FSMC_NANDStructInit
                0x00000000       0x7c ..\obj\stm32f4xx_fsmc.o
 .text.FSMC_NANDCmd
                0x00000000       0x6c ..\obj\stm32f4xx_fsmc.o
 .text.FSMC_NANDECCCmd
                0x00000000       0x6c ..\obj\stm32f4xx_fsmc.o
 .text.FSMC_GetECC
                0x00000000       0x38 ..\obj\stm32f4xx_fsmc.o
 .text.FSMC_PCCARDDeInit
                0x00000000       0x34 ..\obj\stm32f4xx_fsmc.o
 .text.FSMC_PCCARDInit
                0x00000000       0xac ..\obj\stm32f4xx_fsmc.o
 .text.FSMC_PCCARDStructInit
                0x00000000       0x84 ..\obj\stm32f4xx_fsmc.o
 .text.FSMC_PCCARDCmd
                0x00000000       0x3c ..\obj\stm32f4xx_fsmc.o
 .text.FSMC_ITConfig
                0x00000000       0xa0 ..\obj\stm32f4xx_fsmc.o
 .text.FSMC_GetFlagStatus
                0x00000000       0x64 ..\obj\stm32f4xx_fsmc.o
 .text.FSMC_ClearFlag
                0x00000000       0x5c ..\obj\stm32f4xx_fsmc.o
 .text.FSMC_GetITStatus
                0x00000000       0x80 ..\obj\stm32f4xx_fsmc.o
 .text.FSMC_ClearITPendingBit
                0x00000000       0x64 ..\obj\stm32f4xx_fsmc.o
 .text          0x00000000        0x0 ..\obj\stm32f4xx_gpio.o
 .data          0x00000000        0x0 ..\obj\stm32f4xx_gpio.o
 .bss           0x00000000        0x0 ..\obj\stm32f4xx_gpio.o
 .text.GPIO_DeInit
                0x00000000      0x120 ..\obj\stm32f4xx_gpio.o
 .text.GPIO_StructInit
                0x00000000       0x34 ..\obj\stm32f4xx_gpio.o
 .text.GPIO_PinLockConfig
                0x00000000       0x44 ..\obj\stm32f4xx_gpio.o
 .text.GPIO_ReadInputDataBit
                0x00000000       0x34 ..\obj\stm32f4xx_gpio.o
 .text.GPIO_ReadInputData
                0x00000000       0x1c ..\obj\stm32f4xx_gpio.o
 .text.GPIO_ReadOutputDataBit
                0x00000000       0x34 ..\obj\stm32f4xx_gpio.o
 .text.GPIO_ReadOutputData
                0x00000000       0x1c ..\obj\stm32f4xx_gpio.o
 .text.GPIO_WriteBit
                0x00000000       0x30 ..\obj\stm32f4xx_gpio.o
 .text.GPIO_Write
                0x00000000       0x1c ..\obj\stm32f4xx_gpio.o
 .text.GPIO_ToggleBits
                0x00000000       0x24 ..\obj\stm32f4xx_gpio.o
 .text          0x00000000        0x0 ..\obj\stm32f4xx_flash.o
 .data          0x00000000        0x0 ..\obj\stm32f4xx_flash.o
 .bss           0x00000000        0x0 ..\obj\stm32f4xx_flash.o
 .text.FLASH_SetLatency
                0x00000000       0x20 ..\obj\stm32f4xx_flash.o
 .text.FLASH_PrefetchBufferCmd
                0x00000000       0x38 ..\obj\stm32f4xx_flash.o
 .text.FLASH_InstructionCacheCmd
                0x00000000       0x38 ..\obj\stm32f4xx_flash.o
 .text.FLASH_DataCacheCmd
                0x00000000       0x38 ..\obj\stm32f4xx_flash.o
 .text.FLASH_InstructionCacheReset
                0x00000000       0x1c ..\obj\stm32f4xx_flash.o
 .text.FLASH_DataCacheReset
                0x00000000       0x1c ..\obj\stm32f4xx_flash.o
 .text.FLASH_Unlock
                0x00000000       0x2c ..\obj\stm32f4xx_flash.o
 .text.FLASH_Lock
                0x00000000       0x1c ..\obj\stm32f4xx_flash.o
 .text.FLASH_EraseSector
                0x00000000       0xc0 ..\obj\stm32f4xx_flash.o
 .text.FLASH_EraseAllSectors
                0x00000000       0xa0 ..\obj\stm32f4xx_flash.o
 .text.FLASH_ProgramDoubleWord
                0x00000000       0x70 ..\obj\stm32f4xx_flash.o
 .text.FLASH_ProgramWord
                0x00000000       0x68 ..\obj\stm32f4xx_flash.o
 .text.FLASH_ProgramHalfWord
                0x00000000       0x6c ..\obj\stm32f4xx_flash.o
 .text.FLASH_ProgramByte
                0x00000000       0x68 ..\obj\stm32f4xx_flash.o
 .text.FLASH_OB_Unlock
                0x00000000       0x30 ..\obj\stm32f4xx_flash.o
 .text.FLASH_OB_Lock
                0x00000000       0x1c ..\obj\stm32f4xx_flash.o
 .text.FLASH_OB_WRPConfig
                0x00000000       0x58 ..\obj\stm32f4xx_flash.o
 .text.FLASH_OB_RDPConfig
                0x00000000       0x2c ..\obj\stm32f4xx_flash.o
 .text.FLASH_OB_UserConfig
                0x00000000       0x58 ..\obj\stm32f4xx_flash.o
 .text.FLASH_OB_BORConfig
                0x00000000       0x38 ..\obj\stm32f4xx_flash.o
 .text.FLASH_OB_Launch
                0x00000000       0x30 ..\obj\stm32f4xx_flash.o
 .text.FLASH_OB_GetUser
                0x00000000       0x1c ..\obj\stm32f4xx_flash.o
 .text.FLASH_OB_GetWRP
                0x00000000       0x18 ..\obj\stm32f4xx_flash.o
 .text.FLASH_OB_GetRDP
                0x00000000       0x30 ..\obj\stm32f4xx_flash.o
 .text.FLASH_OB_GetBOR
                0x00000000       0x20 ..\obj\stm32f4xx_flash.o
 .text.FLASH_ITConfig
                0x00000000       0x3c ..\obj\stm32f4xx_flash.o
 .text.FLASH_GetFlagStatus
                0x00000000       0x34 ..\obj\stm32f4xx_flash.o
 .text.FLASH_ClearFlag
                0x00000000       0x1c ..\obj\stm32f4xx_flash.o
 .text.FLASH_GetStatus
                0x00000000       0x68 ..\obj\stm32f4xx_flash.o
 .text.FLASH_WaitForLastOperation
                0x00000000       0x30 ..\obj\stm32f4xx_flash.o
 .debug_info    0x00000000      0x71b ..\obj\stm32f4xx_flash.o
 .debug_abbrev  0x00000000      0x1ae ..\obj\stm32f4xx_flash.o
 .debug_aranges
                0x00000000      0x108 ..\obj\stm32f4xx_flash.o
 .debug_ranges  0x00000000       0xf8 ..\obj\stm32f4xx_flash.o
 .debug_line    0x00000000      0x49e ..\obj\stm32f4xx_flash.o
 .debug_str     0x00000000      0x594 ..\obj\stm32f4xx_flash.o
 .comment       0x00000000       0x71 ..\obj\stm32f4xx_flash.o
 .debug_frame   0x00000000      0x44c ..\obj\stm32f4xx_flash.o
 .ARM.attributes
                0x00000000       0x33 ..\obj\stm32f4xx_flash.o
 .text          0x00000000        0x0 ..\obj\Interface_RA8875.o
 .data          0x00000000        0x0 ..\obj\Interface_RA8875.o
 .bss           0x00000000        0x0 ..\obj\Interface_RA8875.o
 .text          0x00000000        0x0 ..\obj\system_stm32f4xx.o
 .bss           0x00000000        0x0 ..\obj\system_stm32f4xx.o
 .text.SystemCoreClockUpdate
                0x00000000       0xf8 ..\obj\system_stm32f4xx.o
 .text          0x00000000        0x0 ..\obj\syscalls.o
 .data          0x00000000        0x0 ..\obj\syscalls.o
 .bss           0x00000000        0x4 ..\obj\syscalls.o
 .text._sbrk    0x00000000       0x40 ..\obj\syscalls.o
 .text.link     0x00000000       0x1c ..\obj\syscalls.o
 .text._close   0x00000000       0x18 ..\obj\syscalls.o
 .text._fstat   0x00000000       0x20 ..\obj\syscalls.o
 .text._isatty  0x00000000       0x18 ..\obj\syscalls.o
 .text._lseek   0x00000000       0x1c ..\obj\syscalls.o
 .text._read    0x00000000       0x1c ..\obj\syscalls.o
 .text._write   0x00000000       0x1c ..\obj\syscalls.o
 .text.abort    0x00000000        0x8 ..\obj\syscalls.o
 .debug_info    0x00000000      0x3ee ..\obj\syscalls.o
 .debug_abbrev  0x00000000       0xe2 ..\obj\syscalls.o
 .debug_aranges
                0x00000000       0x60 ..\obj\syscalls.o
 .debug_ranges  0x00000000       0x50 ..\obj\syscalls.o
 .debug_line    0x00000000      0x17a ..\obj\syscalls.o
 .debug_str     0x00000000      0x2d6 ..\obj\syscalls.o
 .comment       0x00000000       0x71 ..\obj\syscalls.o
 .debug_frame   0x00000000      0x168 ..\obj\syscalls.o
 .ARM.attributes
                0x00000000       0x33 ..\obj\syscalls.o
 .text          0x00000000        0x0 ..\obj\misc.o
 .data          0x00000000        0x0 ..\obj\misc.o
 .bss           0x00000000        0x0 ..\obj\misc.o
 .text.NVIC_PriorityGroupConfig
                0x00000000       0x24 ..\obj\misc.o
 .text.NVIC_Init
                0x00000000       0xc0 ..\obj\misc.o
 .text.NVIC_SetVectorTable
                0x00000000       0x2c ..\obj\misc.o
 .text.NVIC_SystemLPConfig
                0x00000000       0x40 ..\obj\misc.o
 .text.SysTick_CLKSourceConfig
                0x00000000       0x38 ..\obj\misc.o
 .debug_info    0x00000000      0x53d ..\obj\misc.o
 .debug_abbrev  0x00000000      0x145 ..\obj\misc.o
 .debug_aranges
                0x00000000       0x40 ..\obj\misc.o
 .debug_ranges  0x00000000       0x30 ..\obj\misc.o
 .debug_line    0x00000000      0x25c ..\obj\misc.o
 .debug_str     0x00000000      0x3d0 ..\obj\misc.o
 .comment       0x00000000       0x71 ..\obj\misc.o
 .debug_frame   0x00000000       0xd8 ..\obj\misc.o
 .ARM.attributes
                0x00000000       0x33 ..\obj\misc.o
 .text          0x00000000        0x0 ..\obj\stm32f4xx_tim.o
 .data          0x00000000        0x0 ..\obj\stm32f4xx_tim.o
 .bss           0x00000000        0x0 ..\obj\stm32f4xx_tim.o
 .text.TIM_DeInit
                0x00000000      0x1bc ..\obj\stm32f4xx_tim.o
 .text.TIM_TimeBaseStructInit
                0x00000000       0x34 ..\obj\stm32f4xx_tim.o
 .text.TIM_PrescalerConfig
                0x00000000       0x28 ..\obj\stm32f4xx_tim.o
 .text.TIM_CounterModeConfig
                0x00000000       0x38 ..\obj\stm32f4xx_tim.o
 .text.TIM_SetCounter
                0x00000000       0x1c ..\obj\stm32f4xx_tim.o
 .text.TIM_SetAutoreload
                0x00000000       0x1c ..\obj\stm32f4xx_tim.o
 .text.TIM_GetCounter
                0x00000000       0x18 ..\obj\stm32f4xx_tim.o
 .text.TIM_GetPrescaler
                0x00000000       0x1c ..\obj\stm32f4xx_tim.o
 .text.TIM_UpdateDisableConfig
                0x00000000       0x40 ..\obj\stm32f4xx_tim.o
 .text.TIM_UpdateRequestConfig
                0x00000000       0x40 ..\obj\stm32f4xx_tim.o
 .text.TIM_ARRPreloadConfig
                0x00000000       0x40 ..\obj\stm32f4xx_tim.o
 .text.TIM_SelectOnePulseMode
                0x00000000       0x38 ..\obj\stm32f4xx_tim.o
 .text.TIM_SetClockDivision
                0x00000000       0x38 ..\obj\stm32f4xx_tim.o
 .text.TIM_OC2Init
                0x00000000      0x110 ..\obj\stm32f4xx_tim.o
 .text.TIM_OC3Init
                0x00000000      0x10c ..\obj\stm32f4xx_tim.o
 .text.TIM_OC4Init
                0x00000000       0xcc ..\obj\stm32f4xx_tim.o
 .text.TIM_OCStructInit
                0x00000000       0x44 ..\obj\stm32f4xx_tim.o
 .text.TIM_SelectOCxM
                0x00000000       0xb0 ..\obj\stm32f4xx_tim.o
 .text.TIM_SetCompare1
                0x00000000       0x1c ..\obj\stm32f4xx_tim.o
 .text.TIM_SetCompare2
                0x00000000       0x1c ..\obj\stm32f4xx_tim.o
 .text.TIM_SetCompare3
                0x00000000       0x1c ..\obj\stm32f4xx_tim.o
 .text.TIM_SetCompare4
                0x00000000       0x1c ..\obj\stm32f4xx_tim.o
 .text.TIM_ForcedOC1Config
                0x00000000       0x38 ..\obj\stm32f4xx_tim.o
 .text.TIM_ForcedOC2Config
                0x00000000       0x3c ..\obj\stm32f4xx_tim.o
 .text.TIM_ForcedOC3Config
                0x00000000       0x38 ..\obj\stm32f4xx_tim.o
 .text.TIM_ForcedOC4Config
                0x00000000       0x3c ..\obj\stm32f4xx_tim.o
 .text.TIM_OC2PreloadConfig
                0x00000000       0x3c ..\obj\stm32f4xx_tim.o
 .text.TIM_OC3PreloadConfig
                0x00000000       0x38 ..\obj\stm32f4xx_tim.o
 .text.TIM_OC4PreloadConfig
                0x00000000       0x3c ..\obj\stm32f4xx_tim.o
 .text.TIM_OC1FastConfig
                0x00000000       0x38 ..\obj\stm32f4xx_tim.o
 .text.TIM_OC2FastConfig
                0x00000000       0x3c ..\obj\stm32f4xx_tim.o
 .text.TIM_OC3FastConfig
                0x00000000       0x38 ..\obj\stm32f4xx_tim.o
 .text.TIM_OC4FastConfig
                0x00000000       0x3c ..\obj\stm32f4xx_tim.o
 .text.TIM_ClearOC1Ref
                0x00000000       0x38 ..\obj\stm32f4xx_tim.o
 .text.TIM_ClearOC2Ref
                0x00000000       0x3c ..\obj\stm32f4xx_tim.o
 .text.TIM_ClearOC3Ref
                0x00000000       0x38 ..\obj\stm32f4xx_tim.o
 .text.TIM_ClearOC4Ref
                0x00000000       0x3c ..\obj\stm32f4xx_tim.o
 .text.TIM_OC1PolarityConfig
                0x00000000       0x38 ..\obj\stm32f4xx_tim.o
 .text.TIM_OC1NPolarityConfig
                0x00000000       0x38 ..\obj\stm32f4xx_tim.o
 .text.TIM_OC2PolarityConfig
                0x00000000       0x3c ..\obj\stm32f4xx_tim.o
 .text.TIM_OC2NPolarityConfig
                0x00000000       0x3c ..\obj\stm32f4xx_tim.o
 .text.TIM_OC3PolarityConfig
                0x00000000       0x3c ..\obj\stm32f4xx_tim.o
 .text.TIM_OC3NPolarityConfig
                0x00000000       0x3c ..\obj\stm32f4xx_tim.o
 .text.TIM_OC4PolarityConfig
                0x00000000       0x3c ..\obj\stm32f4xx_tim.o
 .text.TIM_CCxCmd
                0x00000000       0x54 ..\obj\stm32f4xx_tim.o
 .text.TIM_CCxNCmd
                0x00000000       0x54 ..\obj\stm32f4xx_tim.o
 .text.TIM_ICInit
                0x00000000       0xa8 ..\obj\stm32f4xx_tim.o
 .text.TIM_ICStructInit
                0x00000000       0x30 ..\obj\stm32f4xx_tim.o
 .text.TIM_PWMIConfig
                0x00000000       0xb8 ..\obj\stm32f4xx_tim.o
 .text.TIM_GetCapture1
                0x00000000       0x18 ..\obj\stm32f4xx_tim.o
 .text.TIM_GetCapture2
                0x00000000       0x18 ..\obj\stm32f4xx_tim.o
 .text.TIM_GetCapture3
                0x00000000       0x18 ..\obj\stm32f4xx_tim.o
 .text.TIM_GetCapture4
                0x00000000       0x18 ..\obj\stm32f4xx_tim.o
 .text.TIM_SetIC1Prescaler
                0x00000000       0x38 ..\obj\stm32f4xx_tim.o
 .text.TIM_SetIC2Prescaler
                0x00000000       0x3c ..\obj\stm32f4xx_tim.o
 .text.TIM_SetIC3Prescaler
                0x00000000       0x38 ..\obj\stm32f4xx_tim.o
 .text.TIM_SetIC4Prescaler
                0x00000000       0x3c ..\obj\stm32f4xx_tim.o
 .text.TIM_BDTRConfig
                0x00000000       0x50 ..\obj\stm32f4xx_tim.o
 .text.TIM_BDTRStructInit
                0x00000000       0x3c ..\obj\stm32f4xx_tim.o
 .text.TIM_CtrlPWMOutputs
                0x00000000       0x4c ..\obj\stm32f4xx_tim.o
 .text.TIM_SelectCOM
                0x00000000       0x40 ..\obj\stm32f4xx_tim.o
 .text.TIM_CCPreloadControl
                0x00000000       0x40 ..\obj\stm32f4xx_tim.o
 .text.TIM_ITConfig
                0x00000000       0x48 ..\obj\stm32f4xx_tim.o
 .text.TIM_GenerateEvent
                0x00000000       0x1c ..\obj\stm32f4xx_tim.o
 .text.TIM_GetFlagStatus
                0x00000000       0x38 ..\obj\stm32f4xx_tim.o
 .text.TIM_ClearFlag
                0x00000000       0x20 ..\obj\stm32f4xx_tim.o
 .text.TIM_GetITStatus
                0x00000000       0x54 ..\obj\stm32f4xx_tim.o
 .text.TIM_ClearITPendingBit
                0x00000000       0x20 ..\obj\stm32f4xx_tim.o
 .text.TIM_DMAConfig
                0x00000000       0x28 ..\obj\stm32f4xx_tim.o
 .text.TIM_DMACmd
                0x00000000       0x48 ..\obj\stm32f4xx_tim.o
 .text.TIM_SelectCCDMA
                0x00000000       0x40 ..\obj\stm32f4xx_tim.o
 .text.TIM_InternalClockConfig
                0x00000000       0x24 ..\obj\stm32f4xx_tim.o
 .text.TIM_ITRxExternalClockConfig
                0x00000000       0x2c ..\obj\stm32f4xx_tim.o
 .text.TIM_TIxExternalClockConfig
                0x00000000       0x60 ..\obj\stm32f4xx_tim.o
 .text.TIM_ETRClockMode1Config
                0x00000000       0x5c ..\obj\stm32f4xx_tim.o
 .text.TIM_ETRClockMode2Config
                0x00000000       0x3c ..\obj\stm32f4xx_tim.o
 .text.TIM_SelectInputTrigger
                0x00000000       0x38 ..\obj\stm32f4xx_tim.o
 .text.TIM_SelectOutputTrigger
                0x00000000       0x38 ..\obj\stm32f4xx_tim.o
 .text.TIM_SelectSlaveMode
                0x00000000       0x38 ..\obj\stm32f4xx_tim.o
 .text.TIM_SelectMasterSlaveMode
                0x00000000       0x38 ..\obj\stm32f4xx_tim.o
 .text.TIM_ETRConfig
                0x00000000       0x54 ..\obj\stm32f4xx_tim.o
 .text.TIM_EncoderInterfaceConfig
                0x00000000       0x98 ..\obj\stm32f4xx_tim.o
 .text.TIM_SelectHallSensor
                0x00000000       0x40 ..\obj\stm32f4xx_tim.o
 .text.TIM_RemapConfig
                0x00000000       0x20 ..\obj\stm32f4xx_tim.o
 .text.TI1_Config
                0x00000000       0x84 ..\obj\stm32f4xx_tim.o
 .text.TI2_Config
                0x00000000       0x98 ..\obj\stm32f4xx_tim.o
 .text.TI3_Config
                0x00000000       0x90 ..\obj\stm32f4xx_tim.o
 .text.TI4_Config
                0x00000000       0x9c ..\obj\stm32f4xx_tim.o

Memory Configuration

Name             Origin             Length             Attributes
rom              0x08000000         0x00100000         xr
ram              0x20000000         0x00020000         xrw
ram1             0x10000000         0x00010000         xrw
*default*        0x00000000         0xffffffff

Linker script and memory map

                0x20020000                _eram = 0x20020000

.text           0x08000000     0x1508
 *(.isr_vector)
 .isr_vector    0x08000000      0x188 ..\obj\startup_stm32f4xx.o
                0x08000000                g_pfnVectors
 *(.text*)
 .text.LCDPrintStrROM
                0x08000188       0x4c ..\obj\LCD_System.o
                0x08000188                LCDPrintStrROM
 .text.LCD_Clear
                0x080001d4       0x34 ..\obj\LCD_System.o
                0x080001d4                LCD_Clear
 .text.LCD_Reset
                0x08000208       0x28 ..\obj\LCD_System.o
                0x08000208                LCD_Reset
 .text.DMA_Access_Font
                0x08000230       0x28 ..\obj\Driver_Font.o
                0x08000230                DMA_Access_Font
 .text.get_FontByte
                0x08000258       0x58 ..\obj\Driver_Font.o
                0x08000258                get_FontByte
 .text.Print_String
                0x080002b0       0x70 ..\obj\Driver_Font.o
                0x080002b0                Print_String
 .text.Addr_Font
                0x08000320       0x3c ..\obj\Driver_Font.o
                0x08000320                Addr_Font
 .text.Default_Reset_Handler
                0x0800035c       0x58 ..\obj\startup_stm32f4xx.o
                0x0800035c                Default_Reset_Handler
                0x0800035c                Reset_Handler
 .text.Default_Handler
                0x080003b4        0x8 ..\obj\startup_stm32f4xx.o
                0x080003b4                RTC_Alarm_IRQHandler
                0x080003b4                HASH_RNG_IRQHandler
                0x080003b4                EXTI2_IRQHandler
                0x080003b4                TIM8_CC_IRQHandler
                0x080003b4                DebugMon_Handler
                0x080003b4                TIM1_CC_IRQHandler
                0x080003b4                DMA2_Stream5_IRQHandler
                0x080003b4                HardFault_Handler
                0x080003b4                DMA1_Stream5_IRQHandler
                0x080003b4                PVD_IRQHandler
                0x080003b4                SDIO_IRQHandler
                0x080003b4                TAMP_STAMP_IRQHandler
                0x080003b4                PendSV_Handler
                0x080003b4                NMI_Handler
                0x080003b4                CAN2_RX1_IRQHandler
                0x080003b4                EXTI3_IRQHandler
                0x080003b4                TIM8_TRG_COM_TIM14_IRQHandler
                0x080003b4                TIM1_UP_TIM10_IRQHandler
                0x080003b4                TIM8_UP_TIM13_IRQHandler
                0x080003b4                I2C3_ER_IRQHandler
                0x080003b4                EXTI0_IRQHandler
                0x080003b4                I2C2_EV_IRQHandler
                0x080003b4                DMA1_Stream2_IRQHandler
                0x080003b4                CAN1_RX0_IRQHandler
                0x080003b4                FPU_IRQHandler
                0x080003b4                OTG_HS_WKUP_IRQHandler
                0x080003b4                UsageFault_Handler
                0x080003b4                CAN2_SCE_IRQHandler
                0x080003b4                DMA2_Stream2_IRQHandler
                0x080003b4                SPI1_IRQHandler
                0x080003b4                TIM6_DAC_IRQHandler
                0x080003b4                TIM1_BRK_TIM9_IRQHandler
                0x080003b4                DCMI_IRQHandler
                0x080003b4                CAN2_RX0_IRQHandler
                0x080003b4                DMA2_Stream3_IRQHandler
                0x080003b4                USART6_IRQHandler
                0x080003b4                USART3_IRQHandler
                0x080003b4                CRYP_IRQHandler
                0x080003b4                CAN1_RX1_IRQHandler
                0x080003b4                UART5_IRQHandler
                0x080003b4                DMA2_Stream0_IRQHandler
                0x080003b4                TIM4_IRQHandler
                0x080003b4                I2C1_EV_IRQHandler
                0x080003b4                DMA1_Stream6_IRQHandler
                0x080003b4                DMA1_Stream1_IRQHandler
                0x080003b4                UART4_IRQHandler
                0x080003b4                TIM3_IRQHandler
                0x080003b4                RCC_IRQHandler
                0x080003b4                TIM8_BRK_TIM12_IRQHandler
                0x080003b4                EXTI15_10_IRQHandler
                0x080003b4                ADC_IRQHandler
                0x080003b4                DMA1_Stream7_IRQHandler
                0x080003b4                TIM7_IRQHandler
                0x080003b4                CAN2_TX_IRQHandler
                0x080003b4                TIM5_IRQHandler
                0x080003b4                DMA2_Stream7_IRQHandler
                0x080003b4                I2C3_EV_IRQHandler
                0x080003b4                EXTI9_5_IRQHandler
                0x080003b4                RTC_WKUP_IRQHandler
                0x080003b4                ETH_WKUP_IRQHandler
                0x080003b4                SPI2_IRQHandler
                0x080003b4                OTG_HS_EP1_IN_IRQHandler
                0x080003b4                MemManage_Handler
                0x080003b4                DMA1_Stream0_IRQHandler
                0x080003b4                CAN1_TX_IRQHandler
                0x080003b4                SVC_Handler
                0x080003b4                EXTI4_IRQHandler
                0x080003b4                FSMC_IRQHandler
                0x080003b4                ETH_IRQHandler
                0x080003b4                OTG_HS_EP1_OUT_IRQHandler
                0x080003b4                WWDG_IRQHandler
                0x080003b4                TIM2_IRQHandler
                0x080003b4                OTG_FS_WKUP_IRQHandler
                0x080003b4                TIM1_TRG_COM_TIM11_IRQHandler
                0x080003b4                OTG_HS_IRQHandler
                0x080003b4                EXTI1_IRQHandler
                0x080003b4                USART2_IRQHandler
                0x080003b4                I2C2_ER_IRQHandler
                0x080003b4                DMA2_Stream1_IRQHandler
                0x080003b4                CAN1_SCE_IRQHandler
                0x080003b4                FLASH_IRQHandler
                0x080003b4                DMA2_Stream4_IRQHandler
                0x080003b4                BusFault_Handler
                0x080003b4                USART1_IRQHandler
                0x080003b4                OTG_FS_IRQHandler
                0x080003b4                SPI3_IRQHandler
                0x080003b4                DMA1_Stream4_IRQHandler
                0x080003b4                I2C1_ER_IRQHandler
                0x080003b4                DMA2_Stream6_IRQHandler
                0x080003b4                DMA1_Stream3_IRQHandler
 .text.InitializeTimer
                0x080003bc       0x40 ..\obj\Config_RA8875.o
                0x080003bc                InitializeTimer
 .text.InitializePWM_TIM4
                0x080003fc       0x48 ..\obj\Config_RA8875.o
                0x080003fc                InitializePWM_TIM4
 .text.LCD_CtrlLinesFSMC
                0x08000444      0x11c ..\obj\Config_RA8875.o
 .text.LCD_CtrlLinesConfig
                0x08000560       0x70 ..\obj\Config_RA8875.o
 .text.LCD_FSMCConfig
                0x080005d0       0x78 ..\obj\Config_RA8875.o
 .text.LCD_Configuration
                0x08000648       0x24 ..\obj\Config_RA8875.o
 .text.LCD_Initialization
                0x0800066c       0xdc ..\obj\Config_RA8875.o
                0x0800066c                LCD_Initialization
 .text.PLL_init
                0x08000748       0x24 ..\obj\Config_RA8875.o
                0x08000748                PLL_init
 .text.main     0x0800076c       0x64 ..\obj\main.o
                0x0800076c                main
 .text.RCC_AHB1PeriphClockCmd
                0x080007d0       0x3c ..\obj\stm32f4xx_rcc.o
                0x080007d0                RCC_AHB1PeriphClockCmd
 .text.RCC_AHB3PeriphClockCmd
                0x0800080c       0x3c ..\obj\stm32f4xx_rcc.o
                0x0800080c                RCC_AHB3PeriphClockCmd
 .text.RCC_APB1PeriphClockCmd
                0x08000848       0x3c ..\obj\stm32f4xx_rcc.o
                0x08000848                RCC_APB1PeriphClockCmd
 .text.NVIC_SetPriority
                0x08000884       0x54 ..\obj\Delay.o
 .text.SysTick_Config
                0x080008d8       0x44 ..\obj\Delay.o
 .text.Init_SysTick
                0x0800091c       0x2c ..\obj\Delay.o
                0x0800091c                Init_SysTick
 .text.SysTick_Handler
                0x08000948       0x24 ..\obj\Delay.o
                0x08000948                SysTick_Handler
 .text.Delay_ms
                0x0800096c       0x28 ..\obj\Delay.o
                0x0800096c                Delay_ms
 .text.Chk_Busy_DIR_Access
                0x08000994       0x20 ..\obj\Driver_RA8875.o
                0x08000994                Chk_Busy_DIR_Access
 .text.Display_ON
                0x080009b4       0x10 ..\obj\Driver_RA8875.o
                0x080009b4                Display_ON
 .text.Display_OFF
                0x080009c4       0x10 ..\obj\Driver_RA8875.o
                0x080009c4                Display_OFF
 .text.Software_Reset
                0x080009d4       0x1c ..\obj\Driver_RA8875.o
                0x080009d4                Software_Reset
 .text.Serial_ROM_select0
                0x080009f0       0x10 ..\obj\Driver_RA8875.o
                0x080009f0                Serial_ROM_select0
 .text.Serial_ROM_Address_set_24bit
                0x08000a00       0x10 ..\obj\Driver_RA8875.o
                0x08000a00                Serial_ROM_Address_set_24bit
 .text.Select_Serial_Waveform_mode3
                0x08000a10       0x10 ..\obj\Driver_RA8875.o
                0x08000a10                Select_Serial_Waveform_mode3
 .text.SERIAL_ROM_Read_Cycle_5bus
                0x08000a20       0x10 ..\obj\Driver_RA8875.o
                0x08000a20                SERIAL_ROM_Read_Cycle_5bus
 .text.SERIAL_ROM_Single_mode
                0x08000a30       0x10 ..\obj\Driver_RA8875.o
                0x08000a30                SERIAL_ROM_Single_mode
 .text.SROM_CLK_DIV
                0x08000a40       0x1c ..\obj\Driver_RA8875.o
                0x08000a40                SROM_CLK_DIV
 .text.Font_Coordinate
                0x08000a5c       0x48 ..\obj\Driver_RA8875.o
                0x08000a5c                Font_Coordinate
 .text.Active_Window
                0x08000aa4       0x84 ..\obj\Driver_RA8875.o
                0x08000aa4                Active_Window
 .text.Background_color
                0x08000b28       0x40 ..\obj\Driver_RA8875.o
                0x08000b28                Background_color
 .text.Foreground_color
                0x08000b68       0x40 ..\obj\Driver_RA8875.o
                0x08000b68                Foreground_color
 .text.Geometric_Coordinate
                0x08000ba8       0x84 ..\obj\Driver_RA8875.o
                0x08000ba8                Geometric_Coordinate
 .text.Serial_ROM_direct_access_mode_enable
                0x08000c2c       0x10 ..\obj\Driver_RA8875.o
                0x08000c2c                Serial_ROM_direct_access_mode_enable
 .text.DAM_Address_24bits
                0x08000c3c       0x38 ..\obj\Driver_RA8875.o
                0x08000c3c                DAM_Address_24bits
 .text.DAM_Read_Data_buffer
                0x08000c74       0x14 ..\obj\Driver_RA8875.o
                0x08000c74                DAM_Read_Data_buffer
 .text.FSMC_NORSRAMInit
                0x08000c88      0x134 ..\obj\stm32f4xx_fsmc.o
                0x08000c88                FSMC_NORSRAMInit
 .text.FSMC_NORSRAMCmd
                0x08000dbc       0x54 ..\obj\stm32f4xx_fsmc.o
                0x08000dbc                FSMC_NORSRAMCmd
 .text.GPIO_Init
                0x08000e10      0x11c ..\obj\stm32f4xx_gpio.o
                0x08000e10                GPIO_Init
 .text.GPIO_SetBits
                0x08000f2c       0x1c ..\obj\stm32f4xx_gpio.o
                0x08000f2c                GPIO_SetBits
 .text.GPIO_ResetBits
                0x08000f48       0x1c ..\obj\stm32f4xx_gpio.o
                0x08000f48                GPIO_ResetBits
 .text.GPIO_PinAFConfig
                0x08000f64       0x90 ..\obj\stm32f4xx_gpio.o
                0x08000f64                GPIO_PinAFConfig
 .text.LCD_WriteCmd
                0x08000ff4       0x20 ..\obj\Interface_RA8875.o
                0x08000ff4                LCD_WriteCmd
 .text.LCD_WriteData
                0x08001014       0x1c ..\obj\Interface_RA8875.o
                0x08001014                LCD_WriteData
 .text.LCD_ReadData
                0x08001030       0x18 ..\obj\Interface_RA8875.o
                0x08001030                LCD_ReadData
 .text.LCD_WriteReg
                0x08001048       0x2c ..\obj\Interface_RA8875.o
                0x08001048                LCD_WriteReg
 .text.LCD_ReadReg
                0x08001074       0x20 ..\obj\Interface_RA8875.o
                0x08001074                LCD_ReadReg
 .text.LCD_WriteReg_ORMask
                0x08001094       0x3c ..\obj\Interface_RA8875.o
                0x08001094                LCD_WriteReg_ORMask
 .text.LCD_WriteReg_ANDMask
                0x080010d0       0x3c ..\obj\Interface_RA8875.o
                0x080010d0                LCD_WriteReg_ANDMask
 .text.LCD_WriteReg_ANDORMask
                0x0800110c       0x48 ..\obj\Interface_RA8875.o
                0x0800110c                LCD_WriteReg_ANDORMask
 .text.LCD_StatusRead
                0x08001154       0x18 ..\obj\Interface_RA8875.o
                0x08001154                LCD_StatusRead
 .text.SystemInit
                0x0800116c       0x58 ..\obj\system_stm32f4xx.o
                0x0800116c                SystemInit
 .text.SetSysClock
                0x080011c4       0xf4 ..\obj\system_stm32f4xx.o
 .text.TIM_TimeBaseInit
                0x080012b8       0xd4 ..\obj\stm32f4xx_tim.o
                0x080012b8                TIM_TimeBaseInit
 .text.TIM_Cmd  0x0800138c       0x40 ..\obj\stm32f4xx_tim.o
                0x0800138c                TIM_Cmd
 .text.TIM_OC1Init
                0x080013cc       0xf4 ..\obj\stm32f4xx_tim.o
                0x080013cc                TIM_OC1Init
 .text.TIM_OC1PreloadConfig
                0x080014c0       0x38 ..\obj\stm32f4xx_tim.o
                0x080014c0                TIM_OC1PreloadConfig
 *(.init)
 *(.fini)
 *crtbegin.o(.ctors)
 *crtbegin?.o(.ctors)
 *(EXCLUDE_FILE(*crtend.o *crtend?.o) .ctors)
 *(SORT(.ctors.*))
 *(.ctors)
 *crtbegin.o(.dtors)
 *crtbegin?.o(.dtors)
 *(EXCLUDE_FILE(*crtend.o *crtend?.o) .dtors)
 *(SORT(.dtors.*))
 *(.dtors)
 *(.rodata*)
 .rodata        0x080014f8       0x10 ..\obj\main.o
 *(.eh_fram e*)

.glue_7         0x08001508        0x0
 .glue_7        0x00000000        0x0 linker stubs

.glue_7t        0x08001508        0x0
 .glue_7t       0x00000000        0x0 linker stubs

.vfp11_veneer   0x08001508        0x0
 .vfp11_veneer  0x00000000        0x0 linker stubs

.v4_bx          0x08001508        0x0
 .v4_bx         0x00000000        0x0 linker stubs

.iplt           0x08001508        0x0
 .iplt          0x00000000        0x0 ..\obj\LCD_System.o

.rel.dyn        0x08001508        0x0
 .rel.iplt      0x00000000        0x0 ..\obj\LCD_System.o

.ARM.extab
 *(.ARM.extab* .gnu.linkonce.armextab.*)
                0x08001508                __exidx_start = .

.ARM.exidx
 *(.ARM.exidx* .gnu.linkonce.armexidx.*)
                0x08001508                __exidx_end = .
                0x08001508                __etext = .
                0x08001508                _sidata = __etext

.data           0x20000000       0x14 load address 0x08001508
                0x20000000                __data_start__ = .
                0x20000000                _sdata = __data_start__
 *(vtable)
 *(.data*)
 .data          0x20000000       0x14 ..\obj\system_stm32f4xx.o
                0x20000000                SystemCoreClock
                0x20000004                AHBPrescTable
                0x20000014                . = ALIGN (0x4)
                0x20000014                PROVIDE (__preinit_array_start, .)
 *(.preinit_array)
                0x20000014                PROVIDE (__preinit_array_end, .)
                0x20000014                . = ALIGN (0x4)
                0x20000014                PROVIDE (__init_array_start, .)
 *(SORT(.init_array.*))
 *(.init_array)
                0x20000014                PROVIDE (__init_array_end, .)
                0x20000014                . = ALIGN (0x4)
                0x20000014                PROVIDE (__fini_array_start, .)
 *(SORT(.fini_array.*))
 *(.fini_array)
                0x20000014                PROVIDE (__fini_array_end, .)
 *(.jcr*)
                0x20000014                . = ALIGN (0x4)
                0x20000014                __data_end__ = .
                0x20000014                _edata = __data_end__

.igot.plt       0x20000014        0x0 load address 0x0800151c
 .igot.plt      0x00000000        0x0 ..\obj\LCD_System.o

.bss            0x20000014        0x8 load address 0x0800151c
                0x20000014                . = ALIGN (0x4)
                0x20000014                __bss_start__ = .
                0x20000014                _sbss = __bss_start__
 *(.bss*)
 *(COMMON)
 COMMON         0x20000014        0x4 ..\obj\Driver_Font.o
                0x20000014                temp
 COMMON         0x20000018        0x4 ..\obj\Delay.o
                0x20000018                delayTime
                0x2000001c                . = ALIGN (0x4)
                0x2000001c                __bss_end__ = .
                0x2000001c                _ebss = __bss_end__

.heap           0x2000001c        0x0
                0x2000001c                __end__ = .
                0x2000001c                _end = __end__
                0x2000001c                end = __end__
 *(.heap*)
                0x2000001c                __HeapLimit = .

.co_stack       0x2000001c      0x804 load address 0x08001524
                0x20000020                . = ALIGN (0x8)
 *fill*         0x2000001c        0x4 
 *(.co_stack .co_stack.*)
 .co_stack      0x20000020      0x800 ..\obj\startup_stm32f4xx.o
                0x20000020                pulStack
                0x20020000                __StackTop = (ORIGIN (ram) + 0x20000)
                0x2001f7fc                __StackLimit = (__StackTop - SIZEOF (.co_stack))
                0x20020000                PROVIDE (__stack, __StackTop)
                0x00000001                ASSERT ((__StackLimit >= __HeapLimit), region ram  overflowed with stack)
LOAD ..\obj\LCD_System.o
LOAD ..\obj\Driver_Font.o
LOAD ..\obj\startup_stm32f4xx.o
LOAD ..\obj\Config_RA8875.o
LOAD ..\obj\main.o
LOAD ..\obj\stm32f4xx_rcc.o
LOAD ..\obj\Test.o
LOAD ..\obj\Delay.o
LOAD ..\obj\Driver_RA8875.o
LOAD ..\obj\stm32f4xx_fsmc.o
LOAD ..\obj\stm32f4xx_gpio.o
LOAD ..\obj\stm32f4xx_flash.o
LOAD ..\obj\Interface_RA8875.o
LOAD ..\obj\system_stm32f4xx.o
LOAD ..\obj\syscalls.o
LOAD ..\obj\misc.o
LOAD ..\obj\stm32f4xx_tim.o
START GROUP
LOAD c:/program files (x86)/gnu tools arm embedded/4.9 2015q1/bin/../lib/gcc/arm-none-eabi/4.9.3/armv7e-m\libgcc.a
LOAD c:/program files (x86)/gnu tools arm embedded/4.9 2015q1/bin/../lib/gcc/arm-none-eabi/4.9.3/../../../../arm-none-eabi/lib/armv7e-m\libg.a
LOAD c:/program files (x86)/gnu tools arm embedded/4.9 2015q1/bin/../lib/gcc/arm-none-eabi/4.9.3/../../../../arm-none-eabi/lib/armv7e-m\libc.a
END GROUP
OUTPUT(Prueba1.elf elf32-littlearm)

.debug_info     0x00000000     0x7743
 .debug_info    0x00000000      0x673 ..\obj\LCD_System.o
 .debug_info    0x00000673      0x393 ..\obj\Driver_Font.o
 .debug_info    0x00000a06       0xed ..\obj\startup_stm32f4xx.o
 .debug_info    0x00000af3      0x803 ..\obj\Config_RA8875.o
 .debug_info    0x000012f6       0xce ..\obj\main.o
 .debug_info    0x000013c4      0xc4d ..\obj\stm32f4xx_rcc.o
 .debug_info    0x00002011      0x6de ..\obj\Delay.o
 .debug_info    0x000026ef     0x1d0b ..\obj\Driver_RA8875.o
 .debug_info    0x000043fa      0x8f5 ..\obj\stm32f4xx_fsmc.o
 .debug_info    0x00004cef      0x602 ..\obj\stm32f4xx_gpio.o
 .debug_info    0x000052f1      0x25f ..\obj\Interface_RA8875.o
 .debug_info    0x00005550      0x592 ..\obj\system_stm32f4xx.o
 .debug_info    0x00005ae2     0x1c61 ..\obj\stm32f4xx_tim.o

.debug_abbrev   0x00000000     0x11ad
 .debug_abbrev  0x00000000      0x199 ..\obj\LCD_System.o
 .debug_abbrev  0x00000199      0x13f ..\obj\Driver_Font.o
 .debug_abbrev  0x000002d8       0xb0 ..\obj\startup_stm32f4xx.o
 .debug_abbrev  0x00000388      0x1da ..\obj\Config_RA8875.o
 .debug_abbrev  0x00000562       0x92 ..\obj\main.o
 .debug_abbrev  0x000005f4      0x1e3 ..\obj\stm32f4xx_rcc.o
 .debug_abbrev  0x000007d7      0x1a6 ..\obj\Delay.o
 .debug_abbrev  0x0000097d      0x175 ..\obj\Driver_RA8875.o
 .debug_abbrev  0x00000af2      0x170 ..\obj\stm32f4xx_fsmc.o
 .debug_abbrev  0x00000c62      0x1a3 ..\obj\stm32f4xx_gpio.o
 .debug_abbrev  0x00000e05       0xeb ..\obj\Interface_RA8875.o
 .debug_abbrev  0x00000ef0      0x136 ..\obj\system_stm32f4xx.o
 .debug_abbrev  0x00001026      0x187 ..\obj\stm32f4xx_tim.o

.debug_aranges  0x00000000     0x1008
 .debug_aranges
                0x00000000       0x50 ..\obj\LCD_System.o
 .debug_aranges
                0x00000050       0x48 ..\obj\Driver_Font.o
 .debug_aranges
                0x00000098       0x28 ..\obj\startup_stm32f4xx.o
 .debug_aranges
                0x000000c0       0x60 ..\obj\Config_RA8875.o
 .debug_aranges
                0x00000120       0x20 ..\obj\main.o
 .debug_aranges
                0x00000140      0x178 ..\obj\stm32f4xx_rcc.o
 .debug_aranges
                0x000002b8       0x40 ..\obj\Delay.o
 .debug_aranges
                0x000002f8      0x850 ..\obj\Driver_RA8875.o
 .debug_aranges
                0x00000b48       0xb0 ..\obj\stm32f4xx_fsmc.o
 .debug_aranges
                0x00000bf8       0x88 ..\obj\stm32f4xx_gpio.o
 .debug_aranges
                0x00000c80       0x60 ..\obj\Interface_RA8875.o
 .debug_aranges
                0x00000ce0       0x30 ..\obj\system_stm32f4xx.o
 .debug_aranges
                0x00000d10      0x2f8 ..\obj\stm32f4xx_tim.o

.debug_ranges   0x00000000      0xf38
 .debug_ranges  0x00000000       0x40 ..\obj\LCD_System.o
 .debug_ranges  0x00000040       0x38 ..\obj\Driver_Font.o
 .debug_ranges  0x00000078       0x18 ..\obj\startup_stm32f4xx.o
 .debug_ranges  0x00000090       0x50 ..\obj\Config_RA8875.o
 .debug_ranges  0x000000e0       0x10 ..\obj\main.o
 .debug_ranges  0x000000f0      0x168 ..\obj\stm32f4xx_rcc.o
 .debug_ranges  0x00000258       0x30 ..\obj\Delay.o
 .debug_ranges  0x00000288      0x840 ..\obj\Driver_RA8875.o
 .debug_ranges  0x00000ac8       0xa0 ..\obj\stm32f4xx_fsmc.o
 .debug_ranges  0x00000b68       0x78 ..\obj\stm32f4xx_gpio.o
 .debug_ranges  0x00000be0       0x50 ..\obj\Interface_RA8875.o
 .debug_ranges  0x00000c30       0x20 ..\obj\system_stm32f4xx.o
 .debug_ranges  0x00000c50      0x2e8 ..\obj\stm32f4xx_tim.o

.debug_line     0x00000000     0x3cf5
 .debug_line    0x00000000      0x291 ..\obj\LCD_System.o
 .debug_line    0x00000291      0x20d ..\obj\Driver_Font.o
 .debug_line    0x0000049e       0xa3 ..\obj\startup_stm32f4xx.o
 .debug_line    0x00000541      0x341 ..\obj\Config_RA8875.o
 .debug_line    0x00000882      0x177 ..\obj\main.o
 .debug_line    0x000009f9      0x5b8 ..\obj\stm32f4xx_rcc.o
 .debug_line    0x00000fb1      0x229 ..\obj\Delay.o
 .debug_line    0x000011da     0x14bd ..\obj\Driver_RA8875.o
 .debug_line    0x00002697      0x46b ..\obj\stm32f4xx_fsmc.o
 .debug_line    0x00002b02      0x35a ..\obj\stm32f4xx_gpio.o
 .debug_line    0x00002e5c      0x217 ..\obj\Interface_RA8875.o
 .debug_line    0x00003073      0x201 ..\obj\system_stm32f4xx.o
 .debug_line    0x00003274      0xa81 ..\obj\stm32f4xx_tim.o

.debug_str      0x00000000     0x3c9c
 .debug_str     0x00000000      0x40c ..\obj\LCD_System.o
                                0x4a7 (size before relaxing)
 .debug_str     0x0000040c      0x1cf ..\obj\Driver_Font.o
                                0x3d6 (size before relaxing)
 .debug_str     0x000005db       0xb2 ..\obj\startup_stm32f4xx.o
                                0x149 (size before relaxing)
 .debug_str     0x0000068d      0x65d ..\obj\Config_RA8875.o
                                0x80d (size before relaxing)
 .debug_str     0x00000cea       0x36 ..\obj\main.o
                                0x177 (size before relaxing)
 .debug_str     0x00000d20      0x661 ..\obj\stm32f4xx_rcc.o
                                0x852 (size before relaxing)
 .debug_str     0x00001381      0x655 ..\obj\Delay.o
                                0x7da (size before relaxing)
 .debug_str     0x000019d6     0x1197 ..\obj\Driver_RA8875.o
                               0x16ad (size before relaxing)
 .debug_str     0x00002b6d      0x3fa ..\obj\stm32f4xx_fsmc.o
                                0x78c (size before relaxing)
 .debug_str     0x00002f67      0x1a0 ..\obj\stm32f4xx_gpio.o
                                0x4a5 (size before relaxing)
 .debug_str     0x00003107       0xe8 ..\obj\Interface_RA8875.o
                                0x258 (size before relaxing)
 .debug_str     0x000031ef       0xb6 ..\obj\system_stm32f4xx.o
                                0x3ac (size before relaxing)
 .debug_str     0x000032a5      0x9f7 ..\obj\stm32f4xx_tim.o
                                0xdd2 (size before relaxing)

.comment        0x00000000       0x70
 .comment       0x00000000       0x70 ..\obj\LCD_System.o
                                 0x71 (size before relaxing)
 .comment       0x00000000       0x71 ..\obj\Driver_Font.o
 .comment       0x00000000       0x71 ..\obj\startup_stm32f4xx.o
 .comment       0x00000000       0x71 ..\obj\Config_RA8875.o
 .comment       0x00000000       0x71 ..\obj\main.o
 .comment       0x00000000       0x71 ..\obj\stm32f4xx_rcc.o
 .comment       0x00000000       0x71 ..\obj\Delay.o
 .comment       0x00000000       0x71 ..\obj\Driver_RA8875.o
 .comment       0x00000000       0x71 ..\obj\stm32f4xx_fsmc.o
 .comment       0x00000000       0x71 ..\obj\stm32f4xx_gpio.o
 .comment       0x00000000       0x71 ..\obj\Interface_RA8875.o
 .comment       0x00000000       0x71 ..\obj\system_stm32f4xx.o
 .comment       0x00000000       0x71 ..\obj\stm32f4xx_tim.o

.ARM.attributes
                0x00000000       0x33
 .ARM.attributes
                0x00000000       0x33 ..\obj\LCD_System.o
 .ARM.attributes
                0x00000033       0x33 ..\obj\Driver_Font.o
 .ARM.attributes
                0x00000066       0x33 ..\obj\startup_stm32f4xx.o
 .ARM.attributes
                0x00000099       0x33 ..\obj\Config_RA8875.o
 .ARM.attributes
                0x000000cc       0x33 ..\obj\main.o
 .ARM.attributes
                0x000000ff       0x33 ..\obj\stm32f4xx_rcc.o
 .ARM.attributes
                0x00000132       0x33 ..\obj\Delay.o
 .ARM.attributes
                0x00000165       0x33 ..\obj\Driver_RA8875.o
 .ARM.attributes
                0x00000198       0x33 ..\obj\stm32f4xx_fsmc.o
 .ARM.attributes
                0x000001cb       0x33 ..\obj\stm32f4xx_gpio.o
 .ARM.attributes
                0x000001fe       0x33 ..\obj\Interface_RA8875.o
 .ARM.attributes
                0x00000231       0x33 ..\obj\system_stm32f4xx.o
 .ARM.attributes
                0x00000264       0x33 ..\obj\stm32f4xx_tim.o

.debug_frame    0x00000000     0x3f9c
 .debug_frame   0x00000000       0xf8 ..\obj\LCD_System.o
 .debug_frame   0x000000f8       0xd8 ..\obj\Driver_Font.o
 .debug_frame   0x000001d0       0x4c ..\obj\startup_stm32f4xx.o
 .debug_frame   0x0000021c      0x148 ..\obj\Config_RA8875.o
 .debug_frame   0x00000364       0x2c ..\obj\main.o
 .debug_frame   0x00000390      0x6d4 ..\obj\stm32f4xx_rcc.o
 .debug_frame   0x00000a64       0xc0 ..\obj\Delay.o
 .debug_frame   0x00000b24     0x1f18 ..\obj\Driver_RA8875.o
 .debug_frame   0x00002a3c      0x300 ..\obj\stm32f4xx_fsmc.o
 .debug_frame   0x00002d3c      0x23c ..\obj\stm32f4xx_gpio.o
 .debug_frame   0x00002f78      0x154 ..\obj\Interface_RA8875.o
 .debug_frame   0x000030cc       0x7c ..\obj\system_stm32f4xx.o
 .debug_frame   0x00003148      0xe54 ..\obj\stm32f4xx_tim.o
