Archive member included because of file (symbol)

c:/program files (x86)/gnu tools arm embedded/4.9 2015q1/bin/../lib/gcc/arm-none-eabi/4.9.3/../../../../arm-none-eabi/lib/armv7e-m\libg.a(lib_a-sprintf.o)
                              ..\obj\main.o (sprintf)
c:/program files (x86)/gnu tools arm embedded/4.9 2015q1/bin/../lib/gcc/arm-none-eabi/4.9.3/../../../../arm-none-eabi/lib/armv7e-m\libg.a(lib_a-svfprintf.o)
                              c:/program files (x86)/gnu tools arm embedded/4.9 2015q1/bin/../lib/gcc/arm-none-eabi/4.9.3/../../../../arm-none-eabi/lib/armv7e-m\libg.a(lib_a-sprintf.o) (_svfprintf_r)
c:/program files (x86)/gnu tools arm embedded/4.9 2015q1/bin/../lib/gcc/arm-none-eabi/4.9.3/../../../../arm-none-eabi/lib/armv7e-m\libg.a(lib_a-dtoa.o)
                              c:/program files (x86)/gnu tools arm embedded/4.9 2015q1/bin/../lib/gcc/arm-none-eabi/4.9.3/../../../../arm-none-eabi/lib/armv7e-m\libg.a(lib_a-svfprintf.o) (_dtoa_r)
c:/program files (x86)/gnu tools arm embedded/4.9 2015q1/bin/../lib/gcc/arm-none-eabi/4.9.3/../../../../arm-none-eabi/lib/armv7e-m\libg.a(lib_a-impure.o)
                              c:/program files (x86)/gnu tools arm embedded/4.9 2015q1/bin/../lib/gcc/arm-none-eabi/4.9.3/../../../../arm-none-eabi/lib/armv7e-m\libg.a(lib_a-sprintf.o) (_impure_ptr)
c:/program files (x86)/gnu tools arm embedded/4.9 2015q1/bin/../lib/gcc/arm-none-eabi/4.9.3/../../../../arm-none-eabi/lib/armv7e-m\libg.a(lib_a-locale.o)
                              c:/program files (x86)/gnu tools arm embedded/4.9 2015q1/bin/../lib/gcc/arm-none-eabi/4.9.3/../../../../arm-none-eabi/lib/armv7e-m\libg.a(lib_a-svfprintf.o) (_localeconv_r)
c:/program files (x86)/gnu tools arm embedded/4.9 2015q1/bin/../lib/gcc/arm-none-eabi/4.9.3/../../../../arm-none-eabi/lib/armv7e-m\libg.a(lib_a-mallocr.o)
                              c:/program files (x86)/gnu tools arm embedded/4.9 2015q1/bin/../lib/gcc/arm-none-eabi/4.9.3/../../../../arm-none-eabi/lib/armv7e-m\libg.a(lib_a-svfprintf.o) (_malloc_r)
c:/program files (x86)/gnu tools arm embedded/4.9 2015q1/bin/../lib/gcc/arm-none-eabi/4.9.3/../../../../arm-none-eabi/lib/armv7e-m\libg.a(lib_a-memchr.o)
                              c:/program files (x86)/gnu tools arm embedded/4.9 2015q1/bin/../lib/gcc/arm-none-eabi/4.9.3/../../../../arm-none-eabi/lib/armv7e-m\libg.a(lib_a-svfprintf.o) (memchr)
c:/program files (x86)/gnu tools arm embedded/4.9 2015q1/bin/../lib/gcc/arm-none-eabi/4.9.3/../../../../arm-none-eabi/lib/armv7e-m\libg.a(lib_a-memcpy.o)
                              c:/program files (x86)/gnu tools arm embedded/4.9 2015q1/bin/../lib/gcc/arm-none-eabi/4.9.3/../../../../arm-none-eabi/lib/armv7e-m\libg.a(lib_a-dtoa.o) (memcpy)
c:/program files (x86)/gnu tools arm embedded/4.9 2015q1/bin/../lib/gcc/arm-none-eabi/4.9.3/../../../../arm-none-eabi/lib/armv7e-m\libg.a(lib_a-mlock.o)
                              c:/program files (x86)/gnu tools arm embedded/4.9 2015q1/bin/../lib/gcc/arm-none-eabi/4.9.3/../../../../arm-none-eabi/lib/armv7e-m\libg.a(lib_a-mallocr.o) (__malloc_lock)
c:/program files (x86)/gnu tools arm embedded/4.9 2015q1/bin/../lib/gcc/arm-none-eabi/4.9.3/../../../../arm-none-eabi/lib/armv7e-m\libg.a(lib_a-mprec.o)
                              c:/program files (x86)/gnu tools arm embedded/4.9 2015q1/bin/../lib/gcc/arm-none-eabi/4.9.3/../../../../arm-none-eabi/lib/armv7e-m\libg.a(lib_a-dtoa.o) (_Balloc)
c:/program files (x86)/gnu tools arm embedded/4.9 2015q1/bin/../lib/gcc/arm-none-eabi/4.9.3/../../../../arm-none-eabi/lib/armv7e-m\libg.a(lib_a-s_fpclassify.o)
                              c:/program files (x86)/gnu tools arm embedded/4.9 2015q1/bin/../lib/gcc/arm-none-eabi/4.9.3/../../../../arm-none-eabi/lib/armv7e-m\libg.a(lib_a-svfprintf.o) (__fpclassifyd)
c:/program files (x86)/gnu tools arm embedded/4.9 2015q1/bin/../lib/gcc/arm-none-eabi/4.9.3/../../../../arm-none-eabi/lib/armv7e-m\libg.a(lib_a-sbrkr.o)
                              c:/program files (x86)/gnu tools arm embedded/4.9 2015q1/bin/../lib/gcc/arm-none-eabi/4.9.3/../../../../arm-none-eabi/lib/armv7e-m\libg.a(lib_a-mallocr.o) (_sbrk_r)
c:/program files (x86)/gnu tools arm embedded/4.9 2015q1/bin/../lib/gcc/arm-none-eabi/4.9.3/../../../../arm-none-eabi/lib/armv7e-m\libg.a(lib_a-strcmp.o)
                              c:/program files (x86)/gnu tools arm embedded/4.9 2015q1/bin/../lib/gcc/arm-none-eabi/4.9.3/../../../../arm-none-eabi/lib/armv7e-m\libg.a(lib_a-locale.o) (strcmp)
c:/program files (x86)/gnu tools arm embedded/4.9 2015q1/bin/../lib/gcc/arm-none-eabi/4.9.3/../../../../arm-none-eabi/lib/armv7e-m\libg.a(lib_a-strlen.o)
                              c:/program files (x86)/gnu tools arm embedded/4.9 2015q1/bin/../lib/gcc/arm-none-eabi/4.9.3/../../../../arm-none-eabi/lib/armv7e-m\libg.a(lib_a-svfprintf.o) (strlen)
[...]
Memory Configuration

Name             Origin             Length             Attributes
rom              0x08000000         0x00100000         xr
ram              0x20000000         0x00020000         xrw
ram1             0x10000000         0x00010000         xrw
*default*        0x00000000         0xffffffff

Linker script and memory map

                0x20020000                _eram = 0x20020000

.text           0x08000000     0x7658
 *(.isr_vector)
 .isr_vector    0x08000000      0x188 ..\obj\startup_stm32f4xx.o
                0x08000000                g_pfnVectors
 *(.text*)
 .text.PWR_BackupAccessCmd
                0x08000188       0x20 ..\obj\stm32f4xx_pwr.o
                0x08000188                PWR_BackupAccessCmd
 .text.LCDPrintStr
                0x080001a8      0x150 ..\obj\LCD_System.o
                0x080001a8                LCDPrintStr
 .text.Show_String
                0x080002f8       0x38 ..\obj\LCD_System.o
                0x080002f8                Show_String
 .text.LCD_Clear
                0x08000330       0x34 ..\obj\LCD_System.o
                0x08000330                LCD_Clear
 .text.LCD_Reset
                0x08000364       0x28 ..\obj\LCD_System.o
                0x08000364                LCD_Reset
 .text.External_Font
                0x0800038c       0x34 ..\obj\Driver_Font.o
                0x0800038c                External_Font
 .text.TextMode_Normal
                0x080003c0       0x20 ..\obj\Driver_Font.o
                0x080003c0                TextMode_Normal
 .text.Default_Reset_Handler
                0x080003e0       0x58 ..\obj\startup_stm32f4xx.o
                0x080003e0                Default_Reset_Handler
                0x080003e0                Reset_Handler
 .text.Default_Handler
                0x08000438        0x8 ..\obj\startup_stm32f4xx.o
                0x08000438                HASH_RNG_IRQHandler
                0x08000438                EXTI2_IRQHandler
                0x08000438                TIM8_CC_IRQHandler
                0x08000438                DebugMon_Handler
                0x08000438                TIM1_CC_IRQHandler
                0x08000438                DMA2_Stream5_IRQHandler
                0x08000438                HardFault_Handler
                0x08000438                DMA1_Stream5_IRQHandler
                0x08000438                PVD_IRQHandler
                0x08000438                SDIO_IRQHandler
                0x08000438                TAMP_STAMP_IRQHandler
                0x08000438                PendSV_Handler
                0x08000438                NMI_Handler
                0x08000438                CAN2_RX1_IRQHandler
                0x08000438                EXTI3_IRQHandler
                0x08000438                TIM8_TRG_COM_TIM14_IRQHandler
                0x08000438                TIM1_UP_TIM10_IRQHandler
                0x08000438                TIM8_UP_TIM13_IRQHandler
                0x08000438                I2C3_ER_IRQHandler
                0x08000438                EXTI0_IRQHandler
                0x08000438                I2C2_EV_IRQHandler
                0x08000438                DMA1_Stream2_IRQHandler
                0x08000438                CAN1_RX0_IRQHandler
                0x08000438                FPU_IRQHandler
                0x08000438                OTG_HS_WKUP_IRQHandler
                0x08000438                UsageFault_Handler
                0x08000438                CAN2_SCE_IRQHandler
                0x08000438                DMA2_Stream2_IRQHandler
                0x08000438                SPI1_IRQHandler
                0x08000438                TIM6_DAC_IRQHandler
                0x08000438                TIM1_BRK_TIM9_IRQHandler
                0x08000438                DCMI_IRQHandler
                0x08000438                CAN2_RX0_IRQHandler
                0x08000438                DMA2_Stream3_IRQHandler
                0x08000438                USART6_IRQHandler
                0x08000438                USART3_IRQHandler
                0x08000438                CRYP_IRQHandler
                0x08000438                CAN1_RX1_IRQHandler
                0x08000438                UART5_IRQHandler
                0x08000438                DMA2_Stream0_IRQHandler
                0x08000438                TIM4_IRQHandler
                0x08000438                I2C1_EV_IRQHandler
                0x08000438                DMA1_Stream6_IRQHandler
                0x08000438                DMA1_Stream1_IRQHandler
                0x08000438                UART4_IRQHandler
                0x08000438                TIM3_IRQHandler
                0x08000438                RCC_IRQHandler
                0x08000438                TIM8_BRK_TIM12_IRQHandler
                0x08000438                EXTI15_10_IRQHandler
                0x08000438                ADC_IRQHandler
                0x08000438                DMA1_Stream7_IRQHandler
                0x08000438                TIM7_IRQHandler
                0x08000438                CAN2_TX_IRQHandler
                0x08000438                TIM5_IRQHandler
                0x08000438                DMA2_Stream7_IRQHandler
                0x08000438                I2C3_EV_IRQHandler
                0x08000438                EXTI9_5_IRQHandler
                0x08000438                ETH_WKUP_IRQHandler
                0x08000438                SPI2_IRQHandler
                0x08000438                OTG_HS_EP1_IN_IRQHandler
                0x08000438                MemManage_Handler
                0x08000438                DMA1_Stream0_IRQHandler
                0x08000438                CAN1_TX_IRQHandler
                0x08000438                SVC_Handler
                0x08000438                EXTI4_IRQHandler
                0x08000438                FSMC_IRQHandler
                0x08000438                ETH_IRQHandler
                0x08000438                OTG_HS_EP1_OUT_IRQHandler
                0x08000438                WWDG_IRQHandler
                0x08000438                TIM2_IRQHandler
                0x08000438                OTG_FS_WKUP_IRQHandler
                0x08000438                TIM1_TRG_COM_TIM11_IRQHandler
                0x08000438                OTG_HS_IRQHandler
                0x08000438                EXTI1_IRQHandler
                0x08000438                USART2_IRQHandler
                0x08000438                I2C2_ER_IRQHandler
                0x08000438                DMA2_Stream1_IRQHandler
                0x08000438                CAN1_SCE_IRQHandler
                0x08000438                FLASH_IRQHandler
                0x08000438                DMA2_Stream4_IRQHandler
                0x08000438                BusFault_Handler
                0x08000438                USART1_IRQHandler
                0x08000438                OTG_FS_IRQHandler
                0x08000438                SPI3_IRQHandler
                0x08000438                DMA1_Stream4_IRQHandler
                0x08000438                I2C1_ER_IRQHandler
                0x08000438                DMA2_Stream6_IRQHandler
                0x08000438                DMA1_Stream3_IRQHandler
 .text.InitializeTimer
                0x08000440       0x40 ..\obj\Config_RA8875.o
                0x08000440                InitializeTimer
 .text.InitializePWM_TIM4
                0x08000480       0x48 ..\obj\Config_RA8875.o
                0x08000480                InitializePWM_TIM4
 .text.LCD_CtrlLinesFSMC
                0x080004c8      0x11c ..\obj\Config_RA8875.o
 .text.LCD_CtrlLinesConfig
                0x080005e4       0x70 ..\obj\Config_RA8875.o
 .text.LCD_FSMCConfig
                0x08000654       0x78 ..\obj\Config_RA8875.o
 .text.LCD_Configuration
                0x080006cc       0x24 ..\obj\Config_RA8875.o
 .text.LCD_Initialization
                0x080006f0       0xdc ..\obj\Config_RA8875.o
                0x080006f0                LCD_Initialization
 .text.PLL_init
                0x080007cc       0x24 ..\obj\Config_RA8875.o
                0x080007cc                PLL_init
 .text.main     0x080007f0       0x8c ..\obj\main.o
                0x080007f0                main
 .text.TM_RTC_RequestHandler
                0x0800087c       0xb8 ..\obj\main.o
                0x0800087c                TM_RTC_RequestHandler
 .text.RCC_LSEConfig
                0x08000934       0x40 ..\obj\stm32f4xx_rcc.o
                0x08000934                RCC_LSEConfig
 .text.RCC_LSICmd
                0x08000974       0x20 ..\obj\stm32f4xx_rcc.o
                0x08000974                RCC_LSICmd
 .text.RCC_RTCCLKConfig
                0x08000994       0x5c ..\obj\stm32f4xx_rcc.o
                0x08000994                RCC_RTCCLKConfig
 .text.RCC_RTCCLKCmd
                0x080009f0       0x20 ..\obj\stm32f4xx_rcc.o
                0x080009f0                RCC_RTCCLKCmd
 .text.RCC_AHB1PeriphClockCmd
                0x08000a10       0x3c ..\obj\stm32f4xx_rcc.o
                0x08000a10                RCC_AHB1PeriphClockCmd
 .text.RCC_AHB3PeriphClockCmd
                0x08000a4c       0x3c ..\obj\stm32f4xx_rcc.o
                0x08000a4c                RCC_AHB3PeriphClockCmd
 .text.RCC_APB1PeriphClockCmd
                0x08000a88       0x3c ..\obj\stm32f4xx_rcc.o
                0x08000a88                RCC_APB1PeriphClockCmd
 .text.RCC_GetFlagStatus
                0x08000ac4       0x74 ..\obj\stm32f4xx_rcc.o
                0x08000ac4                RCC_GetFlagStatus
 .text.NVIC_SetPriority
                0x08000b38       0x54 ..\obj\Delay.o
 .text.SysTick_Config
                0x08000b8c       0x44 ..\obj\Delay.o
 .text.Init_SysTick
                0x08000bd0       0x2c ..\obj\Delay.o
                0x08000bd0                Init_SysTick
 .text.SysTick_Handler
                0x08000bfc       0x24 ..\obj\Delay.o
                0x08000bfc                SysTick_Handler
 .text.Delay_ms
                0x08000c20       0x28 ..\obj\Delay.o
                0x08000c20                Delay_ms
 .text.Chk_Busy
                0x08000c48       0x1c ..\obj\Driver_RA8875.o
                0x08000c48                Chk_Busy
 .text.Display_ON
                0x08000c64       0x10 ..\obj\Driver_RA8875.o
                0x08000c64                Display_ON
 .text.Display_OFF
                0x08000c74       0x10 ..\obj\Driver_RA8875.o
                0x08000c74                Display_OFF
 .text.Software_Reset
                0x08000c84       0x1c ..\obj\Driver_RA8875.o
                0x08000c84                Software_Reset
 .text.Start_Data
                0x08000ca0        0xc ..\obj\Driver_RA8875.o
                0x08000ca0                Start_Data
 .text.Serial_ROM_select0
                0x08000cac       0x10 ..\obj\Driver_RA8875.o
                0x08000cac                Serial_ROM_select0
 .text.Serial_ROM_Address_set_24bit
                0x08000cbc       0x10 ..\obj\Driver_RA8875.o
                0x08000cbc                Serial_ROM_Address_set_24bit
 .text.Select_Serial_Waveform_mode3
                0x08000ccc       0x10 ..\obj\Driver_RA8875.o
                0x08000ccc                Select_Serial_Waveform_mode3
 .text.SERIAL_ROM_Read_Cycle_5bus
                0x08000cdc       0x10 ..\obj\Driver_RA8875.o
                0x08000cdc                SERIAL_ROM_Read_Cycle_5bus
 .text.SERIAL_ROM_Font_mode
                0x08000cec       0x10 ..\obj\Driver_RA8875.o
                0x08000cec                SERIAL_ROM_Font_mode
 .text.SERIAL_ROM_Single_mode
                0x08000cfc       0x10 ..\obj\Driver_RA8875.o
                0x08000cfc                SERIAL_ROM_Single_mode
 .text.SROM_CLK_DIV
                0x08000d0c       0x1c ..\obj\Driver_RA8875.o
                0x08000d0c                SROM_CLK_DIV
 .text.CGROM_Font
                0x08000d28       0x10 ..\obj\Driver_RA8875.o
                0x08000d28                CGROM_Font
 .text.External_CGROM
                0x08000d38       0x10 ..\obj\Driver_RA8875.o
                0x08000d38                External_CGROM
 .text.FullAlignment
                0x08000d48       0x10 ..\obj\Driver_RA8875.o
                0x08000d48                FullAlignment
 .text.Horizontal_FontEnlarge_x1
                0x08000d58       0x10 ..\obj\Driver_RA8875.o
                0x08000d58                Horizontal_FontEnlarge_x1
 .text.Horizontal_FontEnlarge_x2
                0x08000d68       0x10 ..\obj\Driver_RA8875.o
                0x08000d68                Horizontal_FontEnlarge_x2
 .text.Horizontal_FontEnlarge_x3
                0x08000d78       0x10 ..\obj\Driver_RA8875.o
                0x08000d78                Horizontal_FontEnlarge_x3
 .text.Horizontal_FontEnlarge_x4
                0x08000d88       0x10 ..\obj\Driver_RA8875.o
                0x08000d88                Horizontal_FontEnlarge_x4
 .text.Vertical_FontEnlarge_x1
                0x08000d98       0x10 ..\obj\Driver_RA8875.o
                0x08000d98                Vertical_FontEnlarge_x1
 .text.Vertical_FontEnlarge_x2
                0x08000da8       0x10 ..\obj\Driver_RA8875.o
                0x08000da8                Vertical_FontEnlarge_x2
 .text.Vertical_FontEnlarge_x3
                0x08000db8       0x10 ..\obj\Driver_RA8875.o
                0x08000db8                Vertical_FontEnlarge_x3
 .text.Vertical_FontEnlarge_x4
                0x08000dc8       0x10 ..\obj\Driver_RA8875.o
                0x08000dc8                Vertical_FontEnlarge_x4
 .text.Line_distance
                0x08000dd8       0x1c ..\obj\Driver_RA8875.o
                0x08000dd8                Line_distance
 .text.Font_Coordinate
                0x08000df4       0x48 ..\obj\Driver_RA8875.o
                0x08000df4                Font_Coordinate
 .text.Font_size_16x16_8x16
                0x08000e3c       0x10 ..\obj\Driver_RA8875.o
                0x08000e3c                Font_size_16x16_8x16
 .text.Font_size_24x24_12x24
                0x08000e4c       0x10 ..\obj\Driver_RA8875.o
                0x08000e4c                Font_size_24x24_12x24
 .text.Font_size_32x32_16x32
                0x08000e5c       0x10 ..\obj\Driver_RA8875.o
                0x08000e5c                Font_size_32x32_16x32
 .text.Font_spacing_set
                0x08000e6c       0x28 ..\obj\Driver_RA8875.o
                0x08000e6c                Font_spacing_set
 .text.GT_serial_ROM_select_GT30L32S4W
                0x08000e94       0x10 ..\obj\Driver_RA8875.o
                0x08000e94                GT_serial_ROM_select_GT30L32S4W
 .text.Font_code_ASCII
                0x08000ea4       0x10 ..\obj\Driver_RA8875.o
                0x08000ea4                Font_code_ASCII
 .text.Font_Standard
                0x08000eb4       0x10 ..\obj\Driver_RA8875.o
                0x08000eb4                Font_Standard
 .text.Font_Arial
                0x08000ec4       0x10 ..\obj\Driver_RA8875.o
                0x08000ec4                Font_Arial
 .text.Font_Roman
                0x08000ed4       0x10 ..\obj\Driver_RA8875.o
                0x08000ed4                Font_Roman
 .text.Font_Bold
                0x08000ee4       0x10 ..\obj\Driver_RA8875.o
                0x08000ee4                Font_Bold
 .text.Active_Window
                0x08000ef4       0x84 ..\obj\Driver_RA8875.o
                0x08000ef4                Active_Window
 .text.Text_Mode
                0x08000f78       0x10 ..\obj\Driver_RA8875.o
                0x08000f78                Text_Mode
 .text.Text_Cursor_Disable
                0x08000f88       0x10 ..\obj\Driver_RA8875.o
                0x08000f88                Text_Cursor_Disable
 .text.Text_Cursor_Blink_Disable
                0x08000f98       0x10 ..\obj\Driver_RA8875.o
                0x08000f98                Text_Cursor_Blink_Disable
 .text.Memory_Write_LeftRight_TopDown
                0x08000fa8       0x10 ..\obj\Driver_RA8875.o
                0x08000fa8                Memory_Write_LeftRight_TopDown
 .text.MemoryWrite_Cursor_autoIncrease
                0x08000fb8       0x10 ..\obj\Driver_RA8875.o
                0x08000fb8                MemoryWrite_Cursor_autoIncrease
 .text.MemoryRead_Cursor_autoIncrease
                0x08000fc8       0x10 ..\obj\Driver_RA8875.o
                0x08000fc8                MemoryRead_Cursor_autoIncrease
 .text.Background_color
                0x08000fd8       0x40 ..\obj\Driver_RA8875.o
                0x08000fd8                Background_color
 .text.Foreground_color
                0x08001018       0x40 ..\obj\Driver_RA8875.o
                0x08001018                Foreground_color
 .text.Geometric_Coordinate
                0x08001058       0x84 ..\obj\Driver_RA8875.o
                0x08001058                Geometric_Coordinate
 .text.FSMC_NORSRAMInit
                0x080010dc      0x134 ..\obj\stm32f4xx_fsmc.o
                0x080010dc                FSMC_NORSRAMInit
 .text.FSMC_NORSRAMCmd
                0x08001210       0x54 ..\obj\stm32f4xx_fsmc.o
                0x08001210                FSMC_NORSRAMCmd
 .text.GPIO_Init
                0x08001264      0x11c ..\obj\stm32f4xx_gpio.o
                0x08001264                GPIO_Init
 .text.GPIO_SetBits
                0x08001380       0x1c ..\obj\stm32f4xx_gpio.o
                0x08001380                GPIO_SetBits
 .text.GPIO_ResetBits
                0x0800139c       0x1c ..\obj\stm32f4xx_gpio.o
                0x0800139c                GPIO_ResetBits
 .text.GPIO_PinAFConfig
                0x080013b8       0x90 ..\obj\stm32f4xx_gpio.o
                0x080013b8                GPIO_PinAFConfig
 .text.LCD_WriteCmd
                0x08001448       0x20 ..\obj\Interface_RA8875.o
                0x08001448                LCD_WriteCmd
 .text.LCD_WriteData
                0x08001468       0x1c ..\obj\Interface_RA8875.o
                0x08001468                LCD_WriteData
 .text.LCD_ReadData
                0x08001484       0x18 ..\obj\Interface_RA8875.o
                0x08001484                LCD_ReadData
 .text.LCD_WriteReg
                0x0800149c       0x28 ..\obj\Interface_RA8875.o
                0x0800149c                LCD_WriteReg
 .text.LCD_WriteReg_ORMask
                0x080014c4       0x3c ..\obj\Interface_RA8875.o
                0x080014c4                LCD_WriteReg_ORMask
 .text.LCD_WriteReg_ANDMask
                0x08001500       0x3c ..\obj\Interface_RA8875.o
                0x08001500                LCD_WriteReg_ANDMask
 .text.LCD_WriteReg_ANDORMask
                0x0800153c       0x48 ..\obj\Interface_RA8875.o
                0x0800153c                LCD_WriteReg_ANDORMask
 .text.LCD_StatusRead
                0x08001584       0x18 ..\obj\Interface_RA8875.o
                0x08001584                LCD_StatusRead
 .text.SystemInit
                0x0800159c       0x58 ..\obj\system_stm32f4xx.o
                0x0800159c                SystemInit
 .text.SetSysClock
                0x080015f4       0xf4 ..\obj\system_stm32f4xx.o
 .text._sbrk    0x080016e8       0x40 ..\obj\syscalls.o
                0x080016e8                _sbrk
 .text.TM_RTC_Init
                0x08001728      0x104 ..\obj\tm_stm32f4_rtc.o
                0x08001728                TM_RTC_Init
 .text.TM_RTC_SetDateTime
                0x0800182c      0x284 ..\obj\tm_stm32f4_rtc.o
                0x0800182c                TM_RTC_SetDateTime
 .text.TM_RTC_GetDateTime
                0x08001ab0       0xa0 ..\obj\tm_stm32f4_rtc.o
                0x08001ab0                TM_RTC_GetDateTime
 .text.TM_RTC_Config
                0x08001b50       0x6c ..\obj\tm_stm32f4_rtc.o
                0x08001b50                TM_RTC_Config
 .text.TM_RTC_Interrupts
                0x08001bbc      0x13c ..\obj\tm_stm32f4_rtc.o
                0x08001bbc                TM_RTC_Interrupts
 .text.TM_RTC_GetUnixTimeStamp
                0x08001cf8      0x170 ..\obj\tm_stm32f4_rtc.o
                0x08001cf8                TM_RTC_GetUnixTimeStamp
 .text.TM_RTC_AlarmAHandler
                0x08001e68        0xc ..\obj\tm_stm32f4_rtc.o
                0x08001e68                TM_RTC_AlarmAHandler
 .text.TM_RTC_AlarmBHandler
                0x08001e74        0xc ..\obj\tm_stm32f4_rtc.o
                0x08001e74                TM_RTC_AlarmBHandler
 .text.RTC_WKUP_IRQHandler
                0x08001e80       0x2c ..\obj\tm_stm32f4_rtc.o
                0x08001e80                RTC_WKUP_IRQHandler
 .text.RTC_Alarm_IRQHandler
                0x08001eac       0x48 ..\obj\tm_stm32f4_rtc.o
                0x08001eac                RTC_Alarm_IRQHandler
 .text.EXTI_Init
                0x08001ef4       0xe4 ..\obj\stm32f4xx_exti.o
                0x08001ef4                EXTI_Init
 .text.EXTI_ClearITPendingBit
                0x08001fd8       0x1c ..\obj\stm32f4xx_exti.o
                0x08001fd8                EXTI_ClearITPendingBit
 .text.NVIC_Init
                0x08001ff4       0xc0 ..\obj\misc.o
                0x08001ff4                NVIC_Init
 .text.RTC_Init
                0x080020b4       0x78 ..\obj\stm32f4xx_rtc.o
                0x080020b4                RTC_Init
 .text.RTC_EnterInitMode
                0x0800212c       0x74 ..\obj\stm32f4xx_rtc.o
                0x0800212c                RTC_EnterInitMode
 .text.RTC_ExitInitMode
                0x080021a0       0x1c ..\obj\stm32f4xx_rtc.o
                0x080021a0                RTC_ExitInitMode
 .text.RTC_WaitForSynchro
                0x080021bc       0x78 ..\obj\stm32f4xx_rtc.o
                0x080021bc                RTC_WaitForSynchro
 .text.RTC_SetTime
                0x08002234      0x104 ..\obj\stm32f4xx_rtc.o
                0x08002234                RTC_SetTime
 .text.RTC_GetTime
                0x08002338       0x9c ..\obj\stm32f4xx_rtc.o
                0x08002338                RTC_GetTime
 .text.RTC_SetDate
                0x080023d4      0x10c ..\obj\stm32f4xx_rtc.o
                0x080023d4                RTC_SetDate
 .text.RTC_GetDate
                0x080024e0       0x9c ..\obj\stm32f4xx_rtc.o
                0x080024e0                RTC_GetDate
 .text.RTC_WakeUpClockConfig
                0x0800257c       0x40 ..\obj\stm32f4xx_rtc.o
                0x0800257c                RTC_WakeUpClockConfig
 .text.RTC_SetWakeUpCounter
                0x080025bc       0x30 ..\obj\stm32f4xx_rtc.o
                0x080025bc                RTC_SetWakeUpCounter
 .text.RTC_WakeUpCmd
                0x080025ec       0x94 ..\obj\stm32f4xx_rtc.o
                0x080025ec                RTC_WakeUpCmd
 .text.RTC_WriteBackupRegister
                0x08002680       0x34 ..\obj\stm32f4xx_rtc.o
                0x08002680                RTC_WriteBackupRegister
 .text.RTC_ReadBackupRegister
                0x080026b4       0x30 ..\obj\stm32f4xx_rtc.o
                0x080026b4                RTC_ReadBackupRegister
 .text.RTC_ITConfig
                0x080026e4       0x78 ..\obj\stm32f4xx_rtc.o
                0x080026e4                RTC_ITConfig
 .text.RTC_GetITStatus
                0x0800275c       0x68 ..\obj\stm32f4xx_rtc.o
                0x0800275c                RTC_GetITStatus
 .text.RTC_ClearITPendingBit
                0x080027c4       0x38 ..\obj\stm32f4xx_rtc.o
                0x080027c4                RTC_ClearITPendingBit
 .text.RTC_ByteToBcd2
                0x080027fc       0x3c ..\obj\stm32f4xx_rtc.o
 .text.RTC_Bcd2ToByte
                0x08002838       0x38 ..\obj\stm32f4xx_rtc.o
 .text.TIM_TimeBaseInit
                0x08002870       0xd4 ..\obj\stm32f4xx_tim.o
                0x08002870                TIM_TimeBaseInit
 .text.TIM_Cmd  0x08002944       0x40 ..\obj\stm32f4xx_tim.o
                0x08002944                TIM_Cmd
 .text.TIM_OC1Init
                0x08002984       0xf4 ..\obj\stm32f4xx_tim.o
                0x08002984                TIM_OC1Init
 .text.TIM_OC1PreloadConfig
                0x08002a78       0x38 ..\obj\stm32f4xx_tim.o
                0x08002a78                TIM_OC1PreloadConfig
 .text.sprintf  0x08002ab0       0x4c c:/program files (x86)/gnu tools arm embedded/4.9 2015q1/bin/../lib/gcc/arm-none-eabi/4.9.3/../../../../arm-none-eabi/lib/armv7e-m\libg.a(lib_a-sprintf.o)
                0x08002ab0                sprintf
 .text._svfprintf_r
                0x08002afc     0x1494 c:/program files (x86)/gnu tools arm embedded/4.9 2015q1/bin/../lib/gcc/arm-none-eabi/4.9.3/../../../../arm-none-eabi/lib/armv7e-m\libg.a(lib_a-svfprintf.o)
                0x08002afc                _svfprintf_r
 .text.quorem   0x08003f90      0x12c c:/program files (x86)/gnu tools arm embedded/4.9 2015q1/bin/../lib/gcc/arm-none-eabi/4.9.3/../../../../arm-none-eabi/lib/armv7e-m\libg.a(lib_a-dtoa.o)
 *fill*         0x080040bc        0x4 
 .text._dtoa_r  0x080040c0      0xe98 c:/program files (x86)/gnu tools arm embedded/4.9 2015q1/bin/../lib/gcc/arm-none-eabi/4.9.3/../../../../arm-none-eabi/lib/armv7e-m\libg.a(lib_a-dtoa.o)
                0x080040c0                _dtoa_r
 .text._localeconv_r
                0x08004f58        0x8 c:/program files (x86)/gnu tools arm embedded/4.9 2015q1/bin/../lib/gcc/arm-none-eabi/4.9.3/../../../../arm-none-eabi/lib/armv7e-m\libg.a(lib_a-locale.o)
                0x08004f58                _localeconv_r
 .text._malloc_r
                0x08004f60      0x524 c:/program files (x86)/gnu tools arm embedded/4.9 2015q1/bin/../lib/gcc/arm-none-eabi/4.9.3/../../../../arm-none-eabi/lib/armv7e-m\libg.a(lib_a-mallocr.o)
                0x08004f60                _malloc_r
 .text.memchr   0x08005484       0x94 c:/program files (x86)/gnu tools arm embedded/4.9 2015q1/bin/../lib/gcc/arm-none-eabi/4.9.3/../../../../arm-none-eabi/lib/armv7e-m\libg.a(lib_a-memchr.o)
                0x08005484                memchr
 .text          0x08005518      0x134 c:/program files (x86)/gnu tools arm embedded/4.9 2015q1/bin/../lib/gcc/arm-none-eabi/4.9.3/../../../../arm-none-eabi/lib/armv7e-m\libg.a(lib_a-memcpy.o)
                0x08005518                memcpy
 .text.__malloc_lock
                0x0800564c        0x4 c:/program files (x86)/gnu tools arm embedded/4.9 2015q1/bin/../lib/gcc/arm-none-eabi/4.9.3/../../../../arm-none-eabi/lib/armv7e-m\libg.a(lib_a-mlock.o)
                0x0800564c                __malloc_lock
 .text.__malloc_unlock
                0x08005650        0x4 c:/program files (x86)/gnu tools arm embedded/4.9 2015q1/bin/../lib/gcc/arm-none-eabi/4.9.3/../../../../arm-none-eabi/lib/armv7e-m\libg.a(lib_a-mlock.o)
                0x08005650                __malloc_unlock
 .text._Balloc  0x08005654       0x4c c:/program files (x86)/gnu tools arm embedded/4.9 2015q1/bin/../lib/gcc/arm-none-eabi/4.9.3/../../../../arm-none-eabi/lib/armv7e-m\libg.a(lib_a-mprec.o)
                0x08005654                _Balloc
 .text._Bfree   0x080056a0       0x14 c:/program files (x86)/gnu tools arm embedded/4.9 2015q1/bin/../lib/gcc/arm-none-eabi/4.9.3/../../../../arm-none-eabi/lib/armv7e-m\libg.a(lib_a-mprec.o)
                0x080056a0                _Bfree
 .text.__multadd
                0x080056b4       0x84 c:/program files (x86)/gnu tools arm embedded/4.9 2015q1/bin/../lib/gcc/arm-none-eabi/4.9.3/../../../../arm-none-eabi/lib/armv7e-m\libg.a(lib_a-mprec.o)
                0x080056b4                __multadd
 .text.__hi0bits
                0x08005738       0x40 c:/program files (x86)/gnu tools arm embedded/4.9 2015q1/bin/../lib/gcc/arm-none-eabi/4.9.3/../../../../arm-none-eabi/lib/armv7e-m\libg.a(lib_a-mprec.o)
                0x08005738                __hi0bits
 .text.__lo0bits
                0x08005778       0x5c c:/program files (x86)/gnu tools arm embedded/4.9 2015q1/bin/../lib/gcc/arm-none-eabi/4.9.3/../../../../arm-none-eabi/lib/armv7e-m\libg.a(lib_a-mprec.o)
                0x08005778                __lo0bits
 .text.__i2b    0x080057d4       0x14 c:/program files (x86)/gnu tools arm embedded/4.9 2015q1/bin/../lib/gcc/arm-none-eabi/4.9.3/../../../../arm-none-eabi/lib/armv7e-m\libg.a(lib_a-mprec.o)
                0x080057d4                __i2b
 .text.__multiply
                0x080057e8      0x134 c:/program files (x86)/gnu tools arm embedded/4.9 2015q1/bin/../lib/gcc/arm-none-eabi/4.9.3/../../../../arm-none-eabi/lib/armv7e-m\libg.a(lib_a-mprec.o)
                0x080057e8                __multiply
 .text.__pow5mult
                0x0800591c       0xa0 c:/program files (x86)/gnu tools arm embedded/4.9 2015q1/bin/../lib/gcc/arm-none-eabi/4.9.3/../../../../arm-none-eabi/lib/armv7e-m\libg.a(lib_a-mprec.o)
                0x0800591c                __pow5mult
 .text.__lshift
                0x080059bc       0xac c:/program files (x86)/gnu tools arm embedded/4.9 2015q1/bin/../lib/gcc/arm-none-eabi/4.9.3/../../../../arm-none-eabi/lib/armv7e-m\libg.a(lib_a-mprec.o)
                0x080059bc                __lshift
 .text.__mcmp   0x08005a68       0x48 c:/program files (x86)/gnu tools arm embedded/4.9 2015q1/bin/../lib/gcc/arm-none-eabi/4.9.3/../../../../arm-none-eabi/lib/armv7e-m\libg.a(lib_a-mprec.o)
                0x08005a68                __mcmp
 .text.__mdiff  0x08005ab0       0xd4 c:/program files (x86)/gnu tools arm embedded/4.9 2015q1/bin/../lib/gcc/arm-none-eabi/4.9.3/../../../../arm-none-eabi/lib/armv7e-m\libg.a(lib_a-mprec.o)
                0x08005ab0                __mdiff
 .text.__d2b    0x08005b84       0xb8 c:/program files (x86)/gnu tools arm embedded/4.9 2015q1/bin/../lib/gcc/arm-none-eabi/4.9.3/../../../../arm-none-eabi/lib/armv7e-m\libg.a(lib_a-mprec.o)
                0x08005b84                __d2b
 .text.__fpclassifyd
                0x08005c3c       0x58 c:/program files (x86)/gnu tools arm embedded/4.9 2015q1/bin/../lib/gcc/arm-none-eabi/4.9.3/../../../../arm-none-eabi/lib/armv7e-m\libg.a(lib_a-s_fpclassify.o)
                0x08005c3c                __fpclassifyd
 .text._sbrk_r  0x08005c94       0x24 c:/program files (x86)/gnu tools arm embedded/4.9 2015q1/bin/../lib/gcc/arm-none-eabi/4.9.3/../../../../arm-none-eabi/lib/armv7e-m\libg.a(lib_a-sbrkr.o)
                0x08005c94                _sbrk_r
 .text.strlen   0x08005cb8       0x5c c:/program files (x86)/gnu tools arm embedded/4.9 2015q1/bin/../lib/gcc/arm-none-eabi/4.9.3/../../../../arm-none-eabi/lib/armv7e-m\libg.a(lib_a-strlen.o)
                0x08005cb8                strlen
 .text.__ssprint_r
                0x08005d14      0x104 c:/program files (x86)/gnu tools arm embedded/4.9 2015q1/bin/../lib/gcc/arm-none-eabi/4.9.3/../../../../arm-none-eabi/lib/armv7e-m\libg.a(lib_a-svfiprintf.o)
                0x08005d14                __ssprint_r
 .text._calloc_r
                0x08005e18       0x60 c:/program files (x86)/gnu tools arm embedded/4.9 2015q1/bin/../lib/gcc/arm-none-eabi/4.9.3/../../../../arm-none-eabi/lib/armv7e-m\libg.a(lib_a-callocr.o)
                0x08005e18                _calloc_r
 .text._malloc_trim_r
                0x08005e78       0x9c c:/program files (x86)/gnu tools arm embedded/4.9 2015q1/bin/../lib/gcc/arm-none-eabi/4.9.3/../../../../arm-none-eabi/lib/armv7e-m\libg.a(lib_a-freer.o)
                0x08005e78                _malloc_trim_r
 .text._free_r  0x08005f14      0x1b0 c:/program files (x86)/gnu tools arm embedded/4.9 2015q1/bin/../lib/gcc/arm-none-eabi/4.9.3/../../../../arm-none-eabi/lib/armv7e-m\libg.a(lib_a-freer.o)
                0x08005f14                _free_r
 .text.memmove  0x080060c4       0xc8 c:/program files (x86)/gnu tools arm embedded/4.9 2015q1/bin/../lib/gcc/arm-none-eabi/4.9.3/../../../../arm-none-eabi/lib/armv7e-m\libg.a(lib_a-memmove.o)
                0x080060c4                memmove
 .text.memset   0x0800618c       0x9c c:/program files (x86)/gnu tools arm embedded/4.9 2015q1/bin/../lib/gcc/arm-none-eabi/4.9.3/../../../../arm-none-eabi/lib/armv7e-m\libg.a(lib_a-memset.o)
                0x0800618c                memset
 .text._realloc_r
                0x08006228      0x3ec c:/program files (x86)/gnu tools arm embedded/4.9 2015q1/bin/../lib/gcc/arm-none-eabi/4.9.3/../../../../arm-none-eabi/lib/armv7e-m\libg.a(lib_a-reallocr.o)
                0x08006228                _realloc_r
 .text          0x08006614      0x370 c:/program files (x86)/gnu tools arm embedded/4.9 2015q1/bin/../lib/gcc/arm-none-eabi/4.9.3/armv7e-m\libgcc.a(_arm_addsubdf3.o)
                0x08006614                __aeabi_drsub
                0x0800661c                __aeabi_dsub
                0x0800661c                __subdf3
                0x08006620                __aeabi_dadd
                0x08006620                __adddf3
                0x08006898                __floatunsidf
                0x08006898                __aeabi_ui2d
                0x080068b8                __floatsidf
                0x080068b8                __aeabi_i2d
                0x080068dc                __aeabi_f2d
                0x080068dc                __extendsfdf2
                0x08006918                __floatundidf
                0x08006918                __aeabi_ul2d
                0x08006928                __floatdidf
                0x08006928                __aeabi_l2d
 .text          0x08006984      0x424 c:/program files (x86)/gnu tools arm embedded/4.9 2015q1/bin/../lib/gcc/arm-none-eabi/4.9.3/armv7e-m\libgcc.a(_arm_muldivdf3.o)
                0x08006984                __aeabi_dmul
                0x08006984                __muldf3
                0x08006bd8                __divdf3
                0x08006bd8                __aeabi_ddiv
 .text          0x08006da8      0x110 c:/program files (x86)/gnu tools arm embedded/4.9 2015q1/bin/../lib/gcc/arm-none-eabi/4.9.3/armv7e-m\libgcc.a(_arm_cmpdf2.o)
                0x08006da8                __gtdf2
                0x08006da8                __gedf2
                0x08006db0                __ltdf2
                0x08006db0                __ledf2
                0x08006db8                __nedf2
                0x08006db8                __eqdf2
                0x08006db8                __cmpdf2
                0x08006e34                __aeabi_cdrcmple
                0x08006e44                __aeabi_cdcmpeq
                0x08006e44                __aeabi_cdcmple
                0x08006e54                __aeabi_dcmpeq
                0x08006e68                __aeabi_dcmplt
                0x08006e7c                __aeabi_dcmple
                0x08006e90                __aeabi_dcmpge
                0x08006ea4                __aeabi_dcmpgt
 .text          0x08006eb8       0x50 c:/program files (x86)/gnu tools arm embedded/4.9 2015q1/bin/../lib/gcc/arm-none-eabi/4.9.3/armv7e-m\libgcc.a(_arm_fixdfsi.o)
                0x08006eb8                __aeabi_d2iz
                0x08006eb8                __fixdfsi
 .text          0x08006f08       0x30 c:/program files (x86)/gnu tools arm embedded/4.9 2015q1/bin/../lib/gcc/arm-none-eabi/4.9.3/armv7e-m\libgcc.a(_aeabi_uldivmod.o)
                0x08006f08                __aeabi_uldivmod
 .text          0x08006f38       0x60 c:/program files (x86)/gnu tools arm embedded/4.9 2015q1/bin/../lib/gcc/arm-none-eabi/4.9.3/armv7e-m\libgcc.a(bpabi.o)
                0x08006f38                __gnu_ldivmod_helper
                0x08006f68                __gnu_uldivmod_helper
 .text          0x08006f98        0x4 c:/program files (x86)/gnu tools arm embedded/4.9 2015q1/bin/../lib/gcc/arm-none-eabi/4.9.3/armv7e-m\libgcc.a(_dvmd_tls.o)
                0x08006f98                __aeabi_idiv0
                0x08006f98                __aeabi_ldiv0
 .text          0x08006f9c      0x29c c:/program files (x86)/gnu tools arm embedded/4.9 2015q1/bin/../lib/gcc/arm-none-eabi/4.9.3/armv7e-m\libgcc.a(_divdi3.o)
                0x08006f9c                __divdi3
 .text          0x08007238      0x26c c:/program files (x86)/gnu tools arm embedded/4.9 2015q1/bin/../lib/gcc/arm-none-eabi/4.9.3/armv7e-m\libgcc.a(_udivdi3.o)
                0x08007238                __udivdi3
 *(.init)
 *(.fini)
 *crtbegin.o(.ctors)
 *crtbegin?.o(.ctors)
 *(EXCLUDE_FILE(*crtend.o *crtend?.o) .ctors)
 *(SORT(.ctors.*))
 *(.ctors)
 *crtbegin.o(.dtors)
 *crtbegin?.o(.dtors)
 *(EXCLUDE_FILE(*crtend.o *crtend?.o) .dtors)
 *(SORT(.dtors.*))
 *(.dtors)
 *(.rodata*)
 .rodata        0x080074a4       0x30 ..\obj\main.o
 .rodata.zeroes.6916
                0x080074d4       0x10 c:/program files (x86)/gnu tools arm embedded/4.9 2015q1/bin/../lib/gcc/arm-none-eabi/4.9.3/../../../../arm-none-eabi/lib/armv7e-m\libg.a(lib_a-svfprintf.o)
 .rodata.str1.4
                0x080074e4       0x42 c:/program files (x86)/gnu tools arm embedded/4.9 2015q1/bin/../lib/gcc/arm-none-eabi/4.9.3/../../../../arm-none-eabi/lib/armv7e-m\libg.a(lib_a-svfprintf.o)
                                 0x44 (size before relaxing)
 *fill*         0x08007526        0x2 
 .rodata.blanks.6915
                0x08007528       0x10 c:/program files (x86)/gnu tools arm embedded/4.9 2015q1/bin/../lib/gcc/arm-none-eabi/4.9.3/../../../../arm-none-eabi/lib/armv7e-m\libg.a(lib_a-svfprintf.o)
 .rodata.str1.4
                0x08007538       0x10 c:/program files (x86)/gnu tools arm embedded/4.9 2015q1/bin/../lib/gcc/arm-none-eabi/4.9.3/../../../../arm-none-eabi/lib/armv7e-m\libg.a(lib_a-dtoa.o)
                                 0x14 (size before relaxing)
 .rodata.str1.4
                0x08007548        0x2 c:/program files (x86)/gnu tools arm embedded/4.9 2015q1/bin/../lib/gcc/arm-none-eabi/4.9.3/../../../../arm-none-eabi/lib/armv7e-m\libg.a(lib_a-impure.o)
                                  0x4 (size before relaxing)
 *fill*         0x0800754a        0x2 
 .rodata.str1.4
                0x0800754c        0xc c:/program files (x86)/gnu tools arm embedded/4.9 2015q1/bin/../lib/gcc/arm-none-eabi/4.9.3/../../../../arm-none-eabi/lib/armv7e-m\libg.a(lib_a-locale.o)
                                 0x14 (size before relaxing)
 .rodata.p05.5296
                0x08007558        0xc c:/program files (x86)/gnu tools arm embedded/4.9 2015q1/bin/../lib/gcc/arm-none-eabi/4.9.3/../../../../arm-none-eabi/lib/armv7e-m\libg.a(lib_a-mprec.o)
 *fill*         0x08007564        0x4 
 .rodata.__mprec_tens
                0x08007568       0xc8 c:/program files (x86)/gnu tools arm embedded/4.9 2015q1/bin/../lib/gcc/arm-none-eabi/4.9.3/../../../../arm-none-eabi/lib/armv7e-m\libg.a(lib_a-mprec.o)
                0x08007568                __mprec_tens
 .rodata.__mprec_bigtens
                0x08007630       0x28 c:/program files (x86)/gnu tools arm embedded/4.9 2015q1/bin/../lib/gcc/arm-none-eabi/4.9.3/../../../../arm-none-eabi/lib/armv7e-m\libg.a(lib_a-mprec.o)
                0x08007630                __mprec_bigtens
 *(.eh_fram e*)

.glue_7         0x08007658        0x0
 .glue_7        0x00000000        0x0 linker stubs

.glue_7t        0x08007658        0x0
 .glue_7t       0x00000000        0x0 linker stubs

.vfp11_veneer   0x08007658        0x0
 .vfp11_veneer  0x00000000        0x0 linker stubs

.v4_bx          0x08007658        0x0
 .v4_bx         0x00000000        0x0 linker stubs

.iplt           0x08007658        0x0
 .iplt          0x00000000        0x0 ..\obj\stm32f4xx_pwr.o

.ARM.extab
 *(.ARM.extab* .gnu.linkonce.armextab.*)
                0x08007658                __exidx_start = .

.ARM.exidx      0x08007658        0x8
 *(.ARM.exidx* .gnu.linkonce.armexidx.*)
 .ARM.exidx     0x08007658        0x8 c:/program files (x86)/gnu tools arm embedded/4.9 2015q1/bin/../lib/gcc/arm-none-eabi/4.9.3/armv7e-m\libgcc.a(_divdi3.o)
 .ARM.exidx     0x08007660        0x0 c:/program files (x86)/gnu tools arm embedded/4.9 2015q1/bin/../lib/gcc/arm-none-eabi/4.9.3/armv7e-m\libgcc.a(_udivdi3.o)
                                  0x8 (size before relaxing)
                0x08007660                __exidx_end = .
                0x08007660                __etext = .
                0x08007660                _sidata = __etext

.rel.dyn        0x08007660        0x0
 .rel.iplt      0x00000000        0x0 ..\obj\stm32f4xx_pwr.o

.data           0x20000000      0x8a4 load address 0x08007660
                0x20000000                __data_start__ = .
                0x20000000                _sdata = __data_start__
 *(vtable)
 *(.data*)
 .data          0x20000000       0x14 ..\obj\system_stm32f4xx.o
                0x20000000                SystemCoreClock
                0x20000004                AHBPrescTable
 .data          0x20000014       0x18 ..\obj\tm_stm32f4_rtc.o
                0x20000014                TM_RTC_Months
 *fill*         0x2000002c        0x4 
 .data.impure_data
                0x20000030      0x428 c:/program files (x86)/gnu tools arm embedded/4.9 2015q1/bin/../lib/gcc/arm-none-eabi/4.9.3/../../../../arm-none-eabi/lib/armv7e-m\libg.a(lib_a-impure.o)
 .data._impure_ptr
                0x20000458        0x4 c:/program files (x86)/gnu tools arm embedded/4.9 2015q1/bin/../lib/gcc/arm-none-eabi/4.9.3/../../../../arm-none-eabi/lib/armv7e-m\libg.a(lib_a-impure.o)
                0x20000458                _impure_ptr
 .data.lconv    0x2000045c       0x38 c:/program files (x86)/gnu tools arm embedded/4.9 2015q1/bin/../lib/gcc/arm-none-eabi/4.9.3/../../../../arm-none-eabi/lib/armv7e-m\libg.a(lib_a-locale.o)
 .data.__malloc_av_
                0x20000494      0x408 c:/program files (x86)/gnu tools arm embedded/4.9 2015q1/bin/../lib/gcc/arm-none-eabi/4.9.3/../../../../arm-none-eabi/lib/armv7e-m\libg.a(lib_a-mallocr.o)
                0x20000494                __malloc_av_
 .data.__malloc_trim_threshold
                0x2000089c        0x4 c:/program files (x86)/gnu tools arm embedded/4.9 2015q1/bin/../lib/gcc/arm-none-eabi/4.9.3/../../../../arm-none-eabi/lib/armv7e-m\libg.a(lib_a-mallocr.o)
                0x2000089c                __malloc_trim_threshold
 .data.__malloc_sbrk_base
                0x200008a0        0x4 c:/program files (x86)/gnu tools arm embedded/4.9 2015q1/bin/../lib/gcc/arm-none-eabi/4.9.3/../../../../arm-none-eabi/lib/armv7e-m\libg.a(lib_a-mallocr.o)
                0x200008a0                __malloc_sbrk_base
                0x200008a4                . = ALIGN (0x4)
                0x200008a4                PROVIDE (__preinit_array_start, .)
 *(.preinit_array)
                0x200008a4                PROVIDE (__preinit_array_end, .)
                0x200008a4                . = ALIGN (0x4)
                0x200008a4                PROVIDE (__init_array_start, .)
 *(SORT(.init_array.*))
 *(.init_array)
                0x200008a4                PROVIDE (__init_array_end, .)
                0x200008a4                . = ALIGN (0x4)
                0x200008a4                PROVIDE (__fini_array_start, .)
 *(SORT(.fini_array.*))
 *(.fini_array)
                0x200008a4                PROVIDE (__fini_array_end, .)
 *(.jcr*)
                0x200008a4                . = ALIGN (0x4)
                0x200008a4                __data_end__ = .
                0x200008a4                _edata = __data_end__

.igot.plt       0x200008a4        0x0 load address 0x08007f04
 .igot.plt      0x00000000        0x0 ..\obj\stm32f4xx_pwr.o

.bss            0x200008a4       0xdc load address 0x08007f04
                0x200008a4                . = ALIGN (0x4)
                0x200008a4                __bss_start__ = .
                0x200008a4                _sbss = __bss_start__
 *(.bss*)
 .bss           0x200008a4        0x4 ..\obj\syscalls.o
 .bss           0x200008a8        0x4 ..\obj\tm_stm32f4_rtc.o
                0x200008a8                TM_RTC_Status
 .bss.__malloc_max_total_mem
                0x200008ac        0x4 c:/program files (x86)/gnu tools arm embedded/4.9 2015q1/bin/../lib/gcc/arm-none-eabi/4.9.3/../../../../arm-none-eabi/lib/armv7e-m\libg.a(lib_a-mallocr.o)
                0x200008ac                __malloc_max_total_mem
 .bss.__malloc_max_sbrked_mem
                0x200008b0        0x4 c:/program files (x86)/gnu tools arm embedded/4.9 2015q1/bin/../lib/gcc/arm-none-eabi/4.9.3/../../../../arm-none-eabi/lib/armv7e-m\libg.a(lib_a-mallocr.o)
                0x200008b0                __malloc_max_sbrked_mem
 .bss.__malloc_top_pad
                0x200008b4        0x4 c:/program files (x86)/gnu tools arm embedded/4.9 2015q1/bin/../lib/gcc/arm-none-eabi/4.9.3/../../../../arm-none-eabi/lib/armv7e-m\libg.a(lib_a-mallocr.o)
                0x200008b4                __malloc_top_pad
 .bss.__malloc_current_mallinfo
                0x200008b8       0x28 c:/program files (x86)/gnu tools arm embedded/4.9 2015q1/bin/../lib/gcc/arm-none-eabi/4.9.3/../../../../arm-none-eabi/lib/armv7e-m\libg.a(lib_a-mallocr.o)
                0x200008b8                __malloc_current_mallinfo
 *(COMMON)
 COMMON         0x200008e0       0x76 ..\obj\main.o
                0x200008e0                buf2
                0x20000914                datatime
                0x20000924                buf
 *fill*         0x20000956        0x2 
 COMMON         0x20000958        0x4 ..\obj\Delay.o
                0x20000958                delayTime
 COMMON         0x2000095c       0x20 ..\obj\tm_stm32f4_rtc.o
                0x2000095c                RTC_TimeStruct
                0x20000960                RTC_InitStruct
                0x2000096c                RTC_DateStruct
                0x20000970                NVIC_InitStruct
                0x20000974                EXTI_InitStruct
 COMMON         0x2000097c        0x4 c:/program files (x86)/gnu tools arm embedded/4.9 2015q1/bin/../lib/gcc/arm-none-eabi/4.9.3/../../../../arm-none-eabi/lib/armv7e-m\libg.a(lib_a-reent.o)
                0x2000097c                errno
                0x20000980                . = ALIGN (0x4)
                0x20000980                __bss_end__ = .
                0x20000980                _ebss = __bss_end__

.heap           0x20000980        0x0
                0x20000980                __end__ = .
                0x20000980                _end = __end__
                0x20000980                end = __end__
 *(.heap*)
                0x20000980                __HeapLimit = .

.co_stack       0x20000980      0x800 load address 0x08007fe0
                0x20000980                . = ALIGN (0x8)
 *(.co_stack .co_stack.*)
 .co_stack      0x20000980      0x800 ..\obj\startup_stm32f4xx.o
                0x20000980                pulStack
                0x20020000                __StackTop = (ORIGIN (ram) + 0x20000)
                0x2001f800                __StackLimit = (__StackTop - SIZEOF (.co_stack))
                0x20020000                PROVIDE (__stack, __StackTop)
                0x00000001                ASSERT ((__StackLimit >= __HeapLimit), region ram  overflowed with stack)
LOAD ..\obj\stm32f4xx_pwr.o
LOAD ..\obj\LCD_System.o
LOAD ..\obj\Driver_Font.o
LOAD ..\obj\startup_stm32f4xx.o
LOAD ..\obj\Config_RA8875.o
LOAD ..\obj\main.o
LOAD ..\obj\stm32f4xx_rcc.o
LOAD ..\obj\Test.o
LOAD ..\obj\Delay.o
LOAD ..\obj\Driver_RA8875.o
LOAD ..\obj\stm32f4xx_fsmc.o
LOAD ..\obj\stm32f4xx_gpio.o
LOAD ..\obj\stm32f4xx_flash.o
LOAD ..\obj\Interface_RA8875.o
LOAD ..\obj\system_stm32f4xx.o
LOAD ..\obj\syscalls.o
LOAD ..\obj\tm_stm32f4_rtc.o
LOAD ..\obj\stm32f4xx_exti.o
LOAD ..\obj\misc.o
LOAD ..\obj\stm32f4xx_rtc.o
LOAD ..\obj\stm32f4xx_tim.o
START GROUP
LOAD c:/program files (x86)/gnu tools arm embedded/4.9 2015q1/bin/../lib/gcc/arm-none-eabi/4.9.3/armv7e-m\libgcc.a
LOAD c:/program files (x86)/gnu tools arm embedded/4.9 2015q1/bin/../lib/gcc/arm-none-eabi/4.9.3/../../../../arm-none-eabi/lib/armv7e-m\libg.a
LOAD c:/program files (x86)/gnu tools arm embedded/4.9 2015q1/bin/../lib/gcc/arm-none-eabi/4.9.3/../../../../arm-none-eabi/lib/armv7e-m\libc.a
END GROUP
OUTPUT(Prueba1.elf elf32-littlearm)

.debug_info     0x00000000     0xa8f0
 .debug_info    0x00000000      0x4fc ..\obj\stm32f4xx_pwr.o
 .debug_info    0x000004fc      0x673 ..\obj\LCD_System.o
 .debug_info    0x00000b6f      0x393 ..\obj\Driver_Font.o
 .debug_info    0x00000f02       0xed ..\obj\startup_stm32f4xx.o
 .debug_info    0x00000fef      0x803 ..\obj\Config_RA8875.o
 .debug_info    0x000017f2      0x270 ..\obj\main.o
 .debug_info    0x00001a62      0xc4d ..\obj\stm32f4xx_rcc.o
 .debug_info    0x000026af      0x6de ..\obj\Delay.o
 .debug_info    0x00002d8d     0x1d0b ..\obj\Driver_RA8875.o
 .debug_info    0x00004a98      0x8f5 ..\obj\stm32f4xx_fsmc.o
 .debug_info    0x0000538d      0x602 ..\obj\stm32f4xx_gpio.o
 .debug_info    0x0000598f      0x252 ..\obj\Interface_RA8875.o
 .debug_info    0x00005be1      0x592 ..\obj\system_stm32f4xx.o
 .debug_info    0x00006173      0x3ee ..\obj\syscalls.o
 .debug_info    0x00006561      0xdcb ..\obj\tm_stm32f4_rtc.o
 .debug_info    0x0000732c      0x347 ..\obj\stm32f4xx_exti.o
 .debug_info    0x00007673      0x53d ..\obj\misc.o
 .debug_info    0x00007bb0     0x10df ..\obj\stm32f4xx_rtc.o
 .debug_info    0x00008c8f     0x1c61 ..\obj\stm32f4xx_tim.o

.debug_abbrev   0x00000000     0x1b2a
 .debug_abbrev  0x00000000      0x17f ..\obj\stm32f4xx_pwr.o
 .debug_abbrev  0x0000017f      0x199 ..\obj\LCD_System.o
 .debug_abbrev  0x00000318      0x13f ..\obj\Driver_Font.o
 .debug_abbrev  0x00000457       0xb0 ..\obj\startup_stm32f4xx.o
 .debug_abbrev  0x00000507      0x1da ..\obj\Config_RA8875.o
 .debug_abbrev  0x000006e1      0x110 ..\obj\main.o
 .debug_abbrev  0x000007f1      0x1e3 ..\obj\stm32f4xx_rcc.o
 .debug_abbrev  0x000009d4      0x1a6 ..\obj\Delay.o
 .debug_abbrev  0x00000b7a      0x175 ..\obj\Driver_RA8875.o
 .debug_abbrev  0x00000cef      0x170 ..\obj\stm32f4xx_fsmc.o
 .debug_abbrev  0x00000e5f      0x1a3 ..\obj\stm32f4xx_gpio.o
 .debug_abbrev  0x00001002       0xd5 ..\obj\Interface_RA8875.o
 .debug_abbrev  0x000010d7      0x136 ..\obj\system_stm32f4xx.o
 .debug_abbrev  0x0000120d       0xe2 ..\obj\syscalls.o
 .debug_abbrev  0x000012ef      0x21c ..\obj\tm_stm32f4_rtc.o
 .debug_abbrev  0x0000150b      0x1a5 ..\obj\stm32f4xx_exti.o
 .debug_abbrev  0x000016b0      0x145 ..\obj\misc.o
 .debug_abbrev  0x000017f5      0x1ae ..\obj\stm32f4xx_rtc.o
 .debug_abbrev  0x000019a3      0x187 ..\obj\stm32f4xx_tim.o

.debug_aranges  0x00000000     0x1410
 .debug_aranges
                0x00000000       0x78 ..\obj\stm32f4xx_pwr.o
 .debug_aranges
                0x00000078       0x50 ..\obj\LCD_System.o
 .debug_aranges
                0x000000c8       0x48 ..\obj\Driver_Font.o
 .debug_aranges
                0x00000110       0x28 ..\obj\startup_stm32f4xx.o
 .debug_aranges
                0x00000138       0x60 ..\obj\Config_RA8875.o
 .debug_aranges
                0x00000198       0x28 ..\obj\main.o
 .debug_aranges
                0x000001c0      0x178 ..\obj\stm32f4xx_rcc.o
 .debug_aranges
                0x00000338       0x40 ..\obj\Delay.o
 .debug_aranges
                0x00000378      0x850 ..\obj\Driver_RA8875.o
 .debug_aranges
                0x00000bc8       0xb0 ..\obj\stm32f4xx_fsmc.o
 .debug_aranges
                0x00000c78       0x88 ..\obj\stm32f4xx_gpio.o
 .debug_aranges
                0x00000d00       0x60 ..\obj\Interface_RA8875.o
 .debug_aranges
                0x00000d60       0x30 ..\obj\system_stm32f4xx.o
 .debug_aranges
                0x00000d90       0x60 ..\obj\syscalls.o
 .debug_aranges
                0x00000df0       0xb0 ..\obj\tm_stm32f4_rtc.o
 .debug_aranges
                0x00000ea0       0x58 ..\obj\stm32f4xx_exti.o
 .debug_aranges
                0x00000ef8       0x40 ..\obj\misc.o
 .debug_aranges
                0x00000f38      0x1e0 ..\obj\stm32f4xx_rtc.o
 .debug_aranges
                0x00001118      0x2f8 ..\obj\stm32f4xx_tim.o

.debug_ranges   0x00000000     0x12e0
 .debug_ranges  0x00000000       0x68 ..\obj\stm32f4xx_pwr.o
 .debug_ranges  0x00000068       0x40 ..\obj\LCD_System.o
 .debug_ranges  0x000000a8       0x38 ..\obj\Driver_Font.o
 .debug_ranges  0x000000e0       0x18 ..\obj\startup_stm32f4xx.o
 .debug_ranges  0x000000f8       0x50 ..\obj\Config_RA8875.o
 .debug_ranges  0x00000148       0x18 ..\obj\main.o
 .debug_ranges  0x00000160      0x168 ..\obj\stm32f4xx_rcc.o
 .debug_ranges  0x000002c8       0x30 ..\obj\Delay.o
 .debug_ranges  0x000002f8      0x840 ..\obj\Driver_RA8875.o
 .debug_ranges  0x00000b38       0xa0 ..\obj\stm32f4xx_fsmc.o
 .debug_ranges  0x00000bd8       0x78 ..\obj\stm32f4xx_gpio.o
 .debug_ranges  0x00000c50       0x50 ..\obj\Interface_RA8875.o
 .debug_ranges  0x00000ca0       0x20 ..\obj\system_stm32f4xx.o
 .debug_ranges  0x00000cc0       0x50 ..\obj\syscalls.o
 .debug_ranges  0x00000d10       0xa0 ..\obj\tm_stm32f4_rtc.o
 .debug_ranges  0x00000db0       0x48 ..\obj\stm32f4xx_exti.o
 .debug_ranges  0x00000df8       0x30 ..\obj\misc.o
 .debug_ranges  0x00000e28      0x1d0 ..\obj\stm32f4xx_rtc.o
 .debug_ranges  0x00000ff8      0x2e8 ..\obj\stm32f4xx_tim.o

.debug_line     0x00000000     0x54ed
 .debug_line    0x00000000      0x2ca ..\obj\stm32f4xx_pwr.o
 .debug_line    0x000002ca      0x290 ..\obj\LCD_System.o
 .debug_line    0x0000055a      0x20d ..\obj\Driver_Font.o
 .debug_line    0x00000767       0xa3 ..\obj\startup_stm32f4xx.o
 .debug_line    0x0000080a      0x341 ..\obj\Config_RA8875.o
 .debug_line    0x00000b4b      0x1e6 ..\obj\main.o
 .debug_line    0x00000d31      0x5b8 ..\obj\stm32f4xx_rcc.o
 .debug_line    0x000012e9      0x229 ..\obj\Delay.o
 .debug_line    0x00001512     0x14bd ..\obj\Driver_RA8875.o
 .debug_line    0x000029cf      0x46b ..\obj\stm32f4xx_fsmc.o
 .debug_line    0x00002e3a      0x35a ..\obj\stm32f4xx_gpio.o
 .debug_line    0x00003194      0x216 ..\obj\Interface_RA8875.o
 .debug_line    0x000033aa      0x201 ..\obj\system_stm32f4xx.o
 .debug_line    0x000035ab      0x17a ..\obj\syscalls.o
 .debug_line    0x00003725      0x5f4 ..\obj\tm_stm32f4_rtc.o
 .debug_line    0x00003d19      0x2bc ..\obj\stm32f4xx_exti.o
 .debug_line    0x00003fd5      0x25c ..\obj\misc.o
 .debug_line    0x00004231      0x83b ..\obj\stm32f4xx_rtc.o
 .debug_line    0x00004a6c      0xa81 ..\obj\stm32f4xx_tim.o

.debug_str      0x00000000     0x508a
 .debug_str     0x00000000      0x32c ..\obj\stm32f4xx_pwr.o
                                0x393 (size before relaxing)
 .debug_str     0x0000032c      0x300 ..\obj\LCD_System.o
                                0x4a7 (size before relaxing)
 .debug_str     0x0000062c      0x1d0 ..\obj\Driver_Font.o
                                0x3d7 (size before relaxing)
 .debug_str     0x000007fc       0xb2 ..\obj\startup_stm32f4xx.o
                                0x149 (size before relaxing)
 .debug_str     0x000008ae      0x644 ..\obj\Config_RA8875.o
                                0x80d (size before relaxing)
 .debug_str     0x00000ef2      0x1de ..\obj\main.o
                                0x368 (size before relaxing)
 .debug_str     0x000010d0      0x637 ..\obj\stm32f4xx_rcc.o
                                0x852 (size before relaxing)
 .debug_str     0x00001707      0x5f3 ..\obj\Delay.o
                                0x7da (size before relaxing)
 .debug_str     0x00001cfa     0x1196 ..\obj\Driver_RA8875.o
                               0x16ad (size before relaxing)
 .debug_str     0x00002e90      0x3fa ..\obj\stm32f4xx_fsmc.o
                                0x78c (size before relaxing)
 .debug_str     0x0000328a      0x1a0 ..\obj\stm32f4xx_gpio.o
                                0x4a5 (size before relaxing)
 .debug_str     0x0000342a       0xe8 ..\obj\Interface_RA8875.o
                                0x24f (size before relaxing)
 .debug_str     0x00003512       0xaa ..\obj\system_stm32f4xx.o
                                0x3ac (size before relaxing)
 .debug_str     0x000035bc      0x15e ..\obj\syscalls.o
                                0x2d6 (size before relaxing)
 .debug_str     0x0000371a      0x6a2 ..\obj\tm_stm32f4_rtc.o
                                0xec4 (size before relaxing)
 .debug_str     0x00003dbc       0xe2 ..\obj\stm32f4xx_exti.o
                                0x35b (size before relaxing)
 .debug_str     0x00003e9e       0xfe ..\obj\misc.o
                                0x3d0 (size before relaxing)
 .debug_str     0x00003f9c      0x6f7 ..\obj\stm32f4xx_rtc.o
                                0xb4a (size before relaxing)
 .debug_str     0x00004693      0x9f7 ..\obj\stm32f4xx_tim.o
                                0xdd2 (size before relaxing)

.comment        0x00000000       0x70
 .comment       0x00000000       0x70 ..\obj\stm32f4xx_pwr.o
                                 0x71 (size before relaxing)
 .comment       0x00000000       0x71 ..\obj\LCD_System.o
 .comment       0x00000000       0x71 ..\obj\Driver_Font.o
 .comment       0x00000000       0x71 ..\obj\startup_stm32f4xx.o
 .comment       0x00000000       0x71 ..\obj\Config_RA8875.o
 .comment       0x00000000       0x71 ..\obj\main.o
 .comment       0x00000000       0x71 ..\obj\stm32f4xx_rcc.o
 .comment       0x00000000       0x71 ..\obj\Delay.o
 .comment       0x00000000       0x71 ..\obj\Driver_RA8875.o
 .comment       0x00000000       0x71 ..\obj\stm32f4xx_fsmc.o
 .comment       0x00000000       0x71 ..\obj\stm32f4xx_gpio.o
 .comment       0x00000000       0x71 ..\obj\Interface_RA8875.o
 .comment       0x00000000       0x71 ..\obj\system_stm32f4xx.o
 .comment       0x00000000       0x71 ..\obj\syscalls.o
 .comment       0x00000000       0x71 ..\obj\tm_stm32f4_rtc.o
 .comment       0x00000000       0x71 ..\obj\stm32f4xx_exti.o
 .comment       0x00000000       0x71 ..\obj\misc.o
 .comment       0x00000000       0x71 ..\obj\stm32f4xx_rtc.o
 .comment       0x00000000       0x71 ..\obj\stm32f4xx_tim.o

.ARM.attributes
                0x00000000       0x31
 .ARM.attributes
                0x00000000       0x33 ..\obj\stm32f4xx_pwr.o
 .ARM.attributes
                0x00000033       0x33 ..\obj\LCD_System.o
 .ARM.attributes
                0x00000066       0x33 ..\obj\Driver_Font.o
 .ARM.attributes
                0x00000099       0x33 ..\obj\startup_stm32f4xx.o
 .ARM.attributes
                0x000000cc       0x33 ..\obj\Config_RA8875.o
 .ARM.attributes
                0x000000ff       0x33 ..\obj\main.o
 .ARM.attributes
                0x00000132       0x33 ..\obj\stm32f4xx_rcc.o
 .ARM.attributes
                0x00000165       0x33 ..\obj\Delay.o
 .ARM.attributes
                0x00000198       0x33 ..\obj\Driver_RA8875.o
 .ARM.attributes
                0x000001cb       0x33 ..\obj\stm32f4xx_fsmc.o
 .ARM.attributes
                0x000001fe       0x33 ..\obj\stm32f4xx_gpio.o
 .ARM.attributes
                0x00000231       0x33 ..\obj\Interface_RA8875.o
 .ARM.attributes
                0x00000264       0x33 ..\obj\system_stm32f4xx.o
 .ARM.attributes
                0x00000297       0x33 ..\obj\syscalls.o
 .ARM.attributes
                0x000002ca       0x33 ..\obj\tm_stm32f4_rtc.o
 .ARM.attributes
                0x000002fd       0x33 ..\obj\stm32f4xx_exti.o
 .ARM.attributes
                0x00000330       0x33 ..\obj\misc.o
 .ARM.attributes
                0x00000363       0x33 ..\obj\stm32f4xx_rtc.o
 .ARM.attributes
                0x00000396       0x33 ..\obj\stm32f4xx_tim.o
 .ARM.attributes
                0x000003c9       0x2e c:/program files (x86)/gnu tools arm embedded/4.9 2015q1/bin/../lib/gcc/arm-none-eabi/4.9.3/../../../../arm-none-eabi/lib/armv7e-m\libg.a(lib_a-sprintf.o)
 .ARM.attributes
                0x000003f7       0x2e c:/program files (x86)/gnu tools arm embedded/4.9 2015q1/bin/../lib/gcc/arm-none-eabi/4.9.3/../../../../arm-none-eabi/lib/armv7e-m\libg.a(lib_a-svfprintf.o)
 .ARM.attributes
                0x00000425       0x2e c:/program files (x86)/gnu tools arm embedded/4.9 2015q1/bin/../lib/gcc/arm-none-eabi/4.9.3/../../../../arm-none-eabi/lib/armv7e-m\libg.a(lib_a-dtoa.o)
 .ARM.attributes
                0x00000453       0x2e c:/program files (x86)/gnu tools arm embedded/4.9 2015q1/bin/../lib/gcc/arm-none-eabi/4.9.3/../../../../arm-none-eabi/lib/armv7e-m\libg.a(lib_a-impure.o)
 .ARM.attributes
                0x00000481       0x2e c:/program files (x86)/gnu tools arm embedded/4.9 2015q1/bin/../lib/gcc/arm-none-eabi/4.9.3/../../../../arm-none-eabi/lib/armv7e-m\libg.a(lib_a-locale.o)
 .ARM.attributes
                0x000004af       0x2e c:/program files (x86)/gnu tools arm embedded/4.9 2015q1/bin/../lib/gcc/arm-none-eabi/4.9.3/../../../../arm-none-eabi/lib/armv7e-m\libg.a(lib_a-mallocr.o)
 .ARM.attributes
                0x000004dd       0x2e c:/program files (x86)/gnu tools arm embedded/4.9 2015q1/bin/../lib/gcc/arm-none-eabi/4.9.3/../../../../arm-none-eabi/lib/armv7e-m\libg.a(lib_a-memchr.o)
 .ARM.attributes
                0x0000050b       0x1c c:/program files (x86)/gnu tools arm embedded/4.9 2015q1/bin/../lib/gcc/arm-none-eabi/4.9.3/../../../../arm-none-eabi/lib/armv7e-m\libg.a(lib_a-memcpy.o)
 .ARM.attributes
                0x00000527       0x2e c:/program files (x86)/gnu tools arm embedded/4.9 2015q1/bin/../lib/gcc/arm-none-eabi/4.9.3/../../../../arm-none-eabi/lib/armv7e-m\libg.a(lib_a-mlock.o)
 .ARM.attributes
                0x00000555       0x2e c:/program files (x86)/gnu tools arm embedded/4.9 2015q1/bin/../lib/gcc/arm-none-eabi/4.9.3/../../../../arm-none-eabi/lib/armv7e-m\libg.a(lib_a-mprec.o)
 .ARM.attributes
                0x00000583       0x2e c:/program files (x86)/gnu tools arm embedded/4.9 2015q1/bin/../lib/gcc/arm-none-eabi/4.9.3/../../../../arm-none-eabi/lib/armv7e-m\libg.a(lib_a-s_fpclassify.o)
 .ARM.attributes
                0x000005b1       0x2e c:/program files (x86)/gnu tools arm embedded/4.9 2015q1/bin/../lib/gcc/arm-none-eabi/4.9.3/../../../../arm-none-eabi/lib/armv7e-m\libg.a(lib_a-sbrkr.o)
 .ARM.attributes
                0x000005df       0x2e c:/program files (x86)/gnu tools arm embedded/4.9 2015q1/bin/../lib/gcc/arm-none-eabi/4.9.3/../../../../arm-none-eabi/lib/armv7e-m\libg.a(lib_a-strlen.o)
 .ARM.attributes
                0x0000060d       0x2e c:/program files (x86)/gnu tools arm embedded/4.9 2015q1/bin/../lib/gcc/arm-none-eabi/4.9.3/../../../../arm-none-eabi/lib/armv7e-m\libg.a(lib_a-svfiprintf.o)
 .ARM.attributes
                0x0000063b       0x2e c:/program files (x86)/gnu tools arm embedded/4.9 2015q1/bin/../lib/gcc/arm-none-eabi/4.9.3/../../../../arm-none-eabi/lib/armv7e-m\libg.a(lib_a-callocr.o)
 .ARM.attributes
                0x00000669       0x2e c:/program files (x86)/gnu tools arm embedded/4.9 2015q1/bin/../lib/gcc/arm-none-eabi/4.9.3/../../../../arm-none-eabi/lib/armv7e-m\libg.a(lib_a-freer.o)
 .ARM.attributes
                0x00000697       0x2e c:/program files (x86)/gnu tools arm embedded/4.9 2015q1/bin/../lib/gcc/arm-none-eabi/4.9.3/../../../../arm-none-eabi/lib/armv7e-m\libg.a(lib_a-memmove.o)
 .ARM.attributes
                0x000006c5       0x2e c:/program files (x86)/gnu tools arm embedded/4.9 2015q1/bin/../lib/gcc/arm-none-eabi/4.9.3/../../../../arm-none-eabi/lib/armv7e-m\libg.a(lib_a-memset.o)
 .ARM.attributes
                0x000006f3       0x2e c:/program files (x86)/gnu tools arm embedded/4.9 2015q1/bin/../lib/gcc/arm-none-eabi/4.9.3/../../../../arm-none-eabi/lib/armv7e-m\libg.a(lib_a-reallocr.o)
 .ARM.attributes
                0x00000721       0x2e c:/program files (x86)/gnu tools arm embedded/4.9 2015q1/bin/../lib/gcc/arm-none-eabi/4.9.3/../../../../arm-none-eabi/lib/armv7e-m\libg.a(lib_a-reent.o)
 .ARM.attributes
                0x0000074f       0x1e c:/program files (x86)/gnu tools arm embedded/4.9 2015q1/bin/../lib/gcc/arm-none-eabi/4.9.3/armv7e-m\libgcc.a(_arm_addsubdf3.o)
 .ARM.attributes
                0x0000076d       0x1e c:/program files (x86)/gnu tools arm embedded/4.9 2015q1/bin/../lib/gcc/arm-none-eabi/4.9.3/armv7e-m\libgcc.a(_arm_muldivdf3.o)
 .ARM.attributes
                0x0000078b       0x1e c:/program files (x86)/gnu tools arm embedded/4.9 2015q1/bin/../lib/gcc/arm-none-eabi/4.9.3/armv7e-m\libgcc.a(_arm_cmpdf2.o)
 .ARM.attributes
                0x000007a9       0x1e c:/program files (x86)/gnu tools arm embedded/4.9 2015q1/bin/../lib/gcc/arm-none-eabi/4.9.3/armv7e-m\libgcc.a(_arm_fixdfsi.o)
 .ARM.attributes
                0x000007c7       0x1e c:/program files (x86)/gnu tools arm embedded/4.9 2015q1/bin/../lib/gcc/arm-none-eabi/4.9.3/armv7e-m\libgcc.a(_aeabi_uldivmod.o)
 .ARM.attributes
                0x000007e5       0x2e c:/program files (x86)/gnu tools arm embedded/4.9 2015q1/bin/../lib/gcc/arm-none-eabi/4.9.3/armv7e-m\libgcc.a(bpabi.o)
 .ARM.attributes
                0x00000813       0x1e c:/program files (x86)/gnu tools arm embedded/4.9 2015q1/bin/../lib/gcc/arm-none-eabi/4.9.3/armv7e-m\libgcc.a(_dvmd_tls.o)
 .ARM.attributes
                0x00000831       0x2e c:/program files (x86)/gnu tools arm embedded/4.9 2015q1/bin/../lib/gcc/arm-none-eabi/4.9.3/armv7e-m\libgcc.a(_divdi3.o)
 .ARM.attributes
                0x0000085f       0x2e c:/program files (x86)/gnu tools arm embedded/4.9 2015q1/bin/../lib/gcc/arm-none-eabi/4.9.3/armv7e-m\libgcc.a(_udivdi3.o)

.debug_frame    0x00000000     0x5938
 .debug_frame   0x00000000      0x1dc ..\obj\stm32f4xx_pwr.o
 .debug_frame   0x000001dc       0xf8 ..\obj\LCD_System.o
 .debug_frame   0x000002d4       0xd8 ..\obj\Driver_Font.o
 .debug_frame   0x000003ac       0x4c ..\obj\startup_stm32f4xx.o
 .debug_frame   0x000003f8      0x148 ..\obj\Config_RA8875.o
 .debug_frame   0x00000540       0x54 ..\obj\main.o
 .debug_frame   0x00000594      0x6d4 ..\obj\stm32f4xx_rcc.o
 .debug_frame   0x00000c68       0xc0 ..\obj\Delay.o
 .debug_frame   0x00000d28     0x1f18 ..\obj\Driver_RA8875.o
 .debug_frame   0x00002c40      0x300 ..\obj\stm32f4xx_fsmc.o
 .debug_frame   0x00002f40      0x23c ..\obj\stm32f4xx_gpio.o
 .debug_frame   0x0000317c      0x154 ..\obj\Interface_RA8875.o
 .debug_frame   0x000032d0       0x7c ..\obj\system_stm32f4xx.o
 .debug_frame   0x0000334c      0x168 ..\obj\syscalls.o
 .debug_frame   0x000034b4      0x2c0 ..\obj\tm_stm32f4_rtc.o
 .debug_frame   0x00003774      0x148 ..\obj\stm32f4xx_exti.o
 .debug_frame   0x000038bc       0xd8 ..\obj\misc.o
 .debug_frame   0x00003994      0x8b0 ..\obj\stm32f4xx_rtc.o
 .debug_frame   0x00004244      0xe54 ..\obj\stm32f4xx_tim.o
 .debug_frame   0x00005098       0x84 c:/program files (x86)/gnu tools arm embedded/4.9 2015q1/bin/../lib/gcc/arm-none-eabi/4.9.3/../../../../arm-none-eabi/lib/armv7e-m\libg.a(lib_a-sprintf.o)
 .debug_frame   0x0000511c       0x40 c:/program files (x86)/gnu tools arm embedded/4.9 2015q1/bin/../lib/gcc/arm-none-eabi/4.9.3/../../../../arm-none-eabi/lib/armv7e-m\libg.a(lib_a-svfprintf.o)
 .debug_frame   0x0000515c       0x88 c:/program files (x86)/gnu tools arm embedded/4.9 2015q1/bin/../lib/gcc/arm-none-eabi/4.9.3/../../../../arm-none-eabi/lib/armv7e-m\libg.a(lib_a-dtoa.o)
 .debug_frame   0x000051e4       0x9c c:/program files (x86)/gnu tools arm embedded/4.9 2015q1/bin/../lib/gcc/arm-none-eabi/4.9.3/../../../../arm-none-eabi/lib/armv7e-m\libg.a(lib_a-locale.o)
 .debug_frame   0x00005280       0x58 c:/program files (x86)/gnu tools arm embedded/4.9 2015q1/bin/../lib/gcc/arm-none-eabi/4.9.3/../../../../arm-none-eabi/lib/armv7e-m\libg.a(lib_a-mallocr.o)
 .debug_frame   0x000052d8       0x3c c:/program files (x86)/gnu tools arm embedded/4.9 2015q1/bin/../lib/gcc/arm-none-eabi/4.9.3/../../../../arm-none-eabi/lib/armv7e-m\libg.a(lib_a-memchr.o)
 .debug_frame   0x00005314       0x30 c:/program files (x86)/gnu tools arm embedded/4.9 2015q1/bin/../lib/gcc/arm-none-eabi/4.9.3/../../../../arm-none-eabi/lib/armv7e-m\libg.a(lib_a-mlock.o)
 .debug_frame   0x00005344      0x268 c:/program files (x86)/gnu tools arm embedded/4.9 2015q1/bin/../lib/gcc/arm-none-eabi/4.9.3/../../../../arm-none-eabi/lib/armv7e-m\libg.a(lib_a-mprec.o)
 .debug_frame   0x000055ac       0x34 c:/program files (x86)/gnu tools arm embedded/4.9 2015q1/bin/../lib/gcc/arm-none-eabi/4.9.3/../../../../arm-none-eabi/lib/armv7e-m\libg.a(lib_a-s_fpclassify.o)
 .debug_frame   0x000055e0       0x2c c:/program files (x86)/gnu tools arm embedded/4.9 2015q1/bin/../lib/gcc/arm-none-eabi/4.9.3/../../../../arm-none-eabi/lib/armv7e-m\libg.a(lib_a-sbrkr.o)
 .debug_frame   0x0000560c       0x20 c:/program files (x86)/gnu tools arm embedded/4.9 2015q1/bin/../lib/gcc/arm-none-eabi/4.9.3/../../../../arm-none-eabi/lib/armv7e-m\libg.a(lib_a-strlen.o)
 .debug_frame   0x0000562c       0x78 c:/program files (x86)/gnu tools arm embedded/4.9 2015q1/bin/../lib/gcc/arm-none-eabi/4.9.3/../../../../arm-none-eabi/lib/armv7e-m\libg.a(lib_a-svfiprintf.o)
 .debug_frame   0x000056a4       0x28 c:/program files (x86)/gnu tools arm embedded/4.9 2015q1/bin/../lib/gcc/arm-none-eabi/4.9.3/../../../../arm-none-eabi/lib/armv7e-m\libg.a(lib_a-callocr.o)
 .debug_frame   0x000056cc       0x74 c:/program files (x86)/gnu tools arm embedded/4.9 2015q1/bin/../lib/gcc/arm-none-eabi/4.9.3/../../../../arm-none-eabi/lib/armv7e-m\libg.a(lib_a-freer.o)
 .debug_frame   0x00005740       0x30 c:/program files (x86)/gnu tools arm embedded/4.9 2015q1/bin/../lib/gcc/arm-none-eabi/4.9.3/../../../../arm-none-eabi/lib/armv7e-m\libg.a(lib_a-memmove.o)
 .debug_frame   0x00005770       0x34 c:/program files (x86)/gnu tools arm embedded/4.9 2015q1/bin/../lib/gcc/arm-none-eabi/4.9.3/../../../../arm-none-eabi/lib/armv7e-m\libg.a(lib_a-memset.o)
 .debug_frame   0x000057a4       0x60 c:/program files (x86)/gnu tools arm embedded/4.9 2015q1/bin/../lib/gcc/arm-none-eabi/4.9.3/../../../../arm-none-eabi/lib/armv7e-m\libg.a(lib_a-reallocr.o)
 .debug_frame   0x00005804       0x58 c:/program files (x86)/gnu tools arm embedded/4.9 2015q1/bin/../lib/gcc/arm-none-eabi/4.9.3/../../../../arm-none-eabi/lib/armv7e-m\libg.a(lib_a-reent.o)
 .debug_frame   0x0000585c       0x28 c:/program files (x86)/gnu tools arm embedded/4.9 2015q1/bin/../lib/gcc/arm-none-eabi/4.9.3/armv7e-m\libgcc.a(_aeabi_uldivmod.o)
 .debug_frame   0x00005884       0x50 c:/program files (x86)/gnu tools arm embedded/4.9 2015q1/bin/../lib/gcc/arm-none-eabi/4.9.3/armv7e-m\libgcc.a(bpabi.o)
 .debug_frame   0x000058d4       0x34 c:/program files (x86)/gnu tools arm embedded/4.9 2015q1/bin/../lib/gcc/arm-none-eabi/4.9.3/armv7e-m\libgcc.a(_divdi3.o)
 .debug_frame   0x00005908       0x30 c:/program files (x86)/gnu tools arm embedded/4.9 2015q1/bin/../lib/gcc/arm-none-eabi/4.9.3/armv7e-m\libgcc.a(_udivdi3.o)
